Archive member included to satisfy reference by file (symbol)

d:/prf578~1/gnuarm~1/102021~1.10/bin/../lib/gcc/arm-none-eabi/10.3.1/thumb/v7-m/nofp\libgcc.a(_arm_muldf3.o)
                              CMakeFiles/fans_stm32f103.elf.dir/Core/Src/Mpu6050.c.obj (__aeabi_dmul)
d:/prf578~1/gnuarm~1/102021~1.10/bin/../lib/gcc/arm-none-eabi/10.3.1/thumb/v7-m/nofp\libgcc.a(_arm_mulsf3.o)
                              CMakeFiles/fans_stm32f103.elf.dir/Core/Src/Mpu6050.c.obj (__aeabi_fmul)
d:/prf578~1/gnuarm~1/102021~1.10/bin/../lib/gcc/arm-none-eabi/10.3.1/thumb/v7-m/nofp\libgcc.a(_arm_addsubdf3.o)
                              CMakeFiles/fans_stm32f103.elf.dir/mllite/ml_math_func.c.obj (__aeabi_dsub)
d:/prf578~1/gnuarm~1/102021~1.10/bin/../lib/gcc/arm-none-eabi/10.3.1/thumb/v7-m/nofp\libgcc.a(_arm_muldivdf3.o)
                              CMakeFiles/fans_stm32f103.elf.dir/mllite/ml_math_func.c.obj (__aeabi_ddiv)
d:/prf578~1/gnuarm~1/102021~1.10/bin/../lib/gcc/arm-none-eabi/10.3.1/thumb/v7-m/nofp\libgcc.a(_arm_cmpdf2.o)
                              CMakeFiles/fans_stm32f103.elf.dir/mllite/ml_math_func.c.obj (__aeabi_dcmplt)
d:/prf578~1/gnuarm~1/102021~1.10/bin/../lib/gcc/arm-none-eabi/10.3.1/thumb/v7-m/nofp\libgcc.a(_arm_fixdfsi.o)
                              CMakeFiles/fans_stm32f103.elf.dir/mllite/ml_math_func.c.obj (__aeabi_d2iz)
d:/prf578~1/gnuarm~1/102021~1.10/bin/../lib/gcc/arm-none-eabi/10.3.1/thumb/v7-m/nofp\libgcc.a(_arm_truncdfsf2.o)
                              CMakeFiles/fans_stm32f103.elf.dir/Core/Src/Mpu6050.c.obj (__aeabi_d2f)
d:/prf578~1/gnuarm~1/102021~1.10/bin/../lib/gcc/arm-none-eabi/10.3.1/thumb/v7-m/nofp\libgcc.a(_arm_addsubsf3.o)
                              CMakeFiles/fans_stm32f103.elf.dir/Core/Src/Mpu6050.c.obj (__aeabi_fsub)
d:/prf578~1/gnuarm~1/102021~1.10/bin/../lib/gcc/arm-none-eabi/10.3.1/thumb/v7-m/nofp\libgcc.a(_arm_muldivsf3.o)
                              CMakeFiles/fans_stm32f103.elf.dir/driver/eMPL/inv_mpu.c.obj (__aeabi_fdiv)
d:/prf578~1/gnuarm~1/102021~1.10/bin/../lib/gcc/arm-none-eabi/10.3.1/thumb/v7-m/nofp\libgcc.a(_arm_cmpsf2.o)
                              CMakeFiles/fans_stm32f103.elf.dir/driver/eMPL/inv_mpu.c.obj (__aeabi_fcmpeq)
d:/prf578~1/gnuarm~1/102021~1.10/bin/../lib/gcc/arm-none-eabi/10.3.1/thumb/v7-m/nofp\libgcc.a(_arm_fixsfsi.o)
                              CMakeFiles/fans_stm32f103.elf.dir/Core/Src/Mpu6050.c.obj (__aeabi_f2iz)
d:/prf578~1/gnuarm~1/102021~1.10/bin/../lib/gcc/arm-none-eabi/10.3.1/thumb/v7-m/nofp\libgcc.a(_arm_fixunssfsi.o)
                              CMakeFiles/fans_stm32f103.elf.dir/driver/eMPL/inv_mpu_dmp_motion_driver.c.obj (__aeabi_f2uiz)
d:/prf578~1/gnuarm~1/102021~1.10/bin/../lib/gcc/arm-none-eabi/10.3.1/thumb/v7-m/nofp\libgcc.a(_aeabi_ldivmod.o)
                              CMakeFiles/fans_stm32f103.elf.dir/driver/eMPL/inv_mpu.c.obj (__aeabi_ldivmod)
d:/prf578~1/gnuarm~1/102021~1.10/bin/../lib/gcc/arm-none-eabi/10.3.1/thumb/v7-m/nofp\libgcc.a(_udivmoddi4.o)
                              d:/prf578~1/gnuarm~1/102021~1.10/bin/../lib/gcc/arm-none-eabi/10.3.1/thumb/v7-m/nofp\libgcc.a(_aeabi_ldivmod.o) (__udivmoddi4)
d:/prf578~1/gnuarm~1/102021~1.10/bin/../lib/gcc/arm-none-eabi/10.3.1/thumb/v7-m/nofp\libgcc.a(_dvmd_tls.o)
                              d:/prf578~1/gnuarm~1/102021~1.10/bin/../lib/gcc/arm-none-eabi/10.3.1/thumb/v7-m/nofp\libgcc.a(_aeabi_ldivmod.o) (__aeabi_ldiv0)
d:/prf578~1/gnuarm~1/102021~1.10/bin/../lib/gcc/arm-none-eabi/10.3.1/../../../../arm-none-eabi/lib/thumb/v7-m/nofp\libg.a(lib_a-errno.o)
                              CMakeFiles/fans_stm32f103.elf.dir/Core/Src/retarget.c.obj (__errno)
d:/prf578~1/gnuarm~1/102021~1.10/bin/../lib/gcc/arm-none-eabi/10.3.1/../../../../arm-none-eabi/lib/thumb/v7-m/nofp\libg.a(lib_a-exit.o)
                              d:/prf578~1/gnuarm~1/102021~1.10/bin/../lib/gcc/arm-none-eabi/10.3.1/../../../../arm-none-eabi/lib/thumb/v7-m/nofp/crt0.o (exit)
d:/prf578~1/gnuarm~1/102021~1.10/bin/../lib/gcc/arm-none-eabi/10.3.1/../../../../arm-none-eabi/lib/thumb/v7-m/nofp\libg.a(lib_a-impure.o)
                              d:/prf578~1/gnuarm~1/102021~1.10/bin/../lib/gcc/arm-none-eabi/10.3.1/../../../../arm-none-eabi/lib/thumb/v7-m/nofp\libg.a(lib_a-exit.o) (_global_impure_ptr)
d:/prf578~1/gnuarm~1/102021~1.10/bin/../lib/gcc/arm-none-eabi/10.3.1/../../../../arm-none-eabi/lib/thumb/v7-m/nofp\libg.a(lib_a-init.o)
                              d:/prf578~1/gnuarm~1/102021~1.10/bin/../lib/gcc/arm-none-eabi/10.3.1/../../../../arm-none-eabi/lib/thumb/v7-m/nofp/crt0.o (__libc_init_array)
d:/prf578~1/gnuarm~1/102021~1.10/bin/../lib/gcc/arm-none-eabi/10.3.1/../../../../arm-none-eabi/lib/thumb/v7-m/nofp\libg.a(lib_a-memcmp.o)
                              CMakeFiles/fans_stm32f103.elf.dir/driver/eMPL/inv_mpu.c.obj (memcmp)
d:/prf578~1/gnuarm~1/102021~1.10/bin/../lib/gcc/arm-none-eabi/10.3.1/../../../../arm-none-eabi/lib/thumb/v7-m/nofp\libg.a(lib_a-memcpy.o)
[...]
Memory Configuration

Name             Origin             Length             Attributes
RAM              0x20000000         0x00005000         xrw
FLASH            0x08000000         0x00010000         xr
*default*        0x00000000         0xffffffff

Linker script and memory map

LOAD d:/prf578~1/gnuarm~1/102021~1.10/bin/../lib/gcc/arm-none-eabi/10.3.1/thumb/v7-m/nofp/crti.o
LOAD d:/prf578~1/gnuarm~1/102021~1.10/bin/../lib/gcc/arm-none-eabi/10.3.1/thumb/v7-m/nofp/crtbegin.o
LOAD d:/prf578~1/gnuarm~1/102021~1.10/bin/../lib/gcc/arm-none-eabi/10.3.1/../../../../arm-none-eabi/lib/thumb/v7-m/nofp/crt0.o
LOAD CMakeFiles/fans_stm32f103.elf.dir/Core/Src/Mpu6050.c.obj
LOAD CMakeFiles/fans_stm32f103.elf.dir/Core/Src/gpio.c.obj
LOAD CMakeFiles/fans_stm32f103.elf.dir/Core/Src/i2c.c.obj
LOAD CMakeFiles/fans_stm32f103.elf.dir/Core/Src/main.c.obj
LOAD CMakeFiles/fans_stm32f103.elf.dir/Core/Src/motor.c.obj
LOAD CMakeFiles/fans_stm32f103.elf.dir/Core/Src/retarget.c.obj
LOAD CMakeFiles/fans_stm32f103.elf.dir/Core/Src/stm32f1xx_hal_msp.c.obj
LOAD CMakeFiles/fans_stm32f103.elf.dir/Core/Src/stm32f1xx_it.c.obj
LOAD CMakeFiles/fans_stm32f103.elf.dir/Core/Src/syscalls.c.obj
LOAD CMakeFiles/fans_stm32f103.elf.dir/Core/Src/sysmem.c.obj
LOAD CMakeFiles/fans_stm32f103.elf.dir/Core/Src/system_stm32f1xx.c.obj
LOAD CMakeFiles/fans_stm32f103.elf.dir/Core/Src/tim.c.obj
LOAD CMakeFiles/fans_stm32f103.elf.dir/Core/Src/usart.c.obj
LOAD CMakeFiles/fans_stm32f103.elf.dir/Core/Startup/startup_stm32f103c8tx.s.obj
LOAD CMakeFiles/fans_stm32f103.elf.dir/Drivers/STM32F1xx_HAL_Driver/Src/stm32f1xx_hal.c.obj
LOAD CMakeFiles/fans_stm32f103.elf.dir/Drivers/STM32F1xx_HAL_Driver/Src/stm32f1xx_hal_cortex.c.obj
LOAD CMakeFiles/fans_stm32f103.elf.dir/Drivers/STM32F1xx_HAL_Driver/Src/stm32f1xx_hal_dma.c.obj
LOAD CMakeFiles/fans_stm32f103.elf.dir/Drivers/STM32F1xx_HAL_Driver/Src/stm32f1xx_hal_exti.c.obj
LOAD CMakeFiles/fans_stm32f103.elf.dir/Drivers/STM32F1xx_HAL_Driver/Src/stm32f1xx_hal_flash.c.obj
LOAD CMakeFiles/fans_stm32f103.elf.dir/Drivers/STM32F1xx_HAL_Driver/Src/stm32f1xx_hal_flash_ex.c.obj
LOAD CMakeFiles/fans_stm32f103.elf.dir/Drivers/STM32F1xx_HAL_Driver/Src/stm32f1xx_hal_gpio.c.obj
LOAD CMakeFiles/fans_stm32f103.elf.dir/Drivers/STM32F1xx_HAL_Driver/Src/stm32f1xx_hal_gpio_ex.c.obj
LOAD CMakeFiles/fans_stm32f103.elf.dir/Drivers/STM32F1xx_HAL_Driver/Src/stm32f1xx_hal_i2c.c.obj
LOAD CMakeFiles/fans_stm32f103.elf.dir/Drivers/STM32F1xx_HAL_Driver/Src/stm32f1xx_hal_pwr.c.obj
LOAD CMakeFiles/fans_stm32f103.elf.dir/Drivers/STM32F1xx_HAL_Driver/Src/stm32f1xx_hal_rcc.c.obj
LOAD CMakeFiles/fans_stm32f103.elf.dir/Drivers/STM32F1xx_HAL_Driver/Src/stm32f1xx_hal_rcc_ex.c.obj
LOAD CMakeFiles/fans_stm32f103.elf.dir/Drivers/STM32F1xx_HAL_Driver/Src/stm32f1xx_hal_tim.c.obj
LOAD CMakeFiles/fans_stm32f103.elf.dir/Drivers/STM32F1xx_HAL_Driver/Src/stm32f1xx_hal_tim_ex.c.obj
LOAD CMakeFiles/fans_stm32f103.elf.dir/Drivers/STM32F1xx_HAL_Driver/Src/stm32f1xx_hal_uart.c.obj
LOAD CMakeFiles/fans_stm32f103.elf.dir/driver/eMPL/inv_mpu.c.obj
LOAD CMakeFiles/fans_stm32f103.elf.dir/driver/eMPL/inv_mpu_dmp_motion_driver.c.obj
LOAD CMakeFiles/fans_stm32f103.elf.dir/eMPL-hal/eMPL_outputs.c.obj
LOAD CMakeFiles/fans_stm32f103.elf.dir/mllite/data_builder.c.obj
LOAD CMakeFiles/fans_stm32f103.elf.dir/mllite/hal_outputs.c.obj
LOAD CMakeFiles/fans_stm32f103.elf.dir/mllite/message_layer.c.obj
LOAD CMakeFiles/fans_stm32f103.elf.dir/mllite/ml_math_func.c.obj
LOAD CMakeFiles/fans_stm32f103.elf.dir/mllite/mlmath.c.obj
LOAD CMakeFiles/fans_stm32f103.elf.dir/mllite/mpl.c.obj
LOAD CMakeFiles/fans_stm32f103.elf.dir/mllite/results_holder.c.obj
LOAD CMakeFiles/fans_stm32f103.elf.dir/mllite/start_manager.c.obj
LOAD CMakeFiles/fans_stm32f103.elf.dir/mllite/storage_manager.c.obj
START GROUP
LOAD d:/prf578~1/gnuarm~1/102021~1.10/bin/../lib/gcc/arm-none-eabi/10.3.1/thumb/v7-m/nofp\libgcc.a
LOAD d:/prf578~1/gnuarm~1/102021~1.10/bin/../lib/gcc/arm-none-eabi/10.3.1/../../../../arm-none-eabi/lib/thumb/v7-m/nofp\libg.a
LOAD d:/prf578~1/gnuarm~1/102021~1.10/bin/../lib/gcc/arm-none-eabi/10.3.1/../../../../arm-none-eabi/lib/thumb/v7-m/nofp\libc.a
END GROUP
LOAD d:/prf578~1/gnuarm~1/102021~1.10/bin/../lib/gcc/arm-none-eabi/10.3.1/thumb/v7-m/nofp/crtend.o
LOAD d:/prf578~1/gnuarm~1/102021~1.10/bin/../lib/gcc/arm-none-eabi/10.3.1/thumb/v7-m/nofp/crtn.o
                0x20005000                _estack = (ORIGIN (RAM) + LENGTH (RAM))
                0x00000200                _Min_Heap_Size = 0x200
                0x00000400                _Min_Stack_Size = 0x400

.isr_vector     0x08000000      0x10c
                0x08000000                . = ALIGN (0x4)
 *(.isr_vector)
 .isr_vector    0x08000000      0x10c CMakeFiles/fans_stm32f103.elf.dir/Core/Startup/startup_stm32f103c8tx.s.obj
                0x08000000                g_pfnVectors
                0x0800010c                . = ALIGN (0x4)

.text           0x08000110     0xcfa4
                0x08000110                . = ALIGN (0x4)
 *(.text)
 .text          0x08000110       0x40 d:/prf578~1/gnuarm~1/102021~1.10/bin/../lib/gcc/arm-none-eabi/10.3.1/thumb/v7-m/nofp/crtbegin.o
 .text          0x08000150      0x378 d:/prf578~1/gnuarm~1/102021~1.10/bin/../lib/gcc/arm-none-eabi/10.3.1/thumb/v7-m/nofp\libgcc.a(_arm_addsubdf3.o)
                0x08000150                __aeabi_drsub
                0x08000158                __aeabi_dsub
                0x08000158                __subdf3
                0x0800015c                __aeabi_dadd
                0x0800015c                __adddf3
                0x080003d4                __floatunsidf
                0x080003d4                __aeabi_ui2d
                0x080003f4                __floatsidf
                0x080003f4                __aeabi_i2d
                0x08000418                __aeabi_f2d
                0x08000418                __extendsfdf2
                0x0800045c                __floatundidf
                0x0800045c                __aeabi_ul2d
                0x0800046c                __floatdidf
                0x0800046c                __aeabi_l2d
 .text          0x080004c8      0x424 d:/prf578~1/gnuarm~1/102021~1.10/bin/../lib/gcc/arm-none-eabi/10.3.1/thumb/v7-m/nofp\libgcc.a(_arm_muldivdf3.o)
                0x080004c8                __aeabi_dmul
                0x080004c8                __muldf3
                0x0800071c                __divdf3
                0x0800071c                __aeabi_ddiv
 .text          0x080008ec      0x110 d:/prf578~1/gnuarm~1/102021~1.10/bin/../lib/gcc/arm-none-eabi/10.3.1/thumb/v7-m/nofp\libgcc.a(_arm_cmpdf2.o)
                0x080008ec                __gtdf2
                0x080008ec                __gedf2
                0x080008f4                __ltdf2
                0x080008f4                __ledf2
                0x080008fc                __nedf2
                0x080008fc                __eqdf2
                0x080008fc                __cmpdf2
                0x08000978                __aeabi_cdrcmple
                0x08000988                __aeabi_cdcmpeq
                0x08000988                __aeabi_cdcmple
                0x08000998                __aeabi_dcmpeq
                0x080009ac                __aeabi_dcmplt
                0x080009c0                __aeabi_dcmple
                0x080009d4                __aeabi_dcmpge
                0x080009e8                __aeabi_dcmpgt
 .text          0x080009fc       0x50 d:/prf578~1/gnuarm~1/102021~1.10/bin/../lib/gcc/arm-none-eabi/10.3.1/thumb/v7-m/nofp\libgcc.a(_arm_fixdfsi.o)
                0x080009fc                __aeabi_d2iz
                0x080009fc                __fixdfsi
 .text          0x08000a4c       0xa0 d:/prf578~1/gnuarm~1/102021~1.10/bin/../lib/gcc/arm-none-eabi/10.3.1/thumb/v7-m/nofp\libgcc.a(_arm_truncdfsf2.o)
                0x08000a4c                __truncdfsf2
                0x08000a4c                __aeabi_d2f
 .text          0x08000aec      0x21c d:/prf578~1/gnuarm~1/102021~1.10/bin/../lib/gcc/arm-none-eabi/10.3.1/thumb/v7-m/nofp\libgcc.a(_arm_addsubsf3.o)
                0x08000aec                __aeabi_frsub
                0x08000af4                __subsf3
                0x08000af4                __aeabi_fsub
                0x08000af8                __aeabi_fadd
                0x08000af8                __addsf3
                0x08000c58                __aeabi_ui2f
                0x08000c58                __floatunsisf
                0x08000c60                __aeabi_i2f
                0x08000c60                __floatsisf
                0x08000c7c                __aeabi_ul2f
                0x08000c7c                __floatundisf
                0x08000c8c                __aeabi_l2f
                0x08000c8c                __floatdisf
 .text          0x08000d08      0x2a0 d:/prf578~1/gnuarm~1/102021~1.10/bin/../lib/gcc/arm-none-eabi/10.3.1/thumb/v7-m/nofp\libgcc.a(_arm_muldivsf3.o)
                0x08000d08                __mulsf3
                0x08000d08                __aeabi_fmul
                0x08000e70                __aeabi_fdiv
                0x08000e70                __divsf3
 .text          0x08000fa8       0xec d:/prf578~1/gnuarm~1/102021~1.10/bin/../lib/gcc/arm-none-eabi/10.3.1/thumb/v7-m/nofp\libgcc.a(_arm_cmpsf2.o)
                0x08000fa8                __gesf2
                0x08000fa8                __gtsf2
                0x08000fb0                __lesf2
                0x08000fb0                __ltsf2
                0x08000fb8                __nesf2
                0x08000fb8                __eqsf2
                0x08000fb8                __cmpsf2
                0x08001018                __aeabi_cfrcmple
                0x08001020                __aeabi_cfcmpeq
                0x08001020                __aeabi_cfcmple
                0x08001030                __aeabi_fcmpeq
                0x08001044                __aeabi_fcmplt
                0x08001058                __aeabi_fcmple
                0x0800106c                __aeabi_fcmpge
                0x08001080                __aeabi_fcmpgt
 .text          0x08001094       0x4c d:/prf578~1/gnuarm~1/102021~1.10/bin/../lib/gcc/arm-none-eabi/10.3.1/thumb/v7-m/nofp\libgcc.a(_arm_fixsfsi.o)
                0x08001094                __aeabi_f2iz
                0x08001094                __fixsfsi
 .text          0x080010e0       0x40 d:/prf578~1/gnuarm~1/102021~1.10/bin/../lib/gcc/arm-none-eabi/10.3.1/thumb/v7-m/nofp\libgcc.a(_arm_fixunssfsi.o)
                0x080010e0                __fixunssfsi
                0x080010e0                __aeabi_f2uiz
 .text          0x08001120       0xa0 d:/prf578~1/gnuarm~1/102021~1.10/bin/../lib/gcc/arm-none-eabi/10.3.1/thumb/v7-m/nofp\libgcc.a(_aeabi_ldivmod.o)
                0x08001120                __aeabi_ldivmod
 .text          0x080011c0      0x2d4 d:/prf578~1/gnuarm~1/102021~1.10/bin/../lib/gcc/arm-none-eabi/10.3.1/thumb/v7-m/nofp\libgcc.a(_udivmoddi4.o)
                0x080011c0                __udivmoddi4
 .text          0x08001494        0x4 d:/prf578~1/gnuarm~1/102021~1.10/bin/../lib/gcc/arm-none-eabi/10.3.1/thumb/v7-m/nofp\libgcc.a(_dvmd_tls.o)
                0x08001494                __aeabi_idiv0
                0x08001494                __aeabi_ldiv0
 .text          0x08001498       0xec d:/prf578~1/gnuarm~1/102021~1.10/bin/../lib/gcc/arm-none-eabi/10.3.1/../../../../arm-none-eabi/lib/thumb/v7-m/nofp\libg.a(lib_a-memcpy.o)
                0x08001498                memcpy
 .text          0x08001584       0x2c d:/prf578~1/gnuarm~1/102021~1.10/bin/../lib/gcc/arm-none-eabi/10.3.1/thumb/v7-m/nofp\libgcc.a(_arm_unorddf2.o)
                0x08001584                __unorddf2
                0x08001584                __aeabi_dcmpun
 .text          0x080015b0       0x30 d:/prf578~1/gnuarm~1/102021~1.10/bin/../lib/gcc/arm-none-eabi/10.3.1/thumb/v7-m/nofp\libgcc.a(_aeabi_uldivmod.o)
                0x080015b0                __aeabi_uldivmod
 *(.text*)
 .text.run_self_test
                0x080015e0      0x18c CMakeFiles/fans_stm32f103.elf.dir/Core/Src/Mpu6050.c.obj
 .text.mpu_dmp_init
                0x0800176c       0xa0 CMakeFiles/fans_stm32f103.elf.dir/Core/Src/Mpu6050.c.obj
                0x0800176c                mpu_dmp_init
 *fill*         0x0800180c        0x4 
 .text.mpu_dmp_get_data
                0x08001810      0x1e0 CMakeFiles/fans_stm32f103.elf.dir/Core/Src/Mpu6050.c.obj
                0x08001810                mpu_dmp_get_data
 .text.MX_GPIO_Init
                0x080019f0       0x74 CMakeFiles/fans_stm32f103.elf.dir/Core/Src/gpio.c.obj
                0x080019f0                MX_GPIO_Init
 .text.MX_I2C1_Init
                0x08001a64       0x3c CMakeFiles/fans_stm32f103.elf.dir/Core/Src/i2c.c.obj
                0x08001a64                MX_I2C1_Init
 .text.HAL_I2C_MspInit
                0x08001aa0       0x78 CMakeFiles/fans_stm32f103.elf.dir/Core/Src/i2c.c.obj
                0x08001aa0                HAL_I2C_MspInit
 .text.Error_Handler
                0x08001b18        0x4 CMakeFiles/fans_stm32f103.elf.dir/Core/Src/main.c.obj
                0x08001b18                Error_Handler
 .text.SystemClock_Config
                0x08001b1c       0x64 CMakeFiles/fans_stm32f103.elf.dir/Core/Src/main.c.obj
                0x08001b1c                SystemClock_Config
 .text.main     0x08001b80       0xa4 CMakeFiles/fans_stm32f103.elf.dir/Core/Src/main.c.obj
                0x08001b80                main
 .text.RetargetInit
                0x08001c24       0x20 CMakeFiles/fans_stm32f103.elf.dir/Core/Src/retarget.c.obj
                0x08001c24                RetargetInit
 .text._isatty  0x08001c44       0x16 CMakeFiles/fans_stm32f103.elf.dir/Core/Src/retarget.c.obj
                0x08001c44                _isatty
 *fill*         0x08001c5a        0x2 
 .text._write   0x08001c5c       0x34 CMakeFiles/fans_stm32f103.elf.dir/Core/Src/retarget.c.obj
                0x08001c5c                _write
 .text._close   0x08001c90       0x18 CMakeFiles/fans_stm32f103.elf.dir/Core/Src/retarget.c.obj
                0x08001c90                _close
 .text._lseek   0x08001ca8       0x10 CMakeFiles/fans_stm32f103.elf.dir/Core/Src/retarget.c.obj
                0x08001ca8                _lseek
 .text._read    0x08001cb8       0x30 CMakeFiles/fans_stm32f103.elf.dir/Core/Src/retarget.c.obj
                0x08001cb8                _read
 .text._fstat   0x08001ce8       0x1a CMakeFiles/fans_stm32f103.elf.dir/Core/Src/retarget.c.obj
                0x08001ce8                _fstat
 *fill*         0x08001d02        0x2 
 .text.HAL_MspInit
                0x08001d04       0x44 CMakeFiles/fans_stm32f103.elf.dir/Core/Src/stm32f1xx_hal_msp.c.obj
                0x08001d04                HAL_MspInit
 .text.NMI_Handler
                0x08001d48        0x2 CMakeFiles/fans_stm32f103.elf.dir/Core/Src/stm32f1xx_it.c.obj
                0x08001d48                NMI_Handler
 .text.HardFault_Handler
                0x08001d4a        0x2 CMakeFiles/fans_stm32f103.elf.dir/Core/Src/stm32f1xx_it.c.obj
                0x08001d4a                HardFault_Handler
 .text.MemManage_Handler
                0x08001d4c        0x2 CMakeFiles/fans_stm32f103.elf.dir/Core/Src/stm32f1xx_it.c.obj
                0x08001d4c                MemManage_Handler
 .text.BusFault_Handler
                0x08001d4e        0x2 CMakeFiles/fans_stm32f103.elf.dir/Core/Src/stm32f1xx_it.c.obj
                0x08001d4e                BusFault_Handler
 .text.UsageFault_Handler
                0x08001d50        0x2 CMakeFiles/fans_stm32f103.elf.dir/Core/Src/stm32f1xx_it.c.obj
                0x08001d50                UsageFault_Handler
 .text.SVC_Handler
                0x08001d52        0x2 CMakeFiles/fans_stm32f103.elf.dir/Core/Src/stm32f1xx_it.c.obj
                0x08001d52                SVC_Handler
 .text.DebugMon_Handler
                0x08001d54        0x2 CMakeFiles/fans_stm32f103.elf.dir/Core/Src/stm32f1xx_it.c.obj
                0x08001d54                DebugMon_Handler
 .text.PendSV_Handler
                0x08001d56        0x2 CMakeFiles/fans_stm32f103.elf.dir/Core/Src/stm32f1xx_it.c.obj
                0x08001d56                PendSV_Handler
 .text.SysTick_Handler
                0x08001d58        0x8 CMakeFiles/fans_stm32f103.elf.dir/Core/Src/stm32f1xx_it.c.obj
                0x08001d58                SysTick_Handler
 .text._getpid  0x08001d60        0x4 CMakeFiles/fans_stm32f103.elf.dir/Core/Src/syscalls.c.obj
                0x08001d60                _getpid
 .text._kill    0x08001d64       0x10 CMakeFiles/fans_stm32f103.elf.dir/Core/Src/syscalls.c.obj
                0x08001d64                _kill
 .text._exit    0x08001d74        0xc CMakeFiles/fans_stm32f103.elf.dir/Core/Src/syscalls.c.obj
                0x08001d74                _exit
 .text._sbrk    0x08001d80       0x48 CMakeFiles/fans_stm32f103.elf.dir/Core/Src/sysmem.c.obj
                0x08001d80                _sbrk
 .text.SystemInit
                0x08001dc8        0x2 CMakeFiles/fans_stm32f103.elf.dir/Core/Src/system_stm32f1xx.c.obj
                0x08001dc8                SystemInit
 *fill*         0x08001dca        0x2 
 .text.HAL_TIM_Base_MspInit
                0x08001dcc       0x2c CMakeFiles/fans_stm32f103.elf.dir/Core/Src/tim.c.obj
                0x08001dcc                HAL_TIM_Base_MspInit
 .text.HAL_TIM_MspPostInit
                0x08001df8       0x74 CMakeFiles/fans_stm32f103.elf.dir/Core/Src/tim.c.obj
                0x08001df8                HAL_TIM_MspPostInit
 .text.MX_TIM3_Init
                0x08001e6c       0xe8 CMakeFiles/fans_stm32f103.elf.dir/Core/Src/tim.c.obj
                0x08001e6c                MX_TIM3_Init
 .text.MX_USART1_UART_Init
                0x08001f54       0x34 CMakeFiles/fans_stm32f103.elf.dir/Core/Src/usart.c.obj
                0x08001f54                MX_USART1_UART_Init
 .text.MX_USART2_UART_Init
                0x08001f88       0x34 CMakeFiles/fans_stm32f103.elf.dir/Core/Src/usart.c.obj
                0x08001f88                MX_USART2_UART_Init
 .text.HAL_UART_MspInit
                0x08001fbc       0xd4 CMakeFiles/fans_stm32f103.elf.dir/Core/Src/usart.c.obj
                0x08001fbc                HAL_UART_MspInit
 .text.Reset_Handler
                0x08002090       0x48 CMakeFiles/fans_stm32f103.elf.dir/Core/Startup/startup_stm32f103c8tx.s.obj
                0x08002090                Reset_Handler
 .text.Default_Handler
                0x080020d8        0x2 CMakeFiles/fans_stm32f103.elf.dir/Core/Startup/startup_stm32f103c8tx.s.obj
                0x080020d8                RTC_Alarm_IRQHandler
                0x080020d8                EXTI2_IRQHandler
                0x080020d8                TIM1_CC_IRQHandler
                0x080020d8                PVD_IRQHandler
                0x080020d8                EXTI3_IRQHandler
                0x080020d8                EXTI0_IRQHandler
                0x080020d8                I2C2_EV_IRQHandler
                0x080020d8                ADC1_2_IRQHandler
                0x080020d8                SPI1_IRQHandler
                0x080020d8                TAMPER_IRQHandler
                0x080020d8                DMA1_Channel4_IRQHandler
                0x080020d8                USART3_IRQHandler
                0x080020d8                RTC_IRQHandler
                0x080020d8                DMA1_Channel7_IRQHandler
                0x080020d8                CAN1_RX1_IRQHandler
                0x080020d8                TIM4_IRQHandler
                0x080020d8                I2C1_EV_IRQHandler
                0x080020d8                DMA1_Channel6_IRQHandler
                0x080020d8                TIM3_IRQHandler
                0x080020d8                RCC_IRQHandler
                0x080020d8                TIM1_TRG_COM_IRQHandler
                0x080020d8                DMA1_Channel1_IRQHandler
                0x080020d8                Default_Handler
                0x080020d8                EXTI15_10_IRQHandler
                0x080020d8                EXTI9_5_IRQHandler
                0x080020d8                SPI2_IRQHandler
                0x080020d8                DMA1_Channel5_IRQHandler
                0x080020d8                EXTI4_IRQHandler
                0x080020d8                USB_LP_CAN1_RX0_IRQHandler
                0x080020d8                USB_HP_CAN1_TX_IRQHandler
                0x080020d8                DMA1_Channel3_IRQHandler
                0x080020d8                TIM1_UP_IRQHandler
                0x080020d8                WWDG_IRQHandler
                0x080020d8                TIM2_IRQHandler
                0x080020d8                TIM1_BRK_IRQHandler
                0x080020d8                EXTI1_IRQHandler
                0x080020d8                USART2_IRQHandler
                0x080020d8                I2C2_ER_IRQHandler
                0x080020d8                DMA1_Channel2_IRQHandler
                0x080020d8                CAN1_SCE_IRQHandler
                0x080020d8                FLASH_IRQHandler
                0x080020d8                USART1_IRQHandler
                0x080020d8                I2C1_ER_IRQHandler
                0x080020d8                USBWakeUp_IRQHandler
 *fill*         0x080020da        0x2 
 .text.HAL_InitTick
                0x080020dc       0x4c CMakeFiles/fans_stm32f103.elf.dir/Drivers/STM32F1xx_HAL_Driver/Src/stm32f1xx_hal.c.obj
                0x080020dc                HAL_InitTick
 .text.HAL_Init
                0x08002128       0x24 CMakeFiles/fans_stm32f103.elf.dir/Drivers/STM32F1xx_HAL_Driver/Src/stm32f1xx_hal.c.obj
                0x08002128                HAL_Init
 .text.HAL_IncTick
                0x0800214c       0x18 CMakeFiles/fans_stm32f103.elf.dir/Drivers/STM32F1xx_HAL_Driver/Src/stm32f1xx_hal.c.obj
                0x0800214c                HAL_IncTick
 .text.HAL_GetTick
                0x08002164        0xc CMakeFiles/fans_stm32f103.elf.dir/Drivers/STM32F1xx_HAL_Driver/Src/stm32f1xx_hal.c.obj
                0x08002164                HAL_GetTick
 .text.HAL_Delay
                0x08002170       0x28 CMakeFiles/fans_stm32f103.elf.dir/Drivers/STM32F1xx_HAL_Driver/Src/stm32f1xx_hal.c.obj
                0x08002170                HAL_Delay
 .text.HAL_NVIC_SetPriorityGrouping
                0x08002198       0x24 CMakeFiles/fans_stm32f103.elf.dir/Drivers/STM32F1xx_HAL_Driver/Src/stm32f1xx_hal_cortex.c.obj
                0x08002198                HAL_NVIC_SetPriorityGrouping
 .text.HAL_NVIC_SetPriority
                0x080021bc       0x70 CMakeFiles/fans_stm32f103.elf.dir/Drivers/STM32F1xx_HAL_Driver/Src/stm32f1xx_hal_cortex.c.obj
                0x080021bc                HAL_NVIC_SetPriority
 .text.HAL_SYSTICK_Config
                0x0800222c       0x28 CMakeFiles/fans_stm32f103.elf.dir/Drivers/STM32F1xx_HAL_Driver/Src/stm32f1xx_hal_cortex.c.obj
                0x0800222c                HAL_SYSTICK_Config
 .text.HAL_GPIO_Init
                0x08002254      0x224 CMakeFiles/fans_stm32f103.elf.dir/Drivers/STM32F1xx_HAL_Driver/Src/stm32f1xx_hal_gpio.c.obj
                0x08002254                HAL_GPIO_Init
 .text.HAL_GPIO_WritePin
                0x08002478        0xc CMakeFiles/fans_stm32f103.elf.dir/Drivers/STM32F1xx_HAL_Driver/Src/stm32f1xx_hal_gpio.c.obj
                0x08002478                HAL_GPIO_WritePin
 .text.I2C_IsAcknowledgeFailed
                0x08002484       0x32 CMakeFiles/fans_stm32f103.elf.dir/Drivers/STM32F1xx_HAL_Driver/Src/stm32f1xx_hal_i2c.c.obj
 .text.I2C_WaitOnFlagUntilTimeout
                0x080024b6       0xaa CMakeFiles/fans_stm32f103.elf.dir/Drivers/STM32F1xx_HAL_Driver/Src/stm32f1xx_hal_i2c.c.obj
 .text.I2C_WaitOnMasterAddressFlagUntilTimeout
                0x08002560       0xd6 CMakeFiles/fans_stm32f103.elf.dir/Drivers/STM32F1xx_HAL_Driver/Src/stm32f1xx_hal_i2c.c.obj
 .text.I2C_WaitOnTXEFlagUntilTimeout
                0x08002636       0x5e CMakeFiles/fans_stm32f103.elf.dir/Drivers/STM32F1xx_HAL_Driver/Src/stm32f1xx_hal_i2c.c.obj
 .text.I2C_RequestMemoryWrite
                0x08002694       0xd8 CMakeFiles/fans_stm32f103.elf.dir/Drivers/STM32F1xx_HAL_Driver/Src/stm32f1xx_hal_i2c.c.obj
 .text.I2C_RequestMemoryRead
                0x0800276c      0x154 CMakeFiles/fans_stm32f103.elf.dir/Drivers/STM32F1xx_HAL_Driver/Src/stm32f1xx_hal_i2c.c.obj
 .text.I2C_WaitOnBTFFlagUntilTimeout
                0x080028c0       0x5e CMakeFiles/fans_stm32f103.elf.dir/Drivers/STM32F1xx_HAL_Driver/Src/stm32f1xx_hal_i2c.c.obj
 .text.I2C_WaitOnRXNEFlagUntilTimeout
                0x0800291e       0x78 CMakeFiles/fans_stm32f103.elf.dir/Drivers/STM32F1xx_HAL_Driver/Src/stm32f1xx_hal_i2c.c.obj
 *fill*         0x08002996        0x2 
 .text.HAL_I2C_Init
                0x08002998      0x1bc CMakeFiles/fans_stm32f103.elf.dir/Drivers/STM32F1xx_HAL_Driver/Src/stm32f1xx_hal_i2c.c.obj
                0x08002998                HAL_I2C_Init
 .text.HAL_I2C_Mem_Write
                0x08002b54      0x164 CMakeFiles/fans_stm32f103.elf.dir/Drivers/STM32F1xx_HAL_Driver/Src/stm32f1xx_hal_i2c.c.obj
                0x08002b54                HAL_I2C_Mem_Write
 .text.HAL_I2C_Mem_Read
                0x08002cb8      0x348 CMakeFiles/fans_stm32f103.elf.dir/Drivers/STM32F1xx_HAL_Driver/Src/stm32f1xx_hal_i2c.c.obj
                0x08002cb8                HAL_I2C_Mem_Read
 .text.RCC_Delay
                0x08003000       0x2c CMakeFiles/fans_stm32f103.elf.dir/Drivers/STM32F1xx_HAL_Driver/Src/stm32f1xx_hal_rcc.c.obj
 .text.HAL_RCC_OscConfig
                0x0800302c      0x410 CMakeFiles/fans_stm32f103.elf.dir/Drivers/STM32F1xx_HAL_Driver/Src/stm32f1xx_hal_rcc.c.obj
                0x0800302c                HAL_RCC_OscConfig
 .text.HAL_RCC_GetSysClockFreq
                0x0800343c       0x54 CMakeFiles/fans_stm32f103.elf.dir/Drivers/STM32F1xx_HAL_Driver/Src/stm32f1xx_hal_rcc.c.obj
                0x0800343c                HAL_RCC_GetSysClockFreq
 .text.HAL_RCC_ClockConfig
                0x08003490      0x16c CMakeFiles/fans_stm32f103.elf.dir/Drivers/STM32F1xx_HAL_Driver/Src/stm32f1xx_hal_rcc.c.obj
                0x08003490                HAL_RCC_ClockConfig
 .text.HAL_RCC_GetHCLKFreq
                0x080035fc        0xc CMakeFiles/fans_stm32f103.elf.dir/Drivers/STM32F1xx_HAL_Driver/Src/stm32f1xx_hal_rcc.c.obj
                0x080035fc                HAL_RCC_GetHCLKFreq
 .text.HAL_RCC_GetPCLK1Freq
                0x08003608       0x20 CMakeFiles/fans_stm32f103.elf.dir/Drivers/STM32F1xx_HAL_Driver/Src/stm32f1xx_hal_rcc.c.obj
                0x08003608                HAL_RCC_GetPCLK1Freq
 .text.HAL_RCC_GetPCLK2Freq
                0x08003628       0x20 CMakeFiles/fans_stm32f103.elf.dir/Drivers/STM32F1xx_HAL_Driver/Src/stm32f1xx_hal_rcc.c.obj
                0x08003628                HAL_RCC_GetPCLK2Freq
 .text.TIM_OC1_SetConfig
                0x08003648       0x5c CMakeFiles/fans_stm32f103.elf.dir/Drivers/STM32F1xx_HAL_Driver/Src/stm32f1xx_hal_tim.c.obj
 .text.TIM_OC3_SetConfig
                0x080036a4       0x64 CMakeFiles/fans_stm32f103.elf.dir/Drivers/STM32F1xx_HAL_Driver/Src/stm32f1xx_hal_tim.c.obj
 .text.TIM_OC4_SetConfig
                0x08003708       0x48 CMakeFiles/fans_stm32f103.elf.dir/Drivers/STM32F1xx_HAL_Driver/Src/stm32f1xx_hal_tim.c.obj
 .text.TIM_TI1_ConfigInputStage
                0x08003750       0x24 CMakeFiles/fans_stm32f103.elf.dir/Drivers/STM32F1xx_HAL_Driver/Src/stm32f1xx_hal_tim.c.obj
 .text.TIM_TI2_ConfigInputStage
                0x08003774       0x26 CMakeFiles/fans_stm32f103.elf.dir/Drivers/STM32F1xx_HAL_Driver/Src/stm32f1xx_hal_tim.c.obj
 .text.TIM_ITRx_SetConfig
                0x0800379a       0x10 CMakeFiles/fans_stm32f103.elf.dir/Drivers/STM32F1xx_HAL_Driver/Src/stm32f1xx_hal_tim.c.obj
 .text.HAL_TIM_PWM_MspInit
                0x080037aa        0x2 CMakeFiles/fans_stm32f103.elf.dir/Drivers/STM32F1xx_HAL_Driver/Src/stm32f1xx_hal_tim.c.obj
                0x080037aa                HAL_TIM_PWM_MspInit
 .text.TIM_Base_SetConfig
                0x080037ac       0x74 CMakeFiles/fans_stm32f103.elf.dir/Drivers/STM32F1xx_HAL_Driver/Src/stm32f1xx_hal_tim.c.obj
                0x080037ac                TIM_Base_SetConfig
 .text.HAL_TIM_Base_Init
                0x08003820       0x58 CMakeFiles/fans_stm32f103.elf.dir/Drivers/STM32F1xx_HAL_Driver/Src/stm32f1xx_hal_tim.c.obj
                0x08003820                HAL_TIM_Base_Init
 .text.HAL_TIM_PWM_Init
                0x08003878       0x58 CMakeFiles/fans_stm32f103.elf.dir/Drivers/STM32F1xx_HAL_Driver/Src/stm32f1xx_hal_tim.c.obj
                0x08003878                HAL_TIM_PWM_Init
 .text.TIM_OC2_SetConfig
                0x080038d0       0x64 CMakeFiles/fans_stm32f103.elf.dir/Drivers/STM32F1xx_HAL_Driver/Src/stm32f1xx_hal_tim.c.obj
                0x080038d0                TIM_OC2_SetConfig
 .text.HAL_TIM_PWM_ConfigChannel
                0x08003934       0xdc CMakeFiles/fans_stm32f103.elf.dir/Drivers/STM32F1xx_HAL_Driver/Src/stm32f1xx_hal_tim.c.obj
                0x08003934                HAL_TIM_PWM_ConfigChannel
 .text.TIM_ETR_SetConfig
                0x08003a10       0x18 CMakeFiles/fans_stm32f103.elf.dir/Drivers/STM32F1xx_HAL_Driver/Src/stm32f1xx_hal_tim.c.obj
                0x08003a10                TIM_ETR_SetConfig
 .text.HAL_TIM_ConfigClockSource
                0x08003a28       0xfe CMakeFiles/fans_stm32f103.elf.dir/Drivers/STM32F1xx_HAL_Driver/Src/stm32f1xx_hal_tim.c.obj
                0x08003a28                HAL_TIM_ConfigClockSource
 .text.TIM_CCxChannelCmd
                0x08003b26       0x1e CMakeFiles/fans_stm32f103.elf.dir/Drivers/STM32F1xx_HAL_Driver/Src/stm32f1xx_hal_tim.c.obj
                0x08003b26                TIM_CCxChannelCmd
 .text.HAL_TIM_PWM_Start
                0x08003b44       0xdc CMakeFiles/fans_stm32f103.elf.dir/Drivers/STM32F1xx_HAL_Driver/Src/stm32f1xx_hal_tim.c.obj
                0x08003b44                HAL_TIM_PWM_Start
 .text.HAL_TIMEx_MasterConfigSynchronization
                0x08003c20       0x6c CMakeFiles/fans_stm32f103.elf.dir/Drivers/STM32F1xx_HAL_Driver/Src/stm32f1xx_hal_tim_ex.c.obj
                0x08003c20                HAL_TIMEx_MasterConfigSynchronization
 .text.UART_SetConfig
                0x08003c8c       0x94 CMakeFiles/fans_stm32f103.elf.dir/Drivers/STM32F1xx_HAL_Driver/Src/stm32f1xx_hal_uart.c.obj
 .text.UART_WaitOnFlagUntilTimeout
                0x08003d20       0x88 CMakeFiles/fans_stm32f103.elf.dir/Drivers/STM32F1xx_HAL_Driver/Src/stm32f1xx_hal_uart.c.obj
 .text.HAL_UART_Init
                0x08003da8       0x60 CMakeFiles/fans_stm32f103.elf.dir/Drivers/STM32F1xx_HAL_Driver/Src/stm32f1xx_hal_uart.c.obj
                0x08003da8                HAL_UART_Init
 .text.HAL_UART_Transmit
                0x08003e08       0xbe CMakeFiles/fans_stm32f103.elf.dir/Drivers/STM32F1xx_HAL_Driver/Src/stm32f1xx_hal_uart.c.obj
                0x08003e08                HAL_UART_Transmit
 .text.HAL_UART_Receive
                0x08003ec6       0xca CMakeFiles/fans_stm32f103.elf.dir/Drivers/STM32F1xx_HAL_Driver/Src/stm32f1xx_hal_uart.c.obj
                0x08003ec6                HAL_UART_Receive
 .text.i2c_write
                0x08003f90       0x2c CMakeFiles/fans_stm32f103.elf.dir/driver/eMPL/inv_mpu.c.obj
                0x08003f90                i2c_write
 .text.set_int_enable
                0x08003fbc       0x98 CMakeFiles/fans_stm32f103.elf.dir/driver/eMPL/inv_mpu.c.obj
 .text.i2c_read
                0x08004054       0x2c CMakeFiles/fans_stm32f103.elf.dir/driver/eMPL/inv_mpu.c.obj
                0x08004054                i2c_read
 .text.get_st_biases
                0x08004080      0x428 CMakeFiles/fans_stm32f103.elf.dir/driver/eMPL/inv_mpu.c.obj
 .text.get_accel_prod_shift
                0x080044a8       0xc8 CMakeFiles/fans_stm32f103.elf.dir/driver/eMPL/inv_mpu.c.obj
 .text.accel_self_test
                0x08004570       0xa8 CMakeFiles/fans_stm32f103.elf.dir/driver/eMPL/inv_mpu.c.obj
 .text.gyro_self_test
                0x08004618      0x108 CMakeFiles/fans_stm32f103.elf.dir/driver/eMPL/inv_mpu.c.obj
 .text.mpu_reset_fifo
                0x08004720      0x1f8 CMakeFiles/fans_stm32f103.elf.dir/driver/eMPL/inv_mpu.c.obj
                0x08004720                mpu_reset_fifo
 .text.mpu_get_gyro_fsr
                0x08004918       0x3c CMakeFiles/fans_stm32f103.elf.dir/driver/eMPL/inv_mpu.c.obj
                0x08004918                mpu_get_gyro_fsr
 .text.mpu_set_gyro_fsr
                0x08004954       0x98 CMakeFiles/fans_stm32f103.elf.dir/driver/eMPL/inv_mpu.c.obj
                0x08004954                mpu_set_gyro_fsr
 .text.mpu_get_accel_fsr
                0x080049ec       0x44 CMakeFiles/fans_stm32f103.elf.dir/driver/eMPL/inv_mpu.c.obj
                0x080049ec                mpu_get_accel_fsr
 .text.mpu_set_accel_fsr
                0x08004a30       0x94 CMakeFiles/fans_stm32f103.elf.dir/driver/eMPL/inv_mpu.c.obj
                0x08004a30                mpu_set_accel_fsr
 .text.mpu_get_lpf
                0x08004ac4       0x44 CMakeFiles/fans_stm32f103.elf.dir/driver/eMPL/inv_mpu.c.obj
                0x08004ac4                mpu_get_lpf
 .text.mpu_set_lpf
                0x08004b08       0x94 CMakeFiles/fans_stm32f103.elf.dir/driver/eMPL/inv_mpu.c.obj
                0x08004b08                mpu_set_lpf
 .text.mpu_get_sample_rate
                0x08004b9c       0x1c CMakeFiles/fans_stm32f103.elf.dir/driver/eMPL/inv_mpu.c.obj
                0x08004b9c                mpu_get_sample_rate
 .text.mpu_get_gyro_sens
                0x08004bb8       0x4c CMakeFiles/fans_stm32f103.elf.dir/driver/eMPL/inv_mpu.c.obj
                0x08004bb8                mpu_get_gyro_sens
 .text.mpu_get_accel_sens
                0x08004c04       0x4c CMakeFiles/fans_stm32f103.elf.dir/driver/eMPL/inv_mpu.c.obj
                0x08004c04                mpu_get_accel_sens
 .text.mpu_get_fifo_config
                0x08004c50       0x10 CMakeFiles/fans_stm32f103.elf.dir/driver/eMPL/inv_mpu.c.obj
                0x08004c50                mpu_get_fifo_config
 .text.mpu_configure_fifo
                0x08004c60       0x64 CMakeFiles/fans_stm32f103.elf.dir/driver/eMPL/inv_mpu.c.obj
                0x08004c60                mpu_configure_fifo
 .text.mpu_read_fifo_stream
                0x08004cc4       0xc0 CMakeFiles/fans_stm32f103.elf.dir/driver/eMPL/inv_mpu.c.obj
                0x08004cc4                mpu_read_fifo_stream
 .text.mpu_set_bypass
                0x08004d84      0x168 CMakeFiles/fans_stm32f103.elf.dir/driver/eMPL/inv_mpu.c.obj
                0x08004d84                mpu_set_bypass
 .text.mpu_set_int_latched
                0x08004eec       0x74 CMakeFiles/fans_stm32f103.elf.dir/driver/eMPL/inv_mpu.c.obj
                0x08004eec                mpu_set_int_latched
 .text.mpu_lp_accel_mode
                0x08004f60       0xdc CMakeFiles/fans_stm32f103.elf.dir/driver/eMPL/inv_mpu.c.obj
                0x08004f60                mpu_lp_accel_mode
 .text.mpu_set_sample_rate
                0x0800503c       0xa0 CMakeFiles/fans_stm32f103.elf.dir/driver/eMPL/inv_mpu.c.obj
                0x0800503c                mpu_set_sample_rate
 .text.mpu_set_sensors
                0x080050dc       0xe8 CMakeFiles/fans_stm32f103.elf.dir/driver/eMPL/inv_mpu.c.obj
                0x080050dc                mpu_set_sensors
 .text.mpu_init
                0x080051c4       0xf0 CMakeFiles/fans_stm32f103.elf.dir/driver/eMPL/inv_mpu.c.obj
                0x080051c4                mpu_init
 .text.mpu_write_mem
                0x080052b4       0x74 CMakeFiles/fans_stm32f103.elf.dir/driver/eMPL/inv_mpu.c.obj
                0x080052b4                mpu_write_mem
 .text.mpu_read_mem
                0x08005328       0x74 CMakeFiles/fans_stm32f103.elf.dir/driver/eMPL/inv_mpu.c.obj
                0x08005328                mpu_read_mem
 .text.mpu_load_firmware
                0x0800539c       0xb4 CMakeFiles/fans_stm32f103.elf.dir/driver/eMPL/inv_mpu.c.obj
                0x0800539c                mpu_load_firmware
 .text.mpu_set_dmp_state
                0x08005450       0x94 CMakeFiles/fans_stm32f103.elf.dir/driver/eMPL/inv_mpu.c.obj
                0x08005450                mpu_set_dmp_state
 .text.mpu_run_self_test
                0x080054e4      0x108 CMakeFiles/fans_stm32f103.elf.dir/driver/eMPL/inv_mpu.c.obj
                0x080054e4                mpu_run_self_test
 .text.decode_gesture
                0x080055ec       0x3c CMakeFiles/fans_stm32f103.elf.dir/driver/eMPL/inv_mpu_dmp_motion_driver.c.obj
 .text.dmp_load_motion_driver_firmware
                0x08005628       0x18 CMakeFiles/fans_stm32f103.elf.dir/driver/eMPL/inv_mpu_dmp_motion_driver.c.obj
                0x08005628                dmp_load_motion_driver_firmware
 .text.dmp_set_orientation
                0x08005640      0x14c CMakeFiles/fans_stm32f103.elf.dir/driver/eMPL/inv_mpu_dmp_motion_driver.c.obj
                0x08005640                dmp_set_orientation
 .text.dmp_set_fifo_rate
                0x0800578c       0x68 CMakeFiles/fans_stm32f103.elf.dir/driver/eMPL/inv_mpu_dmp_motion_driver.c.obj
                0x0800578c                dmp_set_fifo_rate
 .text.dmp_set_tap_thresh
                0x080057f4      0x1a0 CMakeFiles/fans_stm32f103.elf.dir/driver/eMPL/inv_mpu_dmp_motion_driver.c.obj
                0x080057f4                dmp_set_tap_thresh
 .text.dmp_set_tap_axes
                0x08005994       0x4e CMakeFiles/fans_stm32f103.elf.dir/driver/eMPL/inv_mpu_dmp_motion_driver.c.obj
                0x08005994                dmp_set_tap_axes
 .text.dmp_set_tap_count
                0x080059e2       0x2c CMakeFiles/fans_stm32f103.elf.dir/driver/eMPL/inv_mpu_dmp_motion_driver.c.obj
                0x080059e2                dmp_set_tap_count
 *fill*         0x08005a0e        0x2 
 .text.dmp_set_tap_time
                0x08005a10       0x30 CMakeFiles/fans_stm32f103.elf.dir/driver/eMPL/inv_mpu_dmp_motion_driver.c.obj
                0x08005a10                dmp_set_tap_time
 .text.dmp_set_tap_time_multi
                0x08005a40       0x30 CMakeFiles/fans_stm32f103.elf.dir/driver/eMPL/inv_mpu_dmp_motion_driver.c.obj
                0x08005a40                dmp_set_tap_time_multi
 .text.dmp_set_shake_reject_thresh
                0x08005a70       0x44 CMakeFiles/fans_stm32f103.elf.dir/driver/eMPL/inv_mpu_dmp_motion_driver.c.obj
                0x08005a70                dmp_set_shake_reject_thresh
 .text.dmp_set_shake_reject_time
                0x08005ab4       0x2c CMakeFiles/fans_stm32f103.elf.dir/driver/eMPL/inv_mpu_dmp_motion_driver.c.obj
                0x08005ab4                dmp_set_shake_reject_time
 .text.dmp_set_shake_reject_timeout
                0x08005ae0       0x2c CMakeFiles/fans_stm32f103.elf.dir/driver/eMPL/inv_mpu_dmp_motion_driver.c.obj
                0x08005ae0                dmp_set_shake_reject_timeout
 .text.dmp_enable_gyro_cal
                0x08005b0c       0x44 CMakeFiles/fans_stm32f103.elf.dir/driver/eMPL/inv_mpu_dmp_motion_driver.c.obj
                0x08005b0c                dmp_enable_gyro_cal
 .text.dmp_enable_lp_quat
                0x08005b50       0x3c CMakeFiles/fans_stm32f103.elf.dir/driver/eMPL/inv_mpu_dmp_motion_driver.c.obj
                0x08005b50                dmp_enable_lp_quat
 .text.dmp_enable_6x_lp_quat
                0x08005b8c       0x3c CMakeFiles/fans_stm32f103.elf.dir/driver/eMPL/inv_mpu_dmp_motion_driver.c.obj
                0x08005b8c                dmp_enable_6x_lp_quat
 .text.dmp_enable_feature
                0x08005bc8      0x218 CMakeFiles/fans_stm32f103.elf.dir/driver/eMPL/inv_mpu_dmp_motion_driver.c.obj
                0x08005bc8                dmp_enable_feature
 .text.dmp_read_fifo
                0x08005de0      0x1f0 CMakeFiles/fans_stm32f103.elf.dir/driver/eMPL/inv_mpu_dmp_motion_driver.c.obj
                0x08005de0                dmp_read_fifo
 .text.inv_apply_calibration
                0x08005fd0       0x6a CMakeFiles/fans_stm32f103.elf.dir/mllite/data_builder.c.obj
                0x08005fd0                inv_apply_calibration
 *fill*         0x0800603a        0x2 
 .text.inv_set_accel_bias
                0x0800603c       0x54 CMakeFiles/fans_stm32f103.elf.dir/mllite/data_builder.c.obj
                0x0800603c                inv_set_accel_bias
 .text.inv_set_gyro_bias
                0x08006090       0x6c CMakeFiles/fans_stm32f103.elf.dir/mllite/data_builder.c.obj
                0x08006090                inv_set_gyro_bias
 .text.inv_set_message
                0x080060fc       0x18 CMakeFiles/fans_stm32f103.elf.dir/mllite/message_layer.c.obj
                0x080060fc                inv_set_message
 .text.inv_row_2_scale
                0x08006114       0x3a CMakeFiles/fans_stm32f103.elf.dir/mllite/ml_math_func.c.obj
 .text.inv_q30_mult
                0x0800614e       0x1a CMakeFiles/fans_stm32f103.elf.dir/mllite/ml_math_func.c.obj
                0x0800614e                inv_q30_mult
 .text.inv_orientation_matrix_to_scalar
                0x08006168       0x24 CMakeFiles/fans_stm32f103.elf.dir/mllite/ml_math_func.c.obj
                0x08006168                inv_orientation_matrix_to_scalar
 .text.inv_convert_to_body_with_scale
                0x0800618c       0x72 CMakeFiles/fans_stm32f103.elf.dir/mllite/ml_math_func.c.obj
                0x0800618c                inv_convert_to_body_with_scale
 *fill*         0x080061fe        0x2 
 .text.__errno  0x08006200        0xc d:/prf578~1/gnuarm~1/102021~1.10/bin/../lib/gcc/arm-none-eabi/10.3.1/../../../../arm-none-eabi/lib/thumb/v7-m/nofp\libg.a(lib_a-errno.o)
                0x08006200                __errno
 .text.__libc_init_array
                0x0800620c       0x48 d:/prf578~1/gnuarm~1/102021~1.10/bin/../lib/gcc/arm-none-eabi/10.3.1/../../../../arm-none-eabi/lib/thumb/v7-m/nofp\libg.a(lib_a-init.o)
                0x0800620c                __libc_init_array
 .text.memcmp   0x08006254       0x68 d:/prf578~1/gnuarm~1/102021~1.10/bin/../lib/gcc/arm-none-eabi/10.3.1/../../../../arm-none-eabi/lib/thumb/v7-m/nofp\libg.a(lib_a-memcmp.o)
                0x08006254                memcmp
 .text.memmove  0x080062bc       0xf8 d:/prf578~1/gnuarm~1/102021~1.10/bin/../lib/gcc/arm-none-eabi/10.3.1/../../../../arm-none-eabi/lib/thumb/v7-m/nofp\libg.a(lib_a-memmove.o)
                0x080062bc                memmove
 .text.memset   0x080063b4       0xa4 d:/prf578~1/gnuarm~1/102021~1.10/bin/../lib/gcc/arm-none-eabi/10.3.1/../../../../arm-none-eabi/lib/thumb/v7-m/nofp\libg.a(lib_a-memset.o)
                0x080063b4                memset
 .text.printf   0x08006458       0x28 d:/prf578~1/gnuarm~1/102021~1.10/bin/../lib/gcc/arm-none-eabi/10.3.1/../../../../arm-none-eabi/lib/thumb/v7-m/nofp\libg.a(lib_a-printf.o)
                0x08006458                printf
 .text._puts_r  0x08006480       0x9c d:/prf578~1/gnuarm~1/102021~1.10/bin/../lib/gcc/arm-none-eabi/10.3.1/../../../../arm-none-eabi/lib/thumb/v7-m/nofp\libg.a(lib_a-puts.o)
                0x08006480                _puts_r
 .text.puts     0x0800651c       0x10 d:/prf578~1/gnuarm~1/102021~1.10/bin/../lib/gcc/arm-none-eabi/10.3.1/../../../../arm-none-eabi/lib/thumb/v7-m/nofp\libg.a(lib_a-puts.o)
                0x0800651c                puts
 .text.setvbuf  0x0800652c      0x1b0 d:/prf578~1/gnuarm~1/102021~1.10/bin/../lib/gcc/arm-none-eabi/10.3.1/../../../../arm-none-eabi/lib/thumb/v7-m/nofp\libg.a(lib_a-setvbuf.o)
                0x0800652c                setvbuf
 .text.strlen   0x080066dc       0x5c d:/prf578~1/gnuarm~1/102021~1.10/bin/../lib/gcc/arm-none-eabi/10.3.1/../../../../arm-none-eabi/lib/thumb/v7-m/nofp\libg.a(lib_a-strlen-stub.o)
                0x080066dc                strlen
 .text._vfprintf_r
                0x08006738     0x1b58 d:/prf578~1/gnuarm~1/102021~1.10/bin/../lib/gcc/arm-none-eabi/10.3.1/../../../../arm-none-eabi/lib/thumb/v7-m/nofp\libg.a(lib_a-vfprintf.o)
                0x08006738                _vfprintf_r
 .text.__sbprintf
                0x08008290       0x84 d:/prf578~1/gnuarm~1/102021~1.10/bin/../lib/gcc/arm-none-eabi/10.3.1/../../../../arm-none-eabi/lib/thumb/v7-m/nofp\libg.a(lib_a-vfprintf.o)
 .text.__swsetup_r
                0x08008314       0xd4 d:/prf578~1/gnuarm~1/102021~1.10/bin/../lib/gcc/arm-none-eabi/10.3.1/../../../../arm-none-eabi/lib/thumb/v7-m/nofp\libg.a(lib_a-wsetup.o)
                0x08008314                __swsetup_r
 .text.startup.register_fini
                0x080083e8       0x14 d:/prf578~1/gnuarm~1/102021~1.10/bin/../lib/gcc/arm-none-eabi/10.3.1/../../../../arm-none-eabi/lib/thumb/v7-m/nofp\libg.a(lib_a-__call_atexit.o)
 .text.atexit   0x080083fc        0xc d:/prf578~1/gnuarm~1/102021~1.10/bin/../lib/gcc/arm-none-eabi/10.3.1/../../../../arm-none-eabi/lib/thumb/v7-m/nofp\libg.a(lib_a-atexit.o)
                0x080083fc                atexit
 .text.quorem   0x08008408      0x12c d:/prf578~1/gnuarm~1/102021~1.10/bin/../lib/gcc/arm-none-eabi/10.3.1/../../../../arm-none-eabi/lib/thumb/v7-m/nofp\libg.a(lib_a-dtoa.o)
 *fill*         0x08008534        0x4 
 .text._dtoa_r  0x08008538      0xecc d:/prf578~1/gnuarm~1/102021~1.10/bin/../lib/gcc/arm-none-eabi/10.3.1/../../../../arm-none-eabi/lib/thumb/v7-m/nofp\libg.a(lib_a-dtoa.o)
                0x08008538                _dtoa_r
 .text.__sflush_r
                0x08009404      0x124 d:/prf578~1/gnuarm~1/102021~1.10/bin/../lib/gcc/arm-none-eabi/10.3.1/../../../../arm-none-eabi/lib/thumb/v7-m/nofp\libg.a(lib_a-fflush.o)
                0x08009404                __sflush_r
 .text._fflush_r
                0x08009528       0x5c d:/prf578~1/gnuarm~1/102021~1.10/bin/../lib/gcc/arm-none-eabi/10.3.1/../../../../arm-none-eabi/lib/thumb/v7-m/nofp\libg.a(lib_a-fflush.o)
                0x08009528                _fflush_r
 .text._cleanup_r
                0x08009584        0xc d:/prf578~1/gnuarm~1/102021~1.10/bin/../lib/gcc/arm-none-eabi/10.3.1/../../../../arm-none-eabi/lib/thumb/v7-m/nofp\libg.a(lib_a-findfp.o)
                0x08009584                _cleanup_r
 .text.__sinit  0x08009590      0x10c d:/prf578~1/gnuarm~1/102021~1.10/bin/../lib/gcc/arm-none-eabi/10.3.1/../../../../arm-none-eabi/lib/thumb/v7-m/nofp\libg.a(lib_a-findfp.o)
                0x08009590                __sinit
 .text.__sfp_lock_acquire
                0x0800969c        0xc d:/prf578~1/gnuarm~1/102021~1.10/bin/../lib/gcc/arm-none-eabi/10.3.1/../../../../arm-none-eabi/lib/thumb/v7-m/nofp\libg.a(lib_a-findfp.o)
                0x0800969c                __sfp_lock_acquire
 .text.__sfp_lock_release
                0x080096a8        0xc d:/prf578~1/gnuarm~1/102021~1.10/bin/../lib/gcc/arm-none-eabi/10.3.1/../../../../arm-none-eabi/lib/thumb/v7-m/nofp\libg.a(lib_a-findfp.o)
                0x080096a8                __sfp_lock_release
 .text.__libc_fini_array
                0x080096b4       0x2c d:/prf578~1/gnuarm~1/102021~1.10/bin/../lib/gcc/arm-none-eabi/10.3.1/../../../../arm-none-eabi/lib/thumb/v7-m/nofp\libg.a(lib_a-fini.o)
                0x080096b4                __libc_fini_array
 .text._malloc_trim_r
                0x080096e0       0xa0 d:/prf578~1/gnuarm~1/102021~1.10/bin/../lib/gcc/arm-none-eabi/10.3.1/../../../../arm-none-eabi/lib/thumb/v7-m/nofp\libg.a(lib_a-freer.o)
                0x080096e0                _malloc_trim_r
 .text._free_r  0x08009780      0x200 d:/prf578~1/gnuarm~1/102021~1.10/bin/../lib/gcc/arm-none-eabi/10.3.1/../../../../arm-none-eabi/lib/thumb/v7-m/nofp\libg.a(lib_a-freer.o)
                0x08009780                _free_r
 .text.__sfvwrite_r
                0x08009980      0x2f0 d:/prf578~1/gnuarm~1/102021~1.10/bin/../lib/gcc/arm-none-eabi/10.3.1/../../../../arm-none-eabi/lib/thumb/v7-m/nofp\libg.a(lib_a-fvwrite.o)
                0x08009980                __sfvwrite_r
 .text._fwalk_reent
                0x08009c70       0x48 d:/prf578~1/gnuarm~1/102021~1.10/bin/../lib/gcc/arm-none-eabi/10.3.1/../../../../arm-none-eabi/lib/thumb/v7-m/nofp\libg.a(lib_a-fwalk.o)
                0x08009c70                _fwalk_reent
 .text._localeconv_r
                0x08009cb8        0x8 d:/prf578~1/gnuarm~1/102021~1.10/bin/../lib/gcc/arm-none-eabi/10.3.1/../../../../arm-none-eabi/lib/thumb/v7-m/nofp\libg.a(lib_a-localeconv.o)
                0x08009cb8                _localeconv_r
 .text.__retarget_lock_init_recursive
                0x08009cc0        0x4 d:/prf578~1/gnuarm~1/102021~1.10/bin/../lib/gcc/arm-none-eabi/10.3.1/../../../../arm-none-eabi/lib/thumb/v7-m/nofp\libg.a(lib_a-lock.o)
                0x08009cc0                __retarget_lock_init_recursive
 .text.__retarget_lock_close_recursive
                0x08009cc4        0x4 d:/prf578~1/gnuarm~1/102021~1.10/bin/../lib/gcc/arm-none-eabi/10.3.1/../../../../arm-none-eabi/lib/thumb/v7-m/nofp\libg.a(lib_a-lock.o)
                0x08009cc4                __retarget_lock_close_recursive
 .text.__retarget_lock_acquire_recursive
                0x08009cc8        0x4 d:/prf578~1/gnuarm~1/102021~1.10/bin/../lib/gcc/arm-none-eabi/10.3.1/../../../../arm-none-eabi/lib/thumb/v7-m/nofp\libg.a(lib_a-lock.o)
                0x08009cc8                __retarget_lock_acquire_recursive
 .text.__retarget_lock_release_recursive
                0x08009ccc        0x4 d:/prf578~1/gnuarm~1/102021~1.10/bin/../lib/gcc/arm-none-eabi/10.3.1/../../../../arm-none-eabi/lib/thumb/v7-m/nofp\libg.a(lib_a-lock.o)
                0x08009ccc                __retarget_lock_release_recursive
 .text.__smakebuf_r
                0x08009cd0       0xe0 d:/prf578~1/gnuarm~1/102021~1.10/bin/../lib/gcc/arm-none-eabi/10.3.1/../../../../arm-none-eabi/lib/thumb/v7-m/nofp\libg.a(lib_a-makebuf.o)
                0x08009cd0                __smakebuf_r
 .text.__swhatbuf_r
                0x08009db0       0x60 d:/prf578~1/gnuarm~1/102021~1.10/bin/../lib/gcc/arm-none-eabi/10.3.1/../../../../arm-none-eabi/lib/thumb/v7-m/nofp\libg.a(lib_a-makebuf.o)
                0x08009db0                __swhatbuf_r
 .text.malloc   0x08009e10       0x10 d:/prf578~1/gnuarm~1/102021~1.10/bin/../lib/gcc/arm-none-eabi/10.3.1/../../../../arm-none-eabi/lib/thumb/v7-m/nofp\libg.a(lib_a-malloc.o)
                0x08009e10                malloc
 .text._malloc_r
                0x08009e20      0x558 d:/prf578~1/gnuarm~1/102021~1.10/bin/../lib/gcc/arm-none-eabi/10.3.1/../../../../arm-none-eabi/lib/thumb/v7-m/nofp\libg.a(lib_a-mallocr.o)
                0x08009e20                _malloc_r
 .text.memchr   0x0800a378       0x90 d:/prf578~1/gnuarm~1/102021~1.10/bin/../lib/gcc/arm-none-eabi/10.3.1/../../../../arm-none-eabi/lib/thumb/v7-m/nofp\libg.a(lib_a-memchr-stub.o)
                0x0800a378                memchr
 .text.__malloc_lock
                0x0800a408        0xc d:/prf578~1/gnuarm~1/102021~1.10/bin/../lib/gcc/arm-none-eabi/10.3.1/../../../../arm-none-eabi/lib/thumb/v7-m/nofp\libg.a(lib_a-mlock.o)
                0x0800a408                __malloc_lock
 .text.__malloc_unlock
                0x0800a414        0xc d:/prf578~1/gnuarm~1/102021~1.10/bin/../lib/gcc/arm-none-eabi/10.3.1/../../../../arm-none-eabi/lib/thumb/v7-m/nofp\libg.a(lib_a-mlock.o)
                0x0800a414                __malloc_unlock
 .text._Balloc  0x0800a420       0x4c d:/prf578~1/gnuarm~1/102021~1.10/bin/../lib/gcc/arm-none-eabi/10.3.1/../../../../arm-none-eabi/lib/thumb/v7-m/nofp\libg.a(lib_a-mprec.o)
                0x0800a420                _Balloc
 .text._Bfree   0x0800a46c       0x14 d:/prf578~1/gnuarm~1/102021~1.10/bin/../lib/gcc/arm-none-eabi/10.3.1/../../../../arm-none-eabi/lib/thumb/v7-m/nofp\libg.a(lib_a-mprec.o)
                0x0800a46c                _Bfree
 .text.__multadd
                0x0800a480       0xa4 d:/prf578~1/gnuarm~1/102021~1.10/bin/../lib/gcc/arm-none-eabi/10.3.1/../../../../arm-none-eabi/lib/thumb/v7-m/nofp\libg.a(lib_a-mprec.o)
                0x0800a480                __multadd
 .text.__hi0bits
                0x0800a524       0x40 d:/prf578~1/gnuarm~1/102021~1.10/bin/../lib/gcc/arm-none-eabi/10.3.1/../../../../arm-none-eabi/lib/thumb/v7-m/nofp\libg.a(lib_a-mprec.o)
                0x0800a524                __hi0bits
 .text.__lo0bits
                0x0800a564       0x58 d:/prf578~1/gnuarm~1/102021~1.10/bin/../lib/gcc/arm-none-eabi/10.3.1/../../../../arm-none-eabi/lib/thumb/v7-m/nofp\libg.a(lib_a-mprec.o)
                0x0800a564                __lo0bits
 .text.__i2b    0x0800a5bc       0x5c d:/prf578~1/gnuarm~1/102021~1.10/bin/../lib/gcc/arm-none-eabi/10.3.1/../../../../arm-none-eabi/lib/thumb/v7-m/nofp\libg.a(lib_a-mprec.o)
                0x0800a5bc                __i2b
 .text.__multiply
                0x0800a618      0x15c d:/prf578~1/gnuarm~1/102021~1.10/bin/../lib/gcc/arm-none-eabi/10.3.1/../../../../arm-none-eabi/lib/thumb/v7-m/nofp\libg.a(lib_a-mprec.o)
                0x0800a618                __multiply
 .text.__pow5mult
                0x0800a774       0xb8 d:/prf578~1/gnuarm~1/102021~1.10/bin/../lib/gcc/arm-none-eabi/10.3.1/../../../../arm-none-eabi/lib/thumb/v7-m/nofp\libg.a(lib_a-mprec.o)
                0x0800a774                __pow5mult
 .text.__lshift
                0x0800a82c       0xec d:/prf578~1/gnuarm~1/102021~1.10/bin/../lib/gcc/arm-none-eabi/10.3.1/../../../../arm-none-eabi/lib/thumb/v7-m/nofp\libg.a(lib_a-mprec.o)
                0x0800a82c                __lshift
 .text.__mcmp   0x0800a918       0x40 d:/prf578~1/gnuarm~1/102021~1.10/bin/../lib/gcc/arm-none-eabi/10.3.1/../../../../arm-none-eabi/lib/thumb/v7-m/nofp\libg.a(lib_a-mprec.o)
                0x0800a918                __mcmp
 .text.__mdiff  0x0800a958      0x14c d:/prf578~1/gnuarm~1/102021~1.10/bin/../lib/gcc/arm-none-eabi/10.3.1/../../../../arm-none-eabi/lib/thumb/v7-m/nofp\libg.a(lib_a-mprec.o)
                0x0800a958                __mdiff
 .text.__d2b    0x0800aaa4       0xc4 d:/prf578~1/gnuarm~1/102021~1.10/bin/../lib/gcc/arm-none-eabi/10.3.1/../../../../arm-none-eabi/lib/thumb/v7-m/nofp\libg.a(lib_a-mprec.o)
                0x0800aaa4                __d2b
 .text._realloc_r
                0x0800ab68      0x3dc d:/prf578~1/gnuarm~1/102021~1.10/bin/../lib/gcc/arm-none-eabi/10.3.1/../../../../arm-none-eabi/lib/thumb/v7-m/nofp\libg.a(lib_a-reallocr.o)
                0x0800ab68                _realloc_r
 .text.frexp    0x0800af44       0x70 d:/prf578~1/gnuarm~1/102021~1.10/bin/../lib/gcc/arm-none-eabi/10.3.1/../../../../arm-none-eabi/lib/thumb/v7-m/nofp\libg.a(lib_a-s_frexp.o)
                0x0800af44                frexp
 .text._sbrk_r  0x0800afb4       0x24 d:/prf578~1/gnuarm~1/102021~1.10/bin/../lib/gcc/arm-none-eabi/10.3.1/../../../../arm-none-eabi/lib/thumb/v7-m/nofp\libg.a(lib_a-sbrkr.o)
                0x0800afb4                _sbrk_r
 .text.__sread  0x0800afd8       0x24 d:/prf578~1/gnuarm~1/102021~1.10/bin/../lib/gcc/arm-none-eabi/10.3.1/../../../../arm-none-eabi/lib/thumb/v7-m/nofp\libg.a(lib_a-stdio.o)
                0x0800afd8                __sread
 .text.__swrite
                0x0800affc       0x40 d:/prf578~1/gnuarm~1/102021~1.10/bin/../lib/gcc/arm-none-eabi/10.3.1/../../../../arm-none-eabi/lib/thumb/v7-m/nofp\libg.a(lib_a-stdio.o)
                0x0800affc                __swrite
 .text.__sseek  0x0800b03c       0x20 d:/prf578~1/gnuarm~1/102021~1.10/bin/../lib/gcc/arm-none-eabi/10.3.1/../../../../arm-none-eabi/lib/thumb/v7-m/nofp\libg.a(lib_a-stdio.o)
                0x0800b03c                __sseek
 .text.__sclose
                0x0800b05c        0x8 d:/prf578~1/gnuarm~1/102021~1.10/bin/../lib/gcc/arm-none-eabi/10.3.1/../../../../arm-none-eabi/lib/thumb/v7-m/nofp\libg.a(lib_a-stdio.o)
                0x0800b05c                __sclose
 .text.strncpy  0x0800b064       0x68 d:/prf578~1/gnuarm~1/102021~1.10/bin/../lib/gcc/arm-none-eabi/10.3.1/../../../../arm-none-eabi/lib/thumb/v7-m/nofp\libg.a(lib_a-strncpy.o)
                0x0800b064                strncpy
 .text.__sprint_r.part.0
                0x0800b0cc       0x78 d:/prf578~1/gnuarm~1/102021~1.10/bin/../lib/gcc/arm-none-eabi/10.3.1/../../../../arm-none-eabi/lib/thumb/v7-m/nofp\libg.a(lib_a-vfiprintf.o)
 .text.__sprint_r
                0x0800b144       0x14 d:/prf578~1/gnuarm~1/102021~1.10/bin/../lib/gcc/arm-none-eabi/10.3.1/../../../../arm-none-eabi/lib/thumb/v7-m/nofp\libg.a(lib_a-vfiprintf.o)
                0x0800b144                __sprint_r
 .text._vfiprintf_r
                0x0800b158      0xd98 d:/prf578~1/gnuarm~1/102021~1.10/bin/../lib/gcc/arm-none-eabi/10.3.1/../../../../arm-none-eabi/lib/thumb/v7-m/nofp\libg.a(lib_a-vfiprintf.o)
                0x0800b158                _vfiprintf_r
 .text.__sbprintf
                0x0800bef0       0x84 d:/prf578~1/gnuarm~1/102021~1.10/bin/../lib/gcc/arm-none-eabi/10.3.1/../../../../arm-none-eabi/lib/thumb/v7-m/nofp\libg.a(lib_a-vfiprintf.o)
 .text._write_r
                0x0800bf74       0x2c d:/prf578~1/gnuarm~1/102021~1.10/bin/../lib/gcc/arm-none-eabi/10.3.1/../../../../arm-none-eabi/lib/thumb/v7-m/nofp\libg.a(lib_a-writer.o)
                0x0800bf74                _write_r
 .text.__register_exitproc
                0x0800bfa0       0x8c d:/prf578~1/gnuarm~1/102021~1.10/bin/../lib/gcc/arm-none-eabi/10.3.1/../../../../arm-none-eabi/lib/thumb/v7-m/nofp\libg.a(lib_a-__atexit.o)
                0x0800bfa0                __register_exitproc
 .text.__assert_func
                0x0800c02c       0x40 d:/prf578~1/gnuarm~1/102021~1.10/bin/../lib/gcc/arm-none-eabi/10.3.1/../../../../arm-none-eabi/lib/thumb/v7-m/nofp\libg.a(lib_a-assert.o)
                0x0800c02c                __assert_func
 .text._calloc_r
                0x0800c06c       0x78 d:/prf578~1/gnuarm~1/102021~1.10/bin/../lib/gcc/arm-none-eabi/10.3.1/../../../../arm-none-eabi/lib/thumb/v7-m/nofp\libg.a(lib_a-callocr.o)
                0x0800c06c                _calloc_r
 .text._close_r
                0x0800c0e4       0x24 d:/prf578~1/gnuarm~1/102021~1.10/bin/../lib/gcc/arm-none-eabi/10.3.1/../../../../arm-none-eabi/lib/thumb/v7-m/nofp\libg.a(lib_a-closer.o)
                0x0800c0e4                _close_r
 .text._fclose_r
                0x0800c108       0xcc d:/prf578~1/gnuarm~1/102021~1.10/bin/../lib/gcc/arm-none-eabi/10.3.1/../../../../arm-none-eabi/lib/thumb/v7-m/nofp\libg.a(lib_a-fclose.o)
                0x0800c108                _fclose_r
 .text.fiprintf
                0x0800c1d4       0x28 d:/prf578~1/gnuarm~1/102021~1.10/bin/../lib/gcc/arm-none-eabi/10.3.1/../../../../arm-none-eabi/lib/thumb/v7-m/nofp\libg.a(lib_a-fiprintf.o)
                0x0800c1d4                fiprintf
 .text.__fputwc
                0x0800c1fc       0xa0 d:/prf578~1/gnuarm~1/102021~1.10/bin/../lib/gcc/arm-none-eabi/10.3.1/../../../../arm-none-eabi/lib/thumb/v7-m/nofp\libg.a(lib_a-fputwc.o)
                0x0800c1fc                __fputwc
 .text._fputwc_r
                0x0800c29c       0x68 d:/prf578~1/gnuarm~1/102021~1.10/bin/../lib/gcc/arm-none-eabi/10.3.1/../../../../arm-none-eabi/lib/thumb/v7-m/nofp\libg.a(lib_a-fputwc.o)
                0x0800c29c                _fputwc_r
 .text._fstat_r
                0x0800c304       0x28 d:/prf578~1/gnuarm~1/102021~1.10/bin/../lib/gcc/arm-none-eabi/10.3.1/../../../../arm-none-eabi/lib/thumb/v7-m/nofp\libg.a(lib_a-fstatr.o)
                0x0800c304                _fstat_r
 .text._isatty_r
                0x0800c32c       0x24 d:/prf578~1/gnuarm~1/102021~1.10/bin/../lib/gcc/arm-none-eabi/10.3.1/../../../../arm-none-eabi/lib/thumb/v7-m/nofp\libg.a(lib_a-isattyr.o)
                0x0800c32c                _isatty_r
 .text.__locale_mb_cur_max
                0x0800c350        0xc d:/prf578~1/gnuarm~1/102021~1.10/bin/../lib/gcc/arm-none-eabi/10.3.1/../../../../arm-none-eabi/lib/thumb/v7-m/nofp\libg.a(lib_a-locale.o)
                0x0800c350                __locale_mb_cur_max
 .text._lseek_r
                0x0800c35c       0x2c d:/prf578~1/gnuarm~1/102021~1.10/bin/../lib/gcc/arm-none-eabi/10.3.1/../../../../arm-none-eabi/lib/thumb/v7-m/nofp\libg.a(lib_a-lseekr.o)
                0x0800c35c                _lseek_r
 .text.__ascii_mbtowc
                0x0800c388       0x2c d:/prf578~1/gnuarm~1/102021~1.10/bin/../lib/gcc/arm-none-eabi/10.3.1/../../../../arm-none-eabi/lib/thumb/v7-m/nofp\libg.a(lib_a-mbtowc_r.o)
                0x0800c388                __ascii_mbtowc
 .text._read_r  0x0800c3b4       0x2c d:/prf578~1/gnuarm~1/102021~1.10/bin/../lib/gcc/arm-none-eabi/10.3.1/../../../../arm-none-eabi/lib/thumb/v7-m/nofp\libg.a(lib_a-readr.o)
                0x0800c3b4                _read_r
 .text.__swbuf_r
                0x0800c3e0       0xb0 d:/prf578~1/gnuarm~1/102021~1.10/bin/../lib/gcc/arm-none-eabi/10.3.1/../../../../arm-none-eabi/lib/thumb/v7-m/nofp\libg.a(lib_a-wbuf.o)
                0x0800c3e0                __swbuf_r
 .text._wcrtomb_r
                0x0800c490       0x3c d:/prf578~1/gnuarm~1/102021~1.10/bin/../lib/gcc/arm-none-eabi/10.3.1/../../../../arm-none-eabi/lib/thumb/v7-m/nofp\libg.a(lib_a-wcrtomb.o)
                0x0800c490                _wcrtomb_r
 .text.__ascii_wctomb
                0x0800c4cc       0x1c d:/prf578~1/gnuarm~1/102021~1.10/bin/../lib/gcc/arm-none-eabi/10.3.1/../../../../arm-none-eabi/lib/thumb/v7-m/nofp\libg.a(lib_a-wctomb_r.o)
                0x0800c4cc                __ascii_wctomb
 .text.abort    0x0800c4e8       0x10 d:/prf578~1/gnuarm~1/102021~1.10/bin/../lib/gcc/arm-none-eabi/10.3.1/../../../../arm-none-eabi/lib/thumb/v7-m/nofp\libg.a(lib_a-abort.o)
                0x0800c4e8                abort
 .text.raise    0x0800c4f8       0x5c d:/prf578~1/gnuarm~1/102021~1.10/bin/../lib/gcc/arm-none-eabi/10.3.1/../../../../arm-none-eabi/lib/thumb/v7-m/nofp\libg.a(lib_a-signal.o)
                0x0800c4f8                raise
 .text._kill_r  0x0800c554       0x28 d:/prf578~1/gnuarm~1/102021~1.10/bin/../lib/gcc/arm-none-eabi/10.3.1/../../../../arm-none-eabi/lib/thumb/v7-m/nofp\libg.a(lib_a-signalr.o)
                0x0800c554                _kill_r
 .text._getpid_r
                0x0800c57c        0x4 d:/prf578~1/gnuarm~1/102021~1.10/bin/../lib/gcc/arm-none-eabi/10.3.1/../../../../arm-none-eabi/lib/thumb/v7-m/nofp\libg.a(lib_a-signalr.o)
                0x0800c57c                _getpid_r
 .text.atan     0x0800c580      0x31c d:/prf578~1/gnuarm~1/102021~1.10/bin/../lib/gcc/arm-none-eabi/10.3.1/../../../../arm-none-eabi/lib/thumb/v7-m/nofp\libm.a(lib_a-s_atan.o)
                0x0800c580                atan
 .text.fabs     0x0800c89c        0x8 d:/prf578~1/gnuarm~1/102021~1.10/bin/../lib/gcc/arm-none-eabi/10.3.1/../../../../arm-none-eabi/lib/thumb/v7-m/nofp\libm.a(lib_a-s_fabs.o)
                0x0800c89c                fabs
 .text.asin     0x0800c8a4       0x50 d:/prf578~1/gnuarm~1/102021~1.10/bin/../lib/gcc/arm-none-eabi/10.3.1/../../../../arm-none-eabi/lib/thumb/v7-m/nofp\libm.a(lib_a-w_asin.o)
                0x0800c8a4                asin
 .text.atan2    0x0800c8f4        0x4 d:/prf578~1/gnuarm~1/102021~1.10/bin/../lib/gcc/arm-none-eabi/10.3.1/../../../../arm-none-eabi/lib/thumb/v7-m/nofp\libm.a(lib_a-w_atan2.o)
                0x0800c8f4                atan2
 .text.__ieee754_asin
                0x0800c8f8      0x474 d:/prf578~1/gnuarm~1/102021~1.10/bin/../lib/gcc/arm-none-eabi/10.3.1/../../../../arm-none-eabi/lib/thumb/v7-m/nofp\libm.a(lib_a-e_asin.o)
                0x0800c8f8                __ieee754_asin
 *fill*         0x0800cd6c        0x4 
 .text.__ieee754_atan2
                0x0800cd70      0x194 d:/prf578~1/gnuarm~1/102021~1.10/bin/../lib/gcc/arm-none-eabi/10.3.1/../../../../arm-none-eabi/lib/thumb/v7-m/nofp\libm.a(lib_a-e_atan2.o)
                0x0800cd70                __ieee754_atan2
 .text.__ieee754_sqrt
                0x0800cf04      0x18c d:/prf578~1/gnuarm~1/102021~1.10/bin/../lib/gcc/arm-none-eabi/10.3.1/../../../../arm-none-eabi/lib/thumb/v7-m/nofp\libm.a(lib_a-e_sqrt.o)
                0x0800cf04                __ieee754_sqrt
 .text.nan      0x0800d090        0xc d:/prf578~1/gnuarm~1/102021~1.10/bin/../lib/gcc/arm-none-eabi/10.3.1/../../../../arm-none-eabi/lib/thumb/v7-m/nofp\libm.a(lib_a-s_nan.o)
                0x0800d090                nan
 *(.glue_7)
 .glue_7        0x0800d09c        0x0 linker stubs
 *(.glue_7t)
 .glue_7t       0x0800d09c        0x0 linker stubs
 *(.eh_frame)
 .eh_frame      0x0800d09c        0x0 d:/prf578~1/gnuarm~1/102021~1.10/bin/../lib/gcc/arm-none-eabi/10.3.1/thumb/v7-m/nofp/crtbegin.o
 *(.init)
 .init          0x0800d09c        0x4 d:/prf578~1/gnuarm~1/102021~1.10/bin/../lib/gcc/arm-none-eabi/10.3.1/thumb/v7-m/nofp/crti.o
                0x0800d09c                _init
 .init          0x0800d0a0        0x8 d:/prf578~1/gnuarm~1/102021~1.10/bin/../lib/gcc/arm-none-eabi/10.3.1/thumb/v7-m/nofp/crtn.o
 *(.fini)
 .fini          0x0800d0a8        0x4 d:/prf578~1/gnuarm~1/102021~1.10/bin/../lib/gcc/arm-none-eabi/10.3.1/thumb/v7-m/nofp/crti.o
                0x0800d0a8                _fini
 .fini          0x0800d0ac        0x8 d:/prf578~1/gnuarm~1/102021~1.10/bin/../lib/gcc/arm-none-eabi/10.3.1/thumb/v7-m/nofp/crtn.o
                0x0800d0b4                . = ALIGN (0x4)
                0x0800d0b4                _etext = .

.vfp11_veneer   0x0800d0b4        0x0
 .vfp11_veneer  0x0800d0b4        0x0 linker stubs

.v4_bx          0x0800d0b4        0x0
 .v4_bx         0x0800d0b4        0x0 linker stubs

.iplt           0x0800d0b4        0x0
 .iplt          0x0800d0b4        0x0 d:/prf578~1/gnuarm~1/102021~1.10/bin/../lib/gcc/arm-none-eabi/10.3.1/thumb/v7-m/nofp/crtbegin.o

.rodata         0x0800d0b8     0x1198
                0x0800d0b8                . = ALIGN (0x4)
 *(.rodata)
 *(.rodata*)
 .rodata.run_self_test.str1.4
                0x0800d0b8       0x70 CMakeFiles/fans_stm32f103.elf.dir/Core/Src/Mpu6050.c.obj
 .rodata.main.str1.4
                0x0800d128        0xa CMakeFiles/fans_stm32f103.elf.dir/Core/Src/main.c.obj
 *fill*         0x0800d132        0x2 
 .rodata.AHBPrescTable
                0x0800d134       0x10 CMakeFiles/fans_stm32f103.elf.dir/Core/Src/system_stm32f1xx.c.obj
                0x0800d134                AHBPrescTable
 .rodata.APBPrescTable
                0x0800d144        0x8 CMakeFiles/fans_stm32f103.elf.dir/Core/Src/system_stm32f1xx.c.obj
                0x0800d144                APBPrescTable
 .rodata.aPLLMULFactorTable.1
                0x0800d14c       0x10 CMakeFiles/fans_stm32f103.elf.dir/Drivers/STM32F1xx_HAL_Driver/Src/stm32f1xx_hal_rcc.c.obj
 .rodata.aPredivFactorTable.0
                0x0800d15c        0x2 CMakeFiles/fans_stm32f103.elf.dir/Drivers/STM32F1xx_HAL_Driver/Src/stm32f1xx_hal_rcc.c.obj
 *fill*         0x0800d15e        0x2 
 .rodata.hw     0x0800d160        0xc CMakeFiles/fans_stm32f103.elf.dir/driver/eMPL/inv_mpu.c.obj
                0x0800d160                hw
 .rodata.reg    0x0800d16c       0x1e CMakeFiles/fans_stm32f103.elf.dir/driver/eMPL/inv_mpu.c.obj
                0x0800d16c                reg
 *fill*         0x0800d18a        0x2 
 .rodata.test   0x0800d18c       0x28 CMakeFiles/fans_stm32f103.elf.dir/driver/eMPL/inv_mpu.c.obj
                0x0800d18c                test
 .rodata.dmp_set_orientation.str1.4
                0x0800d1b4       0x10 CMakeFiles/fans_stm32f103.elf.dir/driver/eMPL/inv_mpu_dmp_motion_driver.c.obj
 .rodata.dmp_set_fifo_rate.str1.4
                0x0800d1c4        0xd CMakeFiles/fans_stm32f103.elf.dir/driver/eMPL/inv_mpu_dmp_motion_driver.c.obj
 *fill*         0x0800d1d1        0x3 
 .rodata.dmp_enable_gyro_cal.str1.4
                0x0800d1d4       0x16 CMakeFiles/fans_stm32f103.elf.dir/driver/eMPL/inv_mpu_dmp_motion_driver.c.obj
 *fill*         0x0800d1ea        0x2 
 .rodata.dmp_memory
                0x0800d1ec      0xbf6 CMakeFiles/fans_stm32f103.elf.dir/driver/eMPL/inv_mpu_dmp_motion_driver.c.obj
 *fill*         0x0800dde2        0x2 
 .rodata._global_impure_ptr
                0x0800dde4        0x4 d:/prf578~1/gnuarm~1/102021~1.10/bin/../lib/gcc/arm-none-eabi/10.3.1/../../../../arm-none-eabi/lib/thumb/v7-m/nofp\libg.a(lib_a-impure.o)
                0x0800dde4                _global_impure_ptr
 .rodata._puts_r.str1.4
                0x0800dde8       0x16 d:/prf578~1/gnuarm~1/102021~1.10/bin/../lib/gcc/arm-none-eabi/10.3.1/../../../../arm-none-eabi/lib/thumb/v7-m/nofp\libg.a(lib_a-puts.o)
                                  0x2 (size before relaxing)
 .rodata._vfprintf_r.str1.4
                0x0800dde8       0x42 d:/prf578~1/gnuarm~1/102021~1.10/bin/../lib/gcc/arm-none-eabi/10.3.1/../../../../arm-none-eabi/lib/thumb/v7-m/nofp\libg.a(lib_a-vfprintf.o)
 *fill*         0x0800de2a        0x2 
 .rodata.blanks.1
                0x0800de2c       0x10 d:/prf578~1/gnuarm~1/102021~1.10/bin/../lib/gcc/arm-none-eabi/10.3.1/../../../../arm-none-eabi/lib/thumb/v7-m/nofp\libg.a(lib_a-vfprintf.o)
 .rodata.zeroes.0
                0x0800de3c       0x10 d:/prf578~1/gnuarm~1/102021~1.10/bin/../lib/gcc/arm-none-eabi/10.3.1/../../../../arm-none-eabi/lib/thumb/v7-m/nofp\libg.a(lib_a-vfprintf.o)
 .rodata._dtoa_r.str1.4
                0x0800de4c       0xa2 d:/prf578~1/gnuarm~1/102021~1.10/bin/../lib/gcc/arm-none-eabi/10.3.1/../../../../arm-none-eabi/lib/thumb/v7-m/nofp\libg.a(lib_a-dtoa.o)
                                 0xa6 (size before relaxing)
 *fill*         0x0800deee        0x2 
 .rodata.__multadd.str1.4
                0x0800def0       0x7f d:/prf578~1/gnuarm~1/102021~1.10/bin/../lib/gcc/arm-none-eabi/10.3.1/../../../../arm-none-eabi/lib/thumb/v7-m/nofp\libg.a(lib_a-mprec.o)
                                 0x93 (size before relaxing)
 *fill*         0x0800df6f        0x1 
 .rodata.__mprec_bigtens
                0x0800df70       0x28 d:/prf578~1/gnuarm~1/102021~1.10/bin/../lib/gcc/arm-none-eabi/10.3.1/../../../../arm-none-eabi/lib/thumb/v7-m/nofp\libg.a(lib_a-mprec.o)
                0x0800df70                __mprec_bigtens
 .rodata.__mprec_tens
                0x0800df98       0xc8 d:/prf578~1/gnuarm~1/102021~1.10/bin/../lib/gcc/arm-none-eabi/10.3.1/../../../../arm-none-eabi/lib/thumb/v7-m/nofp\libg.a(lib_a-mprec.o)
                0x0800df98                __mprec_tens
 .rodata.p05.0  0x0800e060        0xc d:/prf578~1/gnuarm~1/102021~1.10/bin/../lib/gcc/arm-none-eabi/10.3.1/../../../../arm-none-eabi/lib/thumb/v7-m/nofp\libg.a(lib_a-mprec.o)
 .rodata._vfiprintf_r.str1.4
                0x0800e06c       0x2f d:/prf578~1/gnuarm~1/102021~1.10/bin/../lib/gcc/arm-none-eabi/10.3.1/../../../../arm-none-eabi/lib/thumb/v7-m/nofp\libg.a(lib_a-vfiprintf.o)
 .rodata.blanks.1
                0x0800e06c       0x10 d:/prf578~1/gnuarm~1/102021~1.10/bin/../lib/gcc/arm-none-eabi/10.3.1/../../../../arm-none-eabi/lib/thumb/v7-m/nofp\libg.a(lib_a-vfiprintf.o)
 .rodata.zeroes.0
                0x0800e07c       0x10 d:/prf578~1/gnuarm~1/102021~1.10/bin/../lib/gcc/arm-none-eabi/10.3.1/../../../../arm-none-eabi/lib/thumb/v7-m/nofp\libg.a(lib_a-vfiprintf.o)
 .rodata.__assert_func.str1.4
                0x0800e08c       0x3f d:/prf578~1/gnuarm~1/102021~1.10/bin/../lib/gcc/arm-none-eabi/10.3.1/../../../../arm-none-eabi/lib/thumb/v7-m/nofp\libg.a(lib_a-assert.o)
                                 0x43 (size before relaxing)
 *fill*         0x0800e0cb        0x1 
 .rodata._setlocale_r.str1.4
                0x0800e0cc        0xa d:/prf578~1/gnuarm~1/102021~1.10/bin/../lib/gcc/arm-none-eabi/10.3.1/../../../../arm-none-eabi/lib/thumb/v7-m/nofp\libg.a(lib_a-locale.o)
                                  0xd (size before relaxing)
 .rodata.str1.4
                0x0800e0d6        0xa d:/prf578~1/gnuarm~1/102021~1.10/bin/../lib/gcc/arm-none-eabi/10.3.1/../../../../arm-none-eabi/lib/thumb/v7-m/nofp\libg.a(lib_a-locale.o)
                                  0x2 (size before relaxing)
 *fill*         0x0800e0d6        0x2 
 .rodata._ctype_
                0x0800e0d8      0x101 d:/prf578~1/gnuarm~1/102021~1.10/bin/../lib/gcc/arm-none-eabi/10.3.1/../../../../arm-none-eabi/lib/thumb/v7-m/nofp\libg.a(lib_a-ctype_.o)
                0x0800e0d8                _ctype_
 *fill*         0x0800e1d9        0x7 
 .rodata.atanhi
                0x0800e1e0       0x20 d:/prf578~1/gnuarm~1/102021~1.10/bin/../lib/gcc/arm-none-eabi/10.3.1/../../../../arm-none-eabi/lib/thumb/v7-m/nofp\libm.a(lib_a-s_atan.o)
 .rodata.atanlo
                0x0800e200       0x20 d:/prf578~1/gnuarm~1/102021~1.10/bin/../lib/gcc/arm-none-eabi/10.3.1/../../../../arm-none-eabi/lib/thumb/v7-m/nofp\libm.a(lib_a-s_atan.o)
 .rodata.asin.str1.4
                0x0800e220        0x1 d:/prf578~1/gnuarm~1/102021~1.10/bin/../lib/gcc/arm-none-eabi/10.3.1/../../../../arm-none-eabi/lib/thumb/v7-m/nofp\libm.a(lib_a-w_asin.o)
 .rodata.CSWTCH.8
                0x0800e220       0x18 d:/prf578~1/gnuarm~1/102021~1.10/bin/../lib/gcc/arm-none-eabi/10.3.1/../../../../arm-none-eabi/lib/thumb/v7-m/nofp\libm.a(lib_a-e_atan2.o)
 .rodata.CSWTCH.9
                0x0800e238       0x18 d:/prf578~1/gnuarm~1/102021~1.10/bin/../lib/gcc/arm-none-eabi/10.3.1/../../../../arm-none-eabi/lib/thumb/v7-m/nofp\libm.a(lib_a-e_atan2.o)
                0x0800e250                . = ALIGN (0x4)

.ARM.extab      0x0800e250        0x0
                0x0800e250                . = ALIGN (0x4)
 *(.ARM.extab* .gnu.linkonce.armextab.*)
                0x0800e250                . = ALIGN (0x4)

.ARM            0x0800e250        0x8
                0x0800e250                . = ALIGN (0x4)
                0x0800e250                __exidx_start = .
 *(.ARM.exidx*)
 .ARM.exidx     0x0800e250        0x8 d:/prf578~1/gnuarm~1/102021~1.10/bin/../lib/gcc/arm-none-eabi/10.3.1/thumb/v7-m/nofp\libgcc.a(_udivmoddi4.o)
                0x0800e258                __exidx_end = .
                0x0800e258                . = ALIGN (0x4)

.rel.dyn        0x0800e258        0x0
 .rel.iplt      0x0800e258        0x0 d:/prf578~1/gnuarm~1/102021~1.10/bin/../lib/gcc/arm-none-eabi/10.3.1/thumb/v7-m/nofp/crtbegin.o

.preinit_array  0x0800e258        0x0
                0x0800e258                . = ALIGN (0x4)
                0x0800e258                PROVIDE (__preinit_array_start = .)
 *(.preinit_array*)
                0x0800e258                PROVIDE (__preinit_array_end = .)
                0x0800e258                . = ALIGN (0x4)

.init_array     0x0800e258        0x8
                0x0800e258                . = ALIGN (0x4)
                0x0800e258                PROVIDE (__init_array_start = .)
 *(SORT_BY_NAME(.init_array.*))
 .init_array.00000
                0x0800e258        0x4 d:/prf578~1/gnuarm~1/102021~1.10/bin/../lib/gcc/arm-none-eabi/10.3.1/../../../../arm-none-eabi/lib/thumb/v7-m/nofp\libg.a(lib_a-__call_atexit.o)
 *(.init_array*)
 .init_array    0x0800e25c        0x4 d:/prf578~1/gnuarm~1/102021~1.10/bin/../lib/gcc/arm-none-eabi/10.3.1/thumb/v7-m/nofp/crtbegin.o
                0x0800e260                PROVIDE (__init_array_end = .)
                0x0800e260                . = ALIGN (0x4)

.fini_array     0x0800e260        0x4
                0x0800e260                . = ALIGN (0x4)
                0x0800e260                PROVIDE (__fini_array_start = .)
 *(SORT_BY_NAME(.fini_array.*))
 *(.fini_array*)
 .fini_array    0x0800e260        0x4 d:/prf578~1/gnuarm~1/102021~1.10/bin/../lib/gcc/arm-none-eabi/10.3.1/thumb/v7-m/nofp/crtbegin.o
                0x0800e264                PROVIDE (__fini_array_end = .)
                0x0800e264                . = ALIGN (0x4)
                0x0800e264                _sidata = LOADADDR (.data)

.data           0x20000000      0x9f0 load address 0x0800e264
                0x20000000                . = ALIGN (0x4)
                0x20000000                _sdata = .
 *(.data)
 *(.data*)
 .data.gyro_pdata
                0x20000000        0x9 CMakeFiles/fans_stm32f103.elf.dir/Core/Src/Mpu6050.c.obj
 *fill*         0x20000009        0x3 
 .data.SystemCoreClock
                0x2000000c        0x4 CMakeFiles/fans_stm32f103.elf.dir/Core/Src/system_stm32f1xx.c.obj
                0x2000000c                SystemCoreClock
 .data.uwTickFreq
                0x20000010        0x1 CMakeFiles/fans_stm32f103.elf.dir/Drivers/STM32F1xx_HAL_Driver/Src/stm32f1xx_hal.c.obj
                0x20000010                uwTickFreq
 *fill*         0x20000011        0x3 
 .data.uwTickPrio
                0x20000014        0x4 CMakeFiles/fans_stm32f103.elf.dir/Drivers/STM32F1xx_HAL_Driver/Src/stm32f1xx_hal.c.obj
                0x20000014                uwTickPrio
 .data.st       0x20000018       0x2c CMakeFiles/fans_stm32f103.elf.dir/driver/eMPL/inv_mpu.c.obj
 .data._impure_ptr
                0x20000044        0x4 d:/prf578~1/gnuarm~1/102021~1.10/bin/../lib/gcc/arm-none-eabi/10.3.1/../../../../arm-none-eabi/lib/thumb/v7-m/nofp\libg.a(lib_a-impure.o)
                0x20000044                _impure_ptr
 .data.impure_data
                0x20000048      0x428 d:/prf578~1/gnuarm~1/102021~1.10/bin/../lib/gcc/arm-none-eabi/10.3.1/../../../../arm-none-eabi/lib/thumb/v7-m/nofp\libg.a(lib_a-impure.o)
 .data.__atexit_recursive_mutex
                0x20000470        0x4 d:/prf578~1/gnuarm~1/102021~1.10/bin/../lib/gcc/arm-none-eabi/10.3.1/../../../../arm-none-eabi/lib/thumb/v7-m/nofp\libg.a(lib_a-__call_atexit.o)
                0x20000470                __atexit_recursive_mutex
 .data.__malloc_av_
                0x20000474      0x408 d:/prf578~1/gnuarm~1/102021~1.10/bin/../lib/gcc/arm-none-eabi/10.3.1/../../../../arm-none-eabi/lib/thumb/v7-m/nofp\libg.a(lib_a-mallocr.o)
                0x20000474                __malloc_av_
 .data.__malloc_sbrk_base
                0x2000087c        0x4 d:/prf578~1/gnuarm~1/102021~1.10/bin/../lib/gcc/arm-none-eabi/10.3.1/../../../../arm-none-eabi/lib/thumb/v7-m/nofp\libg.a(lib_a-mallocr.o)
                0x2000087c                __malloc_sbrk_base
 .data.__malloc_trim_threshold
                0x20000880        0x4 d:/prf578~1/gnuarm~1/102021~1.10/bin/../lib/gcc/arm-none-eabi/10.3.1/../../../../arm-none-eabi/lib/thumb/v7-m/nofp\libg.a(lib_a-mallocr.o)
                0x20000880                __malloc_trim_threshold
 .data.__global_locale
                0x20000884      0x16c d:/prf578~1/gnuarm~1/102021~1.10/bin/../lib/gcc/arm-none-eabi/10.3.1/../../../../arm-none-eabi/lib/thumb/v7-m/nofp\libg.a(lib_a-locale.o)
                0x20000884                __global_locale
 *(.RamFunc)
 *(.RamFunc*)
                0x200009f0                . = ALIGN (0x4)
                0x200009f0                _edata = .

.igot.plt       0x200009f0        0x0 load address 0x0800ec54
 .igot.plt      0x200009f0        0x0 d:/prf578~1/gnuarm~1/102021~1.10/bin/../lib/gcc/arm-none-eabi/10.3.1/thumb/v7-m/nofp/crtbegin.o
                0x200009f0                . = ALIGN (0x4)

.bss            0x200009f0      0x4cc load address 0x0800ec54
                0x200009f0                _sbss = .
                0x200009f0                __bss_start__ = _sbss
 *(.bss)
 .bss           0x200009f0       0x1c d:/prf578~1/gnuarm~1/102021~1.10/bin/../lib/gcc/arm-none-eabi/10.3.1/thumb/v7-m/nofp/crtbegin.o
 *(.bss*)
 .bss.mpu6050   0x20000a0c        0xc CMakeFiles/fans_stm32f103.elf.dir/Core/Src/Mpu6050.c.obj
                0x20000a0c                mpu6050
 .bss.hi2c1     0x20000a18       0x54 CMakeFiles/fans_stm32f103.elf.dir/Core/Src/i2c.c.obj
                0x20000a18                hi2c1
 .bss.gHuart    0x20000a6c        0x4 CMakeFiles/fans_stm32f103.elf.dir/Core/Src/retarget.c.obj
                0x20000a6c                gHuart
 .bss.__sbrk_heap_end
                0x20000a70        0x4 CMakeFiles/fans_stm32f103.elf.dir/Core/Src/sysmem.c.obj
 .bss.htim3     0x20000a74       0x48 CMakeFiles/fans_stm32f103.elf.dir/Core/Src/tim.c.obj
                0x20000a74                htim3
 .bss.huart1    0x20000abc       0x48 CMakeFiles/fans_stm32f103.elf.dir/Core/Src/usart.c.obj
                0x20000abc                huart1
 .bss.huart2    0x20000b04       0x48 CMakeFiles/fans_stm32f103.elf.dir/Core/Src/usart.c.obj
                0x20000b04                huart2
 .bss.uwTick    0x20000b4c        0x4 CMakeFiles/fans_stm32f103.elf.dir/Drivers/STM32F1xx_HAL_Driver/Src/stm32f1xx_hal.c.obj
                0x20000b4c                uwTick
 .bss.dmp       0x20000b50       0x10 CMakeFiles/fans_stm32f103.elf.dir/driver/eMPL/inv_mpu_dmp_motion_driver.c.obj
 .bss.inv_data_builder
                0x20000b60      0x140 CMakeFiles/fans_stm32f103.elf.dir/mllite/data_builder.c.obj
 .bss.sensors   0x20000ca0      0x1d0 CMakeFiles/fans_stm32f103.elf.dir/mllite/data_builder.c.obj
 .bss.mh        0x20000e70        0x4 CMakeFiles/fans_stm32f103.elf.dir/mllite/message_layer.c.obj
 .bss.__lock___atexit_recursive_mutex
                0x20000e74        0x1 d:/prf578~1/gnuarm~1/102021~1.10/bin/../lib/gcc/arm-none-eabi/10.3.1/../../../../arm-none-eabi/lib/thumb/v7-m/nofp\libg.a(lib_a-lock.o)
                0x20000e74                __lock___atexit_recursive_mutex
 *fill*         0x20000e75        0x3 
 .bss.__lock___malloc_recursive_mutex
                0x20000e78        0x1 d:/prf578~1/gnuarm~1/102021~1.10/bin/../lib/gcc/arm-none-eabi/10.3.1/../../../../arm-none-eabi/lib/thumb/v7-m/nofp\libg.a(lib_a-lock.o)
                0x20000e78                __lock___malloc_recursive_mutex
 *fill*         0x20000e79        0x3 
 .bss.__lock___sfp_recursive_mutex
                0x20000e7c        0x1 d:/prf578~1/gnuarm~1/102021~1.10/bin/../lib/gcc/arm-none-eabi/10.3.1/../../../../arm-none-eabi/lib/thumb/v7-m/nofp\libg.a(lib_a-lock.o)
                0x20000e7c                __lock___sfp_recursive_mutex
 *fill*         0x20000e7d        0x3 
 .bss.__lock___sinit_recursive_mutex
                0x20000e80        0x1 d:/prf578~1/gnuarm~1/102021~1.10/bin/../lib/gcc/arm-none-eabi/10.3.1/../../../../arm-none-eabi/lib/thumb/v7-m/nofp\libg.a(lib_a-lock.o)
                0x20000e80                __lock___sinit_recursive_mutex
 *fill*         0x20000e81        0x3 
 .bss.__malloc_current_mallinfo
                0x20000e84       0x28 d:/prf578~1/gnuarm~1/102021~1.10/bin/../lib/gcc/arm-none-eabi/10.3.1/../../../../arm-none-eabi/lib/thumb/v7-m/nofp\libg.a(lib_a-mallocr.o)
                0x20000e84                __malloc_current_mallinfo
 .bss.__malloc_max_sbrked_mem
                0x20000eac        0x4 d:/prf578~1/gnuarm~1/102021~1.10/bin/../lib/gcc/arm-none-eabi/10.3.1/../../../../arm-none-eabi/lib/thumb/v7-m/nofp\libg.a(lib_a-mallocr.o)
                0x20000eac                __malloc_max_sbrked_mem
 .bss.__malloc_max_total_mem
                0x20000eb0        0x4 d:/prf578~1/gnuarm~1/102021~1.10/bin/../lib/gcc/arm-none-eabi/10.3.1/../../../../arm-none-eabi/lib/thumb/v7-m/nofp\libg.a(lib_a-mallocr.o)
                0x20000eb0                __malloc_max_total_mem
 .bss.__malloc_top_pad
                0x20000eb4        0x4 d:/prf578~1/gnuarm~1/102021~1.10/bin/../lib/gcc/arm-none-eabi/10.3.1/../../../../arm-none-eabi/lib/thumb/v7-m/nofp\libg.a(lib_a-mallocr.o)
                0x20000eb4                __malloc_top_pad
 .bss.errno     0x20000eb8        0x4 d:/prf578~1/gnuarm~1/102021~1.10/bin/../lib/gcc/arm-none-eabi/10.3.1/../../../../arm-none-eabi/lib/thumb/v7-m/nofp\libg.a(lib_a-reent.o)
                0x20000eb8                errno
 *(COMMON)
                0x20000ebc                . = ALIGN (0x4)
                0x20000ebc                _ebss = .
                0x20000ebc                __bss_end__ = _ebss

._user_heap_stack
                0x20000ebc      0x604 load address 0x0800ec54
                0x20000ec0                . = ALIGN (0x8)
 *fill*         0x20000ebc        0x4 
                [!provide]                PROVIDE (end = .)
                0x20000ec0                PROVIDE (_end = .)
                0x200010c0                . = (. + _Min_Heap_Size)
 *fill*         0x20000ec0      0x200 
                0x200014c0                . = (. + _Min_Stack_Size)
 *fill*         0x200010c0      0x400 
                0x200014c0                . = ALIGN (0x8)

/DISCARD/
 libc.a(*)
 libm.a(*)
 libgcc.a(*)

.ARM.attributes
                0x00000000       0x29
 *(.ARM.attributes)
 .ARM.attributes
                0x00000000       0x1d d:/prf578~1/gnuarm~1/102021~1.10/bin/../lib/gcc/arm-none-eabi/10.3.1/thumb/v7-m/nofp/crti.o
 .ARM.attributes
                0x0000001d       0x2d d:/prf578~1/gnuarm~1/102021~1.10/bin/../lib/gcc/arm-none-eabi/10.3.1/thumb/v7-m/nofp/crtbegin.o
 .ARM.attributes
                0x0000004a       0x2d CMakeFiles/fans_stm32f103.elf.dir/Core/Src/Mpu6050.c.obj
 .ARM.attributes
                0x00000077       0x2d CMakeFiles/fans_stm32f103.elf.dir/Core/Src/gpio.c.obj
 .ARM.attributes
                0x000000a4       0x2d CMakeFiles/fans_stm32f103.elf.dir/Core/Src/i2c.c.obj
 .ARM.attributes
                0x000000d1       0x2d CMakeFiles/fans_stm32f103.elf.dir/Core/Src/main.c.obj
 .ARM.attributes
                0x000000fe       0x2d CMakeFiles/fans_stm32f103.elf.dir/Core/Src/retarget.c.obj
 .ARM.attributes
                0x0000012b       0x2d CMakeFiles/fans_stm32f103.elf.dir/Core/Src/stm32f1xx_hal_msp.c.obj
 .ARM.attributes
                0x00000158       0x2d CMakeFiles/fans_stm32f103.elf.dir/Core/Src/stm32f1xx_it.c.obj
 .ARM.attributes
                0x00000185       0x2d CMakeFiles/fans_stm32f103.elf.dir/Core/Src/syscalls.c.obj
 .ARM.attributes
                0x000001b2       0x2d CMakeFiles/fans_stm32f103.elf.dir/Core/Src/sysmem.c.obj
 .ARM.attributes
                0x000001df       0x2d CMakeFiles/fans_stm32f103.elf.dir/Core/Src/system_stm32f1xx.c.obj
 .ARM.attributes
                0x0000020c       0x2d CMakeFiles/fans_stm32f103.elf.dir/Core/Src/tim.c.obj
 .ARM.attributes
                0x00000239       0x2d CMakeFiles/fans_stm32f103.elf.dir/Core/Src/usart.c.obj
 .ARM.attributes
                0x00000266       0x21 CMakeFiles/fans_stm32f103.elf.dir/Core/Startup/startup_stm32f103c8tx.s.obj
 .ARM.attributes
                0x00000287       0x2d CMakeFiles/fans_stm32f103.elf.dir/Drivers/STM32F1xx_HAL_Driver/Src/stm32f1xx_hal.c.obj
 .ARM.attributes
                0x000002b4       0x2d CMakeFiles/fans_stm32f103.elf.dir/Drivers/STM32F1xx_HAL_Driver/Src/stm32f1xx_hal_cortex.c.obj
 .ARM.attributes
                0x000002e1       0x2d CMakeFiles/fans_stm32f103.elf.dir/Drivers/STM32F1xx_HAL_Driver/Src/stm32f1xx_hal_gpio.c.obj
 .ARM.attributes
                0x0000030e       0x2d CMakeFiles/fans_stm32f103.elf.dir/Drivers/STM32F1xx_HAL_Driver/Src/stm32f1xx_hal_i2c.c.obj
 .ARM.attributes
                0x0000033b       0x2d CMakeFiles/fans_stm32f103.elf.dir/Drivers/STM32F1xx_HAL_Driver/Src/stm32f1xx_hal_rcc.c.obj
 .ARM.attributes
                0x00000368       0x2d CMakeFiles/fans_stm32f103.elf.dir/Drivers/STM32F1xx_HAL_Driver/Src/stm32f1xx_hal_tim.c.obj
 .ARM.attributes
                0x00000395       0x2d CMakeFiles/fans_stm32f103.elf.dir/Drivers/STM32F1xx_HAL_Driver/Src/stm32f1xx_hal_tim_ex.c.obj
 .ARM.attributes
                0x000003c2       0x2d CMakeFiles/fans_stm32f103.elf.dir/Drivers/STM32F1xx_HAL_Driver/Src/stm32f1xx_hal_uart.c.obj
 .ARM.attributes
                0x000003ef       0x2d CMakeFiles/fans_stm32f103.elf.dir/driver/eMPL/inv_mpu.c.obj
 .ARM.attributes
                0x0000041c       0x2d CMakeFiles/fans_stm32f103.elf.dir/driver/eMPL/inv_mpu_dmp_motion_driver.c.obj
 .ARM.attributes
                0x00000449       0x2d CMakeFiles/fans_stm32f103.elf.dir/mllite/data_builder.c.obj
 .ARM.attributes
                0x00000476       0x2d CMakeFiles/fans_stm32f103.elf.dir/mllite/message_layer.c.obj
 .ARM.attributes
                0x000004a3       0x2d CMakeFiles/fans_stm32f103.elf.dir/mllite/ml_math_func.c.obj
 .ARM.attributes
                0x000004d0       0x1d d:/prf578~1/gnuarm~1/102021~1.10/bin/../lib/gcc/arm-none-eabi/10.3.1/thumb/v7-m/nofp\libgcc.a(_arm_addsubdf3.o)
 .ARM.attributes
                0x000004ed       0x1d d:/prf578~1/gnuarm~1/102021~1.10/bin/../lib/gcc/arm-none-eabi/10.3.1/thumb/v7-m/nofp\libgcc.a(_arm_muldivdf3.o)
 .ARM.attributes
                0x0000050a       0x1d d:/prf578~1/gnuarm~1/102021~1.10/bin/../lib/gcc/arm-none-eabi/10.3.1/thumb/v7-m/nofp\libgcc.a(_arm_cmpdf2.o)
 .ARM.attributes
                0x00000527       0x1d d:/prf578~1/gnuarm~1/102021~1.10/bin/../lib/gcc/arm-none-eabi/10.3.1/thumb/v7-m/nofp\libgcc.a(_arm_fixdfsi.o)
 .ARM.attributes
                0x00000544       0x1d d:/prf578~1/gnuarm~1/102021~1.10/bin/../lib/gcc/arm-none-eabi/10.3.1/thumb/v7-m/nofp\libgcc.a(_arm_truncdfsf2.o)
 .ARM.attributes
                0x00000561       0x1d d:/prf578~1/gnuarm~1/102021~1.10/bin/../lib/gcc/arm-none-eabi/10.3.1/thumb/v7-m/nofp\libgcc.a(_arm_addsubsf3.o)
 .ARM.attributes
                0x0000057e       0x1d d:/prf578~1/gnuarm~1/102021~1.10/bin/../lib/gcc/arm-none-eabi/10.3.1/thumb/v7-m/nofp\libgcc.a(_arm_muldivsf3.o)
 .ARM.attributes
                0x0000059b       0x1d d:/prf578~1/gnuarm~1/102021~1.10/bin/../lib/gcc/arm-none-eabi/10.3.1/thumb/v7-m/nofp\libgcc.a(_arm_cmpsf2.o)
 .ARM.attributes
                0x000005b8       0x1d d:/prf578~1/gnuarm~1/102021~1.10/bin/../lib/gcc/arm-none-eabi/10.3.1/thumb/v7-m/nofp\libgcc.a(_arm_fixsfsi.o)
 .ARM.attributes
                0x000005d5       0x1d d:/prf578~1/gnuarm~1/102021~1.10/bin/../lib/gcc/arm-none-eabi/10.3.1/thumb/v7-m/nofp\libgcc.a(_arm_fixunssfsi.o)
 .ARM.attributes
                0x000005f2       0x1d d:/prf578~1/gnuarm~1/102021~1.10/bin/../lib/gcc/arm-none-eabi/10.3.1/thumb/v7-m/nofp\libgcc.a(_aeabi_ldivmod.o)
 .ARM.attributes
                0x0000060f       0x2d d:/prf578~1/gnuarm~1/102021~1.10/bin/../lib/gcc/arm-none-eabi/10.3.1/thumb/v7-m/nofp\libgcc.a(_udivmoddi4.o)
 .ARM.attributes
                0x0000063c       0x1d d:/prf578~1/gnuarm~1/102021~1.10/bin/../lib/gcc/arm-none-eabi/10.3.1/thumb/v7-m/nofp\libgcc.a(_dvmd_tls.o)
 .ARM.attributes
                0x00000659       0x2d d:/prf578~1/gnuarm~1/102021~1.10/bin/../lib/gcc/arm-none-eabi/10.3.1/../../../../arm-none-eabi/lib/thumb/v7-m/nofp\libg.a(lib_a-errno.o)
 .ARM.attributes
                0x00000686       0x2d d:/prf578~1/gnuarm~1/102021~1.10/bin/../lib/gcc/arm-none-eabi/10.3.1/../../../../arm-none-eabi/lib/thumb/v7-m/nofp\libg.a(lib_a-impure.o)
 .ARM.attributes
                0x000006b3       0x2d d:/prf578~1/gnuarm~1/102021~1.10/bin/../lib/gcc/arm-none-eabi/10.3.1/../../../../arm-none-eabi/lib/thumb/v7-m/nofp\libg.a(lib_a-init.o)
 .ARM.attributes
                0x000006e0       0x2d d:/prf578~1/gnuarm~1/102021~1.10/bin/../lib/gcc/arm-none-eabi/10.3.1/../../../../arm-none-eabi/lib/thumb/v7-m/nofp\libg.a(lib_a-memcmp.o)
 .ARM.attributes
                0x0000070d       0x1b d:/prf578~1/gnuarm~1/102021~1.10/bin/../lib/gcc/arm-none-eabi/10.3.1/../../../../arm-none-eabi/lib/thumb/v7-m/nofp\libg.a(lib_a-memcpy.o)
 .ARM.attributes
                0x00000728       0x2d d:/prf578~1/gnuarm~1/102021~1.10/bin/../lib/gcc/arm-none-eabi/10.3.1/../../../../arm-none-eabi/lib/thumb/v7-m/nofp\libg.a(lib_a-memmove.o)
 .ARM.attributes
                0x00000755       0x2d d:/prf578~1/gnuarm~1/102021~1.10/bin/../lib/gcc/arm-none-eabi/10.3.1/../../../../arm-none-eabi/lib/thumb/v7-m/nofp\libg.a(lib_a-memset.o)
 .ARM.attributes
                0x00000782       0x2d d:/prf578~1/gnuarm~1/102021~1.10/bin/../lib/gcc/arm-none-eabi/10.3.1/../../../../arm-none-eabi/lib/thumb/v7-m/nofp\libg.a(lib_a-printf.o)
 .ARM.attributes
                0x000007af       0x2d d:/prf578~1/gnuarm~1/102021~1.10/bin/../lib/gcc/arm-none-eabi/10.3.1/../../../../arm-none-eabi/lib/thumb/v7-m/nofp\libg.a(lib_a-puts.o)
 .ARM.attributes
                0x000007dc       0x2d d:/prf578~1/gnuarm~1/102021~1.10/bin/../lib/gcc/arm-none-eabi/10.3.1/../../../../arm-none-eabi/lib/thumb/v7-m/nofp\libg.a(lib_a-setvbuf.o)
 .ARM.attributes
                0x00000809       0x2d d:/prf578~1/gnuarm~1/102021~1.10/bin/../lib/gcc/arm-none-eabi/10.3.1/../../../../arm-none-eabi/lib/thumb/v7-m/nofp\libg.a(lib_a-strlen-stub.o)
 .ARM.attributes
                0x00000836       0x2d d:/prf578~1/gnuarm~1/102021~1.10/bin/../lib/gcc/arm-none-eabi/10.3.1/../../../../arm-none-eabi/lib/thumb/v7-m/nofp\libg.a(lib_a-vfprintf.o)
 .ARM.attributes
                0x00000863       0x2d d:/prf578~1/gnuarm~1/102021~1.10/bin/../lib/gcc/arm-none-eabi/10.3.1/../../../../arm-none-eabi/lib/thumb/v7-m/nofp\libg.a(lib_a-wsetup.o)
 .ARM.attributes
                0x00000890       0x2d d:/prf578~1/gnuarm~1/102021~1.10/bin/../lib/gcc/arm-none-eabi/10.3.1/../../../../arm-none-eabi/lib/thumb/v7-m/nofp\libg.a(lib_a-__call_atexit.o)
 .ARM.attributes
                0x000008bd       0x2d d:/prf578~1/gnuarm~1/102021~1.10/bin/../lib/gcc/arm-none-eabi/10.3.1/../../../../arm-none-eabi/lib/thumb/v7-m/nofp\libg.a(lib_a-atexit.o)
 .ARM.attributes
                0x000008ea       0x2d d:/prf578~1/gnuarm~1/102021~1.10/bin/../lib/gcc/arm-none-eabi/10.3.1/../../../../arm-none-eabi/lib/thumb/v7-m/nofp\libg.a(lib_a-dtoa.o)
 .ARM.attributes
                0x00000917       0x2d d:/prf578~1/gnuarm~1/102021~1.10/bin/../lib/gcc/arm-none-eabi/10.3.1/../../../../arm-none-eabi/lib/thumb/v7-m/nofp\libg.a(lib_a-fflush.o)
 .ARM.attributes
                0x00000944       0x2d d:/prf578~1/gnuarm~1/102021~1.10/bin/../lib/gcc/arm-none-eabi/10.3.1/../../../../arm-none-eabi/lib/thumb/v7-m/nofp\libg.a(lib_a-findfp.o)
 .ARM.attributes
                0x00000971       0x2d d:/prf578~1/gnuarm~1/102021~1.10/bin/../lib/gcc/arm-none-eabi/10.3.1/../../../../arm-none-eabi/lib/thumb/v7-m/nofp\libg.a(lib_a-fini.o)
 .ARM.attributes
                0x0000099e       0x2d d:/prf578~1/gnuarm~1/102021~1.10/bin/../lib/gcc/arm-none-eabi/10.3.1/../../../../arm-none-eabi/lib/thumb/v7-m/nofp\libg.a(lib_a-freer.o)
 .ARM.attributes