Archive member included to satisfy reference by file (symbol)

d:/prf578~1/gnuarm~1/102021~1.10/bin/../lib/gcc/arm-none-eabi/10.3.1/thumb/v7-m/nofp\libgcc.a(unwind-arm.o)
                              CMakeFiles/servo_usart.elf.dir/User/MyMain.cpp.obj (__aeabi_unwind_cpp_pr0)
d:/prf578~1/gnuarm~1/102021~1.10/bin/../lib/gcc/arm-none-eabi/10.3.1/thumb/v7-m/nofp\libgcc.a(libunwind.o)
                              d:/prf578~1/gnuarm~1/102021~1.10/bin/../lib/gcc/arm-none-eabi/10.3.1/thumb/v7-m/nofp\libgcc.a(unwind-arm.o) (restore_core_regs)
d:/prf578~1/gnuarm~1/102021~1.10/bin/../lib/gcc/arm-none-eabi/10.3.1/thumb/v7-m/nofp\libgcc.a(pr-support.o)
                              d:/prf578~1/gnuarm~1/102021~1.10/bin/../lib/gcc/arm-none-eabi/10.3.1/thumb/v7-m/nofp\libgcc.a(unwind-arm.o) (__gnu_unwind_execute)
d:/prf578~1/gnuarm~1/102021~1.10/bin/../lib/gcc/arm-none-eabi/10.3.1/../../../../arm-none-eabi/lib/thumb/v7-m/nofp\libg.a(lib_a-abort.o)
                              d:/prf578~1/gnuarm~1/102021~1.10/bin/../lib/gcc/arm-none-eabi/10.3.1/thumb/v7-m/nofp\libgcc.a(unwind-arm.o) (abort)
d:/prf578~1/gnuarm~1/102021~1.10/bin/../lib/gcc/arm-none-eabi/10.3.1/../../../../arm-none-eabi/lib/thumb/v7-m/nofp\libg.a(lib_a-errno.o)
                              CMakeFiles/servo_usart.elf.dir/Core/Src/syscalls.c.obj (__errno)
d:/prf578~1/gnuarm~1/102021~1.10/bin/../lib/gcc/arm-none-eabi/10.3.1/../../../../arm-none-eabi/lib/thumb/v7-m/nofp\libg.a(lib_a-exit.o)
                              d:/prf578~1/gnuarm~1/102021~1.10/bin/../lib/gcc/arm-none-eabi/10.3.1/../../../../arm-none-eabi/lib/thumb/v7-m/nofp/crt0.o (exit)
d:/prf578~1/gnuarm~1/102021~1.10/bin/../lib/gcc/arm-none-eabi/10.3.1/../../../../arm-none-eabi/lib/thumb/v7-m/nofp\libg.a(lib_a-impure.o)
                              d:/prf578~1/gnuarm~1/102021~1.10/bin/../lib/gcc/arm-none-eabi/10.3.1/../../../../arm-none-eabi/lib/thumb/v7-m/nofp\libg.a(lib_a-exit.o) (_global_impure_ptr)
d:/prf578~1/gnuarm~1/102021~1.10/bin/../lib/gcc/arm-none-eabi/10.3.1/../../../../arm-none-eabi/lib/thumb/v7-m/nofp\libg.a(lib_a-init.o)
                              d:/prf578~1/gnuarm~1/102021~1.10/bin/../lib/gcc/arm-none-eabi/10.3.1/../../../../arm-none-eabi/lib/thumb/v7-m/nofp/crt0.o (__libc_init_array)
d:/prf578~1/gnuarm~1/102021~1.10/bin/../lib/gcc/arm-none-eabi/10.3.1/../../../../arm-none-eabi/lib/thumb/v7-m/nofp\libg.a(lib_a-memcpy.o)
                              CMakeFiles/servo_usart.elf.dir/User/MyMain.cpp.obj (memcpy)
d:/prf578~1/gnuarm~1/102021~1.10/bin/../lib/gcc/arm-none-eabi/10.3.1/../../../../arm-none-eabi/lib/thumb/v7-m/nofp\libg.a(lib_a-memset.o)
                              d:/prf578~1/gnuarm~1/102021~1.10/bin/../lib/gcc/arm-none-eabi/10.3.1/../../../../arm-none-eabi/lib/thumb/v7-m/nofp/crt0.o (memset)
d:/prf578~1/gnuarm~1/102021~1.10/bin/../lib/gcc/arm-none-eabi/10.3.1/../../../../arm-none-eabi/lib/thumb/v7-m/nofp\libg.a(lib_a-setvbuf.o)
                              CMakeFiles/servo_usart.elf.dir/User/retarget.c.obj (setvbuf)
d:/prf578~1/gnuarm~1/102021~1.10/bin/../lib/gcc/arm-none-eabi/10.3.1/../../../../arm-none-eabi/lib/thumb/v7-m/nofp\libg.a(lib_a-signal.o)
                              d:/prf578~1/gnuarm~1/102021~1.10/bin/../lib/gcc/arm-none-eabi/10.3.1/../../../../arm-none-eabi/lib/thumb/v7-m/nofp\libg.a(lib_a-abort.o) (raise)
d:/prf578~1/gnuarm~1/102021~1.10/bin/../lib/gcc/arm-none-eabi/10.3.1/../../../../arm-none-eabi/lib/thumb/v7-m/nofp\libg.a(lib_a-signalr.o)
                              d:/prf578~1/gnuarm~1/102021~1.10/bin/../lib/gcc/arm-none-eabi/10.3.1/../../../../arm-none-eabi/lib/thumb/v7-m/nofp\libg.a(lib_a-signal.o) (_kill_r)
d:/prf578~1/gnuarm~1/102021~1.10/bin/../lib/gcc/arm-none-eabi/10.3.1/../../../../arm-none-eabi/lib/thumb/v7-m/nofp\libg.a(lib_a-__call_atexit.o)
                              d:/prf578~1/gnuarm~1/102021~1.10/bin/../lib/gcc/arm-none-eabi/10.3.1/../../../../arm-none-eabi/lib/thumb/v7-m/nofp\libg.a(lib_a-exit.o) (__call_exitprocs)
d:/prf578~1/gnuarm~1/102021~1.10/bin/../lib/gcc/arm-none-eabi/10.3.1/../../../../arm-none-eabi/lib/thumb/v7-m/nofp\libg.a(lib_a-atexit.o)
                              d:/prf578~1/gnuarm~1/102021~1.10/bin/../lib/gcc/arm-none-eabi/10.3.1/../../../../arm-none-eabi/lib/thumb/v7-m/nofp\libg.a(lib_a-__call_atexit.o) (atexit)
d:/prf578~1/gnuarm~1/102021~1.10/bin/../lib/gcc/arm-none-eabi/10.3.1/../../../../arm-none-eabi/lib/thumb/v7-m/nofp\libg.a(lib_a-fflush.o)
                              d:/prf578~1/gnuarm~1/102021~1.10/bin/../lib/gcc/arm-none-eabi/10.3.1/../../../../arm-none-eabi/lib/thumb/v7-m/nofp\libg.a(lib_a-setvbuf.o) (_fflush_r)
d:/prf578~1/gnuarm~1/102021~1.10/bin/../lib/gcc/arm-none-eabi/10.3.1/../../../../arm-none-eabi/lib/thumb/v7-m/nofp\libg.a(lib_a-findfp.o)
                              d:/prf578~1/gnuarm~1/102021~1.10/bin/../lib/gcc/arm-none-eabi/10.3.1/../../../../arm-none-eabi/lib/thumb/v7-m/nofp\libg.a(lib_a-setvbuf.o) (__sinit)
[...]
Memory Configuration

Name             Origin             Length             Attributes
RAM              0x20000000         0x00005000         xrw
FLASH            0x08000000         0x00010000         xr
*default*        0x00000000         0xffffffff

Linker script and memory map

LOAD d:/prf578~1/gnuarm~1/102021~1.10/bin/../lib/gcc/arm-none-eabi/10.3.1/thumb/v7-m/nofp/crti.o
LOAD d:/prf578~1/gnuarm~1/102021~1.10/bin/../lib/gcc/arm-none-eabi/10.3.1/thumb/v7-m/nofp/crtbegin.o
LOAD d:/prf578~1/gnuarm~1/102021~1.10/bin/../lib/gcc/arm-none-eabi/10.3.1/../../../../arm-none-eabi/lib/thumb/v7-m/nofp/crt0.o
LOAD CMakeFiles/servo_usart.elf.dir/Core/Src/gpio.c.obj
LOAD CMakeFiles/servo_usart.elf.dir/Core/Src/main.c.obj
LOAD CMakeFiles/servo_usart.elf.dir/Core/Src/stm32f1xx_hal_msp.c.obj
LOAD CMakeFiles/servo_usart.elf.dir/Core/Src/stm32f1xx_it.c.obj
LOAD CMakeFiles/servo_usart.elf.dir/Core/Src/syscalls.c.obj
LOAD CMakeFiles/servo_usart.elf.dir/Core/Src/sysmem.c.obj
LOAD CMakeFiles/servo_usart.elf.dir/Core/Src/system_stm32f1xx.c.obj
LOAD CMakeFiles/servo_usart.elf.dir/Core/Src/usart.c.obj
LOAD CMakeFiles/servo_usart.elf.dir/Core/Startup/startup_stm32f103c8tx.s.obj
LOAD CMakeFiles/servo_usart.elf.dir/Drivers/STM32F1xx_HAL_Driver/Src/stm32f1xx_hal.c.obj
LOAD CMakeFiles/servo_usart.elf.dir/Drivers/STM32F1xx_HAL_Driver/Src/stm32f1xx_hal_cortex.c.obj
LOAD CMakeFiles/servo_usart.elf.dir/Drivers/STM32F1xx_HAL_Driver/Src/stm32f1xx_hal_dma.c.obj
LOAD CMakeFiles/servo_usart.elf.dir/Drivers/STM32F1xx_HAL_Driver/Src/stm32f1xx_hal_exti.c.obj
LOAD CMakeFiles/servo_usart.elf.dir/Drivers/STM32F1xx_HAL_Driver/Src/stm32f1xx_hal_flash.c.obj
LOAD CMakeFiles/servo_usart.elf.dir/Drivers/STM32F1xx_HAL_Driver/Src/stm32f1xx_hal_flash_ex.c.obj
LOAD CMakeFiles/servo_usart.elf.dir/Drivers/STM32F1xx_HAL_Driver/Src/stm32f1xx_hal_gpio.c.obj
LOAD CMakeFiles/servo_usart.elf.dir/Drivers/STM32F1xx_HAL_Driver/Src/stm32f1xx_hal_gpio_ex.c.obj
LOAD CMakeFiles/servo_usart.elf.dir/Drivers/STM32F1xx_HAL_Driver/Src/stm32f1xx_hal_pwr.c.obj
LOAD CMakeFiles/servo_usart.elf.dir/Drivers/STM32F1xx_HAL_Driver/Src/stm32f1xx_hal_rcc.c.obj
LOAD CMakeFiles/servo_usart.elf.dir/Drivers/STM32F1xx_HAL_Driver/Src/stm32f1xx_hal_rcc_ex.c.obj
LOAD CMakeFiles/servo_usart.elf.dir/Drivers/STM32F1xx_HAL_Driver/Src/stm32f1xx_hal_tim.c.obj
LOAD CMakeFiles/servo_usart.elf.dir/Drivers/STM32F1xx_HAL_Driver/Src/stm32f1xx_hal_tim_ex.c.obj
LOAD CMakeFiles/servo_usart.elf.dir/Drivers/STM32F1xx_HAL_Driver/Src/stm32f1xx_hal_uart.c.obj
LOAD CMakeFiles/servo_usart.elf.dir/User/MyMain.cpp.obj
LOAD CMakeFiles/servo_usart.elf.dir/User/retarget.c.obj
LOAD d:/prf578~1/gnuarm~1/102021~1.10/bin/../lib/gcc/arm-none-eabi/10.3.1/../../../../arm-none-eabi/lib/thumb/v7-m/nofp\libstdc++.a
LOAD d:/prf578~1/gnuarm~1/102021~1.10/bin/../lib/gcc/arm-none-eabi/10.3.1/../../../../arm-none-eabi/lib/thumb/v7-m/nofp\libm.a
START GROUP
LOAD d:/prf578~1/gnuarm~1/102021~1.10/bin/../lib/gcc/arm-none-eabi/10.3.1/thumb/v7-m/nofp\libgcc.a
LOAD d:/prf578~1/gnuarm~1/102021~1.10/bin/../lib/gcc/arm-none-eabi/10.3.1/../../../../arm-none-eabi/lib/thumb/v7-m/nofp\libg.a
LOAD d:/prf578~1/gnuarm~1/102021~1.10/bin/../lib/gcc/arm-none-eabi/10.3.1/../../../../arm-none-eabi/lib/thumb/v7-m/nofp\libc.a
END GROUP
LOAD d:/prf578~1/gnuarm~1/102021~1.10/bin/../lib/gcc/arm-none-eabi/10.3.1/thumb/v7-m/nofp/crtend.o
LOAD d:/prf578~1/gnuarm~1/102021~1.10/bin/../lib/gcc/arm-none-eabi/10.3.1/thumb/v7-m/nofp/crtn.o
                0x20005000                _estack = (ORIGIN (RAM) + LENGTH (RAM))
                0x00000200                _Min_Heap_Size = 0x200
                0x00000400                _Min_Stack_Size = 0x400

.isr_vector     0x08000000      0x10c
                0x08000000                . = ALIGN (0x4)
 *(.isr_vector)
 .isr_vector    0x08000000      0x10c CMakeFiles/servo_usart.elf.dir/Core/Startup/startup_stm32f103c8tx.s.obj
                0x08000000                g_pfnVectors
                0x0800010c                . = ALIGN (0x4)

.text           0x0800010c     0x3c00
                0x0800010c                . = ALIGN (0x4)
 *(.text)
 .text          0x0800010c       0x40 d:/prf578~1/gnuarm~1/102021~1.10/bin/../lib/gcc/arm-none-eabi/10.3.1/thumb/v7-m/nofp/crtbegin.o
 .text          0x0800014c      0x9e4 d:/prf578~1/gnuarm~1/102021~1.10/bin/../lib/gcc/arm-none-eabi/10.3.1/thumb/v7-m/nofp\libgcc.a(unwind-arm.o)
                0x0800040c                _Unwind_GetCFA
                0x08000410                __gnu_Unwind_RaiseException
                0x08000478                __gnu_Unwind_ForcedUnwind
                0x0800048c                __gnu_Unwind_Resume
                0x080004d0                __gnu_Unwind_Resume_or_Rethrow
                0x080004e4                _Unwind_Complete
                0x080004e8                _Unwind_DeleteException
                0x080004f4                _Unwind_VRS_Get
                0x08000540                _Unwind_VRS_Set
                0x08000588                __gnu_Unwind_Backtrace
                0x080008b0                __aeabi_unwind_cpp_pr0
                0x080008b4                __aeabi_unwind_cpp_pr1
                0x080008b8                __aeabi_unwind_cpp_pr2
                0x080008bc                _Unwind_VRS_Pop
 .text          0x08000b30      0x1ac d:/prf578~1/gnuarm~1/102021~1.10/bin/../lib/gcc/arm-none-eabi/10.3.1/thumb/v7-m/nofp\libgcc.a(libunwind.o)
                0x08000b30                __restore_core_regs
                0x08000b30                restore_core_regs
                0x08000b48                __gnu_Unwind_Restore_VFP
                0x08000b50                __gnu_Unwind_Save_VFP
                0x08000b58                __gnu_Unwind_Restore_VFP_D
                0x08000b60                __gnu_Unwind_Save_VFP_D
                0x08000b68                __gnu_Unwind_Restore_VFP_D_16_to_31
                0x08000b70                __gnu_Unwind_Save_VFP_D_16_to_31
                0x08000b78                __gnu_Unwind_Restore_WMMXD
                0x08000bbc                __gnu_Unwind_Save_WMMXD
                0x08000c00                __gnu_Unwind_Restore_WMMXC
                0x08000c14                __gnu_Unwind_Save_WMMXC
                0x08000c28                ___Unwind_RaiseException
                0x08000c28                _Unwind_RaiseException
                0x08000c4c                _Unwind_Resume
                0x08000c4c                ___Unwind_Resume
                0x08000c70                _Unwind_Resume_or_Rethrow
                0x08000c70                ___Unwind_Resume_or_Rethrow
                0x08000c94                _Unwind_ForcedUnwind
                0x08000c94                ___Unwind_ForcedUnwind
                0x08000cb8                ___Unwind_Backtrace
                0x08000cb8                _Unwind_Backtrace
 .text          0x08000cdc      0x38c d:/prf578~1/gnuarm~1/102021~1.10/bin/../lib/gcc/arm-none-eabi/10.3.1/thumb/v7-m/nofp\libgcc.a(pr-support.o)
                0x08000d34                __gnu_unwind_execute
                0x08001018                __gnu_unwind_frame
                0x08001048                _Unwind_GetRegionStart
                0x08001054                _Unwind_GetLanguageSpecificData
 .text          0x08001068       0xec d:/prf578~1/gnuarm~1/102021~1.10/bin/../lib/gcc/arm-none-eabi/10.3.1/../../../../arm-none-eabi/lib/thumb/v7-m/nofp\libg.a(lib_a-memcpy.o)
                0x08001068                memcpy
 *(.text*)
 .text.MX_GPIO_Init
                0x08001154       0x30 CMakeFiles/servo_usart.elf.dir/Core/Src/gpio.c.obj
                0x08001154                MX_GPIO_Init
 .text.Error_Handler
                0x08001184        0x4 CMakeFiles/servo_usart.elf.dir/Core/Src/main.c.obj
                0x08001184                Error_Handler
 .text.SystemClock_Config
                0x08001188       0x64 CMakeFiles/servo_usart.elf.dir/Core/Src/main.c.obj
                0x08001188                SystemClock_Config
 .text.main     0x080011ec       0x1c CMakeFiles/servo_usart.elf.dir/Core/Src/main.c.obj
                0x080011ec                main
 .text.HAL_MspInit
                0x08001208       0x44 CMakeFiles/servo_usart.elf.dir/Core/Src/stm32f1xx_hal_msp.c.obj
                0x08001208                HAL_MspInit
 .text.NMI_Handler
                0x0800124c        0x2 CMakeFiles/servo_usart.elf.dir/Core/Src/stm32f1xx_it.c.obj
                0x0800124c                NMI_Handler
 .text.HardFault_Handler
                0x0800124e        0x2 CMakeFiles/servo_usart.elf.dir/Core/Src/stm32f1xx_it.c.obj
                0x0800124e                HardFault_Handler
 .text.MemManage_Handler
                0x08001250        0x2 CMakeFiles/servo_usart.elf.dir/Core/Src/stm32f1xx_it.c.obj
                0x08001250                MemManage_Handler
 .text.BusFault_Handler
                0x08001252        0x2 CMakeFiles/servo_usart.elf.dir/Core/Src/stm32f1xx_it.c.obj
                0x08001252                BusFault_Handler
 .text.UsageFault_Handler
                0x08001254        0x2 CMakeFiles/servo_usart.elf.dir/Core/Src/stm32f1xx_it.c.obj
                0x08001254                UsageFault_Handler
 .text.SVC_Handler
                0x08001256        0x2 CMakeFiles/servo_usart.elf.dir/Core/Src/stm32f1xx_it.c.obj
                0x08001256                SVC_Handler
 .text.DebugMon_Handler
                0x08001258        0x2 CMakeFiles/servo_usart.elf.dir/Core/Src/stm32f1xx_it.c.obj
                0x08001258                DebugMon_Handler
 .text.PendSV_Handler
                0x0800125a        0x2 CMakeFiles/servo_usart.elf.dir/Core/Src/stm32f1xx_it.c.obj
                0x0800125a                PendSV_Handler
 .text.SysTick_Handler
                0x0800125c        0x8 CMakeFiles/servo_usart.elf.dir/Core/Src/stm32f1xx_it.c.obj
                0x0800125c                SysTick_Handler
 .text.USART2_IRQHandler
                0x08001264       0x10 CMakeFiles/servo_usart.elf.dir/Core/Src/stm32f1xx_it.c.obj
                0x08001264                USART2_IRQHandler
 .text._getpid  0x08001274        0x4 CMakeFiles/servo_usart.elf.dir/Core/Src/syscalls.c.obj
                0x08001274                _getpid
 .text._kill    0x08001278       0x10 CMakeFiles/servo_usart.elf.dir/Core/Src/syscalls.c.obj
                0x08001278                _kill
 .text._exit    0x08001288        0xc CMakeFiles/servo_usart.elf.dir/Core/Src/syscalls.c.obj
                0x08001288                _exit
 .text._sbrk    0x08001294       0x48 CMakeFiles/servo_usart.elf.dir/Core/Src/sysmem.c.obj
                0x08001294                _sbrk
 .text.SystemInit
                0x080012dc        0x2 CMakeFiles/servo_usart.elf.dir/Core/Src/system_stm32f1xx.c.obj
                0x080012dc                SystemInit
 *fill*         0x080012de        0x2 
 .text.MX_USART1_UART_Init
                0x080012e0       0x34 CMakeFiles/servo_usart.elf.dir/Core/Src/usart.c.obj
                0x080012e0                MX_USART1_UART_Init
 .text.MX_USART2_UART_Init
                0x08001314       0x34 CMakeFiles/servo_usart.elf.dir/Core/Src/usart.c.obj
                0x08001314                MX_USART2_UART_Init
 .text.HAL_UART_MspInit
                0x08001348       0xe4 CMakeFiles/servo_usart.elf.dir/Core/Src/usart.c.obj
                0x08001348                HAL_UART_MspInit
 .text.Reset_Handler
                0x0800142c       0x48 CMakeFiles/servo_usart.elf.dir/Core/Startup/startup_stm32f103c8tx.s.obj
                0x0800142c                Reset_Handler
 .text.Default_Handler
                0x08001474        0x2 CMakeFiles/servo_usart.elf.dir/Core/Startup/startup_stm32f103c8tx.s.obj
                0x08001474                RTC_Alarm_IRQHandler
                0x08001474                EXTI2_IRQHandler
                0x08001474                TIM1_CC_IRQHandler
                0x08001474                PVD_IRQHandler
                0x08001474                EXTI3_IRQHandler
                0x08001474                EXTI0_IRQHandler
                0x08001474                I2C2_EV_IRQHandler
                0x08001474                ADC1_2_IRQHandler
                0x08001474                SPI1_IRQHandler
                0x08001474                TAMPER_IRQHandler
                0x08001474                DMA1_Channel4_IRQHandler
                0x08001474                USART3_IRQHandler
                0x08001474                RTC_IRQHandler
                0x08001474                DMA1_Channel7_IRQHandler
                0x08001474                CAN1_RX1_IRQHandler
                0x08001474                TIM4_IRQHandler
                0x08001474                I2C1_EV_IRQHandler
                0x08001474                DMA1_Channel6_IRQHandler
                0x08001474                TIM3_IRQHandler
                0x08001474                RCC_IRQHandler
                0x08001474                TIM1_TRG_COM_IRQHandler
                0x08001474                DMA1_Channel1_IRQHandler
                0x08001474                Default_Handler
                0x08001474                EXTI15_10_IRQHandler
                0x08001474                EXTI9_5_IRQHandler
                0x08001474                SPI2_IRQHandler
                0x08001474                DMA1_Channel5_IRQHandler
                0x08001474                EXTI4_IRQHandler
                0x08001474                USB_LP_CAN1_RX0_IRQHandler
                0x08001474                USB_HP_CAN1_TX_IRQHandler
                0x08001474                DMA1_Channel3_IRQHandler
                0x08001474                TIM1_UP_IRQHandler
                0x08001474                WWDG_IRQHandler
                0x08001474                TIM2_IRQHandler
                0x08001474                TIM1_BRK_IRQHandler
                0x08001474                EXTI1_IRQHandler
                0x08001474                I2C2_ER_IRQHandler
                0x08001474                DMA1_Channel2_IRQHandler
                0x08001474                CAN1_SCE_IRQHandler
                0x08001474                FLASH_IRQHandler
                0x08001474                USART1_IRQHandler
                0x08001474                I2C1_ER_IRQHandler
                0x08001474                USBWakeUp_IRQHandler
 *fill*         0x08001476        0x2 
 .text.HAL_InitTick
                0x08001478       0x4c CMakeFiles/servo_usart.elf.dir/Drivers/STM32F1xx_HAL_Driver/Src/stm32f1xx_hal.c.obj
                0x08001478                HAL_InitTick
 .text.HAL_Init
                0x080014c4       0x24 CMakeFiles/servo_usart.elf.dir/Drivers/STM32F1xx_HAL_Driver/Src/stm32f1xx_hal.c.obj
                0x080014c4                HAL_Init
 .text.HAL_IncTick
                0x080014e8       0x18 CMakeFiles/servo_usart.elf.dir/Drivers/STM32F1xx_HAL_Driver/Src/stm32f1xx_hal.c.obj
                0x080014e8                HAL_IncTick
 .text.HAL_GetTick
                0x08001500        0xc CMakeFiles/servo_usart.elf.dir/Drivers/STM32F1xx_HAL_Driver/Src/stm32f1xx_hal.c.obj
                0x08001500                HAL_GetTick
 .text.HAL_Delay
                0x0800150c       0x28 CMakeFiles/servo_usart.elf.dir/Drivers/STM32F1xx_HAL_Driver/Src/stm32f1xx_hal.c.obj
                0x0800150c                HAL_Delay
 .text.HAL_NVIC_SetPriorityGrouping
                0x08001534       0x24 CMakeFiles/servo_usart.elf.dir/Drivers/STM32F1xx_HAL_Driver/Src/stm32f1xx_hal_cortex.c.obj
                0x08001534                HAL_NVIC_SetPriorityGrouping
 .text.HAL_NVIC_SetPriority
                0x08001558       0x70 CMakeFiles/servo_usart.elf.dir/Drivers/STM32F1xx_HAL_Driver/Src/stm32f1xx_hal_cortex.c.obj
                0x08001558                HAL_NVIC_SetPriority
 .text.HAL_NVIC_EnableIRQ
                0x080015c8       0x1c CMakeFiles/servo_usart.elf.dir/Drivers/STM32F1xx_HAL_Driver/Src/stm32f1xx_hal_cortex.c.obj
                0x080015c8                HAL_NVIC_EnableIRQ
 .text.HAL_SYSTICK_Config
                0x080015e4       0x28 CMakeFiles/servo_usart.elf.dir/Drivers/STM32F1xx_HAL_Driver/Src/stm32f1xx_hal_cortex.c.obj
                0x080015e4                HAL_SYSTICK_Config
 .text.HAL_DMA_Abort
                0x0800160c       0x46 CMakeFiles/servo_usart.elf.dir/Drivers/STM32F1xx_HAL_Driver/Src/stm32f1xx_hal_dma.c.obj
                0x0800160c                HAL_DMA_Abort
 *fill*         0x08001652        0x2 
 .text.HAL_DMA_Abort_IT
                0x08001654       0x98 CMakeFiles/servo_usart.elf.dir/Drivers/STM32F1xx_HAL_Driver/Src/stm32f1xx_hal_dma.c.obj
                0x08001654                HAL_DMA_Abort_IT
 .text.HAL_GPIO_Init
                0x080016ec      0x224 CMakeFiles/servo_usart.elf.dir/Drivers/STM32F1xx_HAL_Driver/Src/stm32f1xx_hal_gpio.c.obj
                0x080016ec                HAL_GPIO_Init
 .text.RCC_Delay
                0x08001910       0x2c CMakeFiles/servo_usart.elf.dir/Drivers/STM32F1xx_HAL_Driver/Src/stm32f1xx_hal_rcc.c.obj
 .text.HAL_RCC_OscConfig
                0x0800193c      0x410 CMakeFiles/servo_usart.elf.dir/Drivers/STM32F1xx_HAL_Driver/Src/stm32f1xx_hal_rcc.c.obj
                0x0800193c                HAL_RCC_OscConfig
 .text.HAL_RCC_GetSysClockFreq
                0x08001d4c       0x54 CMakeFiles/servo_usart.elf.dir/Drivers/STM32F1xx_HAL_Driver/Src/stm32f1xx_hal_rcc.c.obj
                0x08001d4c                HAL_RCC_GetSysClockFreq
 .text.HAL_RCC_ClockConfig
                0x08001da0      0x16c CMakeFiles/servo_usart.elf.dir/Drivers/STM32F1xx_HAL_Driver/Src/stm32f1xx_hal_rcc.c.obj
                0x08001da0                HAL_RCC_ClockConfig
 .text.HAL_RCC_GetHCLKFreq
                0x08001f0c        0xc CMakeFiles/servo_usart.elf.dir/Drivers/STM32F1xx_HAL_Driver/Src/stm32f1xx_hal_rcc.c.obj
                0x08001f0c                HAL_RCC_GetHCLKFreq
 .text.HAL_RCC_GetPCLK1Freq
                0x08001f18       0x20 CMakeFiles/servo_usart.elf.dir/Drivers/STM32F1xx_HAL_Driver/Src/stm32f1xx_hal_rcc.c.obj
                0x08001f18                HAL_RCC_GetPCLK1Freq
 .text.HAL_RCC_GetPCLK2Freq
                0x08001f38       0x20 CMakeFiles/servo_usart.elf.dir/Drivers/STM32F1xx_HAL_Driver/Src/stm32f1xx_hal_rcc.c.obj
                0x08001f38                HAL_RCC_GetPCLK2Freq
 .text.UART_EndRxTransfer
                0x08001f58       0x5c CMakeFiles/servo_usart.elf.dir/Drivers/STM32F1xx_HAL_Driver/Src/stm32f1xx_hal_uart.c.obj
 .text.UART_Transmit_IT
                0x08001fb4       0x60 CMakeFiles/servo_usart.elf.dir/Drivers/STM32F1xx_HAL_Driver/Src/stm32f1xx_hal_uart.c.obj
 .text.UART_SetConfig
                0x08002014       0x94 CMakeFiles/servo_usart.elf.dir/Drivers/STM32F1xx_HAL_Driver/Src/stm32f1xx_hal_uart.c.obj
 .text.UART_WaitOnFlagUntilTimeout
                0x080020a8       0x88 CMakeFiles/servo_usart.elf.dir/Drivers/STM32F1xx_HAL_Driver/Src/stm32f1xx_hal_uart.c.obj
 .text.HAL_UART_Init
                0x08002130       0x60 CMakeFiles/servo_usart.elf.dir/Drivers/STM32F1xx_HAL_Driver/Src/stm32f1xx_hal_uart.c.obj
                0x08002130                HAL_UART_Init
 .text.HAL_UART_Transmit
                0x08002190       0xbe CMakeFiles/servo_usart.elf.dir/Drivers/STM32F1xx_HAL_Driver/Src/stm32f1xx_hal_uart.c.obj
                0x08002190                HAL_UART_Transmit
 .text.HAL_UART_Receive
                0x0800224e       0xca CMakeFiles/servo_usart.elf.dir/Drivers/STM32F1xx_HAL_Driver/Src/stm32f1xx_hal_uart.c.obj
                0x0800224e                HAL_UART_Receive
 .text.HAL_UART_TxCpltCallback
                0x08002318        0x2 CMakeFiles/servo_usart.elf.dir/Drivers/STM32F1xx_HAL_Driver/Src/stm32f1xx_hal_uart.c.obj
                0x08002318                HAL_UART_TxCpltCallback
 .text.UART_EndTransmit_IT
                0x0800231a       0x1a CMakeFiles/servo_usart.elf.dir/Drivers/STM32F1xx_HAL_Driver/Src/stm32f1xx_hal_uart.c.obj
 .text.HAL_UART_RxCpltCallback
                0x08002334        0x2 CMakeFiles/servo_usart.elf.dir/Drivers/STM32F1xx_HAL_Driver/Src/stm32f1xx_hal_uart.c.obj
                0x08002334                HAL_UART_RxCpltCallback
 .text.HAL_UART_ErrorCallback
                0x08002336        0x2 CMakeFiles/servo_usart.elf.dir/Drivers/STM32F1xx_HAL_Driver/Src/stm32f1xx_hal_uart.c.obj
                0x08002336                HAL_UART_ErrorCallback
 .text.UART_DMAAbortOnError
                0x08002338       0x10 CMakeFiles/servo_usart.elf.dir/Drivers/STM32F1xx_HAL_Driver/Src/stm32f1xx_hal_uart.c.obj
 .text.HAL_UARTEx_RxEventCallback
                0x08002348        0x2 CMakeFiles/servo_usart.elf.dir/Drivers/STM32F1xx_HAL_Driver/Src/stm32f1xx_hal_uart.c.obj
                0x08002348                HAL_UARTEx_RxEventCallback
 .text.UART_Receive_IT
                0x0800234a       0xe6 CMakeFiles/servo_usart.elf.dir/Drivers/STM32F1xx_HAL_Driver/Src/stm32f1xx_hal_uart.c.obj
 .text.HAL_UART_IRQHandler
                0x08002430      0x288 CMakeFiles/servo_usart.elf.dir/Drivers/STM32F1xx_HAL_Driver/Src/stm32f1xx_hal_uart.c.obj
                0x08002430                HAL_UART_IRQHandler
 .text.Mymain   0x080026b8      0x388 CMakeFiles/servo_usart.elf.dir/User/MyMain.cpp.obj
                0x080026b8                Mymain
 .text.RetargetInit
                0x08002a40       0x20 CMakeFiles/servo_usart.elf.dir/User/retarget.c.obj
                0x08002a40                RetargetInit
 .text._write   0x08002a60       0x34 CMakeFiles/servo_usart.elf.dir/User/retarget.c.obj
                0x08002a60                _write
 .text._close   0x08002a94       0x18 CMakeFiles/servo_usart.elf.dir/User/retarget.c.obj
                0x08002a94                _close
 .text._lseek   0x08002aac       0x10 CMakeFiles/servo_usart.elf.dir/User/retarget.c.obj
                0x08002aac                _lseek
 .text._read    0x08002abc       0x30 CMakeFiles/servo_usart.elf.dir/User/retarget.c.obj
                0x08002abc                _read
 .text._fstat   0x08002aec       0x1a CMakeFiles/servo_usart.elf.dir/User/retarget.c.obj
                0x08002aec                _fstat
 *fill*         0x08002b06        0x2 
 .text.abort    0x08002b08       0x10 d:/prf578~1/gnuarm~1/102021~1.10/bin/../lib/gcc/arm-none-eabi/10.3.1/../../../../arm-none-eabi/lib/thumb/v7-m/nofp\libg.a(lib_a-abort.o)
                0x08002b08                abort
 .text.__errno  0x08002b18        0xc d:/prf578~1/gnuarm~1/102021~1.10/bin/../lib/gcc/arm-none-eabi/10.3.1/../../../../arm-none-eabi/lib/thumb/v7-m/nofp\libg.a(lib_a-errno.o)
                0x08002b18                __errno
 .text.__libc_init_array
                0x08002b24       0x48 d:/prf578~1/gnuarm~1/102021~1.10/bin/../lib/gcc/arm-none-eabi/10.3.1/../../../../arm-none-eabi/lib/thumb/v7-m/nofp\libg.a(lib_a-init.o)
                0x08002b24                __libc_init_array
 .text.memset   0x08002b6c       0xa4 d:/prf578~1/gnuarm~1/102021~1.10/bin/../lib/gcc/arm-none-eabi/10.3.1/../../../../arm-none-eabi/lib/thumb/v7-m/nofp\libg.a(lib_a-memset.o)
                0x08002b6c                memset
 .text.setvbuf  0x08002c10      0x1b0 d:/prf578~1/gnuarm~1/102021~1.10/bin/../lib/gcc/arm-none-eabi/10.3.1/../../../../arm-none-eabi/lib/thumb/v7-m/nofp\libg.a(lib_a-setvbuf.o)
                0x08002c10                setvbuf
 .text.raise    0x08002dc0       0x5c d:/prf578~1/gnuarm~1/102021~1.10/bin/../lib/gcc/arm-none-eabi/10.3.1/../../../../arm-none-eabi/lib/thumb/v7-m/nofp\libg.a(lib_a-signal.o)
                0x08002dc0                raise
 .text._kill_r  0x08002e1c       0x28 d:/prf578~1/gnuarm~1/102021~1.10/bin/../lib/gcc/arm-none-eabi/10.3.1/../../../../arm-none-eabi/lib/thumb/v7-m/nofp\libg.a(lib_a-signalr.o)
                0x08002e1c                _kill_r
 .text._getpid_r
                0x08002e44        0x4 d:/prf578~1/gnuarm~1/102021~1.10/bin/../lib/gcc/arm-none-eabi/10.3.1/../../../../arm-none-eabi/lib/thumb/v7-m/nofp\libg.a(lib_a-signalr.o)
                0x08002e44                _getpid_r
 .text.startup.register_fini
                0x08002e48       0x14 d:/prf578~1/gnuarm~1/102021~1.10/bin/../lib/gcc/arm-none-eabi/10.3.1/../../../../arm-none-eabi/lib/thumb/v7-m/nofp\libg.a(lib_a-__call_atexit.o)
 .text.atexit   0x08002e5c        0xc d:/prf578~1/gnuarm~1/102021~1.10/bin/../lib/gcc/arm-none-eabi/10.3.1/../../../../arm-none-eabi/lib/thumb/v7-m/nofp\libg.a(lib_a-atexit.o)
                0x08002e5c                atexit
 .text.__sflush_r
                0x08002e68      0x124 d:/prf578~1/gnuarm~1/102021~1.10/bin/../lib/gcc/arm-none-eabi/10.3.1/../../../../arm-none-eabi/lib/thumb/v7-m/nofp\libg.a(lib_a-fflush.o)
                0x08002e68                __sflush_r
 .text._fflush_r
                0x08002f8c       0x5c d:/prf578~1/gnuarm~1/102021~1.10/bin/../lib/gcc/arm-none-eabi/10.3.1/../../../../arm-none-eabi/lib/thumb/v7-m/nofp\libg.a(lib_a-fflush.o)
                0x08002f8c                _fflush_r
 .text._cleanup_r
                0x08002fe8        0xc d:/prf578~1/gnuarm~1/102021~1.10/bin/../lib/gcc/arm-none-eabi/10.3.1/../../../../arm-none-eabi/lib/thumb/v7-m/nofp\libg.a(lib_a-findfp.o)
                0x08002fe8                _cleanup_r
 .text.__sinit  0x08002ff4      0x10c d:/prf578~1/gnuarm~1/102021~1.10/bin/../lib/gcc/arm-none-eabi/10.3.1/../../../../arm-none-eabi/lib/thumb/v7-m/nofp\libg.a(lib_a-findfp.o)
                0x08002ff4                __sinit
 .text.__sfp_lock_acquire
                0x08003100        0xc d:/prf578~1/gnuarm~1/102021~1.10/bin/../lib/gcc/arm-none-eabi/10.3.1/../../../../arm-none-eabi/lib/thumb/v7-m/nofp\libg.a(lib_a-findfp.o)
                0x08003100                __sfp_lock_acquire
 .text.__sfp_lock_release
                0x0800310c        0xc d:/prf578~1/gnuarm~1/102021~1.10/bin/../lib/gcc/arm-none-eabi/10.3.1/../../../../arm-none-eabi/lib/thumb/v7-m/nofp\libg.a(lib_a-findfp.o)
                0x0800310c                __sfp_lock_release
 .text.__libc_fini_array
                0x08003118       0x2c d:/prf578~1/gnuarm~1/102021~1.10/bin/../lib/gcc/arm-none-eabi/10.3.1/../../../../arm-none-eabi/lib/thumb/v7-m/nofp\libg.a(lib_a-fini.o)
                0x08003118                __libc_fini_array
 .text._malloc_trim_r
                0x08003144       0xa0 d:/prf578~1/gnuarm~1/102021~1.10/bin/../lib/gcc/arm-none-eabi/10.3.1/../../../../arm-none-eabi/lib/thumb/v7-m/nofp\libg.a(lib_a-freer.o)
                0x08003144                _malloc_trim_r
 .text._free_r  0x080031e4      0x200 d:/prf578~1/gnuarm~1/102021~1.10/bin/../lib/gcc/arm-none-eabi/10.3.1/../../../../arm-none-eabi/lib/thumb/v7-m/nofp\libg.a(lib_a-freer.o)
                0x080031e4                _free_r
 .text._fwalk_reent
                0x080033e4       0x48 d:/prf578~1/gnuarm~1/102021~1.10/bin/../lib/gcc/arm-none-eabi/10.3.1/../../../../arm-none-eabi/lib/thumb/v7-m/nofp\libg.a(lib_a-fwalk.o)
                0x080033e4                _fwalk_reent
 .text.__retarget_lock_init_recursive
                0x0800342c        0x4 d:/prf578~1/gnuarm~1/102021~1.10/bin/../lib/gcc/arm-none-eabi/10.3.1/../../../../arm-none-eabi/lib/thumb/v7-m/nofp\libg.a(lib_a-lock.o)
                0x0800342c                __retarget_lock_init_recursive
 .text.__retarget_lock_close_recursive
                0x08003430        0x4 d:/prf578~1/gnuarm~1/102021~1.10/bin/../lib/gcc/arm-none-eabi/10.3.1/../../../../arm-none-eabi/lib/thumb/v7-m/nofp\libg.a(lib_a-lock.o)
                0x08003430                __retarget_lock_close_recursive
 .text.__retarget_lock_acquire_recursive
                0x08003434        0x4 d:/prf578~1/gnuarm~1/102021~1.10/bin/../lib/gcc/arm-none-eabi/10.3.1/../../../../arm-none-eabi/lib/thumb/v7-m/nofp\libg.a(lib_a-lock.o)
                0x08003434                __retarget_lock_acquire_recursive
 .text.__retarget_lock_release_recursive
                0x08003438        0x4 d:/prf578~1/gnuarm~1/102021~1.10/bin/../lib/gcc/arm-none-eabi/10.3.1/../../../../arm-none-eabi/lib/thumb/v7-m/nofp\libg.a(lib_a-lock.o)
                0x08003438                __retarget_lock_release_recursive
 .text.__swhatbuf_r
                0x0800343c       0x60 d:/prf578~1/gnuarm~1/102021~1.10/bin/../lib/gcc/arm-none-eabi/10.3.1/../../../../arm-none-eabi/lib/thumb/v7-m/nofp\libg.a(lib_a-makebuf.o)
                0x0800343c                __swhatbuf_r
 .text.malloc   0x0800349c       0x10 d:/prf578~1/gnuarm~1/102021~1.10/bin/../lib/gcc/arm-none-eabi/10.3.1/../../../../arm-none-eabi/lib/thumb/v7-m/nofp\libg.a(lib_a-malloc.o)
                0x0800349c                malloc
 .text._malloc_r
                0x080034ac      0x558 d:/prf578~1/gnuarm~1/102021~1.10/bin/../lib/gcc/arm-none-eabi/10.3.1/../../../../arm-none-eabi/lib/thumb/v7-m/nofp\libg.a(lib_a-mallocr.o)
                0x080034ac                _malloc_r
 .text.__malloc_lock
                0x08003a04        0xc d:/prf578~1/gnuarm~1/102021~1.10/bin/../lib/gcc/arm-none-eabi/10.3.1/../../../../arm-none-eabi/lib/thumb/v7-m/nofp\libg.a(lib_a-mlock.o)
                0x08003a04                __malloc_lock
 .text.__malloc_unlock
                0x08003a10        0xc d:/prf578~1/gnuarm~1/102021~1.10/bin/../lib/gcc/arm-none-eabi/10.3.1/../../../../arm-none-eabi/lib/thumb/v7-m/nofp\libg.a(lib_a-mlock.o)
                0x08003a10                __malloc_unlock
 .text._sbrk_r  0x08003a1c       0x24 d:/prf578~1/gnuarm~1/102021~1.10/bin/../lib/gcc/arm-none-eabi/10.3.1/../../../../arm-none-eabi/lib/thumb/v7-m/nofp\libg.a(lib_a-sbrkr.o)
                0x08003a1c                _sbrk_r
 .text.__sread  0x08003a40       0x24 d:/prf578~1/gnuarm~1/102021~1.10/bin/../lib/gcc/arm-none-eabi/10.3.1/../../../../arm-none-eabi/lib/thumb/v7-m/nofp\libg.a(lib_a-stdio.o)
                0x08003a40                __sread
 .text.__swrite
                0x08003a64       0x40 d:/prf578~1/gnuarm~1/102021~1.10/bin/../lib/gcc/arm-none-eabi/10.3.1/../../../../arm-none-eabi/lib/thumb/v7-m/nofp\libg.a(lib_a-stdio.o)
                0x08003a64                __swrite
 .text.__sseek  0x08003aa4       0x20 d:/prf578~1/gnuarm~1/102021~1.10/bin/../lib/gcc/arm-none-eabi/10.3.1/../../../../arm-none-eabi/lib/thumb/v7-m/nofp\libg.a(lib_a-stdio.o)
                0x08003aa4                __sseek
 .text.__sclose
                0x08003ac4        0x8 d:/prf578~1/gnuarm~1/102021~1.10/bin/../lib/gcc/arm-none-eabi/10.3.1/../../../../arm-none-eabi/lib/thumb/v7-m/nofp\libg.a(lib_a-stdio.o)
                0x08003ac4                __sclose
 .text._write_r
                0x08003acc       0x2c d:/prf578~1/gnuarm~1/102021~1.10/bin/../lib/gcc/arm-none-eabi/10.3.1/../../../../arm-none-eabi/lib/thumb/v7-m/nofp\libg.a(lib_a-writer.o)
                0x08003acc                _write_r
 .text.__register_exitproc
                0x08003af8       0x8c d:/prf578~1/gnuarm~1/102021~1.10/bin/../lib/gcc/arm-none-eabi/10.3.1/../../../../arm-none-eabi/lib/thumb/v7-m/nofp\libg.a(lib_a-__atexit.o)
                0x08003af8                __register_exitproc
 .text._close_r
                0x08003b84       0x24 d:/prf578~1/gnuarm~1/102021~1.10/bin/../lib/gcc/arm-none-eabi/10.3.1/../../../../arm-none-eabi/lib/thumb/v7-m/nofp\libg.a(lib_a-closer.o)
                0x08003b84                _close_r
 .text._fclose_r
                0x08003ba8       0xcc d:/prf578~1/gnuarm~1/102021~1.10/bin/../lib/gcc/arm-none-eabi/10.3.1/../../../../arm-none-eabi/lib/thumb/v7-m/nofp\libg.a(lib_a-fclose.o)
                0x08003ba8                _fclose_r
 .text._fstat_r
                0x08003c74       0x28 d:/prf578~1/gnuarm~1/102021~1.10/bin/../lib/gcc/arm-none-eabi/10.3.1/../../../../arm-none-eabi/lib/thumb/v7-m/nofp\libg.a(lib_a-fstatr.o)
                0x08003c74                _fstat_r
 .text._lseek_r
                0x08003c9c       0x2c d:/prf578~1/gnuarm~1/102021~1.10/bin/../lib/gcc/arm-none-eabi/10.3.1/../../../../arm-none-eabi/lib/thumb/v7-m/nofp\libg.a(lib_a-lseekr.o)
                0x08003c9c                _lseek_r
 .text._read_r  0x08003cc8       0x2c d:/prf578~1/gnuarm~1/102021~1.10/bin/../lib/gcc/arm-none-eabi/10.3.1/../../../../arm-none-eabi/lib/thumb/v7-m/nofp\libg.a(lib_a-readr.o)
                0x08003cc8                _read_r
 *(.glue_7)
 .glue_7        0x08003cf4        0x0 linker stubs
 *(.glue_7t)
 .glue_7t       0x08003cf4        0x0 linker stubs
 *(.eh_frame)
 .eh_frame      0x08003cf4        0x0 d:/prf578~1/gnuarm~1/102021~1.10/bin/../lib/gcc/arm-none-eabi/10.3.1/thumb/v7-m/nofp/crtbegin.o
 *(.init)
 .init          0x08003cf4        0x4 d:/prf578~1/gnuarm~1/102021~1.10/bin/../lib/gcc/arm-none-eabi/10.3.1/thumb/v7-m/nofp/crti.o
                0x08003cf4                _init
 .init          0x08003cf8        0x8 d:/prf578~1/gnuarm~1/102021~1.10/bin/../lib/gcc/arm-none-eabi/10.3.1/thumb/v7-m/nofp/crtn.o
 *(.fini)
 .fini          0x08003d00        0x4 d:/prf578~1/gnuarm~1/102021~1.10/bin/../lib/gcc/arm-none-eabi/10.3.1/thumb/v7-m/nofp/crti.o
                0x08003d00                _fini
 .fini          0x08003d04        0x8 d:/prf578~1/gnuarm~1/102021~1.10/bin/../lib/gcc/arm-none-eabi/10.3.1/thumb/v7-m/nofp/crtn.o
                0x08003d0c                . = ALIGN (0x4)
                0x08003d0c                _etext = .

.vfp11_veneer   0x08003d0c        0x0
 .vfp11_veneer  0x08003d0c        0x0 linker stubs

.v4_bx          0x08003d0c        0x0
 .v4_bx         0x08003d0c        0x0 linker stubs

.iplt           0x08003d0c        0x0
 .iplt          0x08003d0c        0x0 d:/prf578~1/gnuarm~1/102021~1.10/bin/../lib/gcc/arm-none-eabi/10.3.1/thumb/v7-m/nofp/crtbegin.o

.rodata         0x08003d0c       0x30
                0x08003d0c                . = ALIGN (0x4)
 *(.rodata)
 *(.rodata*)
 .rodata.AHBPrescTable
                0x08003d0c       0x10 CMakeFiles/servo_usart.elf.dir/Core/Src/system_stm32f1xx.c.obj
                0x08003d0c                AHBPrescTable
 .rodata.APBPrescTable
                0x08003d1c        0x8 CMakeFiles/servo_usart.elf.dir/Core/Src/system_stm32f1xx.c.obj
                0x08003d1c                APBPrescTable
 .rodata.aPLLMULFactorTable.1
                0x08003d24       0x10 CMakeFiles/servo_usart.elf.dir/Drivers/STM32F1xx_HAL_Driver/Src/stm32f1xx_hal_rcc.c.obj
 .rodata.aPredivFactorTable.0
                0x08003d34        0x2 CMakeFiles/servo_usart.elf.dir/Drivers/STM32F1xx_HAL_Driver/Src/stm32f1xx_hal_rcc.c.obj
 *fill*         0x08003d36        0x2 
 .rodata._global_impure_ptr
                0x08003d38        0x4 d:/prf578~1/gnuarm~1/102021~1.10/bin/../lib/gcc/arm-none-eabi/10.3.1/../../../../arm-none-eabi/lib/thumb/v7-m/nofp\libg.a(lib_a-impure.o)
                0x08003d38                _global_impure_ptr
                0x08003d3c                . = ALIGN (0x4)

.ARM.extab      0x08003d3c       0x18
                0x08003d3c                . = ALIGN (0x4)
 *(.ARM.extab* .gnu.linkonce.armextab.*)
 .ARM.extab     0x08003d3c       0x18 d:/prf578~1/gnuarm~1/102021~1.10/bin/../lib/gcc/arm-none-eabi/10.3.1/thumb/v7-m/nofp\libgcc.a(pr-support.o)
                0x08003d54                . = ALIGN (0x4)

.ARM            0x08003d54       0xc8
                0x08003d54                . = ALIGN (0x4)
                0x08003d54                __exidx_start = .
 *(.ARM.exidx*)
 .ARM.exidx.text.Mymain
                0x08003e0c       0x10 CMakeFiles/servo_usart.elf.dir/User/MyMain.cpp.obj
                                  0x8 (size before relaxing)
 .ARM.exidx     0x08003d54       0x80 d:/prf578~1/gnuarm~1/102021~1.10/bin/../lib/gcc/arm-none-eabi/10.3.1/thumb/v7-m/nofp\libgcc.a(unwind-arm.o)
                                 0xd8 (size before relaxing)
 .ARM.exidx     0x08003dd4       0x38 d:/prf578~1/gnuarm~1/102021~1.10/bin/../lib/gcc/arm-none-eabi/10.3.1/thumb/v7-m/nofp\libgcc.a(pr-support.o)
                0x08003e1c                __exidx_end = .
                0x08003e1c                . = ALIGN (0x4)

.rel.dyn        0x08003e1c        0x0
 .rel.iplt      0x08003e1c        0x0 d:/prf578~1/gnuarm~1/102021~1.10/bin/../lib/gcc/arm-none-eabi/10.3.1/thumb/v7-m/nofp/crtbegin.o

.preinit_array  0x08003e1c        0x0
                0x08003e1c                . = ALIGN (0x4)
                0x08003e1c                PROVIDE (__preinit_array_start = .)
 *(.preinit_array*)
                0x08003e1c                PROVIDE (__preinit_array_end = .)
                0x08003e1c                . = ALIGN (0x4)

.init_array     0x08003e1c        0x8
                0x08003e1c                . = ALIGN (0x4)
                0x08003e1c                PROVIDE (__init_array_start = .)
 *(SORT_BY_NAME(.init_array.*))
 .init_array.00000
                0x08003e1c        0x4 d:/prf578~1/gnuarm~1/102021~1.10/bin/../lib/gcc/arm-none-eabi/10.3.1/../../../../arm-none-eabi/lib/thumb/v7-m/nofp\libg.a(lib_a-__call_atexit.o)
 *(.init_array*)
 .init_array    0x08003e20        0x4 d:/prf578~1/gnuarm~1/102021~1.10/bin/../lib/gcc/arm-none-eabi/10.3.1/thumb/v7-m/nofp/crtbegin.o
                0x08003e24                PROVIDE (__init_array_end = .)
                0x08003e24                . = ALIGN (0x4)

.fini_array     0x08003e24        0x4
                0x08003e24                . = ALIGN (0x4)
                0x08003e24                PROVIDE (__fini_array_start = .)
 *(SORT_BY_NAME(.fini_array.*))
 *(.fini_array*)
 .fini_array    0x08003e24        0x4 d:/prf578~1/gnuarm~1/102021~1.10/bin/../lib/gcc/arm-none-eabi/10.3.1/thumb/v7-m/nofp/crtbegin.o
                0x08003e28                PROVIDE (__fini_array_end = .)
                0x08003e28                . = ALIGN (0x4)
                0x08003e28                _sidata = LOADADDR (.data)

.data           0x20000000      0x84c load address 0x08003e28
                0x20000000                . = ALIGN (0x4)
                0x20000000                _sdata = .
 *(.data)
 *(.data*)
 .data.SystemCoreClock
                0x20000000        0x4 CMakeFiles/servo_usart.elf.dir/Core/Src/system_stm32f1xx.c.obj
                0x20000000                SystemCoreClock
 .data.uwTickFreq
                0x20000004        0x1 CMakeFiles/servo_usart.elf.dir/Drivers/STM32F1xx_HAL_Driver/Src/stm32f1xx_hal.c.obj
                0x20000004                uwTickFreq
 *fill*         0x20000005        0x3 
 .data.uwTickPrio
                0x20000008        0x4 CMakeFiles/servo_usart.elf.dir/Drivers/STM32F1xx_HAL_Driver/Src/stm32f1xx_hal.c.obj
                0x20000008                uwTickPrio
 .data._impure_ptr
                0x2000000c        0x4 d:/prf578~1/gnuarm~1/102021~1.10/bin/../lib/gcc/arm-none-eabi/10.3.1/../../../../arm-none-eabi/lib/thumb/v7-m/nofp\libg.a(lib_a-impure.o)
                0x2000000c                _impure_ptr
 .data.impure_data
                0x20000010      0x428 d:/prf578~1/gnuarm~1/102021~1.10/bin/../lib/gcc/arm-none-eabi/10.3.1/../../../../arm-none-eabi/lib/thumb/v7-m/nofp\libg.a(lib_a-impure.o)
 .data.__atexit_recursive_mutex
                0x20000438        0x4 d:/prf578~1/gnuarm~1/102021~1.10/bin/../lib/gcc/arm-none-eabi/10.3.1/../../../../arm-none-eabi/lib/thumb/v7-m/nofp\libg.a(lib_a-__call_atexit.o)
                0x20000438                __atexit_recursive_mutex
 .data.__malloc_av_
                0x2000043c      0x408 d:/prf578~1/gnuarm~1/102021~1.10/bin/../lib/gcc/arm-none-eabi/10.3.1/../../../../arm-none-eabi/lib/thumb/v7-m/nofp\libg.a(lib_a-mallocr.o)
                0x2000043c                __malloc_av_
 .data.__malloc_sbrk_base
                0x20000844        0x4 d:/prf578~1/gnuarm~1/102021~1.10/bin/../lib/gcc/arm-none-eabi/10.3.1/../../../../arm-none-eabi/lib/thumb/v7-m/nofp\libg.a(lib_a-mallocr.o)
                0x20000844                __malloc_sbrk_base
 .data.__malloc_trim_threshold
                0x20000848        0x4 d:/prf578~1/gnuarm~1/102021~1.10/bin/../lib/gcc/arm-none-eabi/10.3.1/../../../../arm-none-eabi/lib/thumb/v7-m/nofp\libg.a(lib_a-mallocr.o)
                0x20000848                __malloc_trim_threshold
 *(.RamFunc)
 *(.RamFunc*)
                0x2000084c                . = ALIGN (0x4)
                0x2000084c                _edata = .

.igot.plt       0x2000084c        0x0 load address 0x08004674
 .igot.plt      0x2000084c        0x0 d:/prf578~1/gnuarm~1/102021~1.10/bin/../lib/gcc/arm-none-eabi/10.3.1/thumb/v7-m/nofp/crtbegin.o
                0x2000084c                . = ALIGN (0x4)

.bss            0x2000084c      0x100 load address 0x08004674
                0x2000084c                _sbss = .
                0x2000084c                __bss_start__ = _sbss
 *(.bss)
 .bss           0x2000084c       0x1c d:/prf578~1/gnuarm~1/102021~1.10/bin/../lib/gcc/arm-none-eabi/10.3.1/thumb/v7-m/nofp/crtbegin.o
 *(.bss*)
 .bss.__sbrk_heap_end
                0x20000868        0x4 CMakeFiles/servo_usart.elf.dir/Core/Src/sysmem.c.obj
 .bss.huart1    0x2000086c       0x48 CMakeFiles/servo_usart.elf.dir/Core/Src/usart.c.obj
                0x2000086c                huart1
 .bss.huart2    0x200008b4       0x48 CMakeFiles/servo_usart.elf.dir/Core/Src/usart.c.obj
                0x200008b4                huart2
 .bss.uwTick    0x200008fc        0x4 CMakeFiles/servo_usart.elf.dir/Drivers/STM32F1xx_HAL_Driver/Src/stm32f1xx_hal.c.obj
                0x200008fc                uwTick
 .bss.gHuart    0x20000900        0x4 CMakeFiles/servo_usart.elf.dir/User/retarget.c.obj
                0x20000900                gHuart
 .bss.__lock___atexit_recursive_mutex
                0x20000904        0x1 d:/prf578~1/gnuarm~1/102021~1.10/bin/../lib/gcc/arm-none-eabi/10.3.1/../../../../arm-none-eabi/lib/thumb/v7-m/nofp\libg.a(lib_a-lock.o)
                0x20000904                __lock___atexit_recursive_mutex
 *fill*         0x20000905        0x3 
 .bss.__lock___malloc_recursive_mutex
                0x20000908        0x1 d:/prf578~1/gnuarm~1/102021~1.10/bin/../lib/gcc/arm-none-eabi/10.3.1/../../../../arm-none-eabi/lib/thumb/v7-m/nofp\libg.a(lib_a-lock.o)
                0x20000908                __lock___malloc_recursive_mutex
 *fill*         0x20000909        0x3 
 .bss.__lock___sfp_recursive_mutex
                0x2000090c        0x1 d:/prf578~1/gnuarm~1/102021~1.10/bin/../lib/gcc/arm-none-eabi/10.3.1/../../../../arm-none-eabi/lib/thumb/v7-m/nofp\libg.a(lib_a-lock.o)
                0x2000090c                __lock___sfp_recursive_mutex
 *fill*         0x2000090d        0x3 
 .bss.__lock___sinit_recursive_mutex
                0x20000910        0x1 d:/prf578~1/gnuarm~1/102021~1.10/bin/../lib/gcc/arm-none-eabi/10.3.1/../../../../arm-none-eabi/lib/thumb/v7-m/nofp\libg.a(lib_a-lock.o)
                0x20000910                __lock___sinit_recursive_mutex
 *fill*         0x20000911        0x3 
 .bss.__malloc_current_mallinfo
                0x20000914       0x28 d:/prf578~1/gnuarm~1/102021~1.10/bin/../lib/gcc/arm-none-eabi/10.3.1/../../../../arm-none-eabi/lib/thumb/v7-m/nofp\libg.a(lib_a-mallocr.o)
                0x20000914                __malloc_current_mallinfo
 .bss.__malloc_max_sbrked_mem
                0x2000093c        0x4 d:/prf578~1/gnuarm~1/102021~1.10/bin/../lib/gcc/arm-none-eabi/10.3.1/../../../../arm-none-eabi/lib/thumb/v7-m/nofp\libg.a(lib_a-mallocr.o)
                0x2000093c                __malloc_max_sbrked_mem
 .bss.__malloc_max_total_mem
                0x20000940        0x4 d:/prf578~1/gnuarm~1/102021~1.10/bin/../lib/gcc/arm-none-eabi/10.3.1/../../../../arm-none-eabi/lib/thumb/v7-m/nofp\libg.a(lib_a-mallocr.o)
                0x20000940                __malloc_max_total_mem
 .bss.__malloc_top_pad
                0x20000944        0x4 d:/prf578~1/gnuarm~1/102021~1.10/bin/../lib/gcc/arm-none-eabi/10.3.1/../../../../arm-none-eabi/lib/thumb/v7-m/nofp\libg.a(lib_a-mallocr.o)
                0x20000944                __malloc_top_pad
 .bss.errno     0x20000948        0x4 d:/prf578~1/gnuarm~1/102021~1.10/bin/../lib/gcc/arm-none-eabi/10.3.1/../../../../arm-none-eabi/lib/thumb/v7-m/nofp\libg.a(lib_a-reent.o)
                0x20000948                errno
 *(COMMON)
                0x2000094c                . = ALIGN (0x4)
                0x2000094c                _ebss = .
                0x2000094c                __bss_end__ = _ebss

._user_heap_stack
                0x2000094c      0x604 load address 0x08004674
                0x20000950                . = ALIGN (0x8)
 *fill*         0x2000094c        0x4 
                [!provide]                PROVIDE (end = .)
                0x20000950                PROVIDE (_end = .)
                0x20000b50                . = (. + _Min_Heap_Size)
 *fill*         0x20000950      0x200 
                0x20000f50                . = (. + _Min_Stack_Size)
 *fill*         0x20000b50      0x400 
                0x20000f50                . = ALIGN (0x8)

/DISCARD/
 libc.a(*)
 libm.a(*)
 libgcc.a(*)

.ARM.attributes
                0x00000000       0x29
 *(.ARM.attributes)
 .ARM.attributes
                0x00000000       0x1d d:/prf578~1/gnuarm~1/102021~1.10/bin/../lib/gcc/arm-none-eabi/10.3.1/thumb/v7-m/nofp/crti.o
 .ARM.attributes
                0x0000001d       0x2d d:/prf578~1/gnuarm~1/102021~1.10/bin/../lib/gcc/arm-none-eabi/10.3.1/thumb/v7-m/nofp/crtbegin.o
 .ARM.attributes
                0x0000004a       0x2d CMakeFiles/servo_usart.elf.dir/Core/Src/gpio.c.obj
 .ARM.attributes
                0x00000077       0x2d CMakeFiles/servo_usart.elf.dir/Core/Src/main.c.obj
 .ARM.attributes
                0x000000a4       0x2d CMakeFiles/servo_usart.elf.dir/Core/Src/stm32f1xx_hal_msp.c.obj
 .ARM.attributes
                0x000000d1       0x2d CMakeFiles/servo_usart.elf.dir/Core/Src/stm32f1xx_it.c.obj
 .ARM.attributes
                0x000000fe       0x2d CMakeFiles/servo_usart.elf.dir/Core/Src/sysmem.c.obj
 .ARM.attributes
                0x0000012b       0x2d CMakeFiles/servo_usart.elf.dir/Core/Src/system_stm32f1xx.c.obj
 .ARM.attributes
                0x00000158       0x2d CMakeFiles/servo_usart.elf.dir/Core/Src/usart.c.obj
 .ARM.attributes
                0x00000185       0x21 CMakeFiles/servo_usart.elf.dir/Core/Startup/startup_stm32f103c8tx.s.obj
 .ARM.attributes
                0x000001a6       0x2d CMakeFiles/servo_usart.elf.dir/Drivers/STM32F1xx_HAL_Driver/Src/stm32f1xx_hal.c.obj
 .ARM.attributes
                0x000001d3       0x2d CMakeFiles/servo_usart.elf.dir/Drivers/STM32F1xx_HAL_Driver/Src/stm32f1xx_hal_cortex.c.obj
 .ARM.attributes
                0x00000200       0x2d CMakeFiles/servo_usart.elf.dir/Drivers/STM32F1xx_HAL_Driver/Src/stm32f1xx_hal_dma.c.obj
 .ARM.attributes
                0x0000022d       0x2d CMakeFiles/servo_usart.elf.dir/Drivers/STM32F1xx_HAL_Driver/Src/stm32f1xx_hal_gpio.c.obj
 .ARM.attributes
                0x0000025a       0x2d CMakeFiles/servo_usart.elf.dir/Drivers/STM32F1xx_HAL_Driver/Src/stm32f1xx_hal_rcc.c.obj
 .ARM.attributes
                0x00000287       0x2d CMakeFiles/servo_usart.elf.dir/Drivers/STM32F1xx_HAL_Driver/Src/stm32f1xx_hal_uart.c.obj
 .ARM.attributes
                0x000002b4       0x2d CMakeFiles/servo_usart.elf.dir/User/MyMain.cpp.obj
 .ARM.attributes
                0x000002e1       0x2d CMakeFiles/servo_usart.elf.dir/User/retarget.c.obj
 .ARM.attributes
                0x0000030e       0x2d d:/prf578~1/gnuarm~1/102021~1.10/bin/../lib/gcc/arm-none-eabi/10.3.1/thumb/v7-m/nofp\libgcc.a(unwind-arm.o)
 .ARM.attributes
                0x0000033b       0x1d d:/prf578~1/gnuarm~1/102021~1.10/bin/../lib/gcc/arm-none-eabi/10.3.1/thumb/v7-m/nofp\libgcc.a(libunwind.o)
 .ARM.attributes
                0x00000358       0x2d d:/prf578~1/gnuarm~1/102021~1.10/bin/../lib/gcc/arm-none-eabi/10.3.1/thumb/v7-m/nofp\libgcc.a(pr-support.o)
 .ARM.attributes
                0x00000385       0x2d d:/prf578~1/gnuarm~1/102021~1.10/bin/../lib/gcc/arm-none-eabi/10.3.1/../../../../arm-none-eabi/lib/thumb/v7-m/nofp\libg.a(lib_a-abort.o)
 .ARM.attributes
                0x000003b2       0x2d d:/prf578~1/gnuarm~1/102021~1.10/bin/../lib/gcc/arm-none-eabi/10.3.1/../../../../arm-none-eabi/lib/thumb/v7-m/nofp\libg.a(lib_a-errno.o)
 .ARM.attributes
                0x000003df       0x2d d:/prf578~1/gnuarm~1/102021~1.10/bin/../lib/gcc/arm-none-eabi/10.3.1/../../../../arm-none-eabi/lib/thumb/v7-m/nofp\libg.a(lib_a-impure.o)
 .ARM.attributes
                0x0000040c       0x2d d:/prf578~1/gnuarm~1/102021~1.10/bin/../lib/gcc/arm-none-eabi/10.3.1/../../../../arm-none-eabi/lib/thumb/v7-m/nofp\libg.a(lib_a-init.o)
 .ARM.attributes
                0x00000439       0x1b d:/prf578~1/gnuarm~1/102021~1.10/bin/../lib/gcc/arm-none-eabi/10.3.1/../../../../arm-none-eabi/lib/thumb/v7-m/nofp\libg.a(lib_a-memcpy.o)
 .ARM.attributes
                0x00000454       0x2d d:/prf578~1/gnuarm~1/102021~1.10/bin/../lib/gcc/arm-none-eabi/10.3.1/../../../../arm-none-eabi/lib/thumb/v7-m/nofp\libg.a(lib_a-memset.o)
 .ARM.attributes
                0x00000481       0x2d d:/prf578~1/gnuarm~1/102021~1.10/bin/../lib/gcc/arm-none-eabi/10.3.1/../../../../arm-none-eabi/lib/thumb/v7-m/nofp\libg.a(lib_a-setvbuf.o)
 .ARM.attributes
                0x000004ae       0x2d d:/prf578~1/gnuarm~1/102021~1.10/bin/../lib/gcc/arm-none-eabi/10.3.1/../../../../arm-none-eabi/lib/thumb/v7-m/nofp\libg.a(lib_a-signal.o)
 .ARM.attributes
                0x000004db       0x2d d:/prf578~1/gnuarm~1/102021~1.10/bin/../lib/gcc/arm-none-eabi/10.3.1/../../../../arm-none-eabi/lib/thumb/v7-m/nofp\libg.a(lib_a-signalr.o)
 .ARM.attributes
                0x00000508       0x2d d:/prf578~1/gnuarm~1/102021~1.10/bin/../lib/gcc/arm-none-eabi/10.3.1/../../../../arm-none-eabi/lib/thumb/v7-m/nofp\libg.a(lib_a-__call_atexit.o)
 .ARM.attributes
                0x00000535       0x2d d:/prf578~1/gnuarm~1/102021~1.10/bin/../lib/gcc/arm-none-eabi/10.3.1/../../../../arm-none-eabi/lib/thumb/v7-m/nofp\libg.a(lib_a-atexit.o)
 .ARM.attributes
                0x00000562       0x2d d:/prf578~1/gnuarm~1/102021~1.10/bin/../lib/gcc/arm-none-eabi/10.3.1/../../../../arm-none-eabi/lib/thumb/v7-m/nofp\libg.a(lib_a-fflush.o)
 .ARM.attributes
                0x0000058f       0x2d d:/prf578~1/gnuarm~1/102021~1.10/bin/../lib/gcc/arm-none-eabi/10.3.1/../../../../arm-none-eabi/lib/thumb/v7-m/nofp\libg.a(lib_a-findfp.o)
 .ARM.attributes
                0x000005bc       0x2d d:/prf578~1/gnuarm~1/102021~1.10/bin/../lib/gcc/arm-none-eabi/10.3.1/../../../../arm-none-eabi/lib/thumb/v7-m/nofp\libg.a(lib_a-fini.o)
 .ARM.attributes
                0x000005e9       0x2d d:/prf578~1/gnuarm~1/102021~1.10/bin/../lib/gcc/arm-none-eabi/10.3.1/../../../../arm-none-eabi/lib/thumb/v7-m/nofp\libg.a(lib_a-freer.o)
 .ARM.attributes
                0x00000616       0x2d d:/prf578~1/gnuarm~1/102021~1.10/bin/../lib/gcc/arm-none-eabi/10.3.1/../../../../arm-none-eabi/lib/thumb/v7-m/nofp\libg.a(lib_a-fwalk.o)
 .ARM.attributes
                0x00000643       0x2d d:/prf578~1/gnuarm~1/102021~1.10/bin/../lib/gcc/arm-none-eabi/10.3.1/../../../../arm-none-eabi/lib/thumb/v7-m/nofp\libg.a(lib_a-lock.o)
 .ARM.attributes
                0x00000670       0x2d d:/prf578~1/gnuarm~1/102021~1.10/bin/../lib/gcc/arm-none-eabi/10.3.1/../../../../arm-none-eabi/lib/thumb/v7-m/nofp\libg.a(lib_a-makebuf.o)
 .ARM.attributes
                0x0000069d       0x2d d:/prf578~1/gnuarm~1/102021~1.10/bin/../lib/gcc/arm-none-eabi/10.3.1/../../../../arm-none-eabi/lib/thumb/v7-m/nofp\libg.a(lib_a-malloc.o)
 .ARM.attributes
                0x000006ca       0x2d d:/prf578~1/gnuarm~1/102021~1.10/bin/../lib/gcc/arm-none-eabi/10.3.1/../../../../arm-none-eabi/lib/thumb/v7-m/nofp\libg.a(lib_a-mallocr.o)
 .ARM.attributes
                0x000006f7       0x2d d:/prf578~1/gnuarm~1/102021~1.10/bin/../lib/gcc/arm-none-eabi/10.3.1/../../../../arm-none-eabi/lib/thumb/v7-m/nofp\libg.a(lib_a-mlock.o)
 .ARM.attributes
                0x00000724       0x2d d:/prf578~1/gnuarm~1/102021~1.10/bin/../lib/gcc/arm-none-eabi/10.3.1/../../../../arm-none-eabi/lib/thumb/v7-m/nofp\libg.a(lib_a-reent.o)
 .ARM.attributes
                0x00000751       0x2d d:/prf578~1/gnuarm~1/102021~1.10/bin/../lib/gcc/arm-none-eabi/10.3.1/../../../../arm-none-eabi/lib/thumb/v7-m/nofp\libg.a(lib_a-sbrkr.o)
 .ARM.attributes
                0x0000077e       0x2d d:/prf578~1/gnuarm~1/102021~1.10/bin/../lib/gcc/arm-none-eabi/10.3.1/../../../../arm-none-eabi/lib/thumb/v7-m/nofp\libg.a(lib_a-stdio.o)
 .ARM.attributes
                0x000007ab       0x2d d:/prf578~1/gnuarm~1/102021~1.10/bin/../lib/gcc/arm-none-eabi/10.3.1/../../../../arm-none-eabi/lib/thumb/v7-m/nofp\libg.a(lib_a-writer.o)
 .ARM.attributes
                0x000007d8       0x2d d:/prf578~1/gnuarm~1/102021~1.10/bin/../lib/gcc/arm-none-eabi/10.3.1/../../../../arm-none-eabi/lib/thumb/v7-m/nofp\libg.a(lib_a-__atexit.o)
 .ARM.attributes
                0x00000805       0x2d d:/prf578~1/gnuarm~1/102021~1.10/bin/../lib/gcc/arm-none-eabi/10.3.1/../../../../arm-none-eabi/lib/thumb/v7-m/nofp\libg.a(lib_a-closer.o)
 .ARM.attributes
                0x00000832       0x2d d:/prf578~1/gnuarm~1/102021~1.10/bin/../lib/gcc/arm-none-eabi/10.3.1/../../../../arm-none-eabi/lib/thumb/v7-m/nofp\libg.a(lib_a-fclose.o)
 .ARM.attributes
                0x0000085f       0x2d d:/prf578~1/gnuarm~1/102021~1.10/bin/../lib/gcc/arm-none-eabi/10.3.1/../../../../arm-none-eabi/lib/thumb/v7-m/nofp\libg.a(lib_a-fstatr.o)
 .ARM.attributes
                0x0000088c       0x2d d:/prf578~1/gnuarm~1/102021~1.10/bin/../lib/gcc/arm-none-eabi/10.3.1/../../../../arm-none-eabi/lib/thumb/v7-m/nofp\libg.a(lib_a-lseekr.o)
 .ARM.attributes
                0x000008b9       0x2d d:/prf578~1/gnuarm~1/102021~1.10/bin/../lib/gcc/arm-none-eabi/10.3.1/../../../../arm-none-eabi/lib/thumb/v7-m/nofp\libg.a(lib_a-readr.o)
 .ARM.attributes
                0x000008e6       0x1d d:/prf578~1/gnuarm~1/102021~1.10/bin/../lib/gcc/arm-none-eabi/10.3.1/thumb/v7-m/nofp/crtn.o
OUTPUT(servo_usart.elf elf32-littlearm)
LOAD linker stubs
LOAD d:/prf578~1/gnuarm~1/102021~1.10/bin/../lib/gcc/arm-none-eabi/10.3.1/../../../../arm-none-eabi/lib/thumb/v7-m/nofp\libc.a
LOAD d:/prf578~1/gnuarm~1/102021~1.10/bin/../lib/gcc/arm-none-eabi/10.3.1/../../../../arm-none-eabi/lib/thumb/v7-m/nofp\libm.a
LOAD d:/prf578~1/gnuarm~1/102021~1.10/bin/../lib/gcc/arm-none-eabi/10.3.1/thumb/v7-m/nofp\libgcc.a

.debug_info     0x00000000     0xb2b8
 .debug_info    0x00000000      0x17c CMakeFiles/servo_usart.elf.dir/Core/Src/gpio.c.obj
 .debug_info    0x0000017c      0x349 CMakeFiles/servo_usart.elf.dir/Core/Src/main.c.obj
 .debug_info    0x000004c5      0x211 CMakeFiles/servo_usart.elf.dir/Core/Src/stm32f1xx_hal_msp.c.obj
 .debug_info    0x000006d6      0x64c CMakeFiles/servo_usart.elf.dir/Core/Src/stm32f1xx_it.c.obj
 .debug_info    0x00000d22      0x174 CMakeFiles/servo_usart.elf.dir/Core/Src/sysmem.c.obj
 .debug_info    0x00000e96      0x248 CMakeFiles/servo_usart.elf.dir/Core/Src/system_stm32f1xx.c.obj
 .debug_info    0x000010de      0xae6 CMakeFiles/servo_usart.elf.dir/Core/Src/usart.c.obj
 .debug_info    0x00001bc4       0x22 CMakeFiles/servo_usart.elf.dir/Core/Startup/startup_stm32f103c8tx.s.obj
 .debug_info    0x00001be6      0x7a8 CMakeFiles/servo_usart.elf.dir/Drivers/STM32F1xx_HAL_Driver/Src/stm32f1xx_hal.c.obj
 .debug_info    0x0000238e      0xd8a CMakeFiles/servo_usart.elf.dir/Drivers/STM32F1xx_HAL_Driver/Src/stm32f1xx_hal_cortex.c.obj
 .debug_info    0x00003118      0x84b CMakeFiles/servo_usart.elf.dir/Drivers/STM32F1xx_HAL_Driver/Src/stm32f1xx_hal_dma.c.obj
 .debug_info    0x00003963      0x66f CMakeFiles/servo_usart.elf.dir/Drivers/STM32F1xx_HAL_Driver/Src/stm32f1xx_hal_gpio.c.obj
 .debug_info    0x00003fd2      0xa3b CMakeFiles/servo_usart.elf.dir/Drivers/STM32F1xx_HAL_Driver/Src/stm32f1xx_hal_rcc.c.obj
 .debug_info    0x00004a0d     0x4212 CMakeFiles/servo_usart.elf.dir/Drivers/STM32F1xx_HAL_Driver/Src/stm32f1xx_hal_uart.c.obj
 .debug_info    0x00008c1f     0x13c4 CMakeFiles/servo_usart.elf.dir/User/MyMain.cpp.obj
 .debug_info    0x00009fe3     0x12d5 CMakeFiles/servo_usart.elf.dir/User/retarget.c.obj

.debug_abbrev   0x00000000     0x1d1c
 .debug_abbrev  0x00000000       0xbf CMakeFiles/servo_usart.elf.dir/Core/Src/gpio.c.obj
 .debug_abbrev  0x000000bf      0x162 CMakeFiles/servo_usart.elf.dir/Core/Src/main.c.obj
 .debug_abbrev  0x00000221       0xe5 CMakeFiles/servo_usart.elf.dir/Core/Src/stm32f1xx_hal_msp.c.obj
 .debug_abbrev  0x00000306      0x15b CMakeFiles/servo_usart.elf.dir/Core/Src/stm32f1xx_it.c.obj
 .debug_abbrev  0x00000461       0xe7 CMakeFiles/servo_usart.elf.dir/Core/Src/sysmem.c.obj
 .debug_abbrev  0x00000548      0x13e CMakeFiles/servo_usart.elf.dir/Core/Src/system_stm32f1xx.c.obj
 .debug_abbrev  0x00000686      0x1d1 CMakeFiles/servo_usart.elf.dir/Core/Src/usart.c.obj
 .debug_abbrev  0x00000857       0x12 CMakeFiles/servo_usart.elf.dir/Core/Startup/startup_stm32f103c8tx.s.obj
 .debug_abbrev  0x00000869      0x1f4 CMakeFiles/servo_usart.elf.dir/Drivers/STM32F1xx_HAL_Driver/Src/stm32f1xx_hal.c.obj
 .debug_abbrev  0x00000a5d      0x341 CMakeFiles/servo_usart.elf.dir/Drivers/STM32F1xx_HAL_Driver/Src/stm32f1xx_hal_cortex.c.obj
 .debug_abbrev  0x00000d9e      0x223 CMakeFiles/servo_usart.elf.dir/Drivers/STM32F1xx_HAL_Driver/Src/stm32f1xx_hal_dma.c.obj
 .debug_abbrev  0x00000fc1      0x1e6 CMakeFiles/servo_usart.elf.dir/Drivers/STM32F1xx_HAL_Driver/Src/stm32f1xx_hal_gpio.c.obj
 .debug_abbrev  0x000011a7      0x27a CMakeFiles/servo_usart.elf.dir/Drivers/STM32F1xx_HAL_Driver/Src/stm32f1xx_hal_rcc.c.obj
 .debug_abbrev  0x00001421      0x2dd CMakeFiles/servo_usart.elf.dir/Drivers/STM32F1xx_HAL_Driver/Src/stm32f1xx_hal_uart.c.obj
 .debug_abbrev  0x000016fe      0x36a CMakeFiles/servo_usart.elf.dir/User/MyMain.cpp.obj
 .debug_abbrev  0x00001a68      0x2b4 CMakeFiles/servo_usart.elf.dir/User/retarget.c.obj

.debug_aranges  0x00000000      0x6d0
 .debug_aranges
                0x00000000       0x20 CMakeFiles/servo_usart.elf.dir/Core/Src/gpio.c.obj
 .debug_aranges
                0x00000020       0x30 CMakeFiles/servo_usart.elf.dir/Core/Src/main.c.obj
 .debug_aranges
                0x00000050       0x20 CMakeFiles/servo_usart.elf.dir/Core/Src/stm32f1xx_hal_msp.c.obj
 .debug_aranges
                0x00000070       0x68 CMakeFiles/servo_usart.elf.dir/Core/Src/stm32f1xx_it.c.obj
 .debug_aranges
                0x000000d8       0x20 CMakeFiles/servo_usart.elf.dir/Core/Src/sysmem.c.obj
 .debug_aranges
                0x000000f8       0x28 CMakeFiles/servo_usart.elf.dir/Core/Src/system_stm32f1xx.c.obj
 .debug_aranges
                0x00000120       0x38 CMakeFiles/servo_usart.elf.dir/Core/Src/usart.c.obj
 .debug_aranges
                0x00000158       0x28 CMakeFiles/servo_usart.elf.dir/Core/Startup/startup_stm32f103c8tx.s.obj
 .debug_aranges
                0x00000180       0xe0 CMakeFiles/servo_usart.elf.dir/Drivers/STM32F1xx_HAL_Driver/Src/stm32f1xx_hal.c.obj
 .debug_aranges
                0x00000260       0x90 CMakeFiles/servo_usart.elf.dir/Drivers/STM32F1xx_HAL_Driver/Src/stm32f1xx_hal_cortex.c.obj
 .debug_aranges
                0x000002f0       0x80 CMakeFiles/servo_usart.elf.dir/Drivers/STM32F1xx_HAL_Driver/Src/stm32f1xx_hal_dma.c.obj
 .debug_aranges
                0x00000370       0x58 CMakeFiles/servo_usart.elf.dir/Drivers/STM32F1xx_HAL_Driver/Src/stm32f1xx_hal_gpio.c.obj
 .debug_aranges
                0x000003c8       0x90 CMakeFiles/servo_usart.elf.dir/Drivers/STM32F1xx_HAL_Driver/Src/stm32f1xx_hal_rcc.c.obj
 .debug_aranges
                0x00000458      0x208 CMakeFiles/servo_usart.elf.dir/Drivers/STM32F1xx_HAL_Driver/Src/stm32f1xx_hal_uart.c.obj
 .debug_aranges
                0x00000660       0x20 CMakeFiles/servo_usart.elf.dir/User/MyMain.cpp.obj
 .debug_aranges
                0x00000680       0x50 CMakeFiles/servo_usart.elf.dir/User/retarget.c.obj

.debug_ranges   0x00000000      0x818
 .debug_ranges  0x00000000       0x10 CMakeFiles/servo_usart.elf.dir/Core/Src/gpio.c.obj
 .debug_ranges  0x00000010       0x20 CMakeFiles/servo_usart.elf.dir/Core/Src/main.c.obj
 .debug_ranges  0x00000030       0x10 CMakeFiles/servo_usart.elf.dir/Core/Src/stm32f1xx_hal_msp.c.obj
 .debug_ranges  0x00000040       0x58 CMakeFiles/servo_usart.elf.dir/Core/Src/stm32f1xx_it.c.obj
 .debug_ranges  0x00000098       0x10 CMakeFiles/servo_usart.elf.dir/Core/Src/sysmem.c.obj
 .debug_ranges  0x000000a8       0x18 CMakeFiles/servo_usart.elf.dir/Core/Src/system_stm32f1xx.c.obj
 .debug_ranges  0x000000c0       0x28 CMakeFiles/servo_usart.elf.dir/Core/Src/usart.c.obj
 .debug_ranges  0x000000e8       0x20 CMakeFiles/servo_usart.elf.dir/Core/Startup/startup_stm32f103c8tx.s.obj
 .debug_ranges  0x00000108       0xd0 CMakeFiles/servo_usart.elf.dir/Drivers/STM32F1xx_HAL_Driver/Src/stm32f1xx_hal.c.obj
 .debug_ranges  0x000001d8       0xe0 CMakeFiles/servo_usart.elf.dir/Drivers/STM32F1xx_HAL_Driver/Src/stm32f1xx_hal_cortex.c.obj
 .debug_ranges  0x000002b8       0x70 CMakeFiles/servo_usart.elf.dir/Drivers/STM32F1xx_HAL_Driver/Src/stm32f1xx_hal_dma.c.obj
 .debug_ranges  0x00000328       0x48 CMakeFiles/servo_usart.elf.dir/Drivers/STM32F1xx_HAL_Driver/Src/stm32f1xx_hal_gpio.c.obj
 .debug_ranges  0x00000370       0xa0 CMakeFiles/servo_usart.elf.dir/Drivers/STM32F1xx_HAL_Driver/Src/stm32f1xx_hal_rcc.c.obj
 .debug_ranges  0x00000410      0x210 CMakeFiles/servo_usart.elf.dir/Drivers/STM32F1xx_HAL_Driver/Src/stm32f1xx_hal_uart.c.obj
 .debug_ranges  0x00000620      0x1b8 CMakeFiles/servo_usart.elf.dir/User/MyMain.cpp.obj
 .debug_ranges  0x000007d8       0x40 CMakeFiles/servo_usart.elf.dir/User/retarget.c.obj

.debug_line     0x00000000     0x8c65
 .debug_line    0x00000000      0x187 CMakeFiles/servo_usart.elf.dir/Core/Src/gpio.c.obj
 .debug_line    0x00000187      0x393 CMakeFiles/servo_usart.elf.dir/Core/Src/main.c.obj
 .debug_line    0x0000051a      0x19a CMakeFiles/servo_usart.elf.dir/Core/Src/stm32f1xx_hal_msp.c.obj
 .debug_line    0x000006b4      0x339 CMakeFiles/servo_usart.elf.dir/Core/Src/stm32f1xx_it.c.obj
 .debug_line    0x000009ed      0x1bb CMakeFiles/servo_usart.elf.dir/Core/Src/sysmem.c.obj
 .debug_line    0x00000ba8      0x264 CMakeFiles/servo_usart.elf.dir/Core/Src/system_stm32f1xx.c.obj
 .debug_line    0x00000e0c      0x457 CMakeFiles/servo_usart.elf.dir/Core/Src/usart.c.obj
 .debug_line    0x00001263       0xb2 CMakeFiles/servo_usart.elf.dir/Core/Startup/startup_stm32f103c8tx.s.obj
 .debug_line    0x00001315      0x5aa CMakeFiles/servo_usart.elf.dir/Drivers/STM32F1xx_HAL_Driver/Src/stm32f1xx_hal.c.obj
 .debug_line    0x000018bf      0x686 CMakeFiles/servo_usart.elf.dir/Drivers/STM32F1xx_HAL_Driver/Src/stm32f1xx_hal_cortex.c.obj
 .debug_line    0x00001f45      0xaa7 CMakeFiles/servo_usart.elf.dir/Drivers/STM32F1xx_HAL_Driver/Src/stm32f1xx_hal_dma.c.obj
 .debug_line    0x000029ec      0x62e CMakeFiles/servo_usart.elf.dir/Drivers/STM32F1xx_HAL_Driver/Src/stm32f1xx_hal_gpio.c.obj
 .debug_line    0x0000301a      0xc6b CMakeFiles/servo_usart.elf.dir/Drivers/STM32F1xx_HAL_Driver/Src/stm32f1xx_hal_rcc.c.obj
 .debug_line    0x00003c85     0x441f CMakeFiles/servo_usart.elf.dir/Drivers/STM32F1xx_HAL_Driver/Src/stm32f1xx_hal_uart.c.obj
 .debug_line    0x000080a4      0x74e CMakeFiles/servo_usart.elf.dir/User/MyMain.cpp.obj
 .debug_line    0x000087f2      0x473 CMakeFiles/servo_usart.elf.dir/User/retarget.c.obj

.debug_str      0x00000000     0x2b5e
 .debug_str     0x00000000      0x1fe CMakeFiles/servo_usart.elf.dir/Core/Src/gpio.c.obj
                                0x23b (size before relaxing)
 .debug_str     0x000001fe      0x213 CMakeFiles/servo_usart.elf.dir/Core/Src/main.c.obj
                                0x3da (size before relaxing)
 .debug_str     0x00000411       0x86 CMakeFiles/servo_usart.elf.dir/Core/Src/stm32f1xx_hal_msp.c.obj
                                0x275 (size before relaxing)
 .debug_str     0x00000497      0x410 CMakeFiles/servo_usart.elf.dir/Core/Src/stm32f1xx_it.c.obj
                                0x6b3 (size before relaxing)
 .debug_str     0x000008a7       0xa9 CMakeFiles/servo_usart.elf.dir/Core/Src/sysmem.c.obj
                                0x26e (size before relaxing)
 .debug_str     0x00000950       0xaa CMakeFiles/servo_usart.elf.dir/Core/Src/system_stm32f1xx.c.obj
                                0x2aa (size before relaxing)
 .debug_str     0x000009fa      0x3f6 CMakeFiles/servo_usart.elf.dir/Core/Src/usart.c.obj
                                0xa42 (size before relaxing)
 .debug_str     0x00000df0       0x62 CMakeFiles/servo_usart.elf.dir/Core/Startup/startup_stm32f103c8tx.s.obj
                                 0xa3 (size before relaxing)
 .debug_str     0x00000e52      0x33a CMakeFiles/servo_usart.elf.dir/Drivers/STM32F1xx_HAL_Driver/Src/stm32f1xx_hal.c.obj
                                0x87a (size before relaxing)
 .debug_str     0x0000118c      0x3ca CMakeFiles/servo_usart.elf.dir/Drivers/STM32F1xx_HAL_Driver/Src/stm32f1xx_hal_cortex.c.obj
                                0x929 (size before relaxing)
 .debug_str     0x00001556      0x270 CMakeFiles/servo_usart.elf.dir/Drivers/STM32F1xx_HAL_Driver/Src/stm32f1xx_hal_dma.c.obj
                                0x653 (size before relaxing)
 .debug_str     0x000017c6      0x16f CMakeFiles/servo_usart.elf.dir/Drivers/STM32F1xx_HAL_Driver/Src/stm32f1xx_hal_gpio.c.obj
                                0x456 (size before relaxing)
 .debug_str     0x00001935      0x220 CMakeFiles/servo_usart.elf.dir/Drivers/STM32F1xx_HAL_Driver/Src/stm32f1xx_hal_rcc.c.obj
                                0x681 (size before relaxing)
 .debug_str     0x00001b55      0x63a CMakeFiles/servo_usart.elf.dir/Drivers/STM32F1xx_HAL_Driver/Src/stm32f1xx_hal_uart.c.obj
                                0xd4a (size before relaxing)
 .debug_str     0x0000218f      0x4d4 CMakeFiles/servo_usart.elf.dir/User/MyMain.cpp.obj
                                0xa09 (size before relaxing)
 .debug_str     0x00002663      0x4fb CMakeFiles/servo_usart.elf.dir/User/retarget.c.obj
                                0xb8d (size before relaxing)

.comment        0x00000000       0x49
 .comment       0x00000000       0x49 CMakeFiles/servo_usart.elf.dir/Core/Src/gpio.c.obj
                                 0x4a (size before relaxing)
 .comment       0x00000049       0x4a CMakeFiles/servo_usart.elf.dir/Core/Src/main.c.obj
 .comment       0x00000049       0x4a CMakeFiles/servo_usart.elf.dir/Core/Src/stm32f1xx_hal_msp.c.obj
 .comment       0x00000049       0x4a CMakeFiles/servo_usart.elf.dir/Core/Src/stm32f1xx_it.c.obj
 .comment       0x00000049       0x4a CMakeFiles/servo_usart.elf.dir/Core/Src/sysmem.c.obj
 .comment       0x00000049       0x4a CMakeFiles/servo_usart.elf.dir/Core/Src/system_stm32f1xx.c.obj
 .comment       0x00000049       0x4a CMakeFiles/servo_usart.elf.dir/Core/Src/usart.c.obj
 .comment       0x00000049       0x4a CMakeFiles/servo_usart.elf.dir/Drivers/STM32F1xx_HAL_Driver/Src/stm32f1xx_hal.c.obj
 .comment       0x00000049       0x4a CMakeFiles/servo_usart.elf.dir/Drivers/STM32F1xx_HAL_Driver/Src/stm32f1xx_hal_cortex.c.obj
 .comment       0x00000049       0x4a CMakeFiles/servo_usart.elf.dir/Drivers/STM32F1xx_HAL_Driver/Src/stm32f1xx_hal_dma.c.obj
 .comment       0x00000049       0x4a CMakeFiles/servo_usart.elf.dir/Drivers/STM32F1xx_HAL_Driver/Src/stm32f1xx_hal_gpio.c.obj
 .comment       0x00000049       0x4a CMakeFiles/servo_usart.elf.dir/Drivers/STM32F1xx_HAL_Driver/Src/stm32f1xx_hal_rcc.c.obj
 .comment       0x00000049       0x4a CMakeFiles/servo_usart.elf.dir/Drivers/STM32F1xx_HAL_Driver/Src/stm32f1xx_hal_uart.c.obj
 .comment       0x00000049       0x4a CMakeFiles/servo_usart.elf.dir/User/MyMain.cpp.obj
 .comment       0x00000049       0x4a CMakeFiles/servo_usart.elf.dir/User/retarget.c.obj

.debug_frame    0x00000000     0x1d1c
 .debug_frame   0x00000000       0x28 CMakeFiles/servo_usart.elf.dir/Core/Src/gpio.c.obj
 .debug_frame   0x00000028       0x58 CMakeFiles/servo_usart.elf.dir/Core/Src/main.c.obj
 .debug_frame   0x00000080       0x28 CMakeFiles/servo_usart.elf.dir/Core/Src/stm32f1xx_hal_msp.c.obj
 .debug_frame   0x000000a8       0xc0 CMakeFiles/servo_usart.elf.dir/Core/Src/stm32f1xx_it.c.obj
 .debug_frame   0x00000168       0x28 CMakeFiles/servo_usart.elf.dir/Core/Src/sysmem.c.obj
 .debug_frame   0x00000190       0x30 CMakeFiles/servo_usart.elf.dir/Core/Src/system_stm32f1xx.c.obj
 .debug_frame   0x000001c0       0x7c CMakeFiles/servo_usart.elf.dir/Core/Src/usart.c.obj
 .debug_frame   0x0000023c      0x1cc CMakeFiles/servo_usart.elf.dir/Drivers/STM32F1xx_HAL_Driver/Src/stm32f1xx_hal.c.obj
 .debug_frame   0x00000408      0x118 CMakeFiles/servo_usart.elf.dir/Drivers/STM32F1xx_HAL_Driver/Src/stm32f1xx_hal_cortex.c.obj
 .debug_frame   0x00000520      0x144 CMakeFiles/servo_usart.elf.dir/Drivers/STM32F1xx_HAL_Driver/Src/stm32f1xx_hal_dma.c.obj
 .debug_frame   0x00000664       0xe4 CMakeFiles/servo_usart.elf.dir/Drivers/STM32F1xx_HAL_Driver/Src/stm32f1xx_hal_gpio.c.obj
 .debug_frame   0x00000748      0x184 CMakeFiles/servo_usart.elf.dir/Drivers/STM32F1xx_HAL_Driver/Src/stm32f1xx_hal_rcc.c.obj
 .debug_frame   0x000008cc      0x5d8 CMakeFiles/servo_usart.elf.dir/Drivers/STM32F1xx_HAL_Driver/Src/stm32f1xx_hal_uart.c.obj
 .debug_frame   0x00000ea4       0x2c CMakeFiles/servo_usart.elf.dir/User/MyMain.cpp.obj
 .debug_frame   0x00000ed0       0xb8 CMakeFiles/servo_usart.elf.dir/User/retarget.c.obj
 .debug_frame   0x00000f88      0x2e0 d:/prf578~1/gnuarm~1/102021~1.10/bin/../lib/gcc/arm-none-eabi/10.3.1/thumb/v7-m/nofp\libgcc.a(unwind-arm.o)
 .debug_frame   0x00001268       0xf4 d:/prf578~1/gnuarm~1/102021~1.10/bin/../lib/gcc/arm-none-eabi/10.3.1/thumb/v7-m/nofp\libgcc.a(pr-support.o)
 .debug_frame   0x0000135c       0x28 d:/prf578~1/gnuarm~1/102021~1.10/bin/../lib/gcc/arm-none-eabi/10.3.1/../../../../arm-none-eabi/lib/thumb/v7-m/nofp\libg.a(lib_a-abort.o)
 .debug_frame   0x00001384       0x20 d:/prf578~1/gnuarm~1/102021~1.10/bin/../lib/gcc/arm-none-eabi/10.3.1/../../../../arm-none-eabi/lib/thumb/v7-m/nofp\libg.a(lib_a-errno.o)
 .debug_frame   0x000013a4       0x2c d:/prf578~1/gnuarm~1/102021~1.10/bin/../lib/gcc/arm-none-eabi/10.3.1/../../../../arm-none-eabi/lib/thumb/v7-m/nofp\libg.a(lib_a-init.o)
 .debug_frame   0x000013d0       0x2c d:/prf578~1/gnuarm~1/102021~1.10/bin/../lib/gcc/arm-none-eabi/10.3.1/../../../../arm-none-eabi/lib/thumb/v7-m/nofp\libg.a(lib_a-memset.o)
 .debug_frame   0x000013fc       0x48 d:/prf578~1/gnuarm~1/102021~1.10/bin/../lib/gcc/arm-none-eabi/10.3.1/../../../../arm-none-eabi/lib/thumb/v7-m/nofp\libg.a(lib_a-setvbuf.o)
 .debug_frame   0x00001444      0x114 d:/prf578~1/gnuarm~1/102021~1.10/bin/../lib/gcc/arm-none-eabi/10.3.1/../../../../arm-none-eabi/lib/thumb/v7-m/nofp\libg.a(lib_a-signal.o)
 .debug_frame   0x00001558       0x3c d:/prf578~1/gnuarm~1/102021~1.10/bin/../lib/gcc/arm-none-eabi/10.3.1/../../../../arm-none-eabi/lib/thumb/v7-m/nofp\libg.a(lib_a-signalr.o)
 .debug_frame   0x00001594       0x5c d:/prf578~1/gnuarm~1/102021~1.10/bin/../lib/gcc/arm-none-eabi/10.3.1/../../../../arm-none-eabi/lib/thumb/v7-m/nofp\libg.a(lib_a-__call_atexit.o)
 .debug_frame   0x000015f0       0x20 d:/prf578~1/gnuarm~1/102021~1.10/bin/../lib/gcc/arm-none-eabi/10.3.1/../../../../arm-none-eabi/lib/thumb/v7-m/nofp\libg.a(lib_a-atexit.o)
 .debug_frame   0x00001610       0x70 d:/prf578~1/gnuarm~1/102021~1.10/bin/../lib/gcc/arm-none-eabi/10.3.1/../../../../arm-none-eabi/lib/thumb/v7-m/nofp\libg.a(lib_a-fflush.o)
 .debug_frame   0x00001680      0x154 d:/prf578~1/gnuarm~1/102021~1.10/bin/../lib/gcc/arm-none-eabi/10.3.1/../../../../arm-none-eabi/lib/thumb/v7-m/nofp\libg.a(lib_a-findfp.o)
 .debug_frame   0x000017d4       0x34 d:/prf578~1/gnuarm~1/102021~1.10/bin/../lib/gcc/arm-none-eabi/10.3.1/../../../../arm-none-eabi/lib/thumb/v7-m/nofp\libg.a(lib_a-fini.o)
 .debug_frame   0x00001808       0x8c d:/prf578~1/gnuarm~1/102021~1.10/bin/../lib/gcc/arm-none-eabi/10.3.1/../../../../arm-none-eabi/lib/thumb/v7-m/nofp\libg.a(lib_a-freer.o)
 .debug_frame   0x00001894       0x54 d:/prf578~1/gnuarm~1/102021~1.10/bin/../lib/gcc/arm-none-eabi/10.3.1/../../../../arm-none-eabi/lib/thumb/v7-m/nofp\libg.a(lib_a-fwalk.o)
 .debug_frame   0x000018e8       0xb0 d:/prf578~1/gnuarm~1/102021~1.10/bin/../lib/gcc/arm-none-eabi/10.3.1/../../../../arm-none-eabi/lib/thumb/v7-m/nofp\libg.a(lib_a-lock.o)
 .debug_frame   0x00001998       0x70 d:/prf578~1/gnuarm~1/102021~1.10/bin/../lib/gcc/arm-none-eabi/10.3.1/../../../../arm-none-eabi/lib/thumb/v7-m/nofp\libg.a(lib_a-makebuf.o)
 .debug_frame   0x00001a08       0x30 d:/prf578~1/gnuarm~1/102021~1.10/bin/../lib/gcc/arm-none-eabi/10.3.1/../../../../arm-none-eabi/lib/thumb/v7-m/nofp\libg.a(lib_a-malloc.o)
 .debug_frame   0x00001a38       0x4c d:/prf578~1/gnuarm~1/102021~1.10/bin/../lib/gcc/arm-none-eabi/10.3.1/../../../../arm-none-eabi/lib/thumb/v7-m/nofp\libg.a(lib_a-mallocr.o)
 .debug_frame   0x00001a84       0x30 d:/prf578~1/gnuarm~1/102021~1.10/bin/../lib/gcc/arm-none-eabi/10.3.1/../../../../arm-none-eabi/lib/thumb/v7-m/nofp\libg.a(lib_a-mlock.o)
 .debug_frame   0x00001ab4       0x64 d:/prf578~1/gnuarm~1/102021~1.10/bin/../lib/gcc/arm-none-eabi/10.3.1/../../../../arm-none-eabi/lib/thumb/v7-m/nofp\libg.a(lib_a-reent.o)
 .debug_frame   0x00001b18       0x2c d:/prf578~1/gnuarm~1/102021~1.10/bin/../lib/gcc/arm-none-eabi/10.3.1/../../../../arm-none-eabi/lib/thumb/v7-m/nofp\libg.a(lib_a-sbrkr.o)
 .debug_frame   0x00001b44       0x8c d:/prf578~1/gnuarm~1/102021~1.10/bin/../lib/gcc/arm-none-eabi/10.3.1/../../../../arm-none-eabi/lib/thumb/v7-m/nofp\libg.a(lib_a-stdio.o)
 .debug_frame   0x00001bd0       0x2c d:/prf578~1/gnuarm~1/102021~1.10/bin/../lib/gcc/arm-none-eabi/10.3.1/../../../../arm-none-eabi/lib/thumb/v7-m/nofp\libg.a(lib_a-writer.o)
 .debug_frame   0x00001bfc       0x34 d:/prf578~1/gnuarm~1/102021~1.10/bin/../lib/gcc/arm-none-eabi/10.3.1/../../../../arm-none-eabi/lib/thumb/v7-m/nofp\libg.a(lib_a-__atexit.o)
 .debug_frame   0x00001c30       0x2c d:/prf578~1/gnuarm~1/102021~1.10/bin/../lib/gcc/arm-none-eabi/10.3.1/../../../../arm-none-eabi/lib/thumb/v7-m/nofp\libg.a(lib_a-closer.o)
 .debug_frame   0x00001c5c       0x3c d:/prf578~1/gnuarm~1/102021~1.10/bin/../lib/gcc/arm-none-eabi/10.3.1/../../../../arm-none-eabi/lib/thumb/v7-m/nofp\libg.a(lib_a-fclose.o)
 .debug_frame   0x00001c98       0x2c d:/prf578~1/gnuarm~1/102021~1.10/bin/../lib/gcc/arm-none-eabi/10.3.1/../../../../arm-none-eabi/lib/thumb/v7-m/nofp\libg.a(lib_a-fstatr.o)
 .debug_frame   0x00001cc4       0x2c d:/prf578~1/gnuarm~1/102021~1.10/bin/../lib/gcc/arm-none-eabi/10.3.1/../../../../arm-none-eabi/lib/thumb/v7-m/nofp\libg.a(lib_a-lseekr.o)
 .debug_frame   0x00001cf0       0x2c d:/prf578~1/gnuarm~1/102021~1.10/bin/../lib/gcc/arm-none-eabi/10.3.1/../../../../arm-none-eabi/lib/thumb/v7-m/nofp\libg.a(lib_a-readr.o)

.debug_loc      0x00000000     0x7643
 .debug_loc     0x00000000       0x15 CMakeFiles/servo_usart.elf.dir/Core/Src/stm32f1xx_hal_msp.c.obj
 .debug_loc     0x00000015       0x64 CMakeFiles/servo_usart.elf.dir/Core/Src/sysmem.c.obj
 .debug_loc     0x00000079       0xff CMakeFiles/servo_usart.elf.dir/Core/Src/system_stm32f1xx.c.obj
 .debug_loc     0x00000178       0xbe CMakeFiles/servo_usart.elf.dir/Core/Src/usart.c.obj
 .debug_loc     0x00000236      0x141 CMakeFiles/servo_usart.elf.dir/Drivers/STM32F1xx_HAL_Driver/Src/stm32f1xx_hal.c.obj
 .debug_loc     0x00000377      0x71f CMakeFiles/servo_usart.elf.dir/Drivers/STM32F1xx_HAL_Driver/Src/stm32f1xx_hal_cortex.c.obj
 .debug_loc     0x00000a96      0x7d1 CMakeFiles/servo_usart.elf.dir/Drivers/STM32F1xx_HAL_Driver/Src/stm32f1xx_hal_dma.c.obj
 .debug_loc     0x00001267      0x47d CMakeFiles/servo_usart.elf.dir/Drivers/STM32F1xx_HAL_Driver/Src/stm32f1xx_hal_gpio.c.obj
 .debug_loc     0x000016e4      0x618 CMakeFiles/servo_usart.elf.dir/Drivers/STM32F1xx_HAL_Driver/Src/stm32f1xx_hal_rcc.c.obj
 .debug_loc     0x00001cfc     0x487b CMakeFiles/servo_usart.elf.dir/Drivers/STM32F1xx_HAL_Driver/Src/stm32f1xx_hal_uart.c.obj
 .debug_loc     0x00006577      0xd43 CMakeFiles/servo_usart.elf.dir/User/MyMain.cpp.obj
 .debug_loc     0x000072ba      0x389 CMakeFiles/servo_usart.elf.dir/User/retarget.c.obj
