Archive member included to satisfy reference by file (symbol)

f:/environment/gnu arm embedded toolchain/10 2021.10/bin/../lib/gcc/arm-none-eabi/10.3.1/thumb/v7e-m/nofp\libgcc.a(_arm_mulsf3.o)
                              CMakeFiles/Unitree_M8010.elf.dir/User/Unitree_SDK/GO-M8010-6.c.obj (__aeabi_fmul)
f:/environment/gnu arm embedded toolchain/10 2021.10/bin/../lib/gcc/arm-none-eabi/10.3.1/thumb/v7e-m/nofp\libgcc.a(_arm_addsubdf3.o)
                              CMakeFiles/Unitree_M8010.elf.dir/Core/Src/main.c.obj (__aeabi_f2d)
f:/environment/gnu arm embedded toolchain/10 2021.10/bin/../lib/gcc/arm-none-eabi/10.3.1/thumb/v7e-m/nofp\libgcc.a(_arm_muldivdf3.o)
                              CMakeFiles/Unitree_M8010.elf.dir/Core/Src/main.c.obj (__aeabi_ddiv)
f:/environment/gnu arm embedded toolchain/10 2021.10/bin/../lib/gcc/arm-none-eabi/10.3.1/thumb/v7e-m/nofp\libgcc.a(_arm_addsubsf3.o)
                              CMakeFiles/Unitree_M8010.elf.dir/User/Unitree_SDK/GO-M8010-6.c.obj (__aeabi_ui2f)
f:/environment/gnu arm embedded toolchain/10 2021.10/bin/../lib/gcc/arm-none-eabi/10.3.1/thumb/v7e-m/nofp\libgcc.a(_arm_muldivsf3.o)
                              CMakeFiles/Unitree_M8010.elf.dir/User/Unitree_SDK/GO-M8010-6.c.obj (__aeabi_fdiv)
f:/environment/gnu arm embedded toolchain/10 2021.10/bin/../lib/gcc/arm-none-eabi/10.3.1/thumb/v7e-m/nofp\libgcc.a(_arm_cmpsf2.o)
                              CMakeFiles/Unitree_M8010.elf.dir/User/Unitree_SDK/GO-M8010-6.c.obj (__aeabi_fcmplt)
f:/environment/gnu arm embedded toolchain/10 2021.10/bin/../lib/gcc/arm-none-eabi/10.3.1/thumb/v7e-m/nofp\libgcc.a(_arm_fixsfsi.o)
                              CMakeFiles/Unitree_M8010.elf.dir/User/Unitree_SDK/GO-M8010-6.c.obj (__aeabi_f2iz)
f:/environment/gnu arm embedded toolchain/10 2021.10/bin/../lib/gcc/arm-none-eabi/10.3.1/thumb/v7e-m/nofp\libgcc.a(_aeabi_uldivmod.o)
                              CMakeFiles/Unitree_M8010.elf.dir/Drivers/STM32F4xx_HAL_Driver/Src/stm32f4xx_hal_rcc.c.obj (__aeabi_uldivmod)
f:/environment/gnu arm embedded toolchain/10 2021.10/bin/../lib/gcc/arm-none-eabi/10.3.1/thumb/v7e-m/nofp\libgcc.a(_udivmoddi4.o)
                              f:/environment/gnu arm embedded toolchain/10 2021.10/bin/../lib/gcc/arm-none-eabi/10.3.1/thumb/v7e-m/nofp\libgcc.a(_aeabi_uldivmod.o) (__udivmoddi4)
f:/environment/gnu arm embedded toolchain/10 2021.10/bin/../lib/gcc/arm-none-eabi/10.3.1/thumb/v7e-m/nofp\libgcc.a(_dvmd_tls.o)
                              f:/environment/gnu arm embedded toolchain/10 2021.10/bin/../lib/gcc/arm-none-eabi/10.3.1/thumb/v7e-m/nofp\libgcc.a(_aeabi_uldivmod.o) (__aeabi_ldiv0)
f:/environment/gnu arm embedded toolchain/10 2021.10/bin/../lib/gcc/arm-none-eabi/10.3.1/../../../../arm-none-eabi/lib/thumb/v7e-m/nofp\libg.a(lib_a-errno.o)
                              CMakeFiles/Unitree_M8010.elf.dir/Core/Src/syscalls.c.obj (__errno)
f:/environment/gnu arm embedded toolchain/10 2021.10/bin/../lib/gcc/arm-none-eabi/10.3.1/../../../../arm-none-eabi/lib/thumb/v7e-m/nofp\libg.a(lib_a-exit.o)
                              f:/environment/gnu arm embedded toolchain/10 2021.10/bin/../lib/gcc/arm-none-eabi/10.3.1/../../../../arm-none-eabi/lib/thumb/v7e-m/nofp/crt0.o (exit)
f:/environment/gnu arm embedded toolchain/10 2021.10/bin/../lib/gcc/arm-none-eabi/10.3.1/../../../../arm-none-eabi/lib/thumb/v7e-m/nofp\libg.a(lib_a-impure.o)
                              f:/environment/gnu arm embedded toolchain/10 2021.10/bin/../lib/gcc/arm-none-eabi/10.3.1/../../../../arm-none-eabi/lib/thumb/v7e-m/nofp\libg.a(lib_a-exit.o) (_global_impure_ptr)
f:/environment/gnu arm embedded toolchain/10 2021.10/bin/../lib/gcc/arm-none-eabi/10.3.1/../../../../arm-none-eabi/lib/thumb/v7e-m/nofp\libg.a(lib_a-init.o)
                              f:/environment/gnu arm embedded toolchain/10 2021.10/bin/../lib/gcc/arm-none-eabi/10.3.1/../../../../arm-none-eabi/lib/thumb/v7e-m/nofp/crt0.o (__libc_init_array)
f:/environment/gnu arm embedded toolchain/10 2021.10/bin/../lib/gcc/arm-none-eabi/10.3.1/../../../../arm-none-eabi/lib/thumb/v7e-m/nofp\libg.a(lib_a-memset.o)
                              f:/environment/gnu arm embedded toolchain/10 2021.10/bin/../lib/gcc/arm-none-eabi/10.3.1/../../../../arm-none-eabi/lib/thumb/v7e-m/nofp/crt0.o (memset)
f:/environment/gnu arm embedded toolchain/10 2021.10/bin/../lib/gcc/arm-none-eabi/10.3.1/../../../../arm-none-eabi/lib/thumb/v7e-m/nofp\libg.a(lib_a-printf.o)
                              CMakeFiles/Unitree_M8010.elf.dir/Core/Src/main.c.obj (printf)
f:/environment/gnu arm embedded toolchain/10 2021.10/bin/../lib/gcc/arm-none-eabi/10.3.1/../../../../arm-none-eabi/lib/thumb/v7e-m/nofp\libg.a(lib_a-setvbuf.o)
                              CMakeFiles/Unitree_M8010.elf.dir/User/retarget/retarget.c.obj (setvbuf)
f:/environment/gnu arm embedded toolchain/10 2021.10/bin/../lib/gcc/arm-none-eabi/10.3.1/../../../../arm-none-eabi/lib/thumb/v7e-m/nofp\libg.a(lib_a-vfprintf.o)
[...]
Memory Configuration

Name             Origin             Length             Attributes
CCMRAM           0x10000000         0x00010000         xrw
RAM              0x20000000         0x00030000         xrw
FLASH            0x08000000         0x00200000         xr
*default*        0x00000000         0xffffffff

Linker script and memory map

LOAD f:/environment/gnu arm embedded toolchain/10 2021.10/bin/../lib/gcc/arm-none-eabi/10.3.1/thumb/v7e-m/nofp/crti.o
LOAD f:/environment/gnu arm embedded toolchain/10 2021.10/bin/../lib/gcc/arm-none-eabi/10.3.1/thumb/v7e-m/nofp/crtbegin.o
LOAD f:/environment/gnu arm embedded toolchain/10 2021.10/bin/../lib/gcc/arm-none-eabi/10.3.1/../../../../arm-none-eabi/lib/thumb/v7e-m/nofp/crt0.o
LOAD CMakeFiles/Unitree_M8010.elf.dir/Core/Src/dma.c.obj
LOAD CMakeFiles/Unitree_M8010.elf.dir/Core/Src/gpio.c.obj
LOAD CMakeFiles/Unitree_M8010.elf.dir/Core/Src/main.c.obj
LOAD CMakeFiles/Unitree_M8010.elf.dir/Core/Src/stm32f4xx_hal_msp.c.obj
LOAD CMakeFiles/Unitree_M8010.elf.dir/Core/Src/stm32f4xx_it.c.obj
LOAD CMakeFiles/Unitree_M8010.elf.dir/Core/Src/syscalls.c.obj
LOAD CMakeFiles/Unitree_M8010.elf.dir/Core/Src/sysmem.c.obj
LOAD CMakeFiles/Unitree_M8010.elf.dir/Core/Src/system_stm32f4xx.c.obj
LOAD CMakeFiles/Unitree_M8010.elf.dir/Core/Src/usart.c.obj
LOAD CMakeFiles/Unitree_M8010.elf.dir/Core/Startup/startup_stm32f427iihx.s.obj
LOAD CMakeFiles/Unitree_M8010.elf.dir/Drivers/STM32F4xx_HAL_Driver/Src/stm32f4xx_hal.c.obj
LOAD CMakeFiles/Unitree_M8010.elf.dir/Drivers/STM32F4xx_HAL_Driver/Src/stm32f4xx_hal_cortex.c.obj
LOAD CMakeFiles/Unitree_M8010.elf.dir/Drivers/STM32F4xx_HAL_Driver/Src/stm32f4xx_hal_dma.c.obj
LOAD CMakeFiles/Unitree_M8010.elf.dir/Drivers/STM32F4xx_HAL_Driver/Src/stm32f4xx_hal_dma_ex.c.obj
LOAD CMakeFiles/Unitree_M8010.elf.dir/Drivers/STM32F4xx_HAL_Driver/Src/stm32f4xx_hal_exti.c.obj
LOAD CMakeFiles/Unitree_M8010.elf.dir/Drivers/STM32F4xx_HAL_Driver/Src/stm32f4xx_hal_flash.c.obj
LOAD CMakeFiles/Unitree_M8010.elf.dir/Drivers/STM32F4xx_HAL_Driver/Src/stm32f4xx_hal_flash_ex.c.obj
LOAD CMakeFiles/Unitree_M8010.elf.dir/Drivers/STM32F4xx_HAL_Driver/Src/stm32f4xx_hal_flash_ramfunc.c.obj
LOAD CMakeFiles/Unitree_M8010.elf.dir/Drivers/STM32F4xx_HAL_Driver/Src/stm32f4xx_hal_gpio.c.obj
LOAD CMakeFiles/Unitree_M8010.elf.dir/Drivers/STM32F4xx_HAL_Driver/Src/stm32f4xx_hal_pwr.c.obj
LOAD CMakeFiles/Unitree_M8010.elf.dir/Drivers/STM32F4xx_HAL_Driver/Src/stm32f4xx_hal_pwr_ex.c.obj
LOAD CMakeFiles/Unitree_M8010.elf.dir/Drivers/STM32F4xx_HAL_Driver/Src/stm32f4xx_hal_rcc.c.obj
LOAD CMakeFiles/Unitree_M8010.elf.dir/Drivers/STM32F4xx_HAL_Driver/Src/stm32f4xx_hal_rcc_ex.c.obj
LOAD CMakeFiles/Unitree_M8010.elf.dir/Drivers/STM32F4xx_HAL_Driver/Src/stm32f4xx_hal_tim.c.obj
LOAD CMakeFiles/Unitree_M8010.elf.dir/Drivers/STM32F4xx_HAL_Driver/Src/stm32f4xx_hal_tim_ex.c.obj
LOAD CMakeFiles/Unitree_M8010.elf.dir/Drivers/STM32F4xx_HAL_Driver/Src/stm32f4xx_hal_uart.c.obj
LOAD CMakeFiles/Unitree_M8010.elf.dir/User/Unitree_SDK/GO-M8010-6.c.obj
LOAD CMakeFiles/Unitree_M8010.elf.dir/User/Unitree_SDK/Unitree_user.c.obj
LOAD CMakeFiles/Unitree_M8010.elf.dir/User/retarget/retarget.c.obj
START GROUP
LOAD f:/environment/gnu arm embedded toolchain/10 2021.10/bin/../lib/gcc/arm-none-eabi/10.3.1/thumb/v7e-m/nofp\libgcc.a
LOAD f:/environment/gnu arm embedded toolchain/10 2021.10/bin/../lib/gcc/arm-none-eabi/10.3.1/../../../../arm-none-eabi/lib/thumb/v7e-m/nofp\libg.a
LOAD f:/environment/gnu arm embedded toolchain/10 2021.10/bin/../lib/gcc/arm-none-eabi/10.3.1/../../../../arm-none-eabi/lib/thumb/v7e-m/nofp\libc.a
END GROUP
LOAD f:/environment/gnu arm embedded toolchain/10 2021.10/bin/../lib/gcc/arm-none-eabi/10.3.1/thumb/v7e-m/nofp/crtend.o
LOAD f:/environment/gnu arm embedded toolchain/10 2021.10/bin/../lib/gcc/arm-none-eabi/10.3.1/thumb/v7e-m/nofp/crtn.o
                0x20030000                _estack = (ORIGIN (RAM) + LENGTH (RAM))
                0x00000200                _Min_Heap_Size = 0x200
                0x00000400                _Min_Stack_Size = 0x400

.isr_vector     0x08000000      0x1ac
                0x08000000                . = ALIGN (0x4)
 *(.isr_vector)
 .isr_vector    0x08000000      0x1ac CMakeFiles/Unitree_M8010.elf.dir/Core/Startup/startup_stm32f427iihx.s.obj
                0x08000000                g_pfnVectors
                0x080001ac                . = ALIGN (0x4)

.text           0x080001c0     0x9878
                0x080001c0                . = ALIGN (0x4)
 *(.text)
 .text          0x080001c0       0x40 f:/environment/gnu arm embedded toolchain/10 2021.10/bin/../lib/gcc/arm-none-eabi/10.3.1/thumb/v7e-m/nofp/crtbegin.o
 .text          0x08000200      0x378 f:/environment/gnu arm embedded toolchain/10 2021.10/bin/../lib/gcc/arm-none-eabi/10.3.1/thumb/v7e-m/nofp\libgcc.a(_arm_addsubdf3.o)
                0x08000200                __aeabi_drsub
                0x08000208                __aeabi_dsub
                0x08000208                __subdf3
                0x0800020c                __aeabi_dadd
                0x0800020c                __adddf3
                0x08000484                __floatunsidf
                0x08000484                __aeabi_ui2d
                0x080004a4                __floatsidf
                0x080004a4                __aeabi_i2d
                0x080004c8                __aeabi_f2d
                0x080004c8                __extendsfdf2
                0x0800050c                __floatundidf
                0x0800050c                __aeabi_ul2d
                0x0800051c                __floatdidf
                0x0800051c                __aeabi_l2d
 .text          0x08000578      0x424 f:/environment/gnu arm embedded toolchain/10 2021.10/bin/../lib/gcc/arm-none-eabi/10.3.1/thumb/v7e-m/nofp\libgcc.a(_arm_muldivdf3.o)
                0x08000578                __aeabi_dmul
                0x08000578                __muldf3
                0x080007cc                __divdf3
                0x080007cc                __aeabi_ddiv
 .text          0x0800099c      0x21c f:/environment/gnu arm embedded toolchain/10 2021.10/bin/../lib/gcc/arm-none-eabi/10.3.1/thumb/v7e-m/nofp\libgcc.a(_arm_addsubsf3.o)
                0x0800099c                __aeabi_frsub
                0x080009a4                __subsf3
                0x080009a4                __aeabi_fsub
                0x080009a8                __aeabi_fadd
                0x080009a8                __addsf3
                0x08000b08                __aeabi_ui2f
                0x08000b08                __floatunsisf
                0x08000b10                __aeabi_i2f
                0x08000b10                __floatsisf
                0x08000b2c                __aeabi_ul2f
                0x08000b2c                __floatundisf
                0x08000b3c                __aeabi_l2f
                0x08000b3c                __floatdisf
 .text          0x08000bb8      0x2a0 f:/environment/gnu arm embedded toolchain/10 2021.10/bin/../lib/gcc/arm-none-eabi/10.3.1/thumb/v7e-m/nofp\libgcc.a(_arm_muldivsf3.o)
                0x08000bb8                __mulsf3
                0x08000bb8                __aeabi_fmul
                0x08000d20                __aeabi_fdiv
                0x08000d20                __divsf3
 .text          0x08000e58       0xec f:/environment/gnu arm embedded toolchain/10 2021.10/bin/../lib/gcc/arm-none-eabi/10.3.1/thumb/v7e-m/nofp\libgcc.a(_arm_cmpsf2.o)
                0x08000e58                __gesf2
                0x08000e58                __gtsf2
                0x08000e60                __lesf2
                0x08000e60                __ltsf2
                0x08000e68                __nesf2
                0x08000e68                __eqsf2
                0x08000e68                __cmpsf2
                0x08000ec8                __aeabi_cfrcmple
                0x08000ed0                __aeabi_cfcmpeq
                0x08000ed0                __aeabi_cfcmple
                0x08000ee0                __aeabi_fcmpeq
                0x08000ef4                __aeabi_fcmplt
                0x08000f08                __aeabi_fcmple
                0x08000f1c                __aeabi_fcmpge
                0x08000f30                __aeabi_fcmpgt
 .text          0x08000f44       0x4c f:/environment/gnu arm embedded toolchain/10 2021.10/bin/../lib/gcc/arm-none-eabi/10.3.1/thumb/v7e-m/nofp\libgcc.a(_arm_fixsfsi.o)
                0x08000f44                __aeabi_f2iz
                0x08000f44                __fixsfsi
 .text          0x08000f90       0x30 f:/environment/gnu arm embedded toolchain/10 2021.10/bin/../lib/gcc/arm-none-eabi/10.3.1/thumb/v7e-m/nofp\libgcc.a(_aeabi_uldivmod.o)
                0x08000f90                __aeabi_uldivmod
 .text          0x08000fc0      0x2d0 f:/environment/gnu arm embedded toolchain/10 2021.10/bin/../lib/gcc/arm-none-eabi/10.3.1/thumb/v7e-m/nofp\libgcc.a(_udivmoddi4.o)
                0x08000fc0                __udivmoddi4
 .text          0x08001290        0x4 f:/environment/gnu arm embedded toolchain/10 2021.10/bin/../lib/gcc/arm-none-eabi/10.3.1/thumb/v7e-m/nofp\libgcc.a(_dvmd_tls.o)
                0x08001290                __aeabi_idiv0
                0x08001290                __aeabi_ldiv0
 *fill*         0x08001294        0xc 
 .text          0x080012a0       0xa0 f:/environment/gnu arm embedded toolchain/10 2021.10/bin/../lib/gcc/arm-none-eabi/10.3.1/../../../../arm-none-eabi/lib/thumb/v7e-m/nofp\libg.a(lib_a-memchr.o)
                0x080012a0                memchr
 .text          0x08001340      0x134 f:/environment/gnu arm embedded toolchain/10 2021.10/bin/../lib/gcc/arm-none-eabi/10.3.1/../../../../arm-none-eabi/lib/thumb/v7e-m/nofp\libg.a(lib_a-memcpy.o)
                0x08001340                memcpy
 *fill*         0x08001474        0xc 
 .text          0x08001480       0xdc f:/environment/gnu arm embedded toolchain/10 2021.10/bin/../lib/gcc/arm-none-eabi/10.3.1/../../../../arm-none-eabi/lib/thumb/v7e-m/nofp\libg.a(lib_a-strlen.o)
                0x08001480                strlen
 .text          0x0800155c      0x110 f:/environment/gnu arm embedded toolchain/10 2021.10/bin/../lib/gcc/arm-none-eabi/10.3.1/thumb/v7e-m/nofp\libgcc.a(_arm_cmpdf2.o)
                0x0800155c                __gtdf2
                0x0800155c                __gedf2
                0x08001564                __ltdf2
                0x08001564                __ledf2
                0x0800156c                __nedf2
                0x0800156c                __eqdf2
                0x0800156c                __cmpdf2
                0x080015e8                __aeabi_cdrcmple
                0x080015f8                __aeabi_cdcmpeq
                0x080015f8                __aeabi_cdcmple
                0x08001608                __aeabi_dcmpeq
                0x0800161c                __aeabi_dcmplt
                0x08001630                __aeabi_dcmple
                0x08001644                __aeabi_dcmpge
                0x08001658                __aeabi_dcmpgt
 .text          0x0800166c       0x2c f:/environment/gnu arm embedded toolchain/10 2021.10/bin/../lib/gcc/arm-none-eabi/10.3.1/thumb/v7e-m/nofp\libgcc.a(_arm_unorddf2.o)
                0x0800166c                __unorddf2
                0x0800166c                __aeabi_dcmpun
 .text          0x08001698       0x50 f:/environment/gnu arm embedded toolchain/10 2021.10/bin/../lib/gcc/arm-none-eabi/10.3.1/thumb/v7e-m/nofp\libgcc.a(_arm_fixdfsi.o)
                0x08001698                __aeabi_d2iz
                0x08001698                __fixdfsi
 *(.text*)
 .text.MX_DMA_Init
                0x080016e8       0x34 CMakeFiles/Unitree_M8010.elf.dir/Core/Src/dma.c.obj
                0x080016e8                MX_DMA_Init
 .text.MX_GPIO_Init
                0x0800171c       0xb4 CMakeFiles/Unitree_M8010.elf.dir/Core/Src/gpio.c.obj
                0x0800171c                MX_GPIO_Init
 .text.Error_Handler
                0x080017d0        0x4 CMakeFiles/Unitree_M8010.elf.dir/Core/Src/main.c.obj
                0x080017d0                Error_Handler
 .text.SystemClock_Config
                0x080017d4       0xa8 CMakeFiles/Unitree_M8010.elf.dir/Core/Src/main.c.obj
                0x080017d4                SystemClock_Config
 *fill*         0x0800187c        0x4 
 .text.main     0x08001880       0xd4 CMakeFiles/Unitree_M8010.elf.dir/Core/Src/main.c.obj
                0x08001880                main
 .text.HAL_MspInit
                0x08001954       0x38 CMakeFiles/Unitree_M8010.elf.dir/Core/Src/stm32f4xx_hal_msp.c.obj
                0x08001954                HAL_MspInit
 .text.NMI_Handler
                0x0800198c        0x2 CMakeFiles/Unitree_M8010.elf.dir/Core/Src/stm32f4xx_it.c.obj
                0x0800198c                NMI_Handler
 .text.HardFault_Handler
                0x0800198e        0x2 CMakeFiles/Unitree_M8010.elf.dir/Core/Src/stm32f4xx_it.c.obj
                0x0800198e                HardFault_Handler
 .text.MemManage_Handler
                0x08001990        0x2 CMakeFiles/Unitree_M8010.elf.dir/Core/Src/stm32f4xx_it.c.obj
                0x08001990                MemManage_Handler
 .text.BusFault_Handler
                0x08001992        0x2 CMakeFiles/Unitree_M8010.elf.dir/Core/Src/stm32f4xx_it.c.obj
                0x08001992                BusFault_Handler
 .text.UsageFault_Handler
                0x08001994        0x2 CMakeFiles/Unitree_M8010.elf.dir/Core/Src/stm32f4xx_it.c.obj
                0x08001994                UsageFault_Handler
 .text.SVC_Handler
                0x08001996        0x2 CMakeFiles/Unitree_M8010.elf.dir/Core/Src/stm32f4xx_it.c.obj
                0x08001996                SVC_Handler
 .text.DebugMon_Handler
                0x08001998        0x2 CMakeFiles/Unitree_M8010.elf.dir/Core/Src/stm32f4xx_it.c.obj
                0x08001998                DebugMon_Handler
 .text.PendSV_Handler
                0x0800199a        0x2 CMakeFiles/Unitree_M8010.elf.dir/Core/Src/stm32f4xx_it.c.obj
                0x0800199a                PendSV_Handler
 .text.SysTick_Handler
                0x0800199c        0x8 CMakeFiles/Unitree_M8010.elf.dir/Core/Src/stm32f4xx_it.c.obj
                0x0800199c                SysTick_Handler
 .text.DMA2_Stream1_IRQHandler
                0x080019a4       0x10 CMakeFiles/Unitree_M8010.elf.dir/Core/Src/stm32f4xx_it.c.obj
                0x080019a4                DMA2_Stream1_IRQHandler
 .text.USART6_IRQHandler
                0x080019b4       0x10 CMakeFiles/Unitree_M8010.elf.dir/Core/Src/stm32f4xx_it.c.obj
                0x080019b4                USART6_IRQHandler
 .text._getpid  0x080019c4        0x4 CMakeFiles/Unitree_M8010.elf.dir/Core/Src/syscalls.c.obj
                0x080019c4                _getpid
 .text._kill    0x080019c8       0x10 CMakeFiles/Unitree_M8010.elf.dir/Core/Src/syscalls.c.obj
                0x080019c8                _kill
 .text._exit    0x080019d8        0xc CMakeFiles/Unitree_M8010.elf.dir/Core/Src/syscalls.c.obj
                0x080019d8                _exit
 .text._sbrk    0x080019e4       0x48 CMakeFiles/Unitree_M8010.elf.dir/Core/Src/sysmem.c.obj
                0x080019e4                _sbrk
 .text.SystemInit
                0x08001a2c        0x2 CMakeFiles/Unitree_M8010.elf.dir/Core/Src/system_stm32f4xx.c.obj
                0x08001a2c                SystemInit
 *fill*         0x08001a2e        0x2 
 .text.MX_UART8_Init
                0x08001a30       0x34 CMakeFiles/Unitree_M8010.elf.dir/Core/Src/usart.c.obj
                0x08001a30                MX_UART8_Init
 .text.MX_USART6_UART_Init
                0x08001a64       0x38 CMakeFiles/Unitree_M8010.elf.dir/Core/Src/usart.c.obj
                0x08001a64                MX_USART6_UART_Init
 .text.HAL_UART_MspInit
                0x08001a9c      0x114 CMakeFiles/Unitree_M8010.elf.dir/Core/Src/usart.c.obj
                0x08001a9c                HAL_UART_MspInit
 .text.Reset_Handler
                0x08001bb0       0x50 CMakeFiles/Unitree_M8010.elf.dir/Core/Startup/startup_stm32f427iihx.s.obj
                0x08001bb0                Reset_Handler
 .text.Default_Handler
                0x08001c00        0x2 CMakeFiles/Unitree_M8010.elf.dir/Core/Startup/startup_stm32f427iihx.s.obj
                0x08001c00                RTC_Alarm_IRQHandler
                0x08001c00                HASH_RNG_IRQHandler
                0x08001c00                EXTI2_IRQHandler
                0x08001c00                TIM8_CC_IRQHandler
                0x08001c00                UART8_IRQHandler
                0x08001c00                SPI4_IRQHandler
                0x08001c00                TIM1_CC_IRQHandler
                0x08001c00                DMA2_Stream5_IRQHandler
                0x08001c00                DMA1_Stream5_IRQHandler
                0x08001c00                PVD_IRQHandler
                0x08001c00                SDIO_IRQHandler
                0x08001c00                TAMP_STAMP_IRQHandler
                0x08001c00                CAN2_RX1_IRQHandler
                0x08001c00                EXTI3_IRQHandler
                0x08001c00                TIM8_TRG_COM_TIM14_IRQHandler
                0x08001c00                TIM1_UP_TIM10_IRQHandler
                0x08001c00                TIM8_UP_TIM13_IRQHandler
                0x08001c00                I2C3_ER_IRQHandler
                0x08001c00                EXTI0_IRQHandler
                0x08001c00                I2C2_EV_IRQHandler
                0x08001c00                DMA1_Stream2_IRQHandler
                0x08001c00                CAN1_RX0_IRQHandler
                0x08001c00                FPU_IRQHandler
                0x08001c00                OTG_HS_WKUP_IRQHandler
                0x08001c00                CAN2_SCE_IRQHandler
                0x08001c00                DMA2_Stream2_IRQHandler
                0x08001c00                SPI1_IRQHandler
                0x08001c00                TIM6_DAC_IRQHandler
                0x08001c00                TIM1_BRK_TIM9_IRQHandler
                0x08001c00                DCMI_IRQHandler
                0x08001c00                CAN2_RX0_IRQHandler
                0x08001c00                DMA2_Stream3_IRQHandler
                0x08001c00                USART3_IRQHandler
                0x08001c00                CAN1_RX1_IRQHandler
                0x08001c00                UART5_IRQHandler
                0x08001c00                DMA2_Stream0_IRQHandler
                0x08001c00                TIM4_IRQHandler
                0x08001c00                I2C1_EV_IRQHandler
                0x08001c00                DMA1_Stream6_IRQHandler
                0x08001c00                DMA1_Stream1_IRQHandler
                0x08001c00                UART4_IRQHandler
                0x08001c00                TIM3_IRQHandler
                0x08001c00                RCC_IRQHandler
                0x08001c00                TIM8_BRK_TIM12_IRQHandler
                0x08001c00                Default_Handler
                0x08001c00                EXTI15_10_IRQHandler
                0x08001c00                ADC_IRQHandler
                0x08001c00                DMA1_Stream7_IRQHandler
                0x08001c00                SPI5_IRQHandler
                0x08001c00                TIM7_IRQHandler
                0x08001c00                CAN2_TX_IRQHandler
                0x08001c00                TIM5_IRQHandler
                0x08001c00                DMA2_Stream7_IRQHandler
                0x08001c00                I2C3_EV_IRQHandler
                0x08001c00                EXTI9_5_IRQHandler
                0x08001c00                RTC_WKUP_IRQHandler
                0x08001c00                ETH_WKUP_IRQHandler
                0x08001c00                SPI2_IRQHandler
                0x08001c00                OTG_HS_EP1_IN_IRQHandler
                0x08001c00                DMA1_Stream0_IRQHandler
                0x08001c00                CAN1_TX_IRQHandler
                0x08001c00                EXTI4_IRQHandler
                0x08001c00                ETH_IRQHandler
                0x08001c00                OTG_HS_EP1_OUT_IRQHandler
                0x08001c00                WWDG_IRQHandler
                0x08001c00                SPI6_IRQHandler
                0x08001c00                TIM2_IRQHandler
                0x08001c00                OTG_FS_WKUP_IRQHandler
                0x08001c00                TIM1_TRG_COM_TIM11_IRQHandler
                0x08001c00                OTG_HS_IRQHandler
                0x08001c00                DMA2D_IRQHandler
                0x08001c00                EXTI1_IRQHandler
                0x08001c00                UART7_IRQHandler
                0x08001c00                USART2_IRQHandler
                0x08001c00                I2C2_ER_IRQHandler
                0x08001c00                CAN1_SCE_IRQHandler
                0x08001c00                FLASH_IRQHandler
                0x08001c00                DMA2_Stream4_IRQHandler
                0x08001c00                USART1_IRQHandler
                0x08001c00                OTG_FS_IRQHandler
                0x08001c00                SPI3_IRQHandler
                0x08001c00                DMA1_Stream4_IRQHandler
                0x08001c00                I2C1_ER_IRQHandler
                0x08001c00                FMC_IRQHandler
                0x08001c00                DMA2_Stream6_IRQHandler
                0x08001c00                SAI1_IRQHandler
                0x08001c00                DMA1_Stream3_IRQHandler
 *fill*         0x08001c02        0x2 
 .text.HAL_InitTick
                0x08001c04       0x4c CMakeFiles/Unitree_M8010.elf.dir/Drivers/STM32F4xx_HAL_Driver/Src/stm32f4xx_hal.c.obj
                0x08001c04                HAL_InitTick
 .text.HAL_Init
                0x08001c50       0x34 CMakeFiles/Unitree_M8010.elf.dir/Drivers/STM32F4xx_HAL_Driver/Src/stm32f4xx_hal.c.obj
                0x08001c50                HAL_Init
 .text.HAL_IncTick
                0x08001c84       0x18 CMakeFiles/Unitree_M8010.elf.dir/Drivers/STM32F4xx_HAL_Driver/Src/stm32f4xx_hal.c.obj
                0x08001c84                HAL_IncTick
 .text.HAL_GetTick
                0x08001c9c        0xc CMakeFiles/Unitree_M8010.elf.dir/Drivers/STM32F4xx_HAL_Driver/Src/stm32f4xx_hal.c.obj
                0x08001c9c                HAL_GetTick
 .text.HAL_Delay
                0x08001ca8       0x28 CMakeFiles/Unitree_M8010.elf.dir/Drivers/STM32F4xx_HAL_Driver/Src/stm32f4xx_hal.c.obj
                0x08001ca8                HAL_Delay
 .text.HAL_NVIC_SetPriorityGrouping
                0x08001cd0       0x24 CMakeFiles/Unitree_M8010.elf.dir/Drivers/STM32F4xx_HAL_Driver/Src/stm32f4xx_hal_cortex.c.obj
                0x08001cd0                HAL_NVIC_SetPriorityGrouping
 .text.HAL_NVIC_SetPriority
                0x08001cf4       0x70 CMakeFiles/Unitree_M8010.elf.dir/Drivers/STM32F4xx_HAL_Driver/Src/stm32f4xx_hal_cortex.c.obj
                0x08001cf4                HAL_NVIC_SetPriority
 .text.HAL_NVIC_EnableIRQ
                0x08001d64       0x1c CMakeFiles/Unitree_M8010.elf.dir/Drivers/STM32F4xx_HAL_Driver/Src/stm32f4xx_hal_cortex.c.obj
                0x08001d64                HAL_NVIC_EnableIRQ
 .text.HAL_SYSTICK_Config
                0x08001d80       0x28 CMakeFiles/Unitree_M8010.elf.dir/Drivers/STM32F4xx_HAL_Driver/Src/stm32f4xx_hal_cortex.c.obj
                0x08001d80                HAL_SYSTICK_Config
 .text.DMA_SetConfig
                0x08001da8       0x2c CMakeFiles/Unitree_M8010.elf.dir/Drivers/STM32F4xx_HAL_Driver/Src/stm32f4xx_hal_dma.c.obj
 .text.DMA_CalcBaseAndBitshift
                0x08001dd4       0x40 CMakeFiles/Unitree_M8010.elf.dir/Drivers/STM32F4xx_HAL_Driver/Src/stm32f4xx_hal_dma.c.obj
 .text.DMA_CheckFifoParam
                0x08001e14       0x8e CMakeFiles/Unitree_M8010.elf.dir/Drivers/STM32F4xx_HAL_Driver/Src/stm32f4xx_hal_dma.c.obj
 *fill*         0x08001ea2        0x2 
 .text.HAL_DMA_Init
                0x08001ea4       0xcc CMakeFiles/Unitree_M8010.elf.dir/Drivers/STM32F4xx_HAL_Driver/Src/stm32f4xx_hal_dma.c.obj
                0x08001ea4                HAL_DMA_Init
 .text.HAL_DMA_Start_IT
                0x08001f70       0x6a CMakeFiles/Unitree_M8010.elf.dir/Drivers/STM32F4xx_HAL_Driver/Src/stm32f4xx_hal_dma.c.obj
                0x08001f70                HAL_DMA_Start_IT
 .text.HAL_DMA_Abort
                0x08001fda       0x94 CMakeFiles/Unitree_M8010.elf.dir/Drivers/STM32F4xx_HAL_Driver/Src/stm32f4xx_hal_dma.c.obj
                0x08001fda                HAL_DMA_Abort
 .text.HAL_DMA_Abort_IT
                0x0800206e       0x26 CMakeFiles/Unitree_M8010.elf.dir/Drivers/STM32F4xx_HAL_Driver/Src/stm32f4xx_hal_dma.c.obj
                0x0800206e                HAL_DMA_Abort_IT
 .text.HAL_DMA_IRQHandler
                0x08002094      0x1dc CMakeFiles/Unitree_M8010.elf.dir/Drivers/STM32F4xx_HAL_Driver/Src/stm32f4xx_hal_dma.c.obj
                0x08002094                HAL_DMA_IRQHandler
 .text.HAL_GPIO_Init
                0x08002270      0x1fc CMakeFiles/Unitree_M8010.elf.dir/Drivers/STM32F4xx_HAL_Driver/Src/stm32f4xx_hal_gpio.c.obj
                0x08002270                HAL_GPIO_Init
 .text.HAL_GPIO_WritePin
                0x0800246c        0xc CMakeFiles/Unitree_M8010.elf.dir/Drivers/STM32F4xx_HAL_Driver/Src/stm32f4xx_hal_gpio.c.obj
                0x0800246c                HAL_GPIO_WritePin
 .text.HAL_RCC_OscConfig
                0x08002478      0x3f8 CMakeFiles/Unitree_M8010.elf.dir/Drivers/STM32F4xx_HAL_Driver/Src/stm32f4xx_hal_rcc.c.obj
                0x08002478                HAL_RCC_OscConfig
 .text.HAL_RCC_GetSysClockFreq
                0x08002870       0xa4 CMakeFiles/Unitree_M8010.elf.dir/Drivers/STM32F4xx_HAL_Driver/Src/stm32f4xx_hal_rcc.c.obj
                0x08002870                HAL_RCC_GetSysClockFreq
 .text.HAL_RCC_ClockConfig
                0x08002914      0x160 CMakeFiles/Unitree_M8010.elf.dir/Drivers/STM32F4xx_HAL_Driver/Src/stm32f4xx_hal_rcc.c.obj
                0x08002914                HAL_RCC_ClockConfig
 .text.HAL_RCC_GetHCLKFreq
                0x08002a74        0xc CMakeFiles/Unitree_M8010.elf.dir/Drivers/STM32F4xx_HAL_Driver/Src/stm32f4xx_hal_rcc.c.obj
                0x08002a74                HAL_RCC_GetHCLKFreq
 .text.HAL_RCC_GetPCLK1Freq
                0x08002a80       0x20 CMakeFiles/Unitree_M8010.elf.dir/Drivers/STM32F4xx_HAL_Driver/Src/stm32f4xx_hal_rcc.c.obj
                0x08002a80                HAL_RCC_GetPCLK1Freq
 .text.HAL_RCC_GetPCLK2Freq
                0x08002aa0       0x20 CMakeFiles/Unitree_M8010.elf.dir/Drivers/STM32F4xx_HAL_Driver/Src/stm32f4xx_hal_rcc.c.obj
                0x08002aa0                HAL_RCC_GetPCLK2Freq
 .text.UART_EndTxTransfer
                0x08002ac0       0x20 CMakeFiles/Unitree_M8010.elf.dir/Drivers/STM32F4xx_HAL_Driver/Src/stm32f4xx_hal_uart.c.obj
 .text.UART_EndRxTransfer
                0x08002ae0       0x5c CMakeFiles/Unitree_M8010.elf.dir/Drivers/STM32F4xx_HAL_Driver/Src/stm32f4xx_hal_uart.c.obj
 .text.UART_Transmit_IT
                0x08002b3c       0x60 CMakeFiles/Unitree_M8010.elf.dir/Drivers/STM32F4xx_HAL_Driver/Src/stm32f4xx_hal_uart.c.obj
 .text.UART_SetConfig
                0x08002b9c      0x110 CMakeFiles/Unitree_M8010.elf.dir/Drivers/STM32F4xx_HAL_Driver/Src/stm32f4xx_hal_uart.c.obj
 .text.UART_WaitOnFlagUntilTimeout
                0x08002cac       0x88 CMakeFiles/Unitree_M8010.elf.dir/Drivers/STM32F4xx_HAL_Driver/Src/stm32f4xx_hal_uart.c.obj
 .text.HAL_UART_Init
                0x08002d34       0x5e CMakeFiles/Unitree_M8010.elf.dir/Drivers/STM32F4xx_HAL_Driver/Src/stm32f4xx_hal_uart.c.obj
                0x08002d34                HAL_UART_Init
 .text.HAL_UART_Transmit
                0x08002d92       0xd8 CMakeFiles/Unitree_M8010.elf.dir/Drivers/STM32F4xx_HAL_Driver/Src/stm32f4xx_hal_uart.c.obj
                0x08002d92                HAL_UART_Transmit
 .text.HAL_UART_Receive
                0x08002e6a       0xe4 CMakeFiles/Unitree_M8010.elf.dir/Drivers/STM32F4xx_HAL_Driver/Src/stm32f4xx_hal_uart.c.obj
                0x08002e6a                HAL_UART_Receive
 .text.HAL_UART_TxCpltCallback
                0x08002f4e        0x2 CMakeFiles/Unitree_M8010.elf.dir/Drivers/STM32F4xx_HAL_Driver/Src/stm32f4xx_hal_uart.c.obj
                0x08002f4e                HAL_UART_TxCpltCallback
 .text.UART_EndTransmit_IT
                0x08002f50       0x1a CMakeFiles/Unitree_M8010.elf.dir/Drivers/STM32F4xx_HAL_Driver/Src/stm32f4xx_hal_uart.c.obj
 .text.HAL_UART_RxCpltCallback
                0x08002f6a        0x2 CMakeFiles/Unitree_M8010.elf.dir/Drivers/STM32F4xx_HAL_Driver/Src/stm32f4xx_hal_uart.c.obj
                0x08002f6a                HAL_UART_RxCpltCallback
 .text.HAL_UART_RxHalfCpltCallback
                0x08002f6c        0x2 CMakeFiles/Unitree_M8010.elf.dir/Drivers/STM32F4xx_HAL_Driver/Src/stm32f4xx_hal_uart.c.obj
                0x08002f6c                HAL_UART_RxHalfCpltCallback
 .text.HAL_UART_ErrorCallback
                0x08002f6e        0x2 CMakeFiles/Unitree_M8010.elf.dir/Drivers/STM32F4xx_HAL_Driver/Src/stm32f4xx_hal_uart.c.obj
                0x08002f6e                HAL_UART_ErrorCallback
 .text.UART_DMAError
                0x08002f70       0x58 CMakeFiles/Unitree_M8010.elf.dir/Drivers/STM32F4xx_HAL_Driver/Src/stm32f4xx_hal_uart.c.obj
 .text.UART_DMAAbortOnError
                0x08002fc8       0x10 CMakeFiles/Unitree_M8010.elf.dir/Drivers/STM32F4xx_HAL_Driver/Src/stm32f4xx_hal_uart.c.obj
 .text.HAL_UARTEx_RxEventCallback
                0x08002fd8        0x2 CMakeFiles/Unitree_M8010.elf.dir/Drivers/STM32F4xx_HAL_Driver/Src/stm32f4xx_hal_uart.c.obj
                0x08002fd8                HAL_UARTEx_RxEventCallback
 .text.UART_Receive_IT
                0x08002fda       0xe2 CMakeFiles/Unitree_M8010.elf.dir/Drivers/STM32F4xx_HAL_Driver/Src/stm32f4xx_hal_uart.c.obj
 .text.HAL_UART_IRQHandler
                0x080030bc      0x280 CMakeFiles/Unitree_M8010.elf.dir/Drivers/STM32F4xx_HAL_Driver/Src/stm32f4xx_hal_uart.c.obj
                0x080030bc                HAL_UART_IRQHandler
 .text.UART_DMARxHalfCplt
                0x0800333c       0x1a CMakeFiles/Unitree_M8010.elf.dir/Drivers/STM32F4xx_HAL_Driver/Src/stm32f4xx_hal_uart.c.obj
 .text.UART_DMAReceiveCplt
                0x08003356       0x96 CMakeFiles/Unitree_M8010.elf.dir/Drivers/STM32F4xx_HAL_Driver/Src/stm32f4xx_hal_uart.c.obj
 .text.UART_Start_Receive_DMA
                0x080033ec       0xa8 CMakeFiles/Unitree_M8010.elf.dir/Drivers/STM32F4xx_HAL_Driver/Src/stm32f4xx_hal_uart.c.obj
                0x080033ec                UART_Start_Receive_DMA
 .text.HAL_UARTEx_ReceiveToIdle_DMA
                0x08003494       0x70 CMakeFiles/Unitree_M8010.elf.dir/Drivers/STM32F4xx_HAL_Driver/Src/stm32f4xx_hal_uart.c.obj
                0x08003494                HAL_UARTEx_ReceiveToIdle_DMA
 .text.crc_ccitt_byte
                0x08003504       0x14 CMakeFiles/Unitree_M8010.elf.dir/User/Unitree_SDK/GO-M8010-6.c.obj
 .text.crc_ccitt
                0x08003518       0x18 CMakeFiles/Unitree_M8010.elf.dir/User/Unitree_SDK/GO-M8010-6.c.obj
 .text.modify_data
                0x08003530      0x18c CMakeFiles/Unitree_M8010.elf.dir/User/Unitree_SDK/GO-M8010-6.c.obj
                0x08003530                modify_data
 .text.extract_data
                0x080036bc       0x94 CMakeFiles/Unitree_M8010.elf.dir/User/Unitree_SDK/GO-M8010-6.c.obj
                0x080036bc                extract_data
 .text.SERVO_Send_recv
                0x08003750       0x78 CMakeFiles/Unitree_M8010.elf.dir/User/Unitree_SDK/GO-M8010-6.c.obj
                0x08003750                SERVO_Send_recv
 .text.Unitree_init
                0x080037c8       0x38 CMakeFiles/Unitree_M8010.elf.dir/User/Unitree_SDK/Unitree_user.c.obj
                0x080037c8                Unitree_init
 .text.Unitree_UART_tranANDrev
                0x08003800       0x38 CMakeFiles/Unitree_M8010.elf.dir/User/Unitree_SDK/Unitree_user.c.obj
                0x08003800                Unitree_UART_tranANDrev
 .text.RetargetInit
                0x08003838       0x20 CMakeFiles/Unitree_M8010.elf.dir/User/retarget/retarget.c.obj
                0x08003838                RetargetInit
 .text._isatty  0x08003858       0x16 CMakeFiles/Unitree_M8010.elf.dir/User/retarget/retarget.c.obj
                0x08003858                _isatty
 *fill*         0x0800386e        0x2 
 .text._write   0x08003870       0x34 CMakeFiles/Unitree_M8010.elf.dir/User/retarget/retarget.c.obj
                0x08003870                _write
 .text._close   0x080038a4       0x18 CMakeFiles/Unitree_M8010.elf.dir/User/retarget/retarget.c.obj
                0x080038a4                _close
 .text._lseek   0x080038bc       0x10 CMakeFiles/Unitree_M8010.elf.dir/User/retarget/retarget.c.obj
                0x080038bc                _lseek
 .text._read    0x080038cc       0x30 CMakeFiles/Unitree_M8010.elf.dir/User/retarget/retarget.c.obj
                0x080038cc                _read
 .text._fstat   0x080038fc       0x1a CMakeFiles/Unitree_M8010.elf.dir/User/retarget/retarget.c.obj
                0x080038fc                _fstat
 *fill*         0x08003916        0x2 
 .text.__errno  0x08003918        0xc f:/environment/gnu arm embedded toolchain/10 2021.10/bin/../lib/gcc/arm-none-eabi/10.3.1/../../../../arm-none-eabi/lib/thumb/v7e-m/nofp\libg.a(lib_a-errno.o)
                0x08003918                __errno
 .text.__libc_init_array
                0x08003924       0x48 f:/environment/gnu arm embedded toolchain/10 2021.10/bin/../lib/gcc/arm-none-eabi/10.3.1/../../../../arm-none-eabi/lib/thumb/v7e-m/nofp\libg.a(lib_a-init.o)
                0x08003924                __libc_init_array
 .text.memset   0x0800396c       0xa4 f:/environment/gnu arm embedded toolchain/10 2021.10/bin/../lib/gcc/arm-none-eabi/10.3.1/../../../../arm-none-eabi/lib/thumb/v7e-m/nofp\libg.a(lib_a-memset.o)
                0x0800396c                memset
 .text.printf   0x08003a10       0x28 f:/environment/gnu arm embedded toolchain/10 2021.10/bin/../lib/gcc/arm-none-eabi/10.3.1/../../../../arm-none-eabi/lib/thumb/v7e-m/nofp\libg.a(lib_a-printf.o)
                0x08003a10                printf
 .text.setvbuf  0x08003a38      0x1b0 f:/environment/gnu arm embedded toolchain/10 2021.10/bin/../lib/gcc/arm-none-eabi/10.3.1/../../../../arm-none-eabi/lib/thumb/v7e-m/nofp\libg.a(lib_a-setvbuf.o)
                0x08003a38                setvbuf
 .text._vfprintf_r
                0x08003be8     0x1ad4 f:/environment/gnu arm embedded toolchain/10 2021.10/bin/../lib/gcc/arm-none-eabi/10.3.1/../../../../arm-none-eabi/lib/thumb/v7e-m/nofp\libg.a(lib_a-vfprintf.o)
                0x08003be8                _vfprintf_r
 .text.__sbprintf
                0x080056bc       0x80 f:/environment/gnu arm embedded toolchain/10 2021.10/bin/../lib/gcc/arm-none-eabi/10.3.1/../../../../arm-none-eabi/lib/thumb/v7e-m/nofp\libg.a(lib_a-vfprintf.o)
 .text.__swsetup_r
                0x0800573c       0xd4 f:/environment/gnu arm embedded toolchain/10 2021.10/bin/../lib/gcc/arm-none-eabi/10.3.1/../../../../arm-none-eabi/lib/thumb/v7e-m/nofp\libg.a(lib_a-wsetup.o)
                0x0800573c                __swsetup_r
 .text.startup.register_fini
                0x08005810       0x14 f:/environment/gnu arm embedded toolchain/10 2021.10/bin/../lib/gcc/arm-none-eabi/10.3.1/../../../../arm-none-eabi/lib/thumb/v7e-m/nofp\libg.a(lib_a-__call_atexit.o)
 .text.atexit   0x08005824        0xc f:/environment/gnu arm embedded toolchain/10 2021.10/bin/../lib/gcc/arm-none-eabi/10.3.1/../../../../arm-none-eabi/lib/thumb/v7e-m/nofp\libg.a(lib_a-atexit.o)
                0x08005824                atexit
 .text.quorem   0x08005830      0x124 f:/environment/gnu arm embedded toolchain/10 2021.10/bin/../lib/gcc/arm-none-eabi/10.3.1/../../../../arm-none-eabi/lib/thumb/v7e-m/nofp\libg.a(lib_a-dtoa.o)
 *fill*         0x08005954        0x4 
 .text._dtoa_r  0x08005958      0xec4 f:/environment/gnu arm embedded toolchain/10 2021.10/bin/../lib/gcc/arm-none-eabi/10.3.1/../../../../arm-none-eabi/lib/thumb/v7e-m/nofp\libg.a(lib_a-dtoa.o)
                0x08005958                _dtoa_r
 .text.__sflush_r
                0x0800681c      0x120 f:/environment/gnu arm embedded toolchain/10 2021.10/bin/../lib/gcc/arm-none-eabi/10.3.1/../../../../arm-none-eabi/lib/thumb/v7e-m/nofp\libg.a(lib_a-fflush.o)
                0x0800681c                __sflush_r
 .text._fflush_r
                0x0800693c       0x5c f:/environment/gnu arm embedded toolchain/10 2021.10/bin/../lib/gcc/arm-none-eabi/10.3.1/../../../../arm-none-eabi/lib/thumb/v7e-m/nofp\libg.a(lib_a-fflush.o)
                0x0800693c                _fflush_r
 .text._cleanup_r
                0x08006998        0xc f:/environment/gnu arm embedded toolchain/10 2021.10/bin/../lib/gcc/arm-none-eabi/10.3.1/../../../../arm-none-eabi/lib/thumb/v7e-m/nofp\libg.a(lib_a-findfp.o)
                0x08006998                _cleanup_r
 .text.__sinit  0x080069a4      0x10c f:/environment/gnu arm embedded toolchain/10 2021.10/bin/../lib/gcc/arm-none-eabi/10.3.1/../../../../arm-none-eabi/lib/thumb/v7e-m/nofp\libg.a(lib_a-findfp.o)
                0x080069a4                __sinit
 .text.__sfp_lock_acquire
                0x08006ab0        0xc f:/environment/gnu arm embedded toolchain/10 2021.10/bin/../lib/gcc/arm-none-eabi/10.3.1/../../../../arm-none-eabi/lib/thumb/v7e-m/nofp\libg.a(lib_a-findfp.o)
                0x08006ab0                __sfp_lock_acquire
 .text.__sfp_lock_release
                0x08006abc        0xc f:/environment/gnu arm embedded toolchain/10 2021.10/bin/../lib/gcc/arm-none-eabi/10.3.1/../../../../arm-none-eabi/lib/thumb/v7e-m/nofp\libg.a(lib_a-findfp.o)
                0x08006abc                __sfp_lock_release
 .text.__libc_fini_array
                0x08006ac8       0x2c f:/environment/gnu arm embedded toolchain/10 2021.10/bin/../lib/gcc/arm-none-eabi/10.3.1/../../../../arm-none-eabi/lib/thumb/v7e-m/nofp\libg.a(lib_a-fini.o)
                0x08006ac8                __libc_fini_array
 .text._malloc_trim_r
                0x08006af4       0xa0 f:/environment/gnu arm embedded toolchain/10 2021.10/bin/../lib/gcc/arm-none-eabi/10.3.1/../../../../arm-none-eabi/lib/thumb/v7e-m/nofp\libg.a(lib_a-freer.o)
                0x08006af4                _malloc_trim_r
 .text._free_r  0x08006b94      0x20c f:/environment/gnu arm embedded toolchain/10 2021.10/bin/../lib/gcc/arm-none-eabi/10.3.1/../../../../arm-none-eabi/lib/thumb/v7e-m/nofp\libg.a(lib_a-freer.o)
                0x08006b94                _free_r
 .text._fwalk_reent
                0x08006da0       0x48 f:/environment/gnu arm embedded toolchain/10 2021.10/bin/../lib/gcc/arm-none-eabi/10.3.1/../../../../arm-none-eabi/lib/thumb/v7e-m/nofp\libg.a(lib_a-fwalk.o)
                0x08006da0                _fwalk_reent
 .text._localeconv_r
                0x08006de8        0x8 f:/environment/gnu arm embedded toolchain/10 2021.10/bin/../lib/gcc/arm-none-eabi/10.3.1/../../../../arm-none-eabi/lib/thumb/v7e-m/nofp\libg.a(lib_a-localeconv.o)
                0x08006de8                _localeconv_r
 .text.__retarget_lock_init_recursive
                0x08006df0        0x4 f:/environment/gnu arm embedded toolchain/10 2021.10/bin/../lib/gcc/arm-none-eabi/10.3.1/../../../../arm-none-eabi/lib/thumb/v7e-m/nofp\libg.a(lib_a-lock.o)
                0x08006df0                __retarget_lock_init_recursive
 .text.__retarget_lock_close_recursive
                0x08006df4        0x4 f:/environment/gnu arm embedded toolchain/10 2021.10/bin/../lib/gcc/arm-none-eabi/10.3.1/../../../../arm-none-eabi/lib/thumb/v7e-m/nofp\libg.a(lib_a-lock.o)
                0x08006df4                __retarget_lock_close_recursive
 .text.__retarget_lock_acquire_recursive
                0x08006df8        0x4 f:/environment/gnu arm embedded toolchain/10 2021.10/bin/../lib/gcc/arm-none-eabi/10.3.1/../../../../arm-none-eabi/lib/thumb/v7e-m/nofp\libg.a(lib_a-lock.o)
                0x08006df8                __retarget_lock_acquire_recursive
 .text.__retarget_lock_release_recursive
                0x08006dfc        0x4 f:/environment/gnu arm embedded toolchain/10 2021.10/bin/../lib/gcc/arm-none-eabi/10.3.1/../../../../arm-none-eabi/lib/thumb/v7e-m/nofp\libg.a(lib_a-lock.o)
                0x08006dfc                __retarget_lock_release_recursive
 .text.__smakebuf_r
                0x08006e00       0xe0 f:/environment/gnu arm embedded toolchain/10 2021.10/bin/../lib/gcc/arm-none-eabi/10.3.1/../../../../arm-none-eabi/lib/thumb/v7e-m/nofp\libg.a(lib_a-makebuf.o)
                0x08006e00                __smakebuf_r
 .text.__swhatbuf_r
                0x08006ee0       0x60 f:/environment/gnu arm embedded toolchain/10 2021.10/bin/../lib/gcc/arm-none-eabi/10.3.1/../../../../arm-none-eabi/lib/thumb/v7e-m/nofp\libg.a(lib_a-makebuf.o)
                0x08006ee0                __swhatbuf_r
 .text.malloc   0x08006f40       0x10 f:/environment/gnu arm embedded toolchain/10 2021.10/bin/../lib/gcc/arm-none-eabi/10.3.1/../../../../arm-none-eabi/lib/thumb/v7e-m/nofp\libg.a(lib_a-malloc.o)
                0x08006f40                malloc
 .text._malloc_r
                0x08006f50      0x560 f:/environment/gnu arm embedded toolchain/10 2021.10/bin/../lib/gcc/arm-none-eabi/10.3.1/../../../../arm-none-eabi/lib/thumb/v7e-m/nofp\libg.a(lib_a-mallocr.o)
                0x08006f50                _malloc_r
 .text.__malloc_lock
                0x080074b0        0xc f:/environment/gnu arm embedded toolchain/10 2021.10/bin/../lib/gcc/arm-none-eabi/10.3.1/../../../../arm-none-eabi/lib/thumb/v7e-m/nofp\libg.a(lib_a-mlock.o)
                0x080074b0                __malloc_lock
 .text.__malloc_unlock
                0x080074bc        0xc f:/environment/gnu arm embedded toolchain/10 2021.10/bin/../lib/gcc/arm-none-eabi/10.3.1/../../../../arm-none-eabi/lib/thumb/v7e-m/nofp\libg.a(lib_a-mlock.o)
                0x080074bc                __malloc_unlock
 .text._Balloc  0x080074c8       0x4c f:/environment/gnu arm embedded toolchain/10 2021.10/bin/../lib/gcc/arm-none-eabi/10.3.1/../../../../arm-none-eabi/lib/thumb/v7e-m/nofp\libg.a(lib_a-mprec.o)
                0x080074c8                _Balloc
 .text._Bfree   0x08007514       0x14 f:/environment/gnu arm embedded toolchain/10 2021.10/bin/../lib/gcc/arm-none-eabi/10.3.1/../../../../arm-none-eabi/lib/thumb/v7e-m/nofp\libg.a(lib_a-mprec.o)
                0x08007514                _Bfree
 .text.__multadd
                0x08007528       0xa0 f:/environment/gnu arm embedded toolchain/10 2021.10/bin/../lib/gcc/arm-none-eabi/10.3.1/../../../../arm-none-eabi/lib/thumb/v7e-m/nofp\libg.a(lib_a-mprec.o)
                0x08007528                __multadd
 .text.__hi0bits
                0x080075c8       0x40 f:/environment/gnu arm embedded toolchain/10 2021.10/bin/../lib/gcc/arm-none-eabi/10.3.1/../../../../arm-none-eabi/lib/thumb/v7e-m/nofp\libg.a(lib_a-mprec.o)
                0x080075c8                __hi0bits
 .text.__lo0bits
                0x08007608       0x5c f:/environment/gnu arm embedded toolchain/10 2021.10/bin/../lib/gcc/arm-none-eabi/10.3.1/../../../../arm-none-eabi/lib/thumb/v7e-m/nofp\libg.a(lib_a-mprec.o)
                0x08007608                __lo0bits
 .text.__i2b    0x08007664       0x5c f:/environment/gnu arm embedded toolchain/10 2021.10/bin/../lib/gcc/arm-none-eabi/10.3.1/../../../../arm-none-eabi/lib/thumb/v7e-m/nofp\libg.a(lib_a-mprec.o)
                0x08007664                __i2b
 .text.__multiply
                0x080076c0      0x15c f:/environment/gnu arm embedded toolchain/10 2021.10/bin/../lib/gcc/arm-none-eabi/10.3.1/../../../../arm-none-eabi/lib/thumb/v7e-m/nofp\libg.a(lib_a-mprec.o)
                0x080076c0                __multiply
 .text.__pow5mult
                0x0800781c       0xc0 f:/environment/gnu arm embedded toolchain/10 2021.10/bin/../lib/gcc/arm-none-eabi/10.3.1/../../../../arm-none-eabi/lib/thumb/v7e-m/nofp\libg.a(lib_a-mprec.o)
                0x0800781c                __pow5mult
 .text.__lshift
                0x080078dc       0xf0 f:/environment/gnu arm embedded toolchain/10 2021.10/bin/../lib/gcc/arm-none-eabi/10.3.1/../../../../arm-none-eabi/lib/thumb/v7e-m/nofp\libg.a(lib_a-mprec.o)
                0x080078dc                __lshift
 .text.__mcmp   0x080079cc       0x40 f:/environment/gnu arm embedded toolchain/10 2021.10/bin/../lib/gcc/arm-none-eabi/10.3.1/../../../../arm-none-eabi/lib/thumb/v7e-m/nofp\libg.a(lib_a-mprec.o)
                0x080079cc                __mcmp
 .text.__mdiff  0x08007a0c      0x14c f:/environment/gnu arm embedded toolchain/10 2021.10/bin/../lib/gcc/arm-none-eabi/10.3.1/../../../../arm-none-eabi/lib/thumb/v7e-m/nofp\libg.a(lib_a-mprec.o)
                0x08007a0c                __mdiff
 .text.__d2b    0x08007b58       0xc4 f:/environment/gnu arm embedded toolchain/10 2021.10/bin/../lib/gcc/arm-none-eabi/10.3.1/../../../../arm-none-eabi/lib/thumb/v7e-m/nofp\libg.a(lib_a-mprec.o)
                0x08007b58                __d2b
 .text.frexp    0x08007c1c       0x70 f:/environment/gnu arm embedded toolchain/10 2021.10/bin/../lib/gcc/arm-none-eabi/10.3.1/../../../../arm-none-eabi/lib/thumb/v7e-m/nofp\libg.a(lib_a-s_frexp.o)
                0x08007c1c                frexp
 .text._sbrk_r  0x08007c8c       0x24 f:/environment/gnu arm embedded toolchain/10 2021.10/bin/../lib/gcc/arm-none-eabi/10.3.1/../../../../arm-none-eabi/lib/thumb/v7e-m/nofp\libg.a(lib_a-sbrkr.o)
                0x08007c8c                _sbrk_r
 .text.__sread  0x08007cb0       0x24 f:/environment/gnu arm embedded toolchain/10 2021.10/bin/../lib/gcc/arm-none-eabi/10.3.1/../../../../arm-none-eabi/lib/thumb/v7e-m/nofp\libg.a(lib_a-stdio.o)
                0x08007cb0                __sread
 .text.__swrite
                0x08007cd4       0x40 f:/environment/gnu arm embedded toolchain/10 2021.10/bin/../lib/gcc/arm-none-eabi/10.3.1/../../../../arm-none-eabi/lib/thumb/v7e-m/nofp\libg.a(lib_a-stdio.o)
                0x08007cd4                __swrite
 .text.__sseek  0x08007d14       0x20 f:/environment/gnu arm embedded toolchain/10 2021.10/bin/../lib/gcc/arm-none-eabi/10.3.1/../../../../arm-none-eabi/lib/thumb/v7e-m/nofp\libg.a(lib_a-stdio.o)
                0x08007d14                __sseek
 .text.__sclose
                0x08007d34        0x8 f:/environment/gnu arm embedded toolchain/10 2021.10/bin/../lib/gcc/arm-none-eabi/10.3.1/../../../../arm-none-eabi/lib/thumb/v7e-m/nofp\libg.a(lib_a-stdio.o)
                0x08007d34                __sclose
 .text.strncpy  0x08007d3c       0x64 f:/environment/gnu arm embedded toolchain/10 2021.10/bin/../lib/gcc/arm-none-eabi/10.3.1/../../../../arm-none-eabi/lib/thumb/v7e-m/nofp\libg.a(lib_a-strncpy.o)
                0x08007d3c                strncpy
 .text.__sprint_r.part.0
                0x08007da0       0x78 f:/environment/gnu arm embedded toolchain/10 2021.10/bin/../lib/gcc/arm-none-eabi/10.3.1/../../../../arm-none-eabi/lib/thumb/v7e-m/nofp\libg.a(lib_a-vfiprintf.o)
 .text.__sprint_r
                0x08007e18       0x14 f:/environment/gnu arm embedded toolchain/10 2021.10/bin/../lib/gcc/arm-none-eabi/10.3.1/../../../../arm-none-eabi/lib/thumb/v7e-m/nofp\libg.a(lib_a-vfiprintf.o)
                0x08007e18                __sprint_r
 .text._vfiprintf_r
                0x08007e2c      0xda0 f:/environment/gnu arm embedded toolchain/10 2021.10/bin/../lib/gcc/arm-none-eabi/10.3.1/../../../../arm-none-eabi/lib/thumb/v7e-m/nofp\libg.a(lib_a-vfiprintf.o)
                0x08007e2c                _vfiprintf_r
 .text.__sbprintf
                0x08008bcc       0x80 f:/environment/gnu arm embedded toolchain/10 2021.10/bin/../lib/gcc/arm-none-eabi/10.3.1/../../../../arm-none-eabi/lib/thumb/v7e-m/nofp\libg.a(lib_a-vfiprintf.o)
 .text._write_r
                0x08008c4c       0x2c f:/environment/gnu arm embedded toolchain/10 2021.10/bin/../lib/gcc/arm-none-eabi/10.3.1/../../../../arm-none-eabi/lib/thumb/v7e-m/nofp\libg.a(lib_a-writer.o)
                0x08008c4c                _write_r
 .text.__register_exitproc
                0x08008c78       0x8c f:/environment/gnu arm embedded toolchain/10 2021.10/bin/../lib/gcc/arm-none-eabi/10.3.1/../../../../arm-none-eabi/lib/thumb/v7e-m/nofp\libg.a(lib_a-__atexit.o)
                0x08008c78                __register_exitproc
 .text.__assert_func
                0x08008d04       0x40 f:/environment/gnu arm embedded toolchain/10 2021.10/bin/../lib/gcc/arm-none-eabi/10.3.1/../../../../arm-none-eabi/lib/thumb/v7e-m/nofp\libg.a(lib_a-assert.o)
                0x08008d04                __assert_func
 .text._calloc_r
                0x08008d44       0x78 f:/environment/gnu arm embedded toolchain/10 2021.10/bin/../lib/gcc/arm-none-eabi/10.3.1/../../../../arm-none-eabi/lib/thumb/v7e-m/nofp\libg.a(lib_a-callocr.o)
                0x08008d44                _calloc_r
 .text._close_r
                0x08008dbc       0x24 f:/environment/gnu arm embedded toolchain/10 2021.10/bin/../lib/gcc/arm-none-eabi/10.3.1/../../../../arm-none-eabi/lib/thumb/v7e-m/nofp\libg.a(lib_a-closer.o)
                0x08008dbc                _close_r
 .text._fclose_r
                0x08008de0       0xcc f:/environment/gnu arm embedded toolchain/10 2021.10/bin/../lib/gcc/arm-none-eabi/10.3.1/../../../../arm-none-eabi/lib/thumb/v7e-m/nofp\libg.a(lib_a-fclose.o)
                0x08008de0                _fclose_r
 .text.fiprintf
                0x08008eac       0x28 f:/environment/gnu arm embedded toolchain/10 2021.10/bin/../lib/gcc/arm-none-eabi/10.3.1/../../../../arm-none-eabi/lib/thumb/v7e-m/nofp\libg.a(lib_a-fiprintf.o)
                0x08008eac                fiprintf
 .text.__fputwc
                0x08008ed4       0xa8 f:/environment/gnu arm embedded toolchain/10 2021.10/bin/../lib/gcc/arm-none-eabi/10.3.1/../../../../arm-none-eabi/lib/thumb/v7e-m/nofp\libg.a(lib_a-fputwc.o)
                0x08008ed4                __fputwc
 .text._fputwc_r
                0x08008f7c       0x68 f:/environment/gnu arm embedded toolchain/10 2021.10/bin/../lib/gcc/arm-none-eabi/10.3.1/../../../../arm-none-eabi/lib/thumb/v7e-m/nofp\libg.a(lib_a-fputwc.o)
                0x08008f7c                _fputwc_r
 .text._fstat_r
                0x08008fe4       0x2c f:/environment/gnu arm embedded toolchain/10 2021.10/bin/../lib/gcc/arm-none-eabi/10.3.1/../../../../arm-none-eabi/lib/thumb/v7e-m/nofp\libg.a(lib_a-fstatr.o)
                0x08008fe4                _fstat_r
 .text.__sfvwrite_r
                0x08009010      0x2e8 f:/environment/gnu arm embedded toolchain/10 2021.10/bin/../lib/gcc/arm-none-eabi/10.3.1/../../../../arm-none-eabi/lib/thumb/v7e-m/nofp\libg.a(lib_a-fvwrite.o)
                0x08009010                __sfvwrite_r
 .text._isatty_r
                0x080092f8       0x24 f:/environment/gnu arm embedded toolchain/10 2021.10/bin/../lib/gcc/arm-none-eabi/10.3.1/../../../../arm-none-eabi/lib/thumb/v7e-m/nofp\libg.a(lib_a-isattyr.o)
                0x080092f8                _isatty_r
 .text.__locale_mb_cur_max
                0x0800931c        0xc f:/environment/gnu arm embedded toolchain/10 2021.10/bin/../lib/gcc/arm-none-eabi/10.3.1/../../../../arm-none-eabi/lib/thumb/v7e-m/nofp\libg.a(lib_a-locale.o)
                0x0800931c                __locale_mb_cur_max
 .text._lseek_r
                0x08009328       0x2c f:/environment/gnu arm embedded toolchain/10 2021.10/bin/../lib/gcc/arm-none-eabi/10.3.1/../../../../arm-none-eabi/lib/thumb/v7e-m/nofp\libg.a(lib_a-lseekr.o)
                0x08009328                _lseek_r
 .text.__ascii_mbtowc
                0x08009354       0x2c f:/environment/gnu arm embedded toolchain/10 2021.10/bin/../lib/gcc/arm-none-eabi/10.3.1/../../../../arm-none-eabi/lib/thumb/v7e-m/nofp\libg.a(lib_a-mbtowc_r.o)
                0x08009354                __ascii_mbtowc
 .text.memmove  0x08009380       0xf8 f:/environment/gnu arm embedded toolchain/10 2021.10/bin/../lib/gcc/arm-none-eabi/10.3.1/../../../../arm-none-eabi/lib/thumb/v7e-m/nofp\libg.a(lib_a-memmove.o)
                0x08009380                memmove
 .text._read_r  0x08009478       0x2c f:/environment/gnu arm embedded toolchain/10 2021.10/bin/../lib/gcc/arm-none-eabi/10.3.1/../../../../arm-none-eabi/lib/thumb/v7e-m/nofp\libg.a(lib_a-readr.o)
                0x08009478                _read_r
 .text._realloc_r
                0x080094a4      0x3d8 f:/environment/gnu arm embedded toolchain/10 2021.10/bin/../lib/gcc/arm-none-eabi/10.3.1/../../../../arm-none-eabi/lib/thumb/v7e-m/nofp\libg.a(lib_a-reallocr.o)
                0x080094a4                _realloc_r
 .text.__swbuf_r
                0x0800987c       0xb0 f:/environment/gnu arm embedded toolchain/10 2021.10/bin/../lib/gcc/arm-none-eabi/10.3.1/../../../../arm-none-eabi/lib/thumb/v7e-m/nofp\libg.a(lib_a-wbuf.o)
                0x0800987c                __swbuf_r
 .text._wcrtomb_r
                0x0800992c       0x3c f:/environment/gnu arm embedded toolchain/10 2021.10/bin/../lib/gcc/arm-none-eabi/10.3.1/../../../../arm-none-eabi/lib/thumb/v7e-m/nofp\libg.a(lib_a-wcrtomb.o)
                0x0800992c                _wcrtomb_r
 .text.__ascii_wctomb
                0x08009968       0x1c f:/environment/gnu arm embedded toolchain/10 2021.10/bin/../lib/gcc/arm-none-eabi/10.3.1/../../../../arm-none-eabi/lib/thumb/v7e-m/nofp\libg.a(lib_a-wctomb_r.o)
                0x08009968                __ascii_wctomb
 .text.abort    0x08009984       0x10 f:/environment/gnu arm embedded toolchain/10 2021.10/bin/../lib/gcc/arm-none-eabi/10.3.1/../../../../arm-none-eabi/lib/thumb/v7e-m/nofp\libg.a(lib_a-abort.o)
                0x08009984                abort
 .text.raise    0x08009994       0x5c f:/environment/gnu arm embedded toolchain/10 2021.10/bin/../lib/gcc/arm-none-eabi/10.3.1/../../../../arm-none-eabi/lib/thumb/v7e-m/nofp\libg.a(lib_a-signal.o)
                0x08009994                raise
 .text._kill_r  0x080099f0       0x2c f:/environment/gnu arm embedded toolchain/10 2021.10/bin/../lib/gcc/arm-none-eabi/10.3.1/../../../../arm-none-eabi/lib/thumb/v7e-m/nofp\libg.a(lib_a-signalr.o)
                0x080099f0                _kill_r
 .text._getpid_r
                0x08009a1c        0x4 f:/environment/gnu arm embedded toolchain/10 2021.10/bin/../lib/gcc/arm-none-eabi/10.3.1/../../../../arm-none-eabi/lib/thumb/v7e-m/nofp\libg.a(lib_a-signalr.o)
                0x08009a1c                _getpid_r
 *(.glue_7)
 .glue_7        0x08009a20        0x0 linker stubs
 *(.glue_7t)
 .glue_7t       0x08009a20        0x0 linker stubs
 *(.eh_frame)
 .eh_frame      0x08009a20        0x0 f:/environment/gnu arm embedded toolchain/10 2021.10/bin/../lib/gcc/arm-none-eabi/10.3.1/thumb/v7e-m/nofp/crtbegin.o
 *(.init)
 .init          0x08009a20        0x4 f:/environment/gnu arm embedded toolchain/10 2021.10/bin/../lib/gcc/arm-none-eabi/10.3.1/thumb/v7e-m/nofp/crti.o
                0x08009a20                _init
 .init          0x08009a24        0x8 f:/environment/gnu arm embedded toolchain/10 2021.10/bin/../lib/gcc/arm-none-eabi/10.3.1/thumb/v7e-m/nofp/crtn.o
 *(.fini)
 .fini          0x08009a2c        0x4 f:/environment/gnu arm embedded toolchain/10 2021.10/bin/../lib/gcc/arm-none-eabi/10.3.1/thumb/v7e-m/nofp/crti.o
                0x08009a2c                _fini
 .fini          0x08009a30        0x8 f:/environment/gnu arm embedded toolchain/10 2021.10/bin/../lib/gcc/arm-none-eabi/10.3.1/thumb/v7e-m/nofp/crtn.o
                0x08009a38                . = ALIGN (0x4)
                0x08009a38                _etext = .

.vfp11_veneer   0x08009a38        0x0
 .vfp11_veneer  0x08009a38        0x0 linker stubs

.v4_bx          0x08009a38        0x0
 .v4_bx         0x08009a38        0x0 linker stubs

.iplt           0x08009a38        0x0
 .iplt          0x08009a38        0x0 f:/environment/gnu arm embedded toolchain/10 2021.10/bin/../lib/gcc/arm-none-eabi/10.3.1/thumb/v7e-m/nofp/crtbegin.o

.rodata         0x08009a38      0x630
                0x08009a38                . = ALIGN (0x4)
 *(.rodata)
 *(.rodata*)
 .rodata.main.str1.4
                0x08009a38       0x10 CMakeFiles/Unitree_M8010.elf.dir/Core/Src/main.c.obj
 .rodata.AHBPrescTable
                0x08009a48       0x10 CMakeFiles/Unitree_M8010.elf.dir/Core/Src/system_stm32f4xx.c.obj
                0x08009a48                AHBPrescTable
 .rodata.APBPrescTable
                0x08009a58        0x8 CMakeFiles/Unitree_M8010.elf.dir/Core/Src/system_stm32f4xx.c.obj
                0x08009a58                APBPrescTable
 .rodata.flagBitshiftOffset.0
                0x08009a60        0x8 CMakeFiles/Unitree_M8010.elf.dir/Drivers/STM32F4xx_HAL_Driver/Src/stm32f4xx_hal_dma.c.obj
 .rodata.crc_ccitt_table
                0x08009a68      0x200 CMakeFiles/Unitree_M8010.elf.dir/User/Unitree_SDK/GO-M8010-6.c.obj
                0x08009a68                crc_ccitt_table
 .rodata._global_impure_ptr
                0x08009c68        0x4 f:/environment/gnu arm embedded toolchain/10 2021.10/bin/../lib/gcc/arm-none-eabi/10.3.1/../../../../arm-none-eabi/lib/thumb/v7e-m/nofp\libg.a(lib_a-impure.o)
                0x08009c68                _global_impure_ptr
 .rodata._vfprintf_r.str1.4
                0x08009c6c       0x42 f:/environment/gnu arm embedded toolchain/10 2021.10/bin/../lib/gcc/arm-none-eabi/10.3.1/../../../../arm-none-eabi/lib/thumb/v7e-m/nofp\libg.a(lib_a-vfprintf.o)
 *fill*         0x08009cae        0x2 
 .rodata.blanks.1
                0x08009cb0       0x10 f:/environment/gnu arm embedded toolchain/10 2021.10/bin/../lib/gcc/arm-none-eabi/10.3.1/../../../../arm-none-eabi/lib/thumb/v7e-m/nofp\libg.a(lib_a-vfprintf.o)
 .rodata.zeroes.0
                0x08009cc0       0x10 f:/environment/gnu arm embedded toolchain/10 2021.10/bin/../lib/gcc/arm-none-eabi/10.3.1/../../../../arm-none-eabi/lib/thumb/v7e-m/nofp\libg.a(lib_a-vfprintf.o)
 .rodata._dtoa_r.str1.4
                0x08009cd0       0xa2 f:/environment/gnu arm embedded toolchain/10 2021.10/bin/../lib/gcc/arm-none-eabi/10.3.1/../../../../arm-none-eabi/lib/thumb/v7e-m/nofp\libg.a(lib_a-dtoa.o)
                                 0xa6 (size before relaxing)
 *fill*         0x08009d72        0x2 
 .rodata.__multadd.str1.4
                0x08009d74       0x7f f:/environment/gnu arm embedded toolchain/10 2021.10/bin/../lib/gcc/arm-none-eabi/10.3.1/../../../../arm-none-eabi/lib/thumb/v7e-m/nofp\libg.a(lib_a-mprec.o)
                                 0x93 (size before relaxing)
 *fill*         0x08009df3        0x5 
 .rodata.__mprec_bigtens
                0x08009df8       0x28 f:/environment/gnu arm embedded toolchain/10 2021.10/bin/../lib/gcc/arm-none-eabi/10.3.1/../../../../arm-none-eabi/lib/thumb/v7e-m/nofp\libg.a(lib_a-mprec.o)
                0x08009df8                __mprec_bigtens
 .rodata.__mprec_tens
                0x08009e20       0xc8 f:/environment/gnu arm embedded toolchain/10 2021.10/bin/../lib/gcc/arm-none-eabi/10.3.1/../../../../arm-none-eabi/lib/thumb/v7e-m/nofp\libg.a(lib_a-mprec.o)
                0x08009e20                __mprec_tens
 .rodata.p05.0  0x08009ee8        0xc f:/environment/gnu arm embedded toolchain/10 2021.10/bin/../lib/gcc/arm-none-eabi/10.3.1/../../../../arm-none-eabi/lib/thumb/v7e-m/nofp\libg.a(lib_a-mprec.o)
 .rodata._vfiprintf_r.str1.4
                0x08009ef4       0x2f f:/environment/gnu arm embedded toolchain/10 2021.10/bin/../lib/gcc/arm-none-eabi/10.3.1/../../../../arm-none-eabi/lib/thumb/v7e-m/nofp\libg.a(lib_a-vfiprintf.o)
 .rodata.blanks.1
                0x08009ef4       0x10 f:/environment/gnu arm embedded toolchain/10 2021.10/bin/../lib/gcc/arm-none-eabi/10.3.1/../../../../arm-none-eabi/lib/thumb/v7e-m/nofp\libg.a(lib_a-vfiprintf.o)
 .rodata.zeroes.0
                0x08009f04       0x10 f:/environment/gnu arm embedded toolchain/10 2021.10/bin/../lib/gcc/arm-none-eabi/10.3.1/../../../../arm-none-eabi/lib/thumb/v7e-m/nofp\libg.a(lib_a-vfiprintf.o)
 .rodata.__assert_func.str1.4
                0x08009f14       0x3f f:/environment/gnu arm embedded toolchain/10 2021.10/bin/../lib/gcc/arm-none-eabi/10.3.1/../../../../arm-none-eabi/lib/thumb/v7e-m/nofp\libg.a(lib_a-assert.o)
                                 0x43 (size before relaxing)
 *fill*         0x08009f53        0x1 
 .rodata._setlocale_r.str1.4
                0x08009f54        0xa f:/environment/gnu arm embedded toolchain/10 2021.10/bin/../lib/gcc/arm-none-eabi/10.3.1/../../../../arm-none-eabi/lib/thumb/v7e-m/nofp\libg.a(lib_a-locale.o)
                                  0xd (size before relaxing)
 *fill*         0x08009f5e        0x2 
 .rodata.str1.4
                0x08009f60        0x2 f:/environment/gnu arm embedded toolchain/10 2021.10/bin/../lib/gcc/arm-none-eabi/10.3.1/../../../../arm-none-eabi/lib/thumb/v7e-m/nofp\libg.a(lib_a-locale.o)
 *fill*         0x08009f62        0x2 
 .rodata._ctype_
                0x08009f64      0x101 f:/environment/gnu arm embedded toolchain/10 2021.10/bin/../lib/gcc/arm-none-eabi/10.3.1/../../../../arm-none-eabi/lib/thumb/v7e-m/nofp\libg.a(lib_a-ctype_.o)
                0x08009f64                _ctype_
                0x0800a068                . = ALIGN (0x4)
 *fill*         0x0800a065        0x3 

.ARM.extab      0x0800a068        0x0
                0x0800a068                . = ALIGN (0x4)
 *(.ARM.extab* .gnu.linkonce.armextab.*)
                0x0800a068                . = ALIGN (0x4)

.ARM            0x0800a068        0x8
                0x0800a068                . = ALIGN (0x4)
                0x0800a068                __exidx_start = .
 *(.ARM.exidx*)
 .ARM.exidx     0x0800a068        0x8 f:/environment/gnu arm embedded toolchain/10 2021.10/bin/../lib/gcc/arm-none-eabi/10.3.1/thumb/v7e-m/nofp\libgcc.a(_udivmoddi4.o)
                0x0800a070                __exidx_end = .
                0x0800a070                . = ALIGN (0x4)

.rel.dyn        0x0800a070        0x0
 .rel.iplt      0x0800a070        0x0 f:/environment/gnu arm embedded toolchain/10 2021.10/bin/../lib/gcc/arm-none-eabi/10.3.1/thumb/v7e-m/nofp/crtbegin.o

.preinit_array  0x0800a070        0x0
                0x0800a070                . = ALIGN (0x4)
                0x0800a070                PROVIDE (__preinit_array_start = .)
 *(.preinit_array*)
                0x0800a070                PROVIDE (__preinit_array_end = .)
                0x0800a070                . = ALIGN (0x4)

.init_array     0x0800a070        0x8
                0x0800a070                . = ALIGN (0x4)
                0x0800a070                PROVIDE (__init_array_start = .)
 *(SORT_BY_NAME(.init_array.*))
 .init_array.00000
                0x0800a070        0x4 f:/environment/gnu arm embedded toolchain/10 2021.10/bin/../lib/gcc/arm-none-eabi/10.3.1/../../../../arm-none-eabi/lib/thumb/v7e-m/nofp\libg.a(lib_a-__call_atexit.o)
 *(.init_array*)
 .init_array    0x0800a074        0x4 f:/environment/gnu arm embedded toolchain/10 2021.10/bin/../lib/gcc/arm-none-eabi/10.3.1/thumb/v7e-m/nofp/crtbegin.o
                0x0800a078                PROVIDE (__init_array_end = .)
                0x0800a078                . = ALIGN (0x4)

.fini_array     0x0800a078        0x4
                0x0800a078                . = ALIGN (0x4)
                0x0800a078                PROVIDE (__fini_array_start = .)
 *(SORT_BY_NAME(.fini_array.*))
 *(.fini_array*)
 .fini_array    0x0800a078        0x4 f:/environment/gnu arm embedded toolchain/10 2021.10/bin/../lib/gcc/arm-none-eabi/10.3.1/thumb/v7e-m/nofp/crtbegin.o
                0x0800a07c                PROVIDE (__fini_array_end = .)
                0x0800a07c                . = ALIGN (0x4)
                0x0800a07c                _sidata = LOADADDR (.data)

.data           0x20000000      0x9b8 load address 0x0800a07c
                0x20000000                . = ALIGN (0x4)
                0x20000000                _sdata = .
 *(.data)
 *(.data*)
 .data.SystemCoreClock
                0x20000000        0x4 CMakeFiles/Unitree_M8010.elf.dir/Core/Src/system_stm32f4xx.c.obj
                0x20000000                SystemCoreClock
 .data.uwTickFreq
                0x20000004        0x1 CMakeFiles/Unitree_M8010.elf.dir/Drivers/STM32F4xx_HAL_Driver/Src/stm32f4xx_hal.c.obj
                0x20000004                uwTickFreq
 *fill*         0x20000005        0x3 
 .data.uwTickPrio
                0x20000008        0x4 CMakeFiles/Unitree_M8010.elf.dir/Drivers/STM32F4xx_HAL_Driver/Src/stm32f4xx_hal.c.obj
                0x20000008                uwTickPrio
 .data._impure_ptr
                0x2000000c        0x4 f:/environment/gnu arm embedded toolchain/10 2021.10/bin/../lib/gcc/arm-none-eabi/10.3.1/../../../../arm-none-eabi/lib/thumb/v7e-m/nofp\libg.a(lib_a-impure.o)
                0x2000000c                _impure_ptr
 .data.impure_data
                0x20000010      0x428 f:/environment/gnu arm embedded toolchain/10 2021.10/bin/../lib/gcc/arm-none-eabi/10.3.1/../../../../arm-none-eabi/lib/thumb/v7e-m/nofp\libg.a(lib_a-impure.o)
 .data.__atexit_recursive_mutex
                0x20000438        0x4 f:/environment/gnu arm embedded toolchain/10 2021.10/bin/../lib/gcc/arm-none-eabi/10.3.1/../../../../arm-none-eabi/lib/thumb/v7e-m/nofp\libg.a(lib_a-__call_atexit.o)
                0x20000438                __atexit_recursive_mutex
 .data.__malloc_av_
                0x2000043c      0x408 f:/environment/gnu arm embedded toolchain/10 2021.10/bin/../lib/gcc/arm-none-eabi/10.3.1/../../../../arm-none-eabi/lib/thumb/v7e-m/nofp\libg.a(lib_a-mallocr.o)
                0x2000043c                __malloc_av_
 .data.__malloc_sbrk_base
                0x20000844        0x4 f:/environment/gnu arm embedded toolchain/10 2021.10/bin/../lib/gcc/arm-none-eabi/10.3.1/../../../../arm-none-eabi/lib/thumb/v7e-m/nofp\libg.a(lib_a-mallocr.o)
                0x20000844                __malloc_sbrk_base
 .data.__malloc_trim_threshold
                0x20000848        0x4 f:/environment/gnu arm embedded toolchain/10 2021.10/bin/../lib/gcc/arm-none-eabi/10.3.1/../../../../arm-none-eabi/lib/thumb/v7e-m/nofp\libg.a(lib_a-mallocr.o)
                0x20000848                __malloc_trim_threshold
 .data.__global_locale
                0x2000084c      0x16c f:/environment/gnu arm embedded toolchain/10 2021.10/bin/../lib/gcc/arm-none-eabi/10.3.1/../../../../arm-none-eabi/lib/thumb/v7e-m/nofp\libg.a(lib_a-locale.o)
                0x2000084c                __global_locale
 *(.RamFunc)
 *(.RamFunc*)
                0x200009b8                . = ALIGN (0x4)
                0x200009b8                _edata = .
                0x0800aa34                _siccmram = LOADADDR (.ccmram)

.igot.plt       0x200009b8        0x0 load address 0x0800aa34
 .igot.plt      0x200009b8        0x0 f:/environment/gnu arm embedded toolchain/10 2021.10/bin/../lib/gcc/arm-none-eabi/10.3.1/thumb/v7e-m/nofp/crtbegin.o

.ccmram         0x10000000        0x0 load address 0x0800aa34
                0x10000000                . = ALIGN (0x4)
                0x10000000                _sccmram = .
 *(.ccmram)
 *(.ccmram*)
                0x10000000                . = ALIGN (0x4)
                0x10000000                _eccmram = .
                0x10000000                . = ALIGN (0x4)

.bss            0x200009b8      0x1d4
                0x200009b8                _sbss = .
                0x200009b8                __bss_start__ = _sbss
 *(.bss)
 .bss           0x200009b8       0x1c f:/environment/gnu arm embedded toolchain/10 2021.10/bin/../lib/gcc/arm-none-eabi/10.3.1/thumb/v7e-m/nofp/crtbegin.o
 *(.bss*)
 .bss.__sbrk_heap_end
                0x200009d4        0x4 CMakeFiles/Unitree_M8010.elf.dir/Core/Src/sysmem.c.obj
 .bss.hdma_usart6_rx
                0x200009d8       0x60 CMakeFiles/Unitree_M8010.elf.dir/Core/Src/usart.c.obj
                0x200009d8                hdma_usart6_rx
 .bss.huart6    0x20000a38       0x44 CMakeFiles/Unitree_M8010.elf.dir/Core/Src/usart.c.obj
                0x20000a38                huart6
 .bss.huart8    0x20000a7c       0x44 CMakeFiles/Unitree_M8010.elf.dir/Core/Src/usart.c.obj
                0x20000a7c                huart8
 .bss.uwTick    0x20000ac0        0x4 CMakeFiles/Unitree_M8010.elf.dir/Drivers/STM32F4xx_HAL_Driver/Src/stm32f4xx_hal.c.obj
                0x20000ac0                uwTick
 *fill*         0x20000ac4        0x4 
 .bss.Unitree_Motor
                0x20000ac8       0x78 CMakeFiles/Unitree_M8010.elf.dir/User/Unitree_SDK/Unitree_user.c.obj
                0x20000ac8                Unitree_Motor
 .bss.gHuart    0x20000b40        0x4 CMakeFiles/Unitree_M8010.elf.dir/User/retarget/retarget.c.obj
                0x20000b40                gHuart
 .bss.__lock___atexit_recursive_mutex
                0x20000b44        0x1 f:/environment/gnu arm embedded toolchain/10 2021.10/bin/../lib/gcc/arm-none-eabi/10.3.1/../../../../arm-none-eabi/lib/thumb/v7e-m/nofp\libg.a(lib_a-lock.o)
                0x20000b44                __lock___atexit_recursive_mutex
 *fill*         0x20000b45        0x3 
 .bss.__lock___malloc_recursive_mutex
                0x20000b48        0x1 f:/environment/gnu arm embedded toolchain/10 2021.10/bin/../lib/gcc/arm-none-eabi/10.3.1/../../../../arm-none-eabi/lib/thumb/v7e-m/nofp\libg.a(lib_a-lock.o)
                0x20000b48                __lock___malloc_recursive_mutex
 *fill*         0x20000b49        0x3 
 .bss.__lock___sfp_recursive_mutex
                0x20000b4c        0x1 f:/environment/gnu arm embedded toolchain/10 2021.10/bin/../lib/gcc/arm-none-eabi/10.3.1/../../../../arm-none-eabi/lib/thumb/v7e-m/nofp\libg.a(lib_a-lock.o)
                0x20000b4c                __lock___sfp_recursive_mutex
 *fill*         0x20000b4d        0x3 
 .bss.__lock___sinit_recursive_mutex
                0x20000b50        0x1 f:/environment/gnu arm embedded toolchain/10 2021.10/bin/../lib/gcc/arm-none-eabi/10.3.1/../../../../arm-none-eabi/lib/thumb/v7e-m/nofp\libg.a(lib_a-lock.o)
                0x20000b50                __lock___sinit_recursive_mutex
 *fill*         0x20000b51        0x3 
 .bss.__malloc_current_mallinfo
                0x20000b54       0x28 f:/environment/gnu arm embedded toolchain/10 2021.10/bin/../lib/gcc/arm-none-eabi/10.3.1/../../../../arm-none-eabi/lib/thumb/v7e-m/nofp\libg.a(lib_a-mallocr.o)
                0x20000b54                __malloc_current_mallinfo
 .bss.__malloc_max_sbrked_mem
                0x20000b7c        0x4 f:/environment/gnu arm embedded toolchain/10 2021.10/bin/../lib/gcc/arm-none-eabi/10.3.1/../../../../arm-none-eabi/lib/thumb/v7e-m/nofp\libg.a(lib_a-mallocr.o)
                0x20000b7c                __malloc_max_sbrked_mem
 .bss.__malloc_max_total_mem
                0x20000b80        0x4 f:/environment/gnu arm embedded toolchain/10 2021.10/bin/../lib/gcc/arm-none-eabi/10.3.1/../../../../arm-none-eabi/lib/thumb/v7e-m/nofp\libg.a(lib_a-mallocr.o)
                0x20000b80                __malloc_max_total_mem
 .bss.__malloc_top_pad
                0x20000b84        0x4 f:/environment/gnu arm embedded toolchain/10 2021.10/bin/../lib/gcc/arm-none-eabi/10.3.1/../../../../arm-none-eabi/lib/thumb/v7e-m/nofp\libg.a(lib_a-mallocr.o)
                0x20000b84                __malloc_top_pad
 .bss.errno     0x20000b88        0x4 f:/environment/gnu arm embedded toolchain/10 2021.10/bin/../lib/gcc/arm-none-eabi/10.3.1/../../../../arm-none-eabi/lib/thumb/v7e-m/nofp\libg.a(lib_a-reent.o)
                0x20000b88                errno
 *(COMMON)
                0x20000b8c                . = ALIGN (0x4)
                0x20000b8c                _ebss = .
                0x20000b8c                __bss_end__ = _ebss

._user_heap_stack
                0x20000b8c      0x604
                0x20000b90                . = ALIGN (0x8)
 *fill*         0x20000b8c        0x4 
                [!provide]                PROVIDE (end = .)
                0x20000b90                PROVIDE (_end = .)
                0x20000d90                . = (. + _Min_Heap_Size)
 *fill*         0x20000b90      0x200 
                0x20001190                . = (. + _Min_Stack_Size)
 *fill*         0x20000d90      0x400 
                0x20001190                . = ALIGN (0x8)

/DISCARD/
 libc.a(*)
 libm.a(*)
 libgcc.a(*)

.ARM.attributes
                0x00000000       0x2a
 *(.ARM.attributes)
 .ARM.attributes
                0x00000000       0x1e f:/environment/gnu arm embedded toolchain/10 2021.10/bin/../lib/gcc/arm-none-eabi/10.3.1/thumb/v7e-m/nofp/crti.o
 .ARM.attributes
                0x0000001e       0x2e f:/environment/gnu arm embedded toolchain/10 2021.10/bin/../lib/gcc/arm-none-eabi/10.3.1/thumb/v7e-m/nofp/crtbegin.o
 .ARM.attributes
                0x0000004c       0x2e CMakeFiles/Unitree_M8010.elf.dir/Core/Src/dma.c.obj
 .ARM.attributes
                0x0000007a       0x2e CMakeFiles/Unitree_M8010.elf.dir/Core/Src/gpio.c.obj
 .ARM.attributes
                0x000000a8       0x2e CMakeFiles/Unitree_M8010.elf.dir/Core/Src/main.c.obj
 .ARM.attributes
                0x000000d6       0x2e CMakeFiles/Unitree_M8010.elf.dir/Core/Src/stm32f4xx_hal_msp.c.obj
 .ARM.attributes
                0x00000104       0x2e CMakeFiles/Unitree_M8010.elf.dir/Core/Src/stm32f4xx_it.c.obj
 .ARM.attributes
                0x00000132       0x2e CMakeFiles/Unitree_M8010.elf.dir/Core/Src/syscalls.c.obj
 .ARM.attributes
                0x00000160       0x2e CMakeFiles/Unitree_M8010.elf.dir/Core/Src/sysmem.c.obj
 .ARM.attributes
                0x0000018e       0x2e CMakeFiles/Unitree_M8010.elf.dir/Core/Src/system_stm32f4xx.c.obj
 .ARM.attributes
                0x000001bc       0x2e CMakeFiles/Unitree_M8010.elf.dir/Core/Src/usart.c.obj
 .ARM.attributes
                0x000001ea       0x21 CMakeFiles/Unitree_M8010.elf.dir/Core/Startup/startup_stm32f427iihx.s.obj
 .ARM.attributes
                0x0000020b       0x2e CMakeFiles/Unitree_M8010.elf.dir/Drivers/STM32F4xx_HAL_Driver/Src/stm32f4xx_hal.c.obj
 .ARM.attributes
                0x00000239       0x2e CMakeFiles/Unitree_M8010.elf.dir/Drivers/STM32F4xx_HAL_Driver/Src/stm32f4xx_hal_cortex.c.obj
 .ARM.attributes
                0x00000267       0x2e CMakeFiles/Unitree_M8010.elf.dir/Drivers/STM32F4xx_HAL_Driver/Src/stm32f4xx_hal_dma.c.obj
 .ARM.attributes
                0x00000295       0x2e CMakeFiles/Unitree_M8010.elf.dir/Drivers/STM32F4xx_HAL_Driver/Src/stm32f4xx_hal_gpio.c.obj
 .ARM.attributes
                0x000002c3       0x2e CMakeFiles/Unitree_M8010.elf.dir/Drivers/STM32F4xx_HAL_Driver/Src/stm32f4xx_hal_rcc.c.obj
 .ARM.attributes
                0x000002f1       0x2e CMakeFiles/Unitree_M8010.elf.dir/Drivers/STM32F4xx_HAL_Driver/Src/stm32f4xx_hal_uart.c.obj
 .ARM.attributes
                0x0000031f       0x2e CMakeFiles/Unitree_M8010.elf.dir/User/Unitree_SDK/GO-M8010-6.c.obj
 .ARM.attributes
                0x0000034d       0x2e CMakeFiles/Unitree_M8010.elf.dir/User/Unitree_SDK/Unitree_user.c.obj
 .ARM.attributes
                0x0000037b       0x2e CMakeFiles/Unitree_M8010.elf.dir/User/retarget/retarget.c.obj
 .ARM.attributes
                0x000003a9       0x1e f:/environment/gnu arm embedded toolchain/10 2021.10/bin/../lib/gcc/arm-none-eabi/10.3.1/thumb/v7e-m/nofp\libgcc.a(_arm_addsubdf3.o)
 .ARM.attributes
                0x000003c7       0x1e f:/environment/gnu arm embedded toolchain/10 2021.10/bin/../lib/gcc/arm-none-eabi/10.3.1/thumb/v7e-m/nofp\libgcc.a(_arm_muldivdf3.o)
 .ARM.attributes
                0x000003e5       0x1e f:/environment/gnu arm embedded toolchain/10 2021.10/bin/../lib/gcc/arm-none-eabi/10.3.1/thumb/v7e-m/nofp\libgcc.a(_arm_addsubsf3.o)
 .ARM.attributes
                0x00000403       0x1e f:/environment/gnu arm embedded toolchain/10 2021.10/bin/../lib/gcc/arm-none-eabi/10.3.1/thumb/v7e-m/nofp\libgcc.a(_arm_muldivsf3.o)
 .ARM.attributes
                0x00000421       0x1e f:/environment/gnu arm embedded toolchain/10 2021.10/bin/../lib/gcc/arm-none-eabi/10.3.1/thumb/v7e-m/nofp\libgcc.a(_arm_cmpsf2.o)
 .ARM.attributes
                0x0000043f       0x1e f:/environment/gnu arm embedded toolchain/10 2021.10/bin/../lib/gcc/arm-none-eabi/10.3.1/thumb/v7e-m/nofp\libgcc.a(_arm_fixsfsi.o)
 .ARM.attributes
                0x0000045d       0x1e f:/environment/gnu arm embedded toolchain/10 2021.10/bin/../lib/gcc/arm-none-eabi/10.3.1/thumb/v7e-m/nofp\libgcc.a(_aeabi_uldivmod.o)
 .ARM.attributes
                0x0000047b       0x2e f:/environment/gnu arm embedded toolchain/10 2021.10/bin/../lib/gcc/arm-none-eabi/10.3.1/thumb/v7e-m/nofp\libgcc.a(_udivmoddi4.o)
 .ARM.attributes
                0x000004a9       0x1e f:/environment/gnu arm embedded toolchain/10 2021.10/bin/../lib/gcc/arm-none-eabi/10.3.1/thumb/v7e-m/nofp\libgcc.a(_dvmd_tls.o)
 .ARM.attributes
                0x000004c7       0x2e f:/environment/gnu arm embedded toolchain/10 2021.10/bin/../lib/gcc/arm-none-eabi/10.3.1/../../../../arm-none-eabi/lib/thumb/v7e-m/nofp\libg.a(lib_a-errno.o)
 .ARM.attributes
                0x000004f5       0x2e f:/environment/gnu arm embedded toolchain/10 2021.10/bin/../lib/gcc/arm-none-eabi/10.3.1/../../../../arm-none-eabi/lib/thumb/v7e-m/nofp\libg.a(lib_a-impure.o)
 .ARM.attributes
                0x00000523       0x2e f:/environment/gnu arm embedded toolchain/10 2021.10/bin/../lib/gcc/arm-none-eabi/10.3.1/../../../../arm-none-eabi/lib/thumb/v7e-m/nofp\libg.a(lib_a-init.o)
 .ARM.attributes
                0x00000551       0x2e f:/environment/gnu arm embedded toolchain/10 2021.10/bin/../lib/gcc/arm-none-eabi/10.3.1/../../../../arm-none-eabi/lib/thumb/v7e-m/nofp\libg.a(lib_a-memset.o)
 .ARM.attributes
                0x0000057f       0x2e f:/environment/gnu arm embedded toolchain/10 2021.10/bin/../lib/gcc/arm-none-eabi/10.3.1/../../../../arm-none-eabi/lib/thumb/v7e-m/nofp\libg.a(lib_a-printf.o)
 .ARM.attributes
                0x000005ad       0x2e f:/environment/gnu arm embedded toolchain/10 2021.10/bin/../lib/gcc/arm-none-eabi/10.3.1/../../../../arm-none-eabi/lib/thumb/v7e-m/nofp\libg.a(lib_a-setvbuf.o)
 .ARM.attributes
                0x000005db       0x2e f:/environment/gnu arm embedded toolchain/10 2021.10/bin/../lib/gcc/arm-none-eabi/10.3.1/../../../../arm-none-eabi/lib/thumb/v7e-m/nofp\libg.a(lib_a-vfprintf.o)
 .ARM.attributes
                0x00000609       0x2e f:/environment/gnu arm embedded toolchain/10 2021.10/bin/../lib/gcc/arm-none-eabi/10.3.1/../../../../arm-none-eabi/lib/thumb/v7e-m/nofp\libg.a(lib_a-wsetup.o)
 .ARM.attributes
                0x00000637       0x2e f:/environment/gnu arm embedded toolchain/10 2021.10/bin/../lib/gcc/arm-none-eabi/10.3.1/../../../../arm-none-eabi/lib/thumb/v7e-m/nofp\libg.a(lib_a-__call_atexit.o)
 .ARM.attributes
                0x00000665       0x2e f:/environment/gnu arm embedded toolchain/10 2021.10/bin/../lib/gcc/arm-none-eabi/10.3.1/../../../../arm-none-eabi/lib/thumb/v7e-m/nofp\libg.a(lib_a-atexit.o)
 .ARM.attributes
                0x00000693       0x2e f:/environment/gnu arm embedded toolchain/10 2021.10/bin/../lib/gcc/arm-none-eabi/10.3.1/../../../../arm-none-eabi/lib/thumb/v7e-m/nofp\libg.a(lib_a-dtoa.o)
 .ARM.attributes
                0x000006c1       0x2e f:/environment/gnu arm embedded toolchain/10 2021.10/bin/../lib/gcc/arm-none-eabi/10.3.1/../../../../arm-none-eabi/lib/thumb/v7e-m/nofp\libg.a(lib_a-fflush.o)
 .ARM.attributes
                0x000006ef       0x2e f:/environment/gnu arm embedded toolchain/10 2021.10/bin/../lib/gcc/arm-none-eabi/10.3.1/../../../../arm-none-eabi/lib/thumb/v7e-m/nofp\libg.a(lib_a-findfp.o)
 .ARM.attributes
                0x0000071d       0x2e f:/environment/gnu arm embedded toolchain/10 2021.10/bin/../lib/gcc/arm-none-eabi/10.3.1/../../../../arm-none-eabi/lib/thumb/v7e-m/nofp\libg.a(lib_a-fini.o)
 .ARM.attributes
                0x0000074b       0x2e f:/environment/gnu arm embedded toolchain/10 2021.10/bin/../lib/gcc/arm-none-eabi/10.3.1/../../../../arm-none-eabi/lib/thumb/v7e-m/nofp\libg.a(lib_a-freer.o)
 .ARM.attributes
                0x00000779       0x2e f:/environment/gnu arm embedded toolchain/10 2021.10/bin/../lib/gcc/arm-none-eabi/10.3.1/../../../../arm-none-eabi/lib/thumb/v7e-m/nofp\libg.a(lib_a-fwalk.o)
 .ARM.attributes
                0x000007a7       0x2e f:/environment/gnu arm embedded toolchain/10 2021.10/bin/../lib/gcc/arm-none-eabi/10.3.1/../../../../arm-none-eabi/lib/thumb/v7e-m/nofp\libg.a(lib_a-localeconv.o)
 .ARM.attributes
                0x000007d5       0x2e f:/environment/gnu arm embedded toolchain/10 2021.10/bin/../lib/gcc/arm-none-eabi/10.3.1/../../../../arm-none-eabi/lib/thumb/v7e-m/nofp\libg.a(lib_a-lock.o)
 .ARM.attributes
                0x00000803       0x2e f:/environment/gnu arm embedded toolchain/10 2021.10/bin/../lib/gcc/arm-none-eabi/10.3.1/../../../../arm-none-eabi/lib/thumb/v7e-m/nofp\libg.a(lib_a-makebuf.o)
 .ARM.attributes
                0x00000831       0x2e f:/environment/gnu arm embedded toolchain/10 2021.10/bin/../lib/gcc/arm-none-eabi/10.3.1/../../../../arm-none-eabi/lib/thumb/v7e-m/nofp\libg.a(lib_a-malloc.o)
 .ARM.attributes
                0x0000085f       0x2e f:/environment/gnu arm embedded toolchain/10 2021.10/bin/../lib/gcc/arm-none-eabi/10.3.1/../../../../arm-none-eabi/lib/thumb/v7e-m/nofp\libg.a(lib_a-mallocr.o)
 .ARM.attributes
                0x0000088d       0x1c f:/environment/gnu arm embedded toolchain/10 2021.10/bin/../lib/gcc/arm-none-eabi/10.3.1/../../../../arm-none-eabi/lib/thumb/v7e-m/nofp\libg.a(lib_a-memchr.o)
 .ARM.attributes
                0x000008a9       0x1c f:/environment/gnu arm embedded toolchain/10 2021.10/bin/../lib/gcc/arm-none-eabi/10.3.1/../../../../arm-none-eabi/lib/thumb/v7e-m/nofp\libg.a(lib_a-memcpy.o)
 .ARM.attributes
                0x000008c5       0x2e f:/environment/gnu arm embedded toolchain/10 2021.10/bin/../lib/gcc/arm-none-eabi/10.3.1/../../../../arm-none-eabi/lib/thumb/v7e-m/nofp\libg.a(lib_a-mlock.o)
 .ARM.attributes
                0x000008f3       0x2e f:/environment/gnu arm embedded toolchain/10 2021.10/bin/../lib/gcc/arm-none-eabi/10.3.1/../../../../arm-none-eabi/lib/thumb/v7e-m/nofp\libg.a(lib_a-mprec.o)
 .ARM.attributes
                0x00000921       0x2e f:/environment/gnu arm embedded toolchain/10 2021.10/bin/../lib/gcc/arm-none-eabi/10.3.1/../../../../arm-none-eabi/lib/thumb/v7e-m/nofp\libg.a(lib_a-s_frexp.o)
 .ARM.attributes
                0x0000094f       0x2e f:/environment/gnu arm embedded toolchain/10 2021.10/bin/../lib/gcc/arm-none-eabi/10.3.1/../../../../arm-none-eabi/lib/thumb/v7e-m/nofp\libg.a(lib_a-sbrkr.o)
 .ARM.attributes
                0x0000097d       0x2e f:/environment/gnu arm embedded toolchain/10 2021.10/bin/../lib/gcc/arm-none-eabi/10.3.1/../../../../arm-none-eabi/lib/thumb/v7e-m/nofp\libg.a(lib_a-stdio.o)
 .ARM.attributes
                0x000009ab       0x1c f:/environment/gnu arm embedded toolchain/10 2021.10/bin/../lib/gcc/arm-none-eabi/10.3.1/../../../../arm-none-eabi/lib/thumb/v7e-m/nofp\libg.a(lib_a-strlen.o)
 .ARM.attributes
                0x000009c7       0x2e f:/environment/gnu arm embedded toolchain/10 2021.10/bin/../lib/gcc/arm-none-eabi/10.3.1/../../../../arm-none-eabi/lib/thumb/v7e-m/nofp\libg.a(lib_a-strncpy.o)
 .ARM.attributes
                0x000009f5       0x2e f:/environment/gnu arm embedded toolchain/10 2021.10/bin/../lib/gcc/arm-none-eabi/10.3.1/../../../../arm-none-eabi/lib/thumb/v7e-m/nofp\libg.a(lib_a-vfiprintf.o)
 .ARM.attributes
                0x00000a23       0x2e f:/environment/gnu arm embedded toolchain/10 2021.10/bin/../lib/gcc/arm-none-eabi/10.3.1/../../../../arm-none-eabi/lib/thumb/v7e-m/nofp\libg.a(lib_a-writer.o)
 .ARM.attributes
                0x00000a51       0x2e f:/environment/gnu arm embedded toolchain/10 2021.10/bin/../lib/gcc/arm-none-eabi/10.3.1/../../../../arm-none-eabi/lib/thumb/v7e-m/nofp\libg.a(lib_a-__atexit.o)
 .ARM.attributes
                0x00000a7f       0x2e f:/environment/gnu arm embedded toolchain/10 2021.10/bin/../lib/gcc/arm-none-eabi/10.3.1/../../../../arm-none-eabi/lib/thumb/v7e-m/nofp\libg.a(lib_a-assert.o)
 .ARM.attributes
                0x00000aad       0x2e f:/environment/gnu arm embedded toolchain/10 2021.10/bin/../lib/gcc/arm-none-eabi/10.3.1/../../../../arm-none-eabi/lib/thumb/v7e-m/nofp\libg.a(lib_a-callocr.o)
 .ARM.attributes
                0x00000adb       0x2e f:/environment/gnu arm embedded toolchain/10 2021.10/bin/../lib/gcc/arm-none-eabi/10.3.1/../../../../arm-none-eabi/lib/thumb/v7e-m/nofp\libg.a(lib_a-closer.o)
 .ARM.attributes
                0x00000b09       0x2e f:/environment/gnu arm embedded toolchain/10 2021.10/bin/../lib/gcc/arm-none-eabi/10.3.1/../../../../arm-none-eabi/lib/thumb/v7e-m/nofp\libg.a(lib_a-fclose.o)
 .ARM.attributes
                0x00000b37       0x2e f:/environment/gnu arm embedded toolchain/10 2021.10/bin/../lib/gcc/arm-none-eabi/10.3.1/../../../../arm-none-eabi/lib/thumb/v7e-m/nofp\libg.a(lib_a-fiprintf.o)
 .ARM.attributes
                0x00000b65       0x2e f:/environment/gnu arm embedded toolchain/10 2021.10/bin/../lib/gcc/arm-none-eabi/10.3.1/../../../../arm-none-eabi/lib/thumb/v7e-m/nofp\libg.a(lib_a-fputwc.o)
 .ARM.attributes
                0x00000b93       0x2e f:/environment/gnu arm embedded toolchain/10 2021.10/bin/../lib/gcc/arm-none-eabi/10.3.1/../../../../arm-none-eabi/lib/thumb/v7e-m/nofp\libg.a(lib_a-fstatr.o)
 .ARM.attributes
                0x00000bc1       0x2e f:/environment/gnu arm embedded toolchain/10 2021.10/bin/../lib/gcc/arm-none-eabi/10.3.1/../../../../arm-none-eabi/lib/thumb/v7e-m/nofp\libg.a(lib_a-fvwrite.o)
 .ARM.attributes
                0x00000bef       0x2e f:/environment/gnu arm embedded toolchain/10 2021.10/bin/../lib/gcc/arm-none-eabi/10.3.1/../../../../arm-none-eabi/lib/thumb/v7e-m/nofp\libg.a(lib_a-isattyr.o)
 .ARM.attributes
                0x00000c1d       0x2e f:/environment/gnu arm embedded toolchain/10 2021.10/bin/../lib/gcc/arm-none-eabi/10.3.1/../../../../arm-none-eabi/lib/thumb/v7e-m/nofp\libg.a(lib_a-locale.o)
 .ARM.attributes
                0x00000c4b       0x2e f:/environment/gnu arm embedded toolchain/10 2021.10/bin/../lib/gcc/arm-none-eabi/10.3.1/../../../../arm-none-eabi/lib/thumb/v7e-m/nofp\libg.a(lib_a-lseekr.o)
 .ARM.attributes
                0x00000c79       0x2e f:/environment/gnu arm embedded toolchain/10 2021.10/bin/../lib/gcc/arm-none-eabi/10.3.1/../../../../arm-none-eabi/lib/thumb/v7e-m/nofp\libg.a(lib_a-mbtowc_r.o)
 .ARM.attributes
                0x00000ca7       0x2e f:/environment/gnu arm embedded toolchain/10 2021.10/bin/../lib/gcc/arm-none-eabi/10.3.1/../../../../arm-none-eabi/lib/thumb/v7e-m/nofp\libg.a(lib_a-memmove.o)
 .ARM.attributes
                0x00000cd5       0x2e f:/environment/gnu arm embedded toolchain/10 2021.10/bin/../lib/gcc/arm-none-eabi/10.3.1/../../../../arm-none-eabi/lib/thumb/v7e-m/nofp\libg.a(lib_a-readr.o)
 .ARM.attributes
                0x00000d03       0x2e f:/environment/gnu arm embedded toolchain/10 2021.10/bin/../lib/gcc/arm-none-eabi/10.3.1/../../../../arm-none-eabi/lib/thumb/v7e-m/nofp\libg.a(lib_a-reallocr.o)
 .ARM.attributes
                0x00000d31       0x2e f:/environment/gnu arm embedded toolchain/10 2021.10/bin/../lib/gcc/arm-none-eabi/10.3.1/../../../../arm-none-eabi/lib/thumb/v7e-m/nofp\libg.a(lib_a-reent.o)
 .ARM.attributes
                0x00000d5f       0x2e f:/environment/gnu arm embedded toolchain/10 2021.10/bin/../lib/gcc/arm-none-eabi/10.3.1/../../../../arm-none-eabi/lib/thumb/v7e-m/nofp\libg.a(lib_a-wbuf.o)
 .ARM.attributes
                0x00000d8d       0x2e f:/environment/gnu arm embedded toolchain/10 2021.10/bin/../lib/gcc/arm-none-eabi/10.3.1/../../../../arm-none-eabi/lib/thumb/v7e-m/nofp\libg.a(lib_a-wcrtomb.o)
 .ARM.attributes
                0x00000dbb       0x2e f:/environment/gnu arm embedded toolchain/10 2021.10/bin/../lib/gcc/arm-none-eabi/10.3.1/../../../../arm-none-eabi/lib/thumb/v7e-m/nofp\libg.a(lib_a-wctomb_r.o)
 .ARM.attributes
                0x00000de9       0x2e f:/environment/gnu arm embedded toolchain/10 2021.10/bin/../lib/gcc/arm-none-eabi/10.3.1/../../../../arm-none-eabi/lib/thumb/v7e-m/nofp\libg.a(lib_a-abort.o)
 .ARM.attributes
                0x00000e17       0x2e f:/environment/gnu arm embedded toolchain/10 2021.10/bin/../lib/gcc/arm-none-eabi/10.3.1/../../../../arm-none-eabi/lib/thumb/v7e-m/nofp\libg.a(lib_a-ctype_.o)
 .ARM.attributes
                0x00000e45       0x2e f:/environment/gnu arm embedded toolchain/10 2021.10/bin/../lib/gcc/arm-none-eabi/10.3.1/../../../../arm-none-eabi/lib/thumb/v7e-m/nofp\libg.a(lib_a-signal.o)
 .ARM.attributes
                0x00000e73       0x2e f:/environment/gnu arm embedded toolchain/10 2021.10/bin/../lib/gcc/arm-none-eabi/10.3.1/../../../../arm-none-eabi/lib/thumb/v7e-m/nofp\libg.a(lib_a-signalr.o)
 .ARM.attributes
                0x00000ea1       0x1e f:/environment/gnu arm embedded toolchain/10 2021.10/bin/../lib/gcc/arm-none-eabi/10.3.1/thumb/v7e-m/nofp\libgcc.a(_arm_cmpdf2.o)
 .ARM.attributes
                0x00000ebf       0x1e f:/environment/gnu arm embedded toolchain/10 2021.10/bin/../lib/gcc/arm-none-eabi/10.3.1/thumb/v7e-m/nofp\libgcc.a(_arm_unorddf2.o)
 .ARM.attributes
                0x00000edd       0x1e f:/environment/gnu arm embedded toolchain/10 2021.10/bin/../lib/gcc/arm-none-eabi/10.3.1/thumb/v7e-m/nofp\libgcc.a(_arm_fixdfsi.o)
 .ARM.attributes
                0x00000efb       0x1e f:/environment/gnu arm embedded toolchain/10 2021.10/bin/../lib/gcc/arm-none-eabi/10.3.1/thumb/v7e-m/nofp/crtn.o
OUTPUT(Unitree_M8010.elf elf32-littlearm)
LOAD linker stubs
LOAD f:/environment/gnu arm embedded toolchain/10 2021.10/bin/../lib/gcc/arm-none-eabi/10.3.1/../../../../arm-none-eabi/lib/thumb/v7e-m/nofp\libc.a
LOAD f:/environment/gnu arm embedded toolchain/10 2021.10/bin/../lib/gcc/arm-none-eabi/10.3.1/../../../../arm-none-eabi/lib/thumb/v7e-m/nofp\libm.a
LOAD f:/environment/gnu arm embedded toolchain/10 2021.10/bin/../lib/gcc/arm-none-eabi/10.3.1/thumb/v7e-m/nofp\libgcc.a

.debug_info     0x00000000     0xdfe3
 .debug_info    0x00000000      0x542 CMakeFiles/Unitree_M8010.elf.dir/Core/Src/dma.c.obj
 .debug_info    0x00000542      0x4ca CMakeFiles/Unitree_M8010.elf.dir/Core/Src/gpio.c.obj
 .debug_info    0x00000a0c      0xf91 CMakeFiles/Unitree_M8010.elf.dir/Core/Src/main.c.obj
 .debug_info    0x0000199d      0x2c0 CMakeFiles/Unitree_M8010.elf.dir/Core/Src/stm32f4xx_hal_msp.c.obj
 .debug_info    0x00001c5d      0x6ae CMakeFiles/Unitree_M8010.elf.dir/Core/Src/stm32f4xx_it.c.obj
 .debug_info    0x0000230b      0x6ca CMakeFiles/Unitree_M8010.elf.dir/Core/Src/syscalls.c.obj
 .debug_info    0x000029d5      0x174 CMakeFiles/Unitree_M8010.elf.dir/Core/Src/sysmem.c.obj
 .debug_info    0x00002b49      0x399 CMakeFiles/Unitree_M8010.elf.dir/Core/Src/system_stm32f4xx.c.obj
 .debug_info    0x00002ee2      0xdc5 CMakeFiles/Unitree_M8010.elf.dir/Core/Src/usart.c.obj
 .debug_info    0x00003ca7       0x22 CMakeFiles/Unitree_M8010.elf.dir/Core/Startup/startup_stm32f427iihx.s.obj
 .debug_info    0x00003cc9      0xa5c CMakeFiles/Unitree_M8010.elf.dir/Drivers/STM32F4xx_HAL_Driver/Src/stm32f4xx_hal.c.obj
 .debug_info    0x00004725     0x10c2 CMakeFiles/Unitree_M8010.elf.dir/Drivers/STM32F4xx_HAL_Driver/Src/stm32f4xx_hal_cortex.c.obj
 .debug_info    0x000057e7      0xb3f CMakeFiles/Unitree_M8010.elf.dir/Drivers/STM32F4xx_HAL_Driver/Src/stm32f4xx_hal_dma.c.obj
 .debug_info    0x00006326      0x7cc CMakeFiles/Unitree_M8010.elf.dir/Drivers/STM32F4xx_HAL_Driver/Src/stm32f4xx_hal_gpio.c.obj
 .debug_info    0x00006af2      0xb1f CMakeFiles/Unitree_M8010.elf.dir/Drivers/STM32F4xx_HAL_Driver/Src/stm32f4xx_hal_rcc.c.obj
 .debug_info    0x00007611     0x424e CMakeFiles/Unitree_M8010.elf.dir/Drivers/STM32F4xx_HAL_Driver/Src/stm32f4xx_hal_uart.c.obj
 .debug_info    0x0000b85f      0xe25 CMakeFiles/Unitree_M8010.elf.dir/User/Unitree_SDK/GO-M8010-6.c.obj
 .debug_info    0x0000c684      0x660 CMakeFiles/Unitree_M8010.elf.dir/User/Unitree_SDK/Unitree_user.c.obj
 .debug_info    0x0000cce4     0x12ff CMakeFiles/Unitree_M8010.elf.dir/User/retarget/retarget.c.obj

.debug_abbrev   0x00000000     0x237b
 .debug_abbrev  0x00000000      0x126 CMakeFiles/Unitree_M8010.elf.dir/Core/Src/dma.c.obj
 .debug_abbrev  0x00000126      0x14e CMakeFiles/Unitree_M8010.elf.dir/Core/Src/gpio.c.obj
 .debug_abbrev  0x00000274      0x282 CMakeFiles/Unitree_M8010.elf.dir/Core/Src/main.c.obj
 .debug_abbrev  0x000004f6       0xd1 CMakeFiles/Unitree_M8010.elf.dir/Core/Src/stm32f4xx_hal_msp.c.obj
 .debug_abbrev  0x000005c7      0x16e CMakeFiles/Unitree_M8010.elf.dir/Core/Src/stm32f4xx_it.c.obj
 .debug_abbrev  0x00000735      0x1a3 CMakeFiles/Unitree_M8010.elf.dir/Core/Src/syscalls.c.obj
 .debug_abbrev  0x000008d8       0xe7 CMakeFiles/Unitree_M8010.elf.dir/Core/Src/sysmem.c.obj
 .debug_abbrev  0x000009bf      0x119 CMakeFiles/Unitree_M8010.elf.dir/Core/Src/system_stm32f4xx.c.obj
 .debug_abbrev  0x00000ad8      0x1f6 CMakeFiles/Unitree_M8010.elf.dir/Core/Src/usart.c.obj
 .debug_abbrev  0x00000cce       0x12 CMakeFiles/Unitree_M8010.elf.dir/Core/Startup/startup_stm32f427iihx.s.obj
 .debug_abbrev  0x00000ce0      0x206 CMakeFiles/Unitree_M8010.elf.dir/Drivers/STM32F4xx_HAL_Driver/Src/stm32f4xx_hal.c.obj
 .debug_abbrev  0x00000ee6      0x36a CMakeFiles/Unitree_M8010.elf.dir/Drivers/STM32F4xx_HAL_Driver/Src/stm32f4xx_hal_cortex.c.obj
 .debug_abbrev  0x00001250      0x2c2 CMakeFiles/Unitree_M8010.elf.dir/Drivers/STM32F4xx_HAL_Driver/Src/stm32f4xx_hal_dma.c.obj
 .debug_abbrev  0x00001512      0x1ef CMakeFiles/Unitree_M8010.elf.dir/Drivers/STM32F4xx_HAL_Driver/Src/stm32f4xx_hal_gpio.c.obj
 .debug_abbrev  0x00001701      0x28a CMakeFiles/Unitree_M8010.elf.dir/Drivers/STM32F4xx_HAL_Driver/Src/stm32f4xx_hal_rcc.c.obj
 .debug_abbrev  0x0000198b      0x2fd CMakeFiles/Unitree_M8010.elf.dir/Drivers/STM32F4xx_HAL_Driver/Src/stm32f4xx_hal_uart.c.obj
 .debug_abbrev  0x00001c88      0x25a CMakeFiles/Unitree_M8010.elf.dir/User/Unitree_SDK/GO-M8010-6.c.obj
 .debug_abbrev  0x00001ee2      0x1e5 CMakeFiles/Unitree_M8010.elf.dir/User/Unitree_SDK/Unitree_user.c.obj
 .debug_abbrev  0x000020c7      0x2b4 CMakeFiles/Unitree_M8010.elf.dir/User/retarget/retarget.c.obj

.debug_aranges  0x00000000      0x810
 .debug_aranges
                0x00000000       0x20 CMakeFiles/Unitree_M8010.elf.dir/Core/Src/dma.c.obj
 .debug_aranges
                0x00000020       0x20 CMakeFiles/Unitree_M8010.elf.dir/Core/Src/gpio.c.obj
 .debug_aranges
                0x00000040       0x30 CMakeFiles/Unitree_M8010.elf.dir/Core/Src/main.c.obj
 .debug_aranges
                0x00000070       0x20 CMakeFiles/Unitree_M8010.elf.dir/Core/Src/stm32f4xx_hal_msp.c.obj
 .debug_aranges
                0x00000090       0x70 CMakeFiles/Unitree_M8010.elf.dir/Core/Src/stm32f4xx_it.c.obj
 .debug_aranges
                0x00000100       0x88 CMakeFiles/Unitree_M8010.elf.dir/Core/Src/syscalls.c.obj
 .debug_aranges
                0x00000188       0x20 CMakeFiles/Unitree_M8010.elf.dir/Core/Src/sysmem.c.obj
 .debug_aranges