Archive member included to satisfy reference by file (symbol)

f:/environment/gnu arm embedded toolchain/10 2021.10/bin/../lib/gcc/arm-none-eabi/10.3.1/thumb/v7e-m/nofp\libgcc.a(_arm_mulsf3.o)
                              CMakeFiles/Unitree_M8010.elf.dir/User/Unitree_SDK/GO-M8010-6.c.obj (__aeabi_fmul)
f:/environment/gnu arm embedded toolchain/10 2021.10/bin/../lib/gcc/arm-none-eabi/10.3.1/thumb/v7e-m/nofp\libgcc.a(_arm_addsubdf3.o)
                              CMakeFiles/Unitree_M8010.elf.dir/Core/Src/main.c.obj (__aeabi_f2d)
f:/environment/gnu arm embedded toolchain/10 2021.10/bin/../lib/gcc/arm-none-eabi/10.3.1/thumb/v7e-m/nofp\libgcc.a(_arm_addsubsf3.o)
                              CMakeFiles/Unitree_M8010.elf.dir/User/Unitree_SDK/GO-M8010-6.c.obj (__aeabi_ui2f)
f:/environment/gnu arm embedded toolchain/10 2021.10/bin/../lib/gcc/arm-none-eabi/10.3.1/thumb/v7e-m/nofp\libgcc.a(_arm_muldivsf3.o)
                              CMakeFiles/Unitree_M8010.elf.dir/User/Unitree_SDK/GO-M8010-6.c.obj (__aeabi_fdiv)
f:/environment/gnu arm embedded toolchain/10 2021.10/bin/../lib/gcc/arm-none-eabi/10.3.1/thumb/v7e-m/nofp\libgcc.a(_arm_cmpsf2.o)
                              CMakeFiles/Unitree_M8010.elf.dir/User/Unitree_SDK/GO-M8010-6.c.obj (__aeabi_fcmplt)
f:/environment/gnu arm embedded toolchain/10 2021.10/bin/../lib/gcc/arm-none-eabi/10.3.1/thumb/v7e-m/nofp\libgcc.a(_arm_fixsfsi.o)
                              CMakeFiles/Unitree_M8010.elf.dir/User/Unitree_SDK/GO-M8010-6.c.obj (__aeabi_f2iz)
f:/environment/gnu arm embedded toolchain/10 2021.10/bin/../lib/gcc/arm-none-eabi/10.3.1/thumb/v7e-m/nofp\libgcc.a(_aeabi_uldivmod.o)
                              CMakeFiles/Unitree_M8010.elf.dir/Drivers/STM32F4xx_HAL_Driver/Src/stm32f4xx_hal_rcc.c.obj (__aeabi_uldivmod)
f:/environment/gnu arm embedded toolchain/10 2021.10/bin/../lib/gcc/arm-none-eabi/10.3.1/thumb/v7e-m/nofp\libgcc.a(_udivmoddi4.o)
                              f:/environment/gnu arm embedded toolchain/10 2021.10/bin/../lib/gcc/arm-none-eabi/10.3.1/thumb/v7e-m/nofp\libgcc.a(_aeabi_uldivmod.o) (__udivmoddi4)
f:/environment/gnu arm embedded toolchain/10 2021.10/bin/../lib/gcc/arm-none-eabi/10.3.1/thumb/v7e-m/nofp\libgcc.a(_dvmd_tls.o)
                              f:/environment/gnu arm embedded toolchain/10 2021.10/bin/../lib/gcc/arm-none-eabi/10.3.1/thumb/v7e-m/nofp\libgcc.a(_aeabi_uldivmod.o) (__aeabi_ldiv0)
f:/environment/gnu arm embedded toolchain/10 2021.10/bin/../lib/gcc/arm-none-eabi/10.3.1/../../../../arm-none-eabi/lib/thumb/v7e-m/nofp\libg.a(lib_a-errno.o)
                              CMakeFiles/Unitree_M8010.elf.dir/Core/Src/syscalls.c.obj (__errno)
f:/environment/gnu arm embedded toolchain/10 2021.10/bin/../lib/gcc/arm-none-eabi/10.3.1/../../../../arm-none-eabi/lib/thumb/v7e-m/nofp\libg.a(lib_a-exit.o)
                              f:/environment/gnu arm embedded toolchain/10 2021.10/bin/../lib/gcc/arm-none-eabi/10.3.1/../../../../arm-none-eabi/lib/thumb/v7e-m/nofp/crt0.o (exit)
f:/environment/gnu arm embedded toolchain/10 2021.10/bin/../lib/gcc/arm-none-eabi/10.3.1/../../../../arm-none-eabi/lib/thumb/v7e-m/nofp\libg.a(lib_a-impure.o)
                              f:/environment/gnu arm embedded toolchain/10 2021.10/bin/../lib/gcc/arm-none-eabi/10.3.1/../../../../arm-none-eabi/lib/thumb/v7e-m/nofp\libg.a(lib_a-exit.o) (_global_impure_ptr)
f:/environment/gnu arm embedded toolchain/10 2021.10/bin/../lib/gcc/arm-none-eabi/10.3.1/../../../../arm-none-eabi/lib/thumb/v7e-m/nofp\libg.a(lib_a-init.o)
                              f:/environment/gnu arm embedded toolchain/10 2021.10/bin/../lib/gcc/arm-none-eabi/10.3.1/../../../../arm-none-eabi/lib/thumb/v7e-m/nofp/crt0.o (__libc_init_array)
f:/environment/gnu arm embedded toolchain/10 2021.10/bin/../lib/gcc/arm-none-eabi/10.3.1/../../../../arm-none-eabi/lib/thumb/v7e-m/nofp\libg.a(lib_a-memset.o)
                              f:/environment/gnu arm embedded toolchain/10 2021.10/bin/../lib/gcc/arm-none-eabi/10.3.1/../../../../arm-none-eabi/lib/thumb/v7e-m/nofp/crt0.o (memset)
f:/environment/gnu arm embedded toolchain/10 2021.10/bin/../lib/gcc/arm-none-eabi/10.3.1/../../../../arm-none-eabi/lib/thumb/v7e-m/nofp\libg.a(lib_a-printf.o)
                              CMakeFiles/Unitree_M8010.elf.dir/Core/Src/main.c.obj (printf)
f:/environment/gnu arm embedded toolchain/10 2021.10/bin/../lib/gcc/arm-none-eabi/10.3.1/../../../../arm-none-eabi/lib/thumb/v7e-m/nofp\libg.a(lib_a-setvbuf.o)
                              CMakeFiles/Unitree_M8010.elf.dir/User/retarget/retarget.c.obj (setvbuf)
f:/environment/gnu arm embedded toolchain/10 2021.10/bin/../lib/gcc/arm-none-eabi/10.3.1/../../../../arm-none-eabi/lib/thumb/v7e-m/nofp\libg.a(lib_a-vfprintf.o)
                              f:/environment/gnu arm embedded toolchain/10 2021.10/bin/../lib/gcc/arm-none-eabi/10.3.1/../../../../arm-none-eabi/lib/thumb/v7e-m/nofp\libg.a(lib_a-printf.o) (_vfprintf_r)
[...]
Memory Configuration

Name             Origin             Length             Attributes
CCMRAM           0x10000000         0x00010000         xrw
RAM              0x20000000         0x00030000         xrw
FLASH            0x08000000         0x00200000         xr
*default*        0x00000000         0xffffffff

Linker script and memory map

LOAD f:/environment/gnu arm embedded toolchain/10 2021.10/bin/../lib/gcc/arm-none-eabi/10.3.1/thumb/v7e-m/nofp/crti.o
LOAD f:/environment/gnu arm embedded toolchain/10 2021.10/bin/../lib/gcc/arm-none-eabi/10.3.1/thumb/v7e-m/nofp/crtbegin.o
LOAD f:/environment/gnu arm embedded toolchain/10 2021.10/bin/../lib/gcc/arm-none-eabi/10.3.1/../../../../arm-none-eabi/lib/thumb/v7e-m/nofp/crt0.o
LOAD CMakeFiles/Unitree_M8010.elf.dir/Core/Src/dma.c.obj
LOAD CMakeFiles/Unitree_M8010.elf.dir/Core/Src/gpio.c.obj
LOAD CMakeFiles/Unitree_M8010.elf.dir/Core/Src/main.c.obj
LOAD CMakeFiles/Unitree_M8010.elf.dir/Core/Src/stm32f4xx_hal_msp.c.obj
LOAD CMakeFiles/Unitree_M8010.elf.dir/Core/Src/stm32f4xx_it.c.obj
LOAD CMakeFiles/Unitree_M8010.elf.dir/Core/Src/syscalls.c.obj
LOAD CMakeFiles/Unitree_M8010.elf.dir/Core/Src/sysmem.c.obj
LOAD CMakeFiles/Unitree_M8010.elf.dir/Core/Src/system_stm32f4xx.c.obj
LOAD CMakeFiles/Unitree_M8010.elf.dir/Core/Src/usart.c.obj
LOAD CMakeFiles/Unitree_M8010.elf.dir/Core/Startup/startup_stm32f427iihx.s.obj
LOAD CMakeFiles/Unitree_M8010.elf.dir/Drivers/STM32F4xx_HAL_Driver/Src/stm32f4xx_hal.c.obj
LOAD CMakeFiles/Unitree_M8010.elf.dir/Drivers/STM32F4xx_HAL_Driver/Src/stm32f4xx_hal_cortex.c.obj
LOAD CMakeFiles/Unitree_M8010.elf.dir/Drivers/STM32F4xx_HAL_Driver/Src/stm32f4xx_hal_dma.c.obj
LOAD CMakeFiles/Unitree_M8010.elf.dir/Drivers/STM32F4xx_HAL_Driver/Src/stm32f4xx_hal_dma_ex.c.obj
LOAD CMakeFiles/Unitree_M8010.elf.dir/Drivers/STM32F4xx_HAL_Driver/Src/stm32f4xx_hal_exti.c.obj
LOAD CMakeFiles/Unitree_M8010.elf.dir/Drivers/STM32F4xx_HAL_Driver/Src/stm32f4xx_hal_flash.c.obj
LOAD CMakeFiles/Unitree_M8010.elf.dir/Drivers/STM32F4xx_HAL_Driver/Src/stm32f4xx_hal_flash_ex.c.obj
LOAD CMakeFiles/Unitree_M8010.elf.dir/Drivers/STM32F4xx_HAL_Driver/Src/stm32f4xx_hal_flash_ramfunc.c.obj
LOAD CMakeFiles/Unitree_M8010.elf.dir/Drivers/STM32F4xx_HAL_Driver/Src/stm32f4xx_hal_gpio.c.obj
LOAD CMakeFiles/Unitree_M8010.elf.dir/Drivers/STM32F4xx_HAL_Driver/Src/stm32f4xx_hal_pwr.c.obj
LOAD CMakeFiles/Unitree_M8010.elf.dir/Drivers/STM32F4xx_HAL_Driver/Src/stm32f4xx_hal_pwr_ex.c.obj
LOAD CMakeFiles/Unitree_M8010.elf.dir/Drivers/STM32F4xx_HAL_Driver/Src/stm32f4xx_hal_rcc.c.obj
LOAD CMakeFiles/Unitree_M8010.elf.dir/Drivers/STM32F4xx_HAL_Driver/Src/stm32f4xx_hal_rcc_ex.c.obj
LOAD CMakeFiles/Unitree_M8010.elf.dir/Drivers/STM32F4xx_HAL_Driver/Src/stm32f4xx_hal_tim.c.obj
LOAD CMakeFiles/Unitree_M8010.elf.dir/Drivers/STM32F4xx_HAL_Driver/Src/stm32f4xx_hal_tim_ex.c.obj
LOAD CMakeFiles/Unitree_M8010.elf.dir/Drivers/STM32F4xx_HAL_Driver/Src/stm32f4xx_hal_uart.c.obj
LOAD CMakeFiles/Unitree_M8010.elf.dir/User/Unitree_SDK/GO-M8010-6.c.obj
LOAD CMakeFiles/Unitree_M8010.elf.dir/User/Unitree_SDK/Unitree_user.c.obj
LOAD CMakeFiles/Unitree_M8010.elf.dir/User/retarget/retarget.c.obj
START GROUP
LOAD f:/environment/gnu arm embedded toolchain/10 2021.10/bin/../lib/gcc/arm-none-eabi/10.3.1/thumb/v7e-m/nofp\libgcc.a
LOAD f:/environment/gnu arm embedded toolchain/10 2021.10/bin/../lib/gcc/arm-none-eabi/10.3.1/../../../../arm-none-eabi/lib/thumb/v7e-m/nofp\libg.a
LOAD f:/environment/gnu arm embedded toolchain/10 2021.10/bin/../lib/gcc/arm-none-eabi/10.3.1/../../../../arm-none-eabi/lib/thumb/v7e-m/nofp\libc.a
END GROUP
LOAD f:/environment/gnu arm embedded toolchain/10 2021.10/bin/../lib/gcc/arm-none-eabi/10.3.1/thumb/v7e-m/nofp/crtend.o
LOAD f:/environment/gnu arm embedded toolchain/10 2021.10/bin/../lib/gcc/arm-none-eabi/10.3.1/thumb/v7e-m/nofp/crtn.o
                0x20030000                _estack = (ORIGIN (RAM) + LENGTH (RAM))
                0x00000200                _Min_Heap_Size = 0x200
                0x00000400                _Min_Stack_Size = 0x400

.isr_vector     0x08000000      0x1ac
                0x08000000                . = ALIGN (0x4)
 *(.isr_vector)
 .isr_vector    0x08000000      0x1ac CMakeFiles/Unitree_M8010.elf.dir/Core/Startup/startup_stm32f427iihx.s.obj
                0x08000000                g_pfnVectors
                0x080001ac                . = ALIGN (0x4)

.text           0x080001c0     0x9868
                0x080001c0                . = ALIGN (0x4)
 *(.text)
 .text          0x080001c0       0x40 f:/environment/gnu arm embedded toolchain/10 2021.10/bin/../lib/gcc/arm-none-eabi/10.3.1/thumb/v7e-m/nofp/crtbegin.o
 .text          0x08000200      0x378 f:/environment/gnu arm embedded toolchain/10 2021.10/bin/../lib/gcc/arm-none-eabi/10.3.1/thumb/v7e-m/nofp\libgcc.a(_arm_addsubdf3.o)
                0x08000200                __aeabi_drsub
                0x08000208                __aeabi_dsub
                0x08000208                __subdf3
                0x0800020c                __aeabi_dadd
                0x0800020c                __adddf3
                0x08000484                __floatunsidf
                0x08000484                __aeabi_ui2d
                0x080004a4                __floatsidf
                0x080004a4                __aeabi_i2d
                0x080004c8                __aeabi_f2d
                0x080004c8                __extendsfdf2
                0x0800050c                __floatundidf
                0x0800050c                __aeabi_ul2d
                0x0800051c                __floatdidf
                0x0800051c                __aeabi_l2d
 .text          0x08000578      0x21c f:/environment/gnu arm embedded toolchain/10 2021.10/bin/../lib/gcc/arm-none-eabi/10.3.1/thumb/v7e-m/nofp\libgcc.a(_arm_addsubsf3.o)
                0x08000578                __aeabi_frsub
                0x08000580                __subsf3
                0x08000580                __aeabi_fsub
                0x08000584                __aeabi_fadd
                0x08000584                __addsf3
                0x080006e4                __aeabi_ui2f
                0x080006e4                __floatunsisf
                0x080006ec                __aeabi_i2f
                0x080006ec                __floatsisf
                0x08000708                __aeabi_ul2f
                0x08000708                __floatundisf
                0x08000718                __aeabi_l2f
                0x08000718                __floatdisf
 .text          0x08000794      0x2a0 f:/environment/gnu arm embedded toolchain/10 2021.10/bin/../lib/gcc/arm-none-eabi/10.3.1/thumb/v7e-m/nofp\libgcc.a(_arm_muldivsf3.o)
                0x08000794                __mulsf3
                0x08000794                __aeabi_fmul
                0x080008fc                __aeabi_fdiv
                0x080008fc                __divsf3
 .text          0x08000a34       0xec f:/environment/gnu arm embedded toolchain/10 2021.10/bin/../lib/gcc/arm-none-eabi/10.3.1/thumb/v7e-m/nofp\libgcc.a(_arm_cmpsf2.o)
                0x08000a34                __gesf2
                0x08000a34                __gtsf2
                0x08000a3c                __lesf2
                0x08000a3c                __ltsf2
                0x08000a44                __nesf2
                0x08000a44                __eqsf2
                0x08000a44                __cmpsf2
                0x08000aa4                __aeabi_cfrcmple
                0x08000aac                __aeabi_cfcmpeq
                0x08000aac                __aeabi_cfcmple
                0x08000abc                __aeabi_fcmpeq
                0x08000ad0                __aeabi_fcmplt
                0x08000ae4                __aeabi_fcmple
                0x08000af8                __aeabi_fcmpge
                0x08000b0c                __aeabi_fcmpgt
 .text          0x08000b20       0x4c f:/environment/gnu arm embedded toolchain/10 2021.10/bin/../lib/gcc/arm-none-eabi/10.3.1/thumb/v7e-m/nofp\libgcc.a(_arm_fixsfsi.o)
                0x08000b20                __aeabi_f2iz
                0x08000b20                __fixsfsi
 .text          0x08000b6c       0x30 f:/environment/gnu arm embedded toolchain/10 2021.10/bin/../lib/gcc/arm-none-eabi/10.3.1/thumb/v7e-m/nofp\libgcc.a(_aeabi_uldivmod.o)
                0x08000b6c                __aeabi_uldivmod
 .text          0x08000b9c      0x2d0 f:/environment/gnu arm embedded toolchain/10 2021.10/bin/../lib/gcc/arm-none-eabi/10.3.1/thumb/v7e-m/nofp\libgcc.a(_udivmoddi4.o)
                0x08000b9c                __udivmoddi4
 .text          0x08000e6c        0x4 f:/environment/gnu arm embedded toolchain/10 2021.10/bin/../lib/gcc/arm-none-eabi/10.3.1/thumb/v7e-m/nofp\libgcc.a(_dvmd_tls.o)
                0x08000e6c                __aeabi_idiv0
                0x08000e6c                __aeabi_ldiv0
 .text          0x08000e70       0xa0 f:/environment/gnu arm embedded toolchain/10 2021.10/bin/../lib/gcc/arm-none-eabi/10.3.1/../../../../arm-none-eabi/lib/thumb/v7e-m/nofp\libg.a(lib_a-memchr.o)
                0x08000e70                memchr
 .text          0x08000f10      0x134 f:/environment/gnu arm embedded toolchain/10 2021.10/bin/../lib/gcc/arm-none-eabi/10.3.1/../../../../arm-none-eabi/lib/thumb/v7e-m/nofp\libg.a(lib_a-memcpy.o)
                0x08000f10                memcpy
 *fill*         0x08001044       0x3c 
 .text          0x08001080       0xdc f:/environment/gnu arm embedded toolchain/10 2021.10/bin/../lib/gcc/arm-none-eabi/10.3.1/../../../../arm-none-eabi/lib/thumb/v7e-m/nofp\libg.a(lib_a-strlen.o)
                0x08001080                strlen
 .text          0x0800115c      0x424 f:/environment/gnu arm embedded toolchain/10 2021.10/bin/../lib/gcc/arm-none-eabi/10.3.1/thumb/v7e-m/nofp\libgcc.a(_arm_muldivdf3.o)
                0x0800115c                __aeabi_dmul
                0x0800115c                __muldf3
                0x080013b0                __divdf3
                0x080013b0                __aeabi_ddiv
 .text          0x08001580      0x110 f:/environment/gnu arm embedded toolchain/10 2021.10/bin/../lib/gcc/arm-none-eabi/10.3.1/thumb/v7e-m/nofp\libgcc.a(_arm_cmpdf2.o)
                0x08001580                __gtdf2
                0x08001580                __gedf2
                0x08001588                __ltdf2
                0x08001588                __ledf2
                0x08001590                __nedf2
                0x08001590                __eqdf2
                0x08001590                __cmpdf2
                0x0800160c                __aeabi_cdrcmple
                0x0800161c                __aeabi_cdcmpeq
                0x0800161c                __aeabi_cdcmple
                0x0800162c                __aeabi_dcmpeq
                0x08001640                __aeabi_dcmplt
                0x08001654                __aeabi_dcmple
                0x08001668                __aeabi_dcmpge
                0x0800167c                __aeabi_dcmpgt
 .text          0x08001690       0x2c f:/environment/gnu arm embedded toolchain/10 2021.10/bin/../lib/gcc/arm-none-eabi/10.3.1/thumb/v7e-m/nofp\libgcc.a(_arm_unorddf2.o)
                0x08001690                __unorddf2
                0x08001690                __aeabi_dcmpun
 .text          0x080016bc       0x50 f:/environment/gnu arm embedded toolchain/10 2021.10/bin/../lib/gcc/arm-none-eabi/10.3.1/thumb/v7e-m/nofp\libgcc.a(_arm_fixdfsi.o)
                0x080016bc                __aeabi_d2iz
                0x080016bc                __fixdfsi
 *(.text*)
 .text.MX_DMA_Init
                0x0800170c       0x34 CMakeFiles/Unitree_M8010.elf.dir/Core/Src/dma.c.obj
                0x0800170c                MX_DMA_Init
 .text.MX_GPIO_Init
                0x08001740       0xb4 CMakeFiles/Unitree_M8010.elf.dir/Core/Src/gpio.c.obj
                0x08001740                MX_GPIO_Init
 .text.Error_Handler
                0x080017f4        0x4 CMakeFiles/Unitree_M8010.elf.dir/Core/Src/main.c.obj
                0x080017f4                Error_Handler
 .text.SystemClock_Config
                0x080017f8       0xa8 CMakeFiles/Unitree_M8010.elf.dir/Core/Src/main.c.obj
                0x080017f8                SystemClock_Config
 .text.main     0x080018a0       0xa8 CMakeFiles/Unitree_M8010.elf.dir/Core/Src/main.c.obj
                0x080018a0                main
 .text.HAL_MspInit
                0x08001948       0x38 CMakeFiles/Unitree_M8010.elf.dir/Core/Src/stm32f4xx_hal_msp.c.obj
                0x08001948                HAL_MspInit
 .text.NMI_Handler
                0x08001980        0x2 CMakeFiles/Unitree_M8010.elf.dir/Core/Src/stm32f4xx_it.c.obj
                0x08001980                NMI_Handler
 .text.HardFault_Handler
                0x08001982        0x2 CMakeFiles/Unitree_M8010.elf.dir/Core/Src/stm32f4xx_it.c.obj
                0x08001982                HardFault_Handler
 .text.MemManage_Handler
                0x08001984        0x2 CMakeFiles/Unitree_M8010.elf.dir/Core/Src/stm32f4xx_it.c.obj
                0x08001984                MemManage_Handler
 .text.BusFault_Handler
                0x08001986        0x2 CMakeFiles/Unitree_M8010.elf.dir/Core/Src/stm32f4xx_it.c.obj
                0x08001986                BusFault_Handler
 .text.UsageFault_Handler
                0x08001988        0x2 CMakeFiles/Unitree_M8010.elf.dir/Core/Src/stm32f4xx_it.c.obj
                0x08001988                UsageFault_Handler
 .text.SVC_Handler
                0x0800198a        0x2 CMakeFiles/Unitree_M8010.elf.dir/Core/Src/stm32f4xx_it.c.obj
                0x0800198a                SVC_Handler
 .text.DebugMon_Handler
                0x0800198c        0x2 CMakeFiles/Unitree_M8010.elf.dir/Core/Src/stm32f4xx_it.c.obj
                0x0800198c                DebugMon_Handler
 .text.PendSV_Handler
                0x0800198e        0x2 CMakeFiles/Unitree_M8010.elf.dir/Core/Src/stm32f4xx_it.c.obj
                0x0800198e                PendSV_Handler
 .text.SysTick_Handler
                0x08001990        0x8 CMakeFiles/Unitree_M8010.elf.dir/Core/Src/stm32f4xx_it.c.obj
                0x08001990                SysTick_Handler
 .text.DMA2_Stream1_IRQHandler
                0x08001998       0x10 CMakeFiles/Unitree_M8010.elf.dir/Core/Src/stm32f4xx_it.c.obj
                0x08001998                DMA2_Stream1_IRQHandler
 .text.USART6_IRQHandler
                0x080019a8       0x10 CMakeFiles/Unitree_M8010.elf.dir/Core/Src/stm32f4xx_it.c.obj
                0x080019a8                USART6_IRQHandler
 .text._getpid  0x080019b8        0x4 CMakeFiles/Unitree_M8010.elf.dir/Core/Src/syscalls.c.obj
                0x080019b8                _getpid
 .text._kill    0x080019bc       0x10 CMakeFiles/Unitree_M8010.elf.dir/Core/Src/syscalls.c.obj
                0x080019bc                _kill
 .text._exit    0x080019cc        0xc CMakeFiles/Unitree_M8010.elf.dir/Core/Src/syscalls.c.obj
                0x080019cc                _exit
 .text._sbrk    0x080019d8       0x48 CMakeFiles/Unitree_M8010.elf.dir/Core/Src/sysmem.c.obj
                0x080019d8                _sbrk
 .text.SystemInit
                0x08001a20        0x2 CMakeFiles/Unitree_M8010.elf.dir/Core/Src/system_stm32f4xx.c.obj
                0x08001a20                SystemInit
 *fill*         0x08001a22        0x2 
 .text.MX_UART8_Init
                0x08001a24       0x34 CMakeFiles/Unitree_M8010.elf.dir/Core/Src/usart.c.obj
                0x08001a24                MX_UART8_Init
 .text.MX_USART6_UART_Init
                0x08001a58       0x38 CMakeFiles/Unitree_M8010.elf.dir/Core/Src/usart.c.obj
                0x08001a58                MX_USART6_UART_Init
 .text.HAL_UART_MspInit
                0x08001a90      0x114 CMakeFiles/Unitree_M8010.elf.dir/Core/Src/usart.c.obj
                0x08001a90                HAL_UART_MspInit
 .text.Reset_Handler
                0x08001ba4       0x50 CMakeFiles/Unitree_M8010.elf.dir/Core/Startup/startup_stm32f427iihx.s.obj
                0x08001ba4                Reset_Handler
 .text.Default_Handler
                0x08001bf4        0x2 CMakeFiles/Unitree_M8010.elf.dir/Core/Startup/startup_stm32f427iihx.s.obj
                0x08001bf4                RTC_Alarm_IRQHandler
                0x08001bf4                HASH_RNG_IRQHandler
                0x08001bf4                EXTI2_IRQHandler
                0x08001bf4                TIM8_CC_IRQHandler
                0x08001bf4                UART8_IRQHandler
                0x08001bf4                SPI4_IRQHandler
                0x08001bf4                TIM1_CC_IRQHandler
                0x08001bf4                DMA2_Stream5_IRQHandler
                0x08001bf4                DMA1_Stream5_IRQHandler
                0x08001bf4                PVD_IRQHandler
                0x08001bf4                SDIO_IRQHandler
                0x08001bf4                TAMP_STAMP_IRQHandler
                0x08001bf4                CAN2_RX1_IRQHandler
                0x08001bf4                EXTI3_IRQHandler
                0x08001bf4                TIM8_TRG_COM_TIM14_IRQHandler
                0x08001bf4                TIM1_UP_TIM10_IRQHandler
                0x08001bf4                TIM8_UP_TIM13_IRQHandler
                0x08001bf4                I2C3_ER_IRQHandler
                0x08001bf4                EXTI0_IRQHandler
                0x08001bf4                I2C2_EV_IRQHandler
                0x08001bf4                DMA1_Stream2_IRQHandler
                0x08001bf4                CAN1_RX0_IRQHandler
                0x08001bf4                FPU_IRQHandler
                0x08001bf4                OTG_HS_WKUP_IRQHandler
                0x08001bf4                CAN2_SCE_IRQHandler
                0x08001bf4                DMA2_Stream2_IRQHandler
                0x08001bf4                SPI1_IRQHandler
                0x08001bf4                TIM6_DAC_IRQHandler
                0x08001bf4                TIM1_BRK_TIM9_IRQHandler
                0x08001bf4                DCMI_IRQHandler
                0x08001bf4                CAN2_RX0_IRQHandler
                0x08001bf4                DMA2_Stream3_IRQHandler
                0x08001bf4                USART3_IRQHandler
                0x08001bf4                CAN1_RX1_IRQHandler
                0x08001bf4                UART5_IRQHandler
                0x08001bf4                DMA2_Stream0_IRQHandler
                0x08001bf4                TIM4_IRQHandler
                0x08001bf4                I2C1_EV_IRQHandler
                0x08001bf4                DMA1_Stream6_IRQHandler
                0x08001bf4                DMA1_Stream1_IRQHandler
                0x08001bf4                UART4_IRQHandler
                0x08001bf4                TIM3_IRQHandler
                0x08001bf4                RCC_IRQHandler
                0x08001bf4                TIM8_BRK_TIM12_IRQHandler
                0x08001bf4                Default_Handler
                0x08001bf4                EXTI15_10_IRQHandler
                0x08001bf4                ADC_IRQHandler
                0x08001bf4                DMA1_Stream7_IRQHandler
                0x08001bf4                SPI5_IRQHandler
                0x08001bf4                TIM7_IRQHandler
                0x08001bf4                CAN2_TX_IRQHandler
                0x08001bf4                TIM5_IRQHandler
                0x08001bf4                DMA2_Stream7_IRQHandler
                0x08001bf4                I2C3_EV_IRQHandler
                0x08001bf4                EXTI9_5_IRQHandler
                0x08001bf4                RTC_WKUP_IRQHandler
                0x08001bf4                ETH_WKUP_IRQHandler
                0x08001bf4                SPI2_IRQHandler
                0x08001bf4                OTG_HS_EP1_IN_IRQHandler
                0x08001bf4                DMA1_Stream0_IRQHandler
                0x08001bf4                CAN1_TX_IRQHandler
                0x08001bf4                EXTI4_IRQHandler
                0x08001bf4                ETH_IRQHandler
                0x08001bf4                OTG_HS_EP1_OUT_IRQHandler
                0x08001bf4                WWDG_IRQHandler
                0x08001bf4                SPI6_IRQHandler
                0x08001bf4                TIM2_IRQHandler
                0x08001bf4                OTG_FS_WKUP_IRQHandler
                0x08001bf4                TIM1_TRG_COM_TIM11_IRQHandler
                0x08001bf4                OTG_HS_IRQHandler
                0x08001bf4                DMA2D_IRQHandler
                0x08001bf4                EXTI1_IRQHandler
                0x08001bf4                UART7_IRQHandler
                0x08001bf4                USART2_IRQHandler
                0x08001bf4                I2C2_ER_IRQHandler
                0x08001bf4                CAN1_SCE_IRQHandler
                0x08001bf4                FLASH_IRQHandler
                0x08001bf4                DMA2_Stream4_IRQHandler
                0x08001bf4                USART1_IRQHandler
                0x08001bf4                OTG_FS_IRQHandler
                0x08001bf4                SPI3_IRQHandler
                0x08001bf4                DMA1_Stream4_IRQHandler
                0x08001bf4                I2C1_ER_IRQHandler
                0x08001bf4                FMC_IRQHandler
                0x08001bf4                DMA2_Stream6_IRQHandler
                0x08001bf4                SAI1_IRQHandler
                0x08001bf4                DMA1_Stream3_IRQHandler
 *fill*         0x08001bf6        0x2 
 .text.HAL_InitTick
                0x08001bf8       0x4c CMakeFiles/Unitree_M8010.elf.dir/Drivers/STM32F4xx_HAL_Driver/Src/stm32f4xx_hal.c.obj
                0x08001bf8                HAL_InitTick
 .text.HAL_Init
                0x08001c44       0x34 CMakeFiles/Unitree_M8010.elf.dir/Drivers/STM32F4xx_HAL_Driver/Src/stm32f4xx_hal.c.obj
                0x08001c44                HAL_Init
 .text.HAL_IncTick
                0x08001c78       0x18 CMakeFiles/Unitree_M8010.elf.dir/Drivers/STM32F4xx_HAL_Driver/Src/stm32f4xx_hal.c.obj
                0x08001c78                HAL_IncTick
 .text.HAL_GetTick
                0x08001c90        0xc CMakeFiles/Unitree_M8010.elf.dir/Drivers/STM32F4xx_HAL_Driver/Src/stm32f4xx_hal.c.obj
                0x08001c90                HAL_GetTick
 .text.HAL_Delay
                0x08001c9c       0x28 CMakeFiles/Unitree_M8010.elf.dir/Drivers/STM32F4xx_HAL_Driver/Src/stm32f4xx_hal.c.obj
                0x08001c9c                HAL_Delay
 .text.HAL_NVIC_SetPriorityGrouping
                0x08001cc4       0x24 CMakeFiles/Unitree_M8010.elf.dir/Drivers/STM32F4xx_HAL_Driver/Src/stm32f4xx_hal_cortex.c.obj
                0x08001cc4                HAL_NVIC_SetPriorityGrouping
 .text.HAL_NVIC_SetPriority
                0x08001ce8       0x70 CMakeFiles/Unitree_M8010.elf.dir/Drivers/STM32F4xx_HAL_Driver/Src/stm32f4xx_hal_cortex.c.obj
                0x08001ce8                HAL_NVIC_SetPriority
 .text.HAL_NVIC_EnableIRQ
                0x08001d58       0x1c CMakeFiles/Unitree_M8010.elf.dir/Drivers/STM32F4xx_HAL_Driver/Src/stm32f4xx_hal_cortex.c.obj
                0x08001d58                HAL_NVIC_EnableIRQ
 .text.HAL_SYSTICK_Config
                0x08001d74       0x28 CMakeFiles/Unitree_M8010.elf.dir/Drivers/STM32F4xx_HAL_Driver/Src/stm32f4xx_hal_cortex.c.obj
                0x08001d74                HAL_SYSTICK_Config
 .text.DMA_SetConfig
                0x08001d9c       0x2c CMakeFiles/Unitree_M8010.elf.dir/Drivers/STM32F4xx_HAL_Driver/Src/stm32f4xx_hal_dma.c.obj
 .text.DMA_CalcBaseAndBitshift
                0x08001dc8       0x40 CMakeFiles/Unitree_M8010.elf.dir/Drivers/STM32F4xx_HAL_Driver/Src/stm32f4xx_hal_dma.c.obj
 .text.DMA_CheckFifoParam
                0x08001e08       0x8e CMakeFiles/Unitree_M8010.elf.dir/Drivers/STM32F4xx_HAL_Driver/Src/stm32f4xx_hal_dma.c.obj
 *fill*         0x08001e96        0x2 
 .text.HAL_DMA_Init
                0x08001e98       0xcc CMakeFiles/Unitree_M8010.elf.dir/Drivers/STM32F4xx_HAL_Driver/Src/stm32f4xx_hal_dma.c.obj
                0x08001e98                HAL_DMA_Init
 .text.HAL_DMA_Start_IT
                0x08001f64       0x6a CMakeFiles/Unitree_M8010.elf.dir/Drivers/STM32F4xx_HAL_Driver/Src/stm32f4xx_hal_dma.c.obj
                0x08001f64                HAL_DMA_Start_IT
 .text.HAL_DMA_Abort
                0x08001fce       0x94 CMakeFiles/Unitree_M8010.elf.dir/Drivers/STM32F4xx_HAL_Driver/Src/stm32f4xx_hal_dma.c.obj
                0x08001fce                HAL_DMA_Abort
 .text.HAL_DMA_Abort_IT
                0x08002062       0x26 CMakeFiles/Unitree_M8010.elf.dir/Drivers/STM32F4xx_HAL_Driver/Src/stm32f4xx_hal_dma.c.obj
                0x08002062                HAL_DMA_Abort_IT
 .text.HAL_DMA_IRQHandler
                0x08002088      0x1dc CMakeFiles/Unitree_M8010.elf.dir/Drivers/STM32F4xx_HAL_Driver/Src/stm32f4xx_hal_dma.c.obj
                0x08002088                HAL_DMA_IRQHandler
 .text.HAL_GPIO_Init
                0x08002264      0x1fc CMakeFiles/Unitree_M8010.elf.dir/Drivers/STM32F4xx_HAL_Driver/Src/stm32f4xx_hal_gpio.c.obj
                0x08002264                HAL_GPIO_Init
 .text.HAL_GPIO_WritePin
                0x08002460        0xc CMakeFiles/Unitree_M8010.elf.dir/Drivers/STM32F4xx_HAL_Driver/Src/stm32f4xx_hal_gpio.c.obj
                0x08002460                HAL_GPIO_WritePin
 .text.HAL_RCC_OscConfig
                0x0800246c      0x3f8 CMakeFiles/Unitree_M8010.elf.dir/Drivers/STM32F4xx_HAL_Driver/Src/stm32f4xx_hal_rcc.c.obj
                0x0800246c                HAL_RCC_OscConfig
 .text.HAL_RCC_GetSysClockFreq
                0x08002864       0xa4 CMakeFiles/Unitree_M8010.elf.dir/Drivers/STM32F4xx_HAL_Driver/Src/stm32f4xx_hal_rcc.c.obj
                0x08002864                HAL_RCC_GetSysClockFreq
 .text.HAL_RCC_ClockConfig
                0x08002908      0x160 CMakeFiles/Unitree_M8010.elf.dir/Drivers/STM32F4xx_HAL_Driver/Src/stm32f4xx_hal_rcc.c.obj
                0x08002908                HAL_RCC_ClockConfig
 .text.HAL_RCC_GetHCLKFreq
                0x08002a68        0xc CMakeFiles/Unitree_M8010.elf.dir/Drivers/STM32F4xx_HAL_Driver/Src/stm32f4xx_hal_rcc.c.obj
                0x08002a68                HAL_RCC_GetHCLKFreq
 .text.HAL_RCC_GetPCLK1Freq
                0x08002a74       0x20 CMakeFiles/Unitree_M8010.elf.dir/Drivers/STM32F4xx_HAL_Driver/Src/stm32f4xx_hal_rcc.c.obj
                0x08002a74                HAL_RCC_GetPCLK1Freq
 .text.HAL_RCC_GetPCLK2Freq
                0x08002a94       0x20 CMakeFiles/Unitree_M8010.elf.dir/Drivers/STM32F4xx_HAL_Driver/Src/stm32f4xx_hal_rcc.c.obj
                0x08002a94                HAL_RCC_GetPCLK2Freq
 .text.UART_EndTxTransfer
                0x08002ab4       0x20 CMakeFiles/Unitree_M8010.elf.dir/Drivers/STM32F4xx_HAL_Driver/Src/stm32f4xx_hal_uart.c.obj
 .text.UART_EndRxTransfer
                0x08002ad4       0x5c CMakeFiles/Unitree_M8010.elf.dir/Drivers/STM32F4xx_HAL_Driver/Src/stm32f4xx_hal_uart.c.obj
 .text.UART_Transmit_IT
                0x08002b30       0x60 CMakeFiles/Unitree_M8010.elf.dir/Drivers/STM32F4xx_HAL_Driver/Src/stm32f4xx_hal_uart.c.obj
 .text.UART_SetConfig
                0x08002b90      0x110 CMakeFiles/Unitree_M8010.elf.dir/Drivers/STM32F4xx_HAL_Driver/Src/stm32f4xx_hal_uart.c.obj
 .text.UART_WaitOnFlagUntilTimeout
                0x08002ca0       0x88 CMakeFiles/Unitree_M8010.elf.dir/Drivers/STM32F4xx_HAL_Driver/Src/stm32f4xx_hal_uart.c.obj
 .text.HAL_UART_Init
                0x08002d28       0x5e CMakeFiles/Unitree_M8010.elf.dir/Drivers/STM32F4xx_HAL_Driver/Src/stm32f4xx_hal_uart.c.obj
                0x08002d28                HAL_UART_Init
 .text.HAL_UART_Transmit
                0x08002d86       0xd8 CMakeFiles/Unitree_M8010.elf.dir/Drivers/STM32F4xx_HAL_Driver/Src/stm32f4xx_hal_uart.c.obj
                0x08002d86                HAL_UART_Transmit
 .text.HAL_UART_Receive
                0x08002e5e       0xe4 CMakeFiles/Unitree_M8010.elf.dir/Drivers/STM32F4xx_HAL_Driver/Src/stm32f4xx_hal_uart.c.obj
                0x08002e5e                HAL_UART_Receive
 .text.HAL_UART_TxCpltCallback
                0x08002f42        0x2 CMakeFiles/Unitree_M8010.elf.dir/Drivers/STM32F4xx_HAL_Driver/Src/stm32f4xx_hal_uart.c.obj
                0x08002f42                HAL_UART_TxCpltCallback
 .text.UART_EndTransmit_IT
                0x08002f44       0x1a CMakeFiles/Unitree_M8010.elf.dir/Drivers/STM32F4xx_HAL_Driver/Src/stm32f4xx_hal_uart.c.obj
 .text.HAL_UART_RxCpltCallback
                0x08002f5e        0x2 CMakeFiles/Unitree_M8010.elf.dir/Drivers/STM32F4xx_HAL_Driver/Src/stm32f4xx_hal_uart.c.obj
                0x08002f5e                HAL_UART_RxCpltCallback
 .text.HAL_UART_RxHalfCpltCallback
                0x08002f60        0x2 CMakeFiles/Unitree_M8010.elf.dir/Drivers/STM32F4xx_HAL_Driver/Src/stm32f4xx_hal_uart.c.obj
                0x08002f60                HAL_UART_RxHalfCpltCallback
 .text.HAL_UART_ErrorCallback
                0x08002f62        0x2 CMakeFiles/Unitree_M8010.elf.dir/Drivers/STM32F4xx_HAL_Driver/Src/stm32f4xx_hal_uart.c.obj
                0x08002f62                HAL_UART_ErrorCallback
 .text.UART_DMAError
                0x08002f64       0x58 CMakeFiles/Unitree_M8010.elf.dir/Drivers/STM32F4xx_HAL_Driver/Src/stm32f4xx_hal_uart.c.obj
 .text.UART_DMAAbortOnError
                0x08002fbc       0x10 CMakeFiles/Unitree_M8010.elf.dir/Drivers/STM32F4xx_HAL_Driver/Src/stm32f4xx_hal_uart.c.obj
 .text.HAL_UARTEx_RxEventCallback
                0x08002fcc        0x2 CMakeFiles/Unitree_M8010.elf.dir/Drivers/STM32F4xx_HAL_Driver/Src/stm32f4xx_hal_uart.c.obj
                0x08002fcc                HAL_UARTEx_RxEventCallback
 .text.UART_Receive_IT
                0x08002fce       0xe2 CMakeFiles/Unitree_M8010.elf.dir/Drivers/STM32F4xx_HAL_Driver/Src/stm32f4xx_hal_uart.c.obj
 .text.HAL_UART_IRQHandler
                0x080030b0      0x280 CMakeFiles/Unitree_M8010.elf.dir/Drivers/STM32F4xx_HAL_Driver/Src/stm32f4xx_hal_uart.c.obj
                0x080030b0                HAL_UART_IRQHandler
 .text.UART_DMARxHalfCplt
                0x08003330       0x1a CMakeFiles/Unitree_M8010.elf.dir/Drivers/STM32F4xx_HAL_Driver/Src/stm32f4xx_hal_uart.c.obj
 .text.UART_DMAReceiveCplt
                0x0800334a       0x96 CMakeFiles/Unitree_M8010.elf.dir/Drivers/STM32F4xx_HAL_Driver/Src/stm32f4xx_hal_uart.c.obj
 .text.UART_Start_Receive_DMA
                0x080033e0       0xa8 CMakeFiles/Unitree_M8010.elf.dir/Drivers/STM32F4xx_HAL_Driver/Src/stm32f4xx_hal_uart.c.obj
                0x080033e0                UART_Start_Receive_DMA
 .text.HAL_UARTEx_ReceiveToIdle_DMA
                0x08003488       0x70 CMakeFiles/Unitree_M8010.elf.dir/Drivers/STM32F4xx_HAL_Driver/Src/stm32f4xx_hal_uart.c.obj
                0x08003488                HAL_UARTEx_ReceiveToIdle_DMA
 .text.crc_ccitt_byte
                0x080034f8       0x14 CMakeFiles/Unitree_M8010.elf.dir/User/Unitree_SDK/GO-M8010-6.c.obj
 .text.crc_ccitt
                0x0800350c       0x18 CMakeFiles/Unitree_M8010.elf.dir/User/Unitree_SDK/GO-M8010-6.c.obj
 .text.modify_data
                0x08003524      0x18c CMakeFiles/Unitree_M8010.elf.dir/User/Unitree_SDK/GO-M8010-6.c.obj
                0x08003524                modify_data
 .text.extract_data
                0x080036b0       0x94 CMakeFiles/Unitree_M8010.elf.dir/User/Unitree_SDK/GO-M8010-6.c.obj
                0x080036b0                extract_data
 .text.SERVO_Send_recv
                0x08003744       0x78 CMakeFiles/Unitree_M8010.elf.dir/User/Unitree_SDK/GO-M8010-6.c.obj
                0x08003744                SERVO_Send_recv
 .text.Unitree_init
                0x080037bc       0x38 CMakeFiles/Unitree_M8010.elf.dir/User/Unitree_SDK/Unitree_user.c.obj
                0x080037bc                Unitree_init
 .text.Unitree_UART_tranANDrev
                0x080037f4       0x38 CMakeFiles/Unitree_M8010.elf.dir/User/Unitree_SDK/Unitree_user.c.obj
                0x080037f4                Unitree_UART_tranANDrev
 .text.RetargetInit
                0x0800382c       0x20 CMakeFiles/Unitree_M8010.elf.dir/User/retarget/retarget.c.obj
                0x0800382c                RetargetInit
 .text._isatty  0x0800384c       0x16 CMakeFiles/Unitree_M8010.elf.dir/User/retarget/retarget.c.obj
                0x0800384c                _isatty
 *fill*         0x08003862        0x2 
 .text._write   0x08003864       0x34 CMakeFiles/Unitree_M8010.elf.dir/User/retarget/retarget.c.obj
                0x08003864                _write
 .text._close   0x08003898       0x18 CMakeFiles/Unitree_M8010.elf.dir/User/retarget/retarget.c.obj
                0x08003898                _close
 .text._lseek   0x080038b0       0x10 CMakeFiles/Unitree_M8010.elf.dir/User/retarget/retarget.c.obj
                0x080038b0                _lseek
 .text._read    0x080038c0       0x30 CMakeFiles/Unitree_M8010.elf.dir/User/retarget/retarget.c.obj
                0x080038c0                _read
 .text._fstat   0x080038f0       0x1a CMakeFiles/Unitree_M8010.elf.dir/User/retarget/retarget.c.obj
                0x080038f0                _fstat
 *fill*         0x0800390a        0x2 
 .text.__errno  0x0800390c        0xc f:/environment/gnu arm embedded toolchain/10 2021.10/bin/../lib/gcc/arm-none-eabi/10.3.1/../../../../arm-none-eabi/lib/thumb/v7e-m/nofp\libg.a(lib_a-errno.o)
                0x0800390c                __errno
 .text.__libc_init_array
                0x08003918       0x48 f:/environment/gnu arm embedded toolchain/10 2021.10/bin/../lib/gcc/arm-none-eabi/10.3.1/../../../../arm-none-eabi/lib/thumb/v7e-m/nofp\libg.a(lib_a-init.o)
                0x08003918                __libc_init_array
 .text.memset   0x08003960       0xa4 f:/environment/gnu arm embedded toolchain/10 2021.10/bin/../lib/gcc/arm-none-eabi/10.3.1/../../../../arm-none-eabi/lib/thumb/v7e-m/nofp\libg.a(lib_a-memset.o)
                0x08003960                memset
 .text.printf   0x08003a04       0x28 f:/environment/gnu arm embedded toolchain/10 2021.10/bin/../lib/gcc/arm-none-eabi/10.3.1/../../../../arm-none-eabi/lib/thumb/v7e-m/nofp\libg.a(lib_a-printf.o)
                0x08003a04                printf
 .text.setvbuf  0x08003a2c      0x1b0 f:/environment/gnu arm embedded toolchain/10 2021.10/bin/../lib/gcc/arm-none-eabi/10.3.1/../../../../arm-none-eabi/lib/thumb/v7e-m/nofp\libg.a(lib_a-setvbuf.o)
                0x08003a2c                setvbuf
 .text._vfprintf_r
                0x08003bdc     0x1ad4 f:/environment/gnu arm embedded toolchain/10 2021.10/bin/../lib/gcc/arm-none-eabi/10.3.1/../../../../arm-none-eabi/lib/thumb/v7e-m/nofp\libg.a(lib_a-vfprintf.o)
                0x08003bdc                _vfprintf_r
 .text.__sbprintf
                0x080056b0       0x80 f:/environment/gnu arm embedded toolchain/10 2021.10/bin/../lib/gcc/arm-none-eabi/10.3.1/../../../../arm-none-eabi/lib/thumb/v7e-m/nofp\libg.a(lib_a-vfprintf.o)
 .text.__swsetup_r
                0x08005730       0xd4 f:/environment/gnu arm embedded toolchain/10 2021.10/bin/../lib/gcc/arm-none-eabi/10.3.1/../../../../arm-none-eabi/lib/thumb/v7e-m/nofp\libg.a(lib_a-wsetup.o)
                0x08005730                __swsetup_r
 .text.startup.register_fini
                0x08005804       0x14 f:/environment/gnu arm embedded toolchain/10 2021.10/bin/../lib/gcc/arm-none-eabi/10.3.1/../../../../arm-none-eabi/lib/thumb/v7e-m/nofp\libg.a(lib_a-__call_atexit.o)
 .text.atexit   0x08005818        0xc f:/environment/gnu arm embedded toolchain/10 2021.10/bin/../lib/gcc/arm-none-eabi/10.3.1/../../../../arm-none-eabi/lib/thumb/v7e-m/nofp\libg.a(lib_a-atexit.o)
                0x08005818                atexit
 .text.quorem   0x08005824      0x124 f:/environment/gnu arm embedded toolchain/10 2021.10/bin/../lib/gcc/arm-none-eabi/10.3.1/../../../../arm-none-eabi/lib/thumb/v7e-m/nofp\libg.a(lib_a-dtoa.o)
 .text._dtoa_r  0x08005948      0xec4 f:/environment/gnu arm embedded toolchain/10 2021.10/bin/../lib/gcc/arm-none-eabi/10.3.1/../../../../arm-none-eabi/lib/thumb/v7e-m/nofp\libg.a(lib_a-dtoa.o)
                0x08005948                _dtoa_r
 .text.__sflush_r
                0x0800680c      0x120 f:/environment/gnu arm embedded toolchain/10 2021.10/bin/../lib/gcc/arm-none-eabi/10.3.1/../../../../arm-none-eabi/lib/thumb/v7e-m/nofp\libg.a(lib_a-fflush.o)
                0x0800680c                __sflush_r
 .text._fflush_r
                0x0800692c       0x5c f:/environment/gnu arm embedded toolchain/10 2021.10/bin/../lib/gcc/arm-none-eabi/10.3.1/../../../../arm-none-eabi/lib/thumb/v7e-m/nofp\libg.a(lib_a-fflush.o)
                0x0800692c                _fflush_r
 .text._cleanup_r
                0x08006988        0xc f:/environment/gnu arm embedded toolchain/10 2021.10/bin/../lib/gcc/arm-none-eabi/10.3.1/../../../../arm-none-eabi/lib/thumb/v7e-m/nofp\libg.a(lib_a-findfp.o)
                0x08006988                _cleanup_r
 .text.__sinit  0x08006994      0x10c f:/environment/gnu arm embedded toolchain/10 2021.10/bin/../lib/gcc/arm-none-eabi/10.3.1/../../../../arm-none-eabi/lib/thumb/v7e-m/nofp\libg.a(lib_a-findfp.o)
                0x08006994                __sinit
 .text.__sfp_lock_acquire
                0x08006aa0        0xc f:/environment/gnu arm embedded toolchain/10 2021.10/bin/../lib/gcc/arm-none-eabi/10.3.1/../../../../arm-none-eabi/lib/thumb/v7e-m/nofp\libg.a(lib_a-findfp.o)
                0x08006aa0                __sfp_lock_acquire
 .text.__sfp_lock_release
                0x08006aac        0xc f:/environment/gnu arm embedded toolchain/10 2021.10/bin/../lib/gcc/arm-none-eabi/10.3.1/../../../../arm-none-eabi/lib/thumb/v7e-m/nofp\libg.a(lib_a-findfp.o)
                0x08006aac                __sfp_lock_release
 .text.__libc_fini_array
                0x08006ab8       0x2c f:/environment/gnu arm embedded toolchain/10 2021.10/bin/../lib/gcc/arm-none-eabi/10.3.1/../../../../arm-none-eabi/lib/thumb/v7e-m/nofp\libg.a(lib_a-fini.o)
                0x08006ab8                __libc_fini_array
 .text._malloc_trim_r
                0x08006ae4       0xa0 f:/environment/gnu arm embedded toolchain/10 2021.10/bin/../lib/gcc/arm-none-eabi/10.3.1/../../../../arm-none-eabi/lib/thumb/v7e-m/nofp\libg.a(lib_a-freer.o)
                0x08006ae4                _malloc_trim_r
 .text._free_r  0x08006b84      0x20c f:/environment/gnu arm embedded toolchain/10 2021.10/bin/../lib/gcc/arm-none-eabi/10.3.1/../../../../arm-none-eabi/lib/thumb/v7e-m/nofp\libg.a(lib_a-freer.o)
                0x08006b84                _free_r
 .text._fwalk_reent
                0x08006d90       0x48 f:/environment/gnu arm embedded toolchain/10 2021.10/bin/../lib/gcc/arm-none-eabi/10.3.1/../../../../arm-none-eabi/lib/thumb/v7e-m/nofp\libg.a(lib_a-fwalk.o)
                0x08006d90                _fwalk_reent
 .text._localeconv_r
                0x08006dd8        0x8 f:/environment/gnu arm embedded toolchain/10 2021.10/bin/../lib/gcc/arm-none-eabi/10.3.1/../../../../arm-none-eabi/lib/thumb/v7e-m/nofp\libg.a(lib_a-localeconv.o)
                0x08006dd8                _localeconv_r
 .text.__retarget_lock_init_recursive
                0x08006de0        0x4 f:/environment/gnu arm embedded toolchain/10 2021.10/bin/../lib/gcc/arm-none-eabi/10.3.1/../../../../arm-none-eabi/lib/thumb/v7e-m/nofp\libg.a(lib_a-lock.o)
                0x08006de0                __retarget_lock_init_recursive
 .text.__retarget_lock_close_recursive
                0x08006de4        0x4 f:/environment/gnu arm embedded toolchain/10 2021.10/bin/../lib/gcc/arm-none-eabi/10.3.1/../../../../arm-none-eabi/lib/thumb/v7e-m/nofp\libg.a(lib_a-lock.o)
                0x08006de4                __retarget_lock_close_recursive
 .text.__retarget_lock_acquire_recursive
                0x08006de8        0x4 f:/environment/gnu arm embedded toolchain/10 2021.10/bin/../lib/gcc/arm-none-eabi/10.3.1/../../../../arm-none-eabi/lib/thumb/v7e-m/nofp\libg.a(lib_a-lock.o)
                0x08006de8                __retarget_lock_acquire_recursive
 .text.__retarget_lock_release_recursive
                0x08006dec        0x4 f:/environment/gnu arm embedded toolchain/10 2021.10/bin/../lib/gcc/arm-none-eabi/10.3.1/../../../../arm-none-eabi/lib/thumb/v7e-m/nofp\libg.a(lib_a-lock.o)
                0x08006dec                __retarget_lock_release_recursive
 .text.__smakebuf_r
                0x08006df0       0xe0 f:/environment/gnu arm embedded toolchain/10 2021.10/bin/../lib/gcc/arm-none-eabi/10.3.1/../../../../arm-none-eabi/lib/thumb/v7e-m/nofp\libg.a(lib_a-makebuf.o)
                0x08006df0                __smakebuf_r
 .text.__swhatbuf_r
                0x08006ed0       0x60 f:/environment/gnu arm embedded toolchain/10 2021.10/bin/../lib/gcc/arm-none-eabi/10.3.1/../../../../arm-none-eabi/lib/thumb/v7e-m/nofp\libg.a(lib_a-makebuf.o)
                0x08006ed0                __swhatbuf_r
 .text.malloc   0x08006f30       0x10 f:/environment/gnu arm embedded toolchain/10 2021.10/bin/../lib/gcc/arm-none-eabi/10.3.1/../../../../arm-none-eabi/lib/thumb/v7e-m/nofp\libg.a(lib_a-malloc.o)
                0x08006f30                malloc
 .text._malloc_r
                0x08006f40      0x560 f:/environment/gnu arm embedded toolchain/10 2021.10/bin/../lib/gcc/arm-none-eabi/10.3.1/../../../../arm-none-eabi/lib/thumb/v7e-m/nofp\libg.a(lib_a-mallocr.o)
                0x08006f40                _malloc_r
 .text.__malloc_lock
                0x080074a0        0xc f:/environment/gnu arm embedded toolchain/10 2021.10/bin/../lib/gcc/arm-none-eabi/10.3.1/../../../../arm-none-eabi/lib/thumb/v7e-m/nofp\libg.a(lib_a-mlock.o)
                0x080074a0                __malloc_lock
 .text.__malloc_unlock
                0x080074ac        0xc f:/environment/gnu arm embedded toolchain/10 2021.10/bin/../lib/gcc/arm-none-eabi/10.3.1/../../../../arm-none-eabi/lib/thumb/v7e-m/nofp\libg.a(lib_a-mlock.o)
                0x080074ac                __malloc_unlock
 .text._Balloc  0x080074b8       0x4c f:/environment/gnu arm embedded toolchain/10 2021.10/bin/../lib/gcc/arm-none-eabi/10.3.1/../../../../arm-none-eabi/lib/thumb/v7e-m/nofp\libg.a(lib_a-mprec.o)
                0x080074b8                _Balloc
 .text._Bfree   0x08007504       0x14 f:/environment/gnu arm embedded toolchain/10 2021.10/bin/../lib/gcc/arm-none-eabi/10.3.1/../../../../arm-none-eabi/lib/thumb/v7e-m/nofp\libg.a(lib_a-mprec.o)
                0x08007504                _Bfree
 .text.__multadd
                0x08007518       0xa0 f:/environment/gnu arm embedded toolchain/10 2021.10/bin/../lib/gcc/arm-none-eabi/10.3.1/../../../../arm-none-eabi/lib/thumb/v7e-m/nofp\libg.a(lib_a-mprec.o)
                0x08007518                __multadd
 .text.__hi0bits
                0x080075b8       0x40 f:/environment/gnu arm embedded toolchain/10 2021.10/bin/../lib/gcc/arm-none-eabi/10.3.1/../../../../arm-none-eabi/lib/thumb/v7e-m/nofp\libg.a(lib_a-mprec.o)
                0x080075b8                __hi0bits
 .text.__lo0bits
                0x080075f8       0x5c f:/environment/gnu arm embedded toolchain/10 2021.10/bin/../lib/gcc/arm-none-eabi/10.3.1/../../../../arm-none-eabi/lib/thumb/v7e-m/nofp\libg.a(lib_a-mprec.o)
                0x080075f8                __lo0bits
 .text.__i2b    0x08007654       0x5c f:/environment/gnu arm embedded toolchain/10 2021.10/bin/../lib/gcc/arm-none-eabi/10.3.1/../../../../arm-none-eabi/lib/thumb/v7e-m/nofp\libg.a(lib_a-mprec.o)
                0x08007654                __i2b
 .text.__multiply
                0x080076b0      0x15c f:/environment/gnu arm embedded toolchain/10 2021.10/bin/../lib/gcc/arm-none-eabi/10.3.1/../../../../arm-none-eabi/lib/thumb/v7e-m/nofp\libg.a(lib_a-mprec.o)
                0x080076b0                __multiply
 .text.__pow5mult
                0x0800780c       0xc0 f:/environment/gnu arm embedded toolchain/10 2021.10/bin/../lib/gcc/arm-none-eabi/10.3.1/../../../../arm-none-eabi/lib/thumb/v7e-m/nofp\libg.a(lib_a-mprec.o)
                0x0800780c                __pow5mult
 .text.__lshift
                0x080078cc       0xf0 f:/environment/gnu arm embedded toolchain/10 2021.10/bin/../lib/gcc/arm-none-eabi/10.3.1/../../../../arm-none-eabi/lib/thumb/v7e-m/nofp\libg.a(lib_a-mprec.o)
                0x080078cc                __lshift
 .text.__mcmp   0x080079bc       0x40 f:/environment/gnu arm embedded toolchain/10 2021.10/bin/../lib/gcc/arm-none-eabi/10.3.1/../../../../arm-none-eabi/lib/thumb/v7e-m/nofp\libg.a(lib_a-mprec.o)
                0x080079bc                __mcmp
 .text.__mdiff  0x080079fc      0x14c f:/environment/gnu arm embedded toolchain/10 2021.10/bin/../lib/gcc/arm-none-eabi/10.3.1/../../../../arm-none-eabi/lib/thumb/v7e-m/nofp\libg.a(lib_a-mprec.o)
                0x080079fc                __mdiff
 .text.__d2b    0x08007b48       0xc4 f:/environment/gnu arm embedded toolchain/10 2021.10/bin/../lib/gcc/arm-none-eabi/10.3.1/../../../../arm-none-eabi/lib/thumb/v7e-m/nofp\libg.a(lib_a-mprec.o)
                0x08007b48                __d2b
 .text.frexp    0x08007c0c       0x70 f:/environment/gnu arm embedded toolchain/10 2021.10/bin/../lib/gcc/arm-none-eabi/10.3.1/../../../../arm-none-eabi/lib/thumb/v7e-m/nofp\libg.a(lib_a-s_frexp.o)
                0x08007c0c                frexp
 .text._sbrk_r  0x08007c7c       0x24 f:/environment/gnu arm embedded toolchain/10 2021.10/bin/../lib/gcc/arm-none-eabi/10.3.1/../../../../arm-none-eabi/lib/thumb/v7e-m/nofp\libg.a(lib_a-sbrkr.o)
                0x08007c7c                _sbrk_r
 .text.__sread  0x08007ca0       0x24 f:/environment/gnu arm embedded toolchain/10 2021.10/bin/../lib/gcc/arm-none-eabi/10.3.1/../../../../arm-none-eabi/lib/thumb/v7e-m/nofp\libg.a(lib_a-stdio.o)
                0x08007ca0                __sread
 .text.__swrite
                0x08007cc4       0x40 f:/environment/gnu arm embedded toolchain/10 2021.10/bin/../lib/gcc/arm-none-eabi/10.3.1/../../../../arm-none-eabi/lib/thumb/v7e-m/nofp\libg.a(lib_a-stdio.o)
                0x08007cc4                __swrite
 .text.__sseek  0x08007d04       0x20 f:/environment/gnu arm embedded toolchain/10 2021.10/bin/../lib/gcc/arm-none-eabi/10.3.1/../../../../arm-none-eabi/lib/thumb/v7e-m/nofp\libg.a(lib_a-stdio.o)
                0x08007d04                __sseek
 .text.__sclose
                0x08007d24        0x8 f:/environment/gnu arm embedded toolchain/10 2021.10/bin/../lib/gcc/arm-none-eabi/10.3.1/../../../../arm-none-eabi/lib/thumb/v7e-m/nofp\libg.a(lib_a-stdio.o)
                0x08007d24                __sclose
 .text.strncpy  0x08007d2c       0x64 f:/environment/gnu arm embedded toolchain/10 2021.10/bin/../lib/gcc/arm-none-eabi/10.3.1/../../../../arm-none-eabi/lib/thumb/v7e-m/nofp\libg.a(lib_a-strncpy.o)
                0x08007d2c                strncpy
 .text.__sprint_r.part.0
                0x08007d90       0x78 f:/environment/gnu arm embedded toolchain/10 2021.10/bin/../lib/gcc/arm-none-eabi/10.3.1/../../../../arm-none-eabi/lib/thumb/v7e-m/nofp\libg.a(lib_a-vfiprintf.o)
 .text.__sprint_r
                0x08007e08       0x14 f:/environment/gnu arm embedded toolchain/10 2021.10/bin/../lib/gcc/arm-none-eabi/10.3.1/../../../../arm-none-eabi/lib/thumb/v7e-m/nofp\libg.a(lib_a-vfiprintf.o)
                0x08007e08                __sprint_r
 .text._vfiprintf_r
                0x08007e1c      0xda0 f:/environment/gnu arm embedded toolchain/10 2021.10/bin/../lib/gcc/arm-none-eabi/10.3.1/../../../../arm-none-eabi/lib/thumb/v7e-m/nofp\libg.a(lib_a-vfiprintf.o)
                0x08007e1c                _vfiprintf_r
 .text.__sbprintf
                0x08008bbc       0x80 f:/environment/gnu arm embedded toolchain/10 2021.10/bin/../lib/gcc/arm-none-eabi/10.3.1/../../../../arm-none-eabi/lib/thumb/v7e-m/nofp\libg.a(lib_a-vfiprintf.o)
 .text._write_r
                0x08008c3c       0x2c f:/environment/gnu arm embedded toolchain/10 2021.10/bin/../lib/gcc/arm-none-eabi/10.3.1/../../../../arm-none-eabi/lib/thumb/v7e-m/nofp\libg.a(lib_a-writer.o)
                0x08008c3c                _write_r
 .text.__register_exitproc
                0x08008c68       0x8c f:/environment/gnu arm embedded toolchain/10 2021.10/bin/../lib/gcc/arm-none-eabi/10.3.1/../../../../arm-none-eabi/lib/thumb/v7e-m/nofp\libg.a(lib_a-__atexit.o)
                0x08008c68                __register_exitproc
 .text.__assert_func
                0x08008cf4       0x40 f:/environment/gnu arm embedded toolchain/10 2021.10/bin/../lib/gcc/arm-none-eabi/10.3.1/../../../../arm-none-eabi/lib/thumb/v7e-m/nofp\libg.a(lib_a-assert.o)
                0x08008cf4                __assert_func
 .text._calloc_r
                0x08008d34       0x78 f:/environment/gnu arm embedded toolchain/10 2021.10/bin/../lib/gcc/arm-none-eabi/10.3.1/../../../../arm-none-eabi/lib/thumb/v7e-m/nofp\libg.a(lib_a-callocr.o)
                0x08008d34                _calloc_r
 .text._close_r
                0x08008dac       0x24 f:/environment/gnu arm embedded toolchain/10 2021.10/bin/../lib/gcc/arm-none-eabi/10.3.1/../../../../arm-none-eabi/lib/thumb/v7e-m/nofp\libg.a(lib_a-closer.o)
                0x08008dac                _close_r
 .text._fclose_r
                0x08008dd0       0xcc f:/environment/gnu arm embedded toolchain/10 2021.10/bin/../lib/gcc/arm-none-eabi/10.3.1/../../../../arm-none-eabi/lib/thumb/v7e-m/nofp\libg.a(lib_a-fclose.o)
                0x08008dd0                _fclose_r
 .text.fiprintf
                0x08008e9c       0x28 f:/environment/gnu arm embedded toolchain/10 2021.10/bin/../lib/gcc/arm-none-eabi/10.3.1/../../../../arm-none-eabi/lib/thumb/v7e-m/nofp\libg.a(lib_a-fiprintf.o)
                0x08008e9c                fiprintf
 .text.__fputwc
                0x08008ec4       0xa8 f:/environment/gnu arm embedded toolchain/10 2021.10/bin/../lib/gcc/arm-none-eabi/10.3.1/../../../../arm-none-eabi/lib/thumb/v7e-m/nofp\libg.a(lib_a-fputwc.o)
                0x08008ec4                __fputwc
 .text._fputwc_r
                0x08008f6c       0x68 f:/environment/gnu arm embedded toolchain/10 2021.10/bin/../lib/gcc/arm-none-eabi/10.3.1/../../../../arm-none-eabi/lib/thumb/v7e-m/nofp\libg.a(lib_a-fputwc.o)
                0x08008f6c                _fputwc_r
 .text._fstat_r
                0x08008fd4       0x2c f:/environment/gnu arm embedded toolchain/10 2021.10/bin/../lib/gcc/arm-none-eabi/10.3.1/../../../../arm-none-eabi/lib/thumb/v7e-m/nofp\libg.a(lib_a-fstatr.o)
                0x08008fd4                _fstat_r
 .text.__sfvwrite_r
                0x08009000      0x2e8 f:/environment/gnu arm embedded toolchain/10 2021.10/bin/../lib/gcc/arm-none-eabi/10.3.1/../../../../arm-none-eabi/lib/thumb/v7e-m/nofp\libg.a(lib_a-fvwrite.o)
                0x08009000                __sfvwrite_r
 .text._isatty_r
                0x080092e8       0x24 f:/environment/gnu arm embedded toolchain/10 2021.10/bin/../lib/gcc/arm-none-eabi/10.3.1/../../../../arm-none-eabi/lib/thumb/v7e-m/nofp\libg.a(lib_a-isattyr.o)
                0x080092e8                _isatty_r
 .text.__locale_mb_cur_max
                0x0800930c        0xc f:/environment/gnu arm embedded toolchain/10 2021.10/bin/../lib/gcc/arm-none-eabi/10.3.1/../../../../arm-none-eabi/lib/thumb/v7e-m/nofp\libg.a(lib_a-locale.o)
                0x0800930c                __locale_mb_cur_max
 .text._lseek_r
                0x08009318       0x2c f:/environment/gnu arm embedded toolchain/10 2021.10/bin/../lib/gcc/arm-none-eabi/10.3.1/../../../../arm-none-eabi/lib/thumb/v7e-m/nofp\libg.a(lib_a-lseekr.o)
                0x08009318                _lseek_r
 .text.__ascii_mbtowc
                0x08009344       0x2c f:/environment/gnu arm embedded toolchain/10 2021.10/bin/../lib/gcc/arm-none-eabi/10.3.1/../../../../arm-none-eabi/lib/thumb/v7e-m/nofp\libg.a(lib_a-mbtowc_r.o)
                0x08009344                __ascii_mbtowc
 .text.memmove  0x08009370       0xf8 f:/environment/gnu arm embedded toolchain/10 2021.10/bin/../lib/gcc/arm-none-eabi/10.3.1/../../../../arm-none-eabi/lib/thumb/v7e-m/nofp\libg.a(lib_a-memmove.o)
                0x08009370                memmove
 .text._read_r  0x08009468       0x2c f:/environment/gnu arm embedded toolchain/10 2021.10/bin/../lib/gcc/arm-none-eabi/10.3.1/../../../../arm-none-eabi/lib/thumb/v7e-m/nofp\libg.a(lib_a-readr.o)
                0x08009468                _read_r
 .text._realloc_r
                0x08009494      0x3d8 f:/environment/gnu arm embedded toolchain/10 2021.10/bin/../lib/gcc/arm-none-eabi/10.3.1/../../../../arm-none-eabi/lib/thumb/v7e-m/nofp\libg.a(lib_a-reallocr.o)
                0x08009494                _realloc_r
 .text.__swbuf_r
                0x0800986c       0xb0 f:/environment/gnu arm embedded toolchain/10 2021.10/bin/../lib/gcc/arm-none-eabi/10.3.1/../../../../arm-none-eabi/lib/thumb/v7e-m/nofp\libg.a(lib_a-wbuf.o)
                0x0800986c                __swbuf_r
 .text._wcrtomb_r
                0x0800991c       0x3c f:/environment/gnu arm embedded toolchain/10 2021.10/bin/../lib/gcc/arm-none-eabi/10.3.1/../../../../arm-none-eabi/lib/thumb/v7e-m/nofp\libg.a(lib_a-wcrtomb.o)
                0x0800991c                _wcrtomb_r
 .text.__ascii_wctomb
                0x08009958       0x1c f:/environment/gnu arm embedded toolchain/10 2021.10/bin/../lib/gcc/arm-none-eabi/10.3.1/../../../../arm-none-eabi/lib/thumb/v7e-m/nofp\libg.a(lib_a-wctomb_r.o)
                0x08009958                __ascii_wctomb
 .text.abort    0x08009974       0x10 f:/environment/gnu arm embedded toolchain/10 2021.10/bin/../lib/gcc/arm-none-eabi/10.3.1/../../../../arm-none-eabi/lib/thumb/v7e-m/nofp\libg.a(lib_a-abort.o)
                0x08009974                abort
 .text.raise    0x08009984       0x5c f:/environment/gnu arm embedded toolchain/10 2021.10/bin/../lib/gcc/arm-none-eabi/10.3.1/../../../../arm-none-eabi/lib/thumb/v7e-m/nofp\libg.a(lib_a-signal.o)
                0x08009984                raise
 .text._kill_r  0x080099e0       0x2c f:/environment/gnu arm embedded toolchain/10 2021.10/bin/../lib/gcc/arm-none-eabi/10.3.1/../../../../arm-none-eabi/lib/thumb/v7e-m/nofp\libg.a(lib_a-signalr.o)
                0x080099e0                _kill_r
 .text._getpid_r
                0x08009a0c        0x4 f:/environment/gnu arm embedded toolchain/10 2021.10/bin/../lib/gcc/arm-none-eabi/10.3.1/../../../../arm-none-eabi/lib/thumb/v7e-m/nofp\libg.a(lib_a-signalr.o)
                0x08009a0c                _getpid_r
 *(.glue_7)
 .glue_7        0x08009a10        0x0 linker stubs
 *(.glue_7t)
 .glue_7t       0x08009a10        0x0 linker stubs
 *(.eh_frame)
 .eh_frame      0x08009a10        0x0 f:/environment/gnu arm embedded toolchain/10 2021.10/bin/../lib/gcc/arm-none-eabi/10.3.1/thumb/v7e-m/nofp/crtbegin.o
 *(.init)
 .init          0x08009a10        0x4 f:/environment/gnu arm embedded toolchain/10 2021.10/bin/../lib/gcc/arm-none-eabi/10.3.1/thumb/v7e-m/nofp/crti.o
                0x08009a10                _init
 .init          0x08009a14        0x8 f:/environment/gnu arm embedded toolchain/10 2021.10/bin/../lib/gcc/arm-none-eabi/10.3.1/thumb/v7e-m/nofp/crtn.o
 *(.fini)
 .fini          0x08009a1c        0x4 f:/environment/gnu arm embedded toolchain/10 2021.10/bin/../lib/gcc/arm-none-eabi/10.3.1/thumb/v7e-m/nofp/crti.o
                0x08009a1c                _fini
 .fini          0x08009a20        0x8 f:/environment/gnu arm embedded toolchain/10 2021.10/bin/../lib/gcc/arm-none-eabi/10.3.1/thumb/v7e-m/nofp/crtn.o
                0x08009a28                . = ALIGN (0x4)
                0x08009a28                _etext = .

.vfp11_veneer   0x08009a28        0x0
 .vfp11_veneer  0x08009a28        0x0 linker stubs

.v4_bx          0x08009a28        0x0
 .v4_bx         0x08009a28        0x0 linker stubs

.iplt           0x08009a28        0x0
 .iplt          0x08009a28        0x0 f:/environment/gnu arm embedded toolchain/10 2021.10/bin/../lib/gcc/arm-none-eabi/10.3.1/thumb/v7e-m/nofp/crtbegin.o

.rodata         0x08009a28      0x628
                0x08009a28                . = ALIGN (0x4)
 *(.rodata)
 *(.rodata*)
 .rodata.main.str1.4
                0x08009a28        0xa CMakeFiles/Unitree_M8010.elf.dir/Core/Src/main.c.obj
 *fill*         0x08009a32        0x2 
 .rodata.AHBPrescTable
                0x08009a34       0x10 CMakeFiles/Unitree_M8010.elf.dir/Core/Src/system_stm32f4xx.c.obj
                0x08009a34                AHBPrescTable
 .rodata.APBPrescTable
                0x08009a44        0x8 CMakeFiles/Unitree_M8010.elf.dir/Core/Src/system_stm32f4xx.c.obj
                0x08009a44                APBPrescTable
 .rodata.flagBitshiftOffset.0
                0x08009a4c        0x8 CMakeFiles/Unitree_M8010.elf.dir/Drivers/STM32F4xx_HAL_Driver/Src/stm32f4xx_hal_dma.c.obj
 .rodata.crc_ccitt_table
                0x08009a54      0x200 CMakeFiles/Unitree_M8010.elf.dir/User/Unitree_SDK/GO-M8010-6.c.obj
                0x08009a54                crc_ccitt_table
 .rodata._global_impure_ptr
                0x08009c54        0x4 f:/environment/gnu arm embedded toolchain/10 2021.10/bin/../lib/gcc/arm-none-eabi/10.3.1/../../../../arm-none-eabi/lib/thumb/v7e-m/nofp\libg.a(lib_a-impure.o)
                0x08009c54                _global_impure_ptr
 .rodata._vfprintf_r.str1.4
                0x08009c58       0x42 f:/environment/gnu arm embedded toolchain/10 2021.10/bin/../lib/gcc/arm-none-eabi/10.3.1/../../../../arm-none-eabi/lib/thumb/v7e-m/nofp\libg.a(lib_a-vfprintf.o)
 *fill*         0x08009c9a        0x2 
 .rodata.blanks.1
                0x08009c9c       0x10 f:/environment/gnu arm embedded toolchain/10 2021.10/bin/../lib/gcc/arm-none-eabi/10.3.1/../../../../arm-none-eabi/lib/thumb/v7e-m/nofp\libg.a(lib_a-vfprintf.o)
 .rodata.zeroes.0
                0x08009cac       0x10 f:/environment/gnu arm embedded toolchain/10 2021.10/bin/../lib/gcc/arm-none-eabi/10.3.1/../../../../arm-none-eabi/lib/thumb/v7e-m/nofp\libg.a(lib_a-vfprintf.o)
 .rodata._dtoa_r.str1.4
                0x08009cbc       0xa2 f:/environment/gnu arm embedded toolchain/10 2021.10/bin/../lib/gcc/arm-none-eabi/10.3.1/../../../../arm-none-eabi/lib/thumb/v7e-m/nofp\libg.a(lib_a-dtoa.o)
                                 0xa6 (size before relaxing)
 *fill*         0x08009d5e        0x2 
 .rodata.__multadd.str1.4
                0x08009d60       0x7f f:/environment/gnu arm embedded toolchain/10 2021.10/bin/../lib/gcc/arm-none-eabi/10.3.1/../../../../arm-none-eabi/lib/thumb/v7e-m/nofp\libg.a(lib_a-mprec.o)
                                 0x93 (size before relaxing)
 *fill*         0x08009ddf        0x1 
 .rodata.__mprec_bigtens
                0x08009de0       0x28 f:/environment/gnu arm embedded toolchain/10 2021.10/bin/../lib/gcc/arm-none-eabi/10.3.1/../../../../arm-none-eabi/lib/thumb/v7e-m/nofp\libg.a(lib_a-mprec.o)
                0x08009de0                __mprec_bigtens
 .rodata.__mprec_tens
                0x08009e08       0xc8 f:/environment/gnu arm embedded toolchain/10 2021.10/bin/../lib/gcc/arm-none-eabi/10.3.1/../../../../arm-none-eabi/lib/thumb/v7e-m/nofp\libg.a(lib_a-mprec.o)
                0x08009e08                __mprec_tens
 .rodata.p05.0  0x08009ed0        0xc f:/environment/gnu arm embedded toolchain/10 2021.10/bin/../lib/gcc/arm-none-eabi/10.3.1/../../../../arm-none-eabi/lib/thumb/v7e-m/nofp\libg.a(lib_a-mprec.o)
 .rodata._vfiprintf_r.str1.4
                0x08009edc       0x2f f:/environment/gnu arm embedded toolchain/10 2021.10/bin/../lib/gcc/arm-none-eabi/10.3.1/../../../../arm-none-eabi/lib/thumb/v7e-m/nofp\libg.a(lib_a-vfiprintf.o)
 .rodata.blanks.1
                0x08009edc       0x10 f:/environment/gnu arm embedded toolchain/10 2021.10/bin/../lib/gcc/arm-none-eabi/10.3.1/../../../../arm-none-eabi/lib/thumb/v7e-m/nofp\libg.a(lib_a-vfiprintf.o)
 .rodata.zeroes.0
                0x08009eec       0x10 f:/environment/gnu arm embedded toolchain/10 2021.10/bin/../lib/gcc/arm-none-eabi/10.3.1/../../../../arm-none-eabi/lib/thumb/v7e-m/nofp\libg.a(lib_a-vfiprintf.o)
 .rodata.__assert_func.str1.4
                0x08009efc       0x3f f:/environment/gnu arm embedded toolchain/10 2021.10/bin/../lib/gcc/arm-none-eabi/10.3.1/../../../../arm-none-eabi/lib/thumb/v7e-m/nofp\libg.a(lib_a-assert.o)
                                 0x43 (size before relaxing)
 *fill*         0x08009f3b        0x1 
 .rodata._setlocale_r.str1.4
                0x08009f3c        0xa f:/environment/gnu arm embedded toolchain/10 2021.10/bin/../lib/gcc/arm-none-eabi/10.3.1/../../../../arm-none-eabi/lib/thumb/v7e-m/nofp\libg.a(lib_a-locale.o)
                                  0xd (size before relaxing)
 *fill*         0x08009f46        0x2 
 .rodata.str1.4
                0x08009f48        0x2 f:/environment/gnu arm embedded toolchain/10 2021.10/bin/../lib/gcc/arm-none-eabi/10.3.1/../../../../arm-none-eabi/lib/thumb/v7e-m/nofp\libg.a(lib_a-locale.o)
 *fill*         0x08009f4a        0x2 
 .rodata._ctype_
                0x08009f4c      0x101 f:/environment/gnu arm embedded toolchain/10 2021.10/bin/../lib/gcc/arm-none-eabi/10.3.1/../../../../arm-none-eabi/lib/thumb/v7e-m/nofp\libg.a(lib_a-ctype_.o)
                0x08009f4c                _ctype_
                0x0800a050                . = ALIGN (0x4)
 *fill*         0x0800a04d        0x3 

.ARM.extab      0x0800a050        0x0
                0x0800a050                . = ALIGN (0x4)
 *(.ARM.extab* .gnu.linkonce.armextab.*)
                0x0800a050                . = ALIGN (0x4)

.ARM            0x0800a050        0x8
                0x0800a050                . = ALIGN (0x4)
                0x0800a050                __exidx_start = .
 *(.ARM.exidx*)
 .ARM.exidx     0x0800a050        0x8 f:/environment/gnu arm embedded toolchain/10 2021.10/bin/../lib/gcc/arm-none-eabi/10.3.1/thumb/v7e-m/nofp\libgcc.a(_udivmoddi4.o)
                0x0800a058                __exidx_end = .
                0x0800a058                . = ALIGN (0x4)

.rel.dyn        0x0800a058        0x0
 .rel.iplt      0x0800a058        0x0 f:/environment/gnu arm embedded toolchain/10 2021.10/bin/../lib/gcc/arm-none-eabi/10.3.1/thumb/v7e-m/nofp/crtbegin.o

.preinit_array  0x0800a058        0x0
                0x0800a058                . = ALIGN (0x4)
                0x0800a058                PROVIDE (__preinit_array_start = .)
 *(.preinit_array*)
                0x0800a058                PROVIDE (__preinit_array_end = .)
                0x0800a058                . = ALIGN (0x4)

.init_array     0x0800a058        0x8
                0x0800a058                . = ALIGN (0x4)
                0x0800a058                PROVIDE (__init_array_start = .)
 *(SORT_BY_NAME(.init_array.*))
 .init_array.00000
                0x0800a058        0x4 f:/environment/gnu arm embedded toolchain/10 2021.10/bin/../lib/gcc/arm-none-eabi/10.3.1/../../../../arm-none-eabi/lib/thumb/v7e-m/nofp\libg.a(lib_a-__call_atexit.o)
 *(.init_array*)
 .init_array    0x0800a05c        0x4 f:/environment/gnu arm embedded toolchain/10 2021.10/bin/../lib/gcc/arm-none-eabi/10.3.1/thumb/v7e-m/nofp/crtbegin.o
                0x0800a060                PROVIDE (__init_array_end = .)
                0x0800a060                . = ALIGN (0x4)

.fini_array     0x0800a060        0x4
                0x0800a060                . = ALIGN (0x4)
                0x0800a060                PROVIDE (__fini_array_start = .)
 *(SORT_BY_NAME(.fini_array.*))
 *(.fini_array*)
 .fini_array    0x0800a060        0x4 f:/environment/gnu arm embedded toolchain/10 2021.10/bin/../lib/gcc/arm-none-eabi/10.3.1/thumb/v7e-m/nofp/crtbegin.o
                0x0800a064                PROVIDE (__fini_array_end = .)
                0x0800a064                . = ALIGN (0x4)
                0x0800a064                _sidata = LOADADDR (.data)

.data           0x20000000      0x9b8 load address 0x0800a064
                0x20000000                . = ALIGN (0x4)
                0x20000000                _sdata = .
 *(.data)
 *(.data*)
 .data.SystemCoreClock
                0x20000000        0x4 CMakeFiles/Unitree_M8010.elf.dir/Core/Src/system_stm32f4xx.c.obj
                0x20000000                SystemCoreClock
 .data.uwTickFreq
                0x20000004        0x1 CMakeFiles/Unitree_M8010.elf.dir/Drivers/STM32F4xx_HAL_Driver/Src/stm32f4xx_hal.c.obj
                0x20000004                uwTickFreq
 *fill*         0x20000005        0x3 
 .data.uwTickPrio
                0x20000008        0x4 CMakeFiles/Unitree_M8010.elf.dir/Drivers/STM32F4xx_HAL_Driver/Src/stm32f4xx_hal.c.obj
                0x20000008                uwTickPrio
 .data._impure_ptr
                0x2000000c        0x4 f:/environment/gnu arm embedded toolchain/10 2021.10/bin/../lib/gcc/arm-none-eabi/10.3.1/../../../../arm-none-eabi/lib/thumb/v7e-m/nofp\libg.a(lib_a-impure.o)
                0x2000000c                _impure_ptr
 .data.impure_data
                0x20000010      0x428 f:/environment/gnu arm embedded toolchain/10 2021.10/bin/../lib/gcc/arm-none-eabi/10.3.1/../../../../arm-none-eabi/lib/thumb/v7e-m/nofp\libg.a(lib_a-impure.o)
 .data.__atexit_recursive_mutex
                0x20000438        0x4 f:/environment/gnu arm embedded toolchain/10 2021.10/bin/../lib/gcc/arm-none-eabi/10.3.1/../../../../arm-none-eabi/lib/thumb/v7e-m/nofp\libg.a(lib_a-__call_atexit.o)
                0x20000438                __atexit_recursive_mutex
 .data.__malloc_av_
                0x2000043c      0x408 f:/environment/gnu arm embedded toolchain/10 2021.10/bin/../lib/gcc/arm-none-eabi/10.3.1/../../../../arm-none-eabi/lib/thumb/v7e-m/nofp\libg.a(lib_a-mallocr.o)
                0x2000043c                __malloc_av_
 .data.__malloc_sbrk_base
                0x20000844        0x4 f:/environment/gnu arm embedded toolchain/10 2021.10/bin/../lib/gcc/arm-none-eabi/10.3.1/../../../../arm-none-eabi/lib/thumb/v7e-m/nofp\libg.a(lib_a-mallocr.o)
                0x20000844                __malloc_sbrk_base
 .data.__malloc_trim_threshold
                0x20000848        0x4 f:/environment/gnu arm embedded toolchain/10 2021.10/bin/../lib/gcc/arm-none-eabi/10.3.1/../../../../arm-none-eabi/lib/thumb/v7e-m/nofp\libg.a(lib_a-mallocr.o)
                0x20000848                __malloc_trim_threshold
 .data.__global_locale
                0x2000084c      0x16c f:/environment/gnu arm embedded toolchain/10 2021.10/bin/../lib/gcc/arm-none-eabi/10.3.1/../../../../arm-none-eabi/lib/thumb/v7e-m/nofp\libg.a(lib_a-locale.o)
                0x2000084c                __global_locale
 *(.RamFunc)
 *(.RamFunc*)
                0x200009b8                . = ALIGN (0x4)
                0x200009b8                _edata = .
                0x0800aa1c                _siccmram = LOADADDR (.ccmram)

.igot.plt       0x200009b8        0x0 load address 0x0800aa1c
 .igot.plt      0x200009b8        0x0 f:/environment/gnu arm embedded toolchain/10 2021.10/bin/../lib/gcc/arm-none-eabi/10.3.1/thumb/v7e-m/nofp/crtbegin.o

.ccmram         0x10000000        0x0 load address 0x0800aa1c
                0x10000000                . = ALIGN (0x4)
                0x10000000                _sccmram = .
 *(.ccmram)
 *(.ccmram*)
                0x10000000                . = ALIGN (0x4)
                0x10000000                _eccmram = .
                0x10000000                . = ALIGN (0x4)

.bss            0x200009b8      0x1d4
                0x200009b8                _sbss = .
                0x200009b8                __bss_start__ = _sbss
 *(.bss)
 .bss           0x200009b8       0x1c f:/environment/gnu arm embedded toolchain/10 2021.10/bin/../lib/gcc/arm-none-eabi/10.3.1/thumb/v7e-m/nofp/crtbegin.o
 *(.bss*)
 .bss.__sbrk_heap_end
                0x200009d4        0x4 CMakeFiles/Unitree_M8010.elf.dir/Core/Src/sysmem.c.obj
 .bss.hdma_usart6_rx
                0x200009d8       0x60 CMakeFiles/Unitree_M8010.elf.dir/Core/Src/usart.c.obj
                0x200009d8                hdma_usart6_rx
 .bss.huart6    0x20000a38       0x44 CMakeFiles/Unitree_M8010.elf.dir/Core/Src/usart.c.obj
                0x20000a38                huart6
 .bss.huart8    0x20000a7c       0x44 CMakeFiles/Unitree_M8010.elf.dir/Core/Src/usart.c.obj
                0x20000a7c                huart8
 .bss.uwTick    0x20000ac0        0x4 CMakeFiles/Unitree_M8010.elf.dir/Drivers/STM32F4xx_HAL_Driver/Src/stm32f4xx_hal.c.obj
                0x20000ac0                uwTick
 *fill*         0x20000ac4        0x4 
 .bss.Unitree_Motor
                0x20000ac8       0x78 CMakeFiles/Unitree_M8010.elf.dir/User/Unitree_SDK/Unitree_user.c.obj
                0x20000ac8                Unitree_Motor
 .bss.gHuart    0x20000b40        0x4 CMakeFiles/Unitree_M8010.elf.dir/User/retarget/retarget.c.obj
                0x20000b40                gHuart
 .bss.__lock___atexit_recursive_mutex
                0x20000b44        0x1 f:/environment/gnu arm embedded toolchain/10 2021.10/bin/../lib/gcc/arm-none-eabi/10.3.1/../../../../arm-none-eabi/lib/thumb/v7e-m/nofp\libg.a(lib_a-lock.o)
                0x20000b44                __lock___atexit_recursive_mutex
 *fill*         0x20000b45        0x3 
 .bss.__lock___malloc_recursive_mutex
                0x20000b48        0x1 f:/environment/gnu arm embedded toolchain/10 2021.10/bin/../lib/gcc/arm-none-eabi/10.3.1/../../../../arm-none-eabi/lib/thumb/v7e-m/nofp\libg.a(lib_a-lock.o)
                0x20000b48                __lock___malloc_recursive_mutex
 *fill*         0x20000b49        0x3 
 .bss.__lock___sfp_recursive_mutex
                0x20000b4c        0x1 f:/environment/gnu arm embedded toolchain/10 2021.10/bin/../lib/gcc/arm-none-eabi/10.3.1/../../../../arm-none-eabi/lib/thumb/v7e-m/nofp\libg.a(lib_a-lock.o)
                0x20000b4c                __lock___sfp_recursive_mutex
 *fill*         0x20000b4d        0x3 
 .bss.__lock___sinit_recursive_mutex
                0x20000b50        0x1 f:/environment/gnu arm embedded toolchain/10 2021.10/bin/../lib/gcc/arm-none-eabi/10.3.1/../../../../arm-none-eabi/lib/thumb/v7e-m/nofp\libg.a(lib_a-lock.o)
                0x20000b50                __lock___sinit_recursive_mutex
 *fill*         0x20000b51        0x3 
 .bss.__malloc_current_mallinfo
                0x20000b54       0x28 f:/environment/gnu arm embedded toolchain/10 2021.10/bin/../lib/gcc/arm-none-eabi/10.3.1/../../../../arm-none-eabi/lib/thumb/v7e-m/nofp\libg.a(lib_a-mallocr.o)
                0x20000b54                __malloc_current_mallinfo
 .bss.__malloc_max_sbrked_mem
                0x20000b7c        0x4 f:/environment/gnu arm embedded toolchain/10 2021.10/bin/../lib/gcc/arm-none-eabi/10.3.1/../../../../arm-none-eabi/lib/thumb/v7e-m/nofp\libg.a(lib_a-mallocr.o)
                0x20000b7c                __malloc_max_sbrked_mem
 .bss.__malloc_max_total_mem
                0x20000b80        0x4 f:/environment/gnu arm embedded toolchain/10 2021.10/bin/../lib/gcc/arm-none-eabi/10.3.1/../../../../arm-none-eabi/lib/thumb/v7e-m/nofp\libg.a(lib_a-mallocr.o)
                0x20000b80                __malloc_max_total_mem
 .bss.__malloc_top_pad
                0x20000b84        0x4 f:/environment/gnu arm embedded toolchain/10 2021.10/bin/../lib/gcc/arm-none-eabi/10.3.1/../../../../arm-none-eabi/lib/thumb/v7e-m/nofp\libg.a(lib_a-mallocr.o)
                0x20000b84                __malloc_top_pad
 .bss.errno     0x20000b88        0x4 f:/environment/gnu arm embedded toolchain/10 2021.10/bin/../lib/gcc/arm-none-eabi/10.3.1/../../../../arm-none-eabi/lib/thumb/v7e-m/nofp\libg.a(lib_a-reent.o)
                0x20000b88                errno
 *(COMMON)
                0x20000b8c                . = ALIGN (0x4)
                0x20000b8c                _ebss = .
                0x20000b8c                __bss_end__ = _ebss

._user_heap_stack
                0x20000b8c      0x604
                0x20000b90                . = ALIGN (0x8)
 *fill*         0x20000b8c        0x4 
                [!provide]                PROVIDE (end = .)
                0x20000b90                PROVIDE (_end = .)
                0x20000d90                . = (. + _Min_Heap_Size)
 *fill*         0x20000b90      0x200 
                0x20001190                . = (. + _Min_Stack_Size)
 *fill*         0x20000d90      0x400 
                0x20001190                . = ALIGN (0x8)

/DISCARD/
 libc.a(*)
 libm.a(*)
 libgcc.a(*)

.ARM.attributes
                0x00000000       0x2a
 *(.ARM.attributes)
 .ARM.attributes
                0x00000000       0x1e f:/environment/gnu arm embedded toolchain/10 2021.10/bin/../lib/gcc/arm-none-eabi/10.3.1/thumb/v7e-m/nofp/crti.o
 .ARM.attributes
                0x0000001e       0x2e f:/environment/gnu arm embedded toolchain/10 2021.10/bin/../lib/gcc/arm-none-eabi/10.3.1/thumb/v7e-m/nofp/crtbegin.o
 .ARM.attributes
                0x0000004c       0x2e CMakeFiles/Unitree_M8010.elf.dir/Core/Src/dma.c.obj
 .ARM.attributes
                0x0000007a       0x2e CMakeFiles/Unitree_M8010.elf.dir/Core/Src/gpio.c.obj
 .ARM.attributes
                0x000000a8       0x2e CMakeFiles/Unitree_M8010.elf.dir/Core/Src/main.c.obj
 .ARM.attributes
                0x000000d6       0x2e CMakeFiles/Unitree_M8010.elf.dir/Core/Src/stm32f4xx_hal_msp.c.obj
 .ARM.attributes
                0x00000104       0x2e CMakeFiles/Unitree_M8010.elf.dir/Core/Src/stm32f4xx_it.c.obj
 .ARM.attributes
                0x00000132       0x2e CMakeFiles/Unitree_M8010.elf.dir/Core/Src/syscalls.c.obj
 .ARM.attributes
                0x00000160       0x2e CMakeFiles/Unitree_M8010.elf.dir/Core/Src/sysmem.c.obj
 .ARM.attributes
                0x0000018e       0x2e CMakeFiles/Unitree_M8010.elf.dir/Core/Src/system_stm32f4xx.c.obj
 .ARM.attributes
                0x000001bc       0x2e CMakeFiles/Unitree_M8010.elf.dir/Core/Src/usart.c.obj
 .ARM.attributes
                0x000001ea       0x21 CMakeFiles/Unitree_M8010.elf.dir/Core/Startup/startup_stm32f427iihx.s.obj
 .ARM.attributes
                0x0000020b       0x2e CMakeFiles/Unitree_M8010.elf.dir/Drivers/STM32F4xx_HAL_Driver/Src/stm32f4xx_hal.c.obj
 .ARM.attributes
                0x00000239       0x2e CMakeFiles/Unitree_M8010.elf.dir/Drivers/STM32F4xx_HAL_Driver/Src/stm32f4xx_hal_cortex.c.obj
 .ARM.attributes
                0x00000267       0x2e CMakeFiles/Unitree_M8010.elf.dir/Drivers/STM32F4xx_HAL_Driver/Src/stm32f4xx_hal_dma.c.obj
 .ARM.attributes
                0x00000295       0x2e CMakeFiles/Unitree_M8010.elf.dir/Drivers/STM32F4xx_HAL_Driver/Src/stm32f4xx_hal_gpio.c.obj
 .ARM.attributes
                0x000002c3       0x2e CMakeFiles/Unitree_M8010.elf.dir/Drivers/STM32F4xx_HAL_Driver/Src/stm32f4xx_hal_rcc.c.obj
 .ARM.attributes
                0x000002f1       0x2e CMakeFiles/Unitree_M8010.elf.dir/Drivers/STM32F4xx_HAL_Driver/Src/stm32f4xx_hal_uart.c.obj
 .ARM.attributes
                0x0000031f       0x2e CMakeFiles/Unitree_M8010.elf.dir/User/Unitree_SDK/GO-M8010-6.c.obj
 .ARM.attributes
                0x0000034d       0x2e CMakeFiles/Unitree_M8010.elf.dir/User/Unitree_SDK/Unitree_user.c.obj
 .ARM.attributes
                0x0000037b       0x2e CMakeFiles/Unitree_M8010.elf.dir/User/retarget/retarget.c.obj
 .ARM.attributes
                0x000003a9       0x1e f:/environment/gnu arm embedded toolchain/10 2021.10/bin/../lib/gcc/arm-none-eabi/10.3.1/thumb/v7e-m/nofp\libgcc.a(_arm_addsubdf3.o)
 .ARM.attributes
                0x000003c7       0x1e f:/environment/gnu arm embedded toolchain/10 2021.10/bin/../lib/gcc/arm-none-eabi/10.3.1/thumb/v7e-m/nofp\libgcc.a(_arm_addsubsf3.o)
 .ARM.attributes
                0x000003e5       0x1e f:/environment/gnu arm embedded toolchain/10 2021.10/bin/../lib/gcc/arm-none-eabi/10.3.1/thumb/v7e-m/nofp\libgcc.a(_arm_muldivsf3.o)
 .ARM.attributes
                0x00000403       0x1e f:/environment/gnu arm embedded toolchain/10 2021.10/bin/../lib/gcc/arm-none-eabi/10.3.1/thumb/v7e-m/nofp\libgcc.a(_arm_cmpsf2.o)
 .ARM.attributes
                0x00000421       0x1e f:/environment/gnu arm embedded toolchain/10 2021.10/bin/../lib/gcc/arm-none-eabi/10.3.1/thumb/v7e-m/nofp\libgcc.a(_arm_fixsfsi.o)
 .ARM.attributes
                0x0000043f       0x1e f:/environment/gnu arm embedded toolchain/10 2021.10/bin/../lib/gcc/arm-none-eabi/10.3.1/thumb/v7e-m/nofp\libgcc.a(_aeabi_uldivmod.o)
 .ARM.attributes
                0x0000045d       0x2e f:/environment/gnu arm embedded toolchain/10 2021.10/bin/../lib/gcc/arm-none-eabi/10.3.1/thumb/v7e-m/nofp\libgcc.a(_udivmoddi4.o)
 .ARM.attributes
                0x0000048b       0x1e f:/environment/gnu arm embedded toolchain/10 2021.10/bin/../lib/gcc/arm-none-eabi/10.3.1/thumb/v7e-m/nofp\libgcc.a(_dvmd_tls.o)
 .ARM.attributes
                0x000004a9       0x2e f:/environment/gnu arm embedded toolchain/10 2021.10/bin/../lib/gcc/arm-none-eabi/10.3.1/../../../../arm-none-eabi/lib/thumb/v7e-m/nofp\libg.a(lib_a-errno.o)
 .ARM.attributes
                0x000004d7       0x2e f:/environment/gnu arm embedded toolchain/10 2021.10/bin/../lib/gcc/arm-none-eabi/10.3.1/../../../../arm-none-eabi/lib/thumb/v7e-m/nofp\libg.a(lib_a-impure.o)
 .ARM.attributes
                0x00000505       0x2e f:/environment/gnu arm embedded toolchain/10 2021.10/bin/../lib/gcc/arm-none-eabi/10.3.1/../../../../arm-none-eabi/lib/thumb/v7e-m/nofp\libg.a(lib_a-init.o)
 .ARM.attributes
                0x00000533       0x2e f:/environment/gnu arm embedded toolchain/10 2021.10/bin/../lib/gcc/arm-none-eabi/10.3.1/../../../../arm-none-eabi/lib/thumb/v7e-m/nofp\libg.a(lib_a-memset.o)
 .ARM.attributes
                0x00000561       0x2e f:/environment/gnu arm embedded toolchain/10 2021.10/bin/../lib/gcc/arm-none-eabi/10.3.1/../../../../arm-none-eabi/lib/thumb/v7e-m/nofp\libg.a(lib_a-printf.o)
 .ARM.attributes
                0x0000058f       0x2e f:/environment/gnu arm embedded toolchain/10 2021.10/bin/../lib/gcc/arm-none-eabi/10.3.1/../../../../arm-none-eabi/lib/thumb/v7e-m/nofp\libg.a(lib_a-setvbuf.o)
 .ARM.attributes
                0x000005bd       0x2e f:/environment/gnu arm embedded toolchain/10 2021.10/bin/../lib/gcc/arm-none-eabi/10.3.1/../../../../arm-none-eabi/lib/thumb/v7e-m/nofp\libg.a(lib_a-vfprintf.o)
 .ARM.attributes
                0x000005eb       0x2e f:/environment/gnu arm embedded toolchain/10 2021.10/bin/../lib/gcc/arm-none-eabi/10.3.1/../../../../arm-none-eabi/lib/thumb/v7e-m/nofp\libg.a(lib_a-wsetup.o)
 .ARM.attributes
                0x00000619       0x2e f:/environment/gnu arm embedded toolchain/10 2021.10/bin/../lib/gcc/arm-none-eabi/10.3.1/../../../../arm-none-eabi/lib/thumb/v7e-m/nofp\libg.a(lib_a-__call_atexit.o)
 .ARM.attributes
                0x00000647       0x2e f:/environment/gnu arm embedded toolchain/10 2021.10/bin/../lib/gcc/arm-none-eabi/10.3.1/../../../../arm-none-eabi/lib/thumb/v7e-m/nofp\libg.a(lib_a-atexit.o)
 .ARM.attributes
                0x00000675       0x2e f:/environment/gnu arm embedded toolchain/10 2021.10/bin/../lib/gcc/arm-none-eabi/10.3.1/../../../../arm-none-eabi/lib/thumb/v7e-m/nofp\libg.a(lib_a-dtoa.o)
 .ARM.attributes
                0x000006a3       0x2e f:/environment/gnu arm embedded toolchain/10 2021.10/bin/../lib/gcc/arm-none-eabi/10.3.1/../../../../arm-none-eabi/lib/thumb/v7e-m/nofp\libg.a(lib_a-fflush.o)
 .ARM.attributes
                0x000006d1       0x2e f:/environment/gnu arm embedded toolchain/10 2021.10/bin/../lib/gcc/arm-none-eabi/10.3.1/../../../../arm-none-eabi/lib/thumb/v7e-m/nofp\libg.a(lib_a-findfp.o)
 .ARM.attributes
                0x000006ff       0x2e f:/environment/gnu arm embedded toolchain/10 2021.10/bin/../lib/gcc/arm-none-eabi/10.3.1/../../../../arm-none-eabi/lib/thumb/v7e-m/nofp\libg.a(lib_a-fini.o)
 .ARM.attributes
                0x0000072d       0x2e f:/environment/gnu arm embedded toolchain/10 2021.10/bin/../lib/gcc/arm-none-eabi/10.3.1/../../../../arm-none-eabi/lib/thumb/v7e-m/nofp\libg.a(lib_a-freer.o)
 .ARM.attributes
                0x0000075b       0x2e f:/environment/gnu arm embedded toolchain/10 2021.10/bin/../lib/gcc/arm-none-eabi/10.3.1/../../../../arm-none-eabi/lib/thumb/v7e-m/nofp\libg.a(lib_a-fwalk.o)
 .ARM.attributes
                0x00000789       0x2e f:/environment/gnu arm embedded toolchain/10 2021.10/bin/../lib/gcc/arm-none-eabi/10.3.1/../../../../arm-none-eabi/lib/thumb/v7e-m/nofp\libg.a(lib_a-localeconv.o)
 .ARM.attributes
                0x000007b7       0x2e f:/environment/gnu arm embedded toolchain/10 2021.10/bin/../lib/gcc/arm-none-eabi/10.3.1/../../../../arm-none-eabi/lib/thumb/v7e-m/nofp\libg.a(lib_a-lock.o)
 .ARM.attributes
                0x000007e5       0x2e f:/environment/gnu arm embedded toolchain/10 2021.10/bin/../lib/gcc/arm-none-eabi/10.3.1/../../../../arm-none-eabi/lib/thumb/v7e-m/nofp\libg.a(lib_a-makebuf.o)
 .ARM.attributes
                0x00000813       0x2e f:/environment/gnu arm embedded toolchain/10 2021.10/bin/../lib/gcc/arm-none-eabi/10.3.1/../../../../arm-none-eabi/lib/thumb/v7e-m/nofp\libg.a(lib_a-malloc.o)
 .ARM.attributes
                0x00000841       0x2e f:/environment/gnu arm embedded toolchain/10 2021.10/bin/../lib/gcc/arm-none-eabi/10.3.1/../../../../arm-none-eabi/lib/thumb/v7e-m/nofp\libg.a(lib_a-mallocr.o)
 .ARM.attributes
                0x0000086f       0x1c f:/environment/gnu arm embedded toolchain/10 2021.10/bin/../lib/gcc/arm-none-eabi/10.3.1/../../../../arm-none-eabi/lib/thumb/v7e-m/nofp\libg.a(lib_a-memchr.o)
 .ARM.attributes
                0x0000088b       0x1c f:/environment/gnu arm embedded toolchain/10 2021.10/bin/../lib/gcc/arm-none-eabi/10.3.1/../../../../arm-none-eabi/lib/thumb/v7e-m/nofp\libg.a(lib_a-memcpy.o)
 .ARM.attributes
                0x000008a7       0x2e f:/environment/gnu arm embedded toolchain/10 2021.10/bin/../lib/gcc/arm-none-eabi/10.3.1/../../../../arm-none-eabi/lib/thumb/v7e-m/nofp\libg.a(lib_a-mlock.o)
 .ARM.attributes
                0x000008d5       0x2e f:/environment/gnu arm embedded toolchain/10 2021.10/bin/../lib/gcc/arm-none-eabi/10.3.1/../../../../arm-none-eabi/lib/thumb/v7e-m/nofp\libg.a(lib_a-mprec.o)
 .ARM.attributes
                0x00000903       0x2e f:/environment/gnu arm embedded toolchain/10 2021.10/bin/../lib/gcc/arm-none-eabi/10.3.1/../../../../arm-none-eabi/lib/thumb/v7e-m/nofp\libg.a(lib_a-s_frexp.o)
 .ARM.attributes
                0x00000931       0x2e f:/environment/gnu arm embedded toolchain/10 2021.10/bin/../lib/gcc/arm-none-eabi/10.3.1/../../../../arm-none-eabi/lib/thumb/v7e-m/nofp\libg.a(lib_a-sbrkr.o)
 .ARM.attributes
                0x0000095f       0x2e f:/environment/gnu arm embedded toolchain/10 2021.10/bin/../lib/gcc/arm-none-eabi/10.3.1/../../../../arm-none-eabi/lib/thumb/v7e-m/nofp\libg.a(lib_a-stdio.o)
 .ARM.attributes
                0x0000098d       0x1c f:/environment/gnu arm embedded toolchain/10 2021.10/bin/../lib/gcc/arm-none-eabi/10.3.1/../../../../arm-none-eabi/lib/thumb/v7e-m/nofp\libg.a(lib_a-strlen.o)
 .ARM.attributes
                0x000009a9       0x2e f:/environment/gnu arm embedded toolchain/10 2021.10/bin/../lib/gcc/arm-none-eabi/10.3.1/../../../../arm-none-eabi/lib/thumb/v7e-m/nofp\libg.a(lib_a-strncpy.o)
 .ARM.attributes
                0x000009d7       0x2e f:/environment/gnu arm embedded toolchain/10 2021.10/bin/../lib/gcc/arm-none-eabi/10.3.1/../../../../arm-none-eabi/lib/thumb/v7e-m/nofp\libg.a(lib_a-vfiprintf.o)
 .ARM.attributes
                0x00000a05       0x2e f:/environment/gnu arm embedded toolchain/10 2021.10/bin/../lib/gcc/arm-none-eabi/10.3.1/../../../../arm-none-eabi/lib/thumb/v7e-m/nofp\libg.a(lib_a-writer.o)
 .ARM.attributes
                0x00000a33       0x2e f:/environment/gnu arm embedded toolchain/10 2021.10/bin/../lib/gcc/arm-none-eabi/10.3.1/../../../../arm-none-eabi/lib/thumb/v7e-m/nofp\libg.a(lib_a-__atexit.o)
 .ARM.attributes
                0x00000a61       0x2e f:/environment/gnu arm embedded toolchain/10 2021.10/bin/../lib/gcc/arm-none-eabi/10.3.1/../../../../arm-none-eabi/lib/thumb/v7e-m/nofp\libg.a(lib_a-assert.o)
 .ARM.attributes
                0x00000a8f       0x2e f:/environment/gnu arm embedded toolchain/10 2021.10/bin/../lib/gcc/arm-none-eabi/10.3.1/../../../../arm-none-eabi/lib/thumb/v7e-m/nofp\libg.a(lib_a-callocr.o)
 .ARM.attributes
                0x00000abd       0x2e f:/environment/gnu arm embedded toolchain/10 2021.10/bin/../lib/gcc/arm-none-eabi/10.3.1/../../../../arm-none-eabi/lib/thumb/v7e-m/nofp\libg.a(lib_a-closer.o)
 .ARM.attributes
                0x00000aeb       0x2e f:/environment/gnu arm embedded toolchain/10 2021.10/bin/../lib/gcc/arm-none-eabi/10.3.1/../../../../arm-none-eabi/lib/thumb/v7e-m/nofp\libg.a(lib_a-fclose.o)
 .ARM.attributes
                0x00000b19       0x2e f:/environment/gnu arm embedded toolchain/10 2021.10/bin/../lib/gcc/arm-none-eabi/10.3.1/../../../../arm-none-eabi/lib/thumb/v7e-m/nofp\libg.a(lib_a-fiprintf.o)
 .ARM.attributes
                0x00000b47       0x2e f:/environment/gnu arm embedded toolchain/10 2021.10/bin/../lib/gcc/arm-none-eabi/10.3.1/../../../../arm-none-eabi/lib/thumb/v7e-m/nofp\libg.a(lib_a-fputwc.o)
 .ARM.attributes
                0x00000b75       0x2e f:/environment/gnu arm embedded toolchain/10 2021.10/bin/../lib/gcc/arm-none-eabi/10.3.1/../../../../arm-none-eabi/lib/thumb/v7e-m/nofp\libg.a(lib_a-fstatr.o)
 .ARM.attributes
                0x00000ba3       0x2e f:/environment/gnu arm embedded toolchain/10 2021.10/bin/../lib/gcc/arm-none-eabi/10.3.1/../../../../arm-none-eabi/lib/thumb/v7e-m/nofp\libg.a(lib_a-fvwrite.o)
 .ARM.attributes
                0x00000bd1       0x2e f:/environment/gnu arm embedded toolchain/10 2021.10/bin/../lib/gcc/arm-none-eabi/10.3.1/../../../../arm-none-eabi/lib/thumb/v7e-m/nofp\libg.a(lib_a-isattyr.o)
 .ARM.attributes
                0x00000bff       0x2e f:/environment/gnu arm embedded toolchain/10 2021.10/bin/../lib/gcc/arm-none-eabi/10.3.1/../../../../arm-none-eabi/lib/thumb/v7e-m/nofp\libg.a(lib_a-locale.o)
 .ARM.attributes
                0x00000c2d       0x2e f:/environment/gnu arm embedded toolchain/10 2021.10/bin/../lib/gcc/arm-none-eabi/10.3.1/../../../../arm-none-eabi/lib/thumb/v7e-m/nofp\libg.a(lib_a-lseekr.o)
 .ARM.attributes
                0x00000c5b       0x2e f:/environment/gnu arm embedded toolchain/10 2021.10/bin/../lib/gcc/arm-none-eabi/10.3.1/../../../../arm-none-eabi/lib/thumb/v7e-m/nofp\libg.a(lib_a-mbtowc_r.o)
 .ARM.attributes
                0x00000c89       0x2e f:/environment/gnu arm embedded toolchain/10 2021.10/bin/../lib/gcc/arm-none-eabi/10.3.1/../../../../arm-none-eabi/lib/thumb/v7e-m/nofp\libg.a(lib_a-memmove.o)
 .ARM.attributes
                0x00000cb7       0x2e f:/environment/gnu arm embedded toolchain/10 2021.10/bin/../lib/gcc/arm-none-eabi/10.3.1/../../../../arm-none-eabi/lib/thumb/v7e-m/nofp\libg.a(lib_a-readr.o)
 .ARM.attributes
                0x00000ce5       0x2e f:/environment/gnu arm embedded toolchain/10 2021.10/bin/../lib/gcc/arm-none-eabi/10.3.1/../../../../arm-none-eabi/lib/thumb/v7e-m/nofp\libg.a(lib_a-reallocr.o)
 .ARM.attributes
                0x00000d13       0x2e f:/environment/gnu arm embedded toolchain/10 2021.10/bin/../lib/gcc/arm-none-eabi/10.3.1/../../../../arm-none-eabi/lib/thumb/v7e-m/nofp\libg.a(lib_a-reent.o)
 .ARM.attributes
                0x00000d41       0x2e f:/environment/gnu arm embedded toolchain/10 2021.10/bin/../lib/gcc/arm-none-eabi/10.3.1/../../../../arm-none-eabi/lib/thumb/v7e-m/nofp\libg.a(lib_a-wbuf.o)
 .ARM.attributes
                0x00000d6f       0x2e f:/environment/gnu arm embedded toolchain/10 2021.10/bin/../lib/gcc/arm-none-eabi/10.3.1/../../../../arm-none-eabi/lib/thumb/v7e-m/nofp\libg.a(lib_a-wcrtomb.o)
 .ARM.attributes
                0x00000d9d       0x2e f:/environment/gnu arm embedded toolchain/10 2021.10/bin/../lib/gcc/arm-none-eabi/10.3.1/../../../../arm-none-eabi/lib/thumb/v7e-m/nofp\libg.a(lib_a-wctomb_r.o)
 .ARM.attributes
                0x00000dcb       0x2e f:/environment/gnu arm embedded toolchain/10 2021.10/bin/../lib/gcc/arm-none-eabi/10.3.1/../../../../arm-none-eabi/lib/thumb/v7e-m/nofp\libg.a(lib_a-abort.o)
 .ARM.attributes
                0x00000df9       0x2e f:/environment/gnu arm embedded toolchain/10 2021.10/bin/../lib/gcc/arm-none-eabi/10.3.1/../../../../arm-none-eabi/lib/thumb/v7e-m/nofp\libg.a(lib_a-ctype_.o)
 .ARM.attributes
                0x00000e27       0x2e f:/environment/gnu arm embedded toolchain/10 2021.10/bin/../lib/gcc/arm-none-eabi/10.3.1/../../../../arm-none-eabi/lib/thumb/v7e-m/nofp\libg.a(lib_a-signal.o)
 .ARM.attributes
                0x00000e55       0x2e f:/environment/gnu arm embedded toolchain/10 2021.10/bin/../lib/gcc/arm-none-eabi/10.3.1/../../../../arm-none-eabi/lib/thumb/v7e-m/nofp\libg.a(lib_a-signalr.o)
 .ARM.attributes
                0x00000e83       0x1e f:/environment/gnu arm embedded toolchain/10 2021.10/bin/../lib/gcc/arm-none-eabi/10.3.1/thumb/v7e-m/nofp\libgcc.a(_arm_muldivdf3.o)
 .ARM.attributes
                0x00000ea1       0x1e f:/environment/gnu arm embedded toolchain/10 2021.10/bin/../lib/gcc/arm-none-eabi/10.3.1/thumb/v7e-m/nofp\libgcc.a(_arm_cmpdf2.o)
 .ARM.attributes
                0x00000ebf       0x1e f:/environment/gnu arm embedded toolchain/10 2021.10/bin/../lib/gcc/arm-none-eabi/10.3.1/thumb/v7e-m/nofp\libgcc.a(_arm_unorddf2.o)
 .ARM.attributes
                0x00000edd       0x1e f:/environment/gnu arm embedded toolchain/10 2021.10/bin/../lib/gcc/arm-none-eabi/10.3.1/thumb/v7e-m/nofp\libgcc.a(_arm_fixdfsi.o)
 .ARM.attributes
                0x00000efb       0x1e f:/environment/gnu arm embedded toolchain/10 2021.10/bin/../lib/gcc/arm-none-eabi/10.3.1/thumb/v7e-m/nofp/crtn.o
OUTPUT(Unitree_M8010.elf elf32-littlearm)
LOAD linker stubs
LOAD f:/environment/gnu arm embedded toolchain/10 2021.10/bin/../lib/gcc/arm-none-eabi/10.3.1/../../../../arm-none-eabi/lib/thumb/v7e-m/nofp\libc.a
LOAD f:/environment/gnu arm embedded toolchain/10 2021.10/bin/../lib/gcc/arm-none-eabi/10.3.1/../../../../arm-none-eabi/lib/thumb/v7e-m/nofp\libm.a
LOAD f:/environment/gnu arm embedded toolchain/10 2021.10/bin/../lib/gcc/arm-none-eabi/10.3.1/thumb/v7e-m/nofp\libgcc.a

.debug_info     0x00000000     0xdefa
 .debug_info    0x00000000      0x542 CMakeFiles/Unitree_M8010.elf.dir/Core/Src/dma.c.obj
 .debug_info    0x00000542      0x4ca CMakeFiles/Unitree_M8010.elf.dir/Core/Src/gpio.c.obj
 .debug_info    0x00000a0c      0xf38 CMakeFiles/Unitree_M8010.elf.dir/Core/Src/main.c.obj
 .debug_info    0x00001944      0x2c0 CMakeFiles/Unitree_M8010.elf.dir/Core/Src/stm32f4xx_hal_msp.c.obj
 .debug_info    0x00001c04      0x6ae CMakeFiles/Unitree_M8010.elf.dir/Core/Src/stm32f4xx_it.c.obj
 .debug_info    0x000022b2      0x6ca CMakeFiles/Unitree_M8010.elf.dir/Core/Src/syscalls.c.obj
 .debug_info    0x0000297c      0x174 CMakeFiles/Unitree_M8010.elf.dir/Core/Src/sysmem.c.obj
 .debug_info    0x00002af0      0x399 CMakeFiles/Unitree_M8010.elf.dir/Core/Src/system_stm32f4xx.c.obj
 .debug_info    0x00002e89      0xdc5 CMakeFiles/Unitree_M8010.elf.dir/Core/Src/usart.c.obj
 .debug_info    0x00003c4e       0x22 CMakeFiles/Unitree_M8010.elf.dir/Core/Startup/startup_stm32f427iihx.s.obj
 .debug_info    0x00003c70      0xa5c CMakeFiles/Unitree_M8010.elf.dir/Drivers/STM32F4xx_HAL_Driver/Src/stm32f4xx_hal.c.obj
 .debug_info    0x000046cc     0x10c2 CMakeFiles/Unitree_M8010.elf.dir/Drivers/STM32F4xx_HAL_Driver/Src/stm32f4xx_hal_cortex.c.obj
 .debug_info    0x0000578e      0xb3f CMakeFiles/Unitree_M8010.elf.dir/Drivers/STM32F4xx_HAL_Driver/Src/stm32f4xx_hal_dma.c.obj
 .debug_info    0x000062cd      0x7cc CMakeFiles/Unitree_M8010.elf.dir/Drivers/STM32F4xx_HAL_Driver/Src/stm32f4xx_hal_gpio.c.obj
 .debug_info    0x00006a99      0xb1f CMakeFiles/Unitree_M8010.elf.dir/Drivers/STM32F4xx_HAL_Driver/Src/stm32f4xx_hal_rcc.c.obj
 .debug_info    0x000075b8     0x424e CMakeFiles/Unitree_M8010.elf.dir/Drivers/STM32F4xx_HAL_Driver/Src/stm32f4xx_hal_uart.c.obj
 .debug_info    0x0000b806      0xe25 CMakeFiles/Unitree_M8010.elf.dir/User/Unitree_SDK/GO-M8010-6.c.obj
 .debug_info    0x0000c62b      0x5d0 CMakeFiles/Unitree_M8010.elf.dir/User/Unitree_SDK/Unitree_user.c.obj
 .debug_info    0x0000cbfb     0x12ff CMakeFiles/Unitree_M8010.elf.dir/User/retarget/retarget.c.obj

.debug_abbrev   0x00000000     0x232e
 .debug_abbrev  0x00000000      0x126 CMakeFiles/Unitree_M8010.elf.dir/Core/Src/dma.c.obj
 .debug_abbrev  0x00000126      0x14e CMakeFiles/Unitree_M8010.elf.dir/Core/Src/gpio.c.obj
 .debug_abbrev  0x00000274      0x270 CMakeFiles/Unitree_M8010.elf.dir/Core/Src/main.c.obj
 .debug_abbrev  0x000004e4       0xd1 CMakeFiles/Unitree_M8010.elf.dir/Core/Src/stm32f4xx_hal_msp.c.obj
 .debug_abbrev  0x000005b5      0x16e CMakeFiles/Unitree_M8010.elf.dir/Core/Src/stm32f4xx_it.c.obj
 .debug_abbrev  0x00000723      0x1a3 CMakeFiles/Unitree_M8010.elf.dir/Core/Src/syscalls.c.obj
 .debug_abbrev  0x000008c6       0xe7 CMakeFiles/Unitree_M8010.elf.dir/Core/Src/sysmem.c.obj
 .debug_abbrev  0x000009ad      0x119 CMakeFiles/Unitree_M8010.elf.dir/Core/Src/system_stm32f4xx.c.obj
 .debug_abbrev  0x00000ac6      0x1f6 CMakeFiles/Unitree_M8010.elf.dir/Core/Src/usart.c.obj
 .debug_abbrev  0x00000cbc       0x12 CMakeFiles/Unitree_M8010.elf.dir/Core/Startup/startup_stm32f427iihx.s.obj
 .debug_abbrev  0x00000cce      0x206 CMakeFiles/Unitree_M8010.elf.dir/Drivers/STM32F4xx_HAL_Driver/Src/stm32f4xx_hal.c.obj
 .debug_abbrev  0x00000ed4      0x36a CMakeFiles/Unitree_M8010.elf.dir/Drivers/STM32F4xx_HAL_Driver/Src/stm32f4xx_hal_cortex.c.obj
 .debug_abbrev  0x0000123e      0x2c2 CMakeFiles/Unitree_M8010.elf.dir/Drivers/STM32F4xx_HAL_Driver/Src/stm32f4xx_hal_dma.c.obj
 .debug_abbrev  0x00001500      0x1ef CMakeFiles/Unitree_M8010.elf.dir/Drivers/STM32F4xx_HAL_Driver/Src/stm32f4xx_hal_gpio.c.obj
 .debug_abbrev  0x000016ef      0x28a CMakeFiles/Unitree_M8010.elf.dir/Drivers/STM32F4xx_HAL_Driver/Src/stm32f4xx_hal_rcc.c.obj
 .debug_abbrev  0x00001979      0x2fd CMakeFiles/Unitree_M8010.elf.dir/Drivers/STM32F4xx_HAL_Driver/Src/stm32f4xx_hal_uart.c.obj
 .debug_abbrev  0x00001c76      0x25a CMakeFiles/Unitree_M8010.elf.dir/User/Unitree_SDK/GO-M8010-6.c.obj
 .debug_abbrev  0x00001ed0      0x1aa CMakeFiles/Unitree_M8010.elf.dir/User/Unitree_SDK/Unitree_user.c.obj
 .debug_abbrev  0x0000207a      0x2b4 CMakeFiles/Unitree_M8010.elf.dir/User/retarget/retarget.c.obj

.debug_aranges  0x00000000      0x800
 .debug_aranges
                0x00000000       0x20 CMakeFiles/Unitree_M8010.elf.dir/Core/Src/dma.c.obj
 .debug_aranges
                0x00000020       0x20 CMakeFiles/Unitree_M8010.elf.dir/Core/Src/gpio.c.obj
 .debug_aranges
                0x00000040       0x30 CMakeFiles/Unitree_M8010.elf.dir/Core/Src/main.c.obj
 .debug_aranges
                0x00000070       0x20 CMakeFiles/Unitree_M8010.elf.dir/Core/Src/stm32f4xx_hal_msp.c.obj
 .debug_aranges
                0x00000090       0x70 CMakeFiles/Unitree_M8010.elf.dir/Core/Src/stm32f4xx_it.c.obj
 .debug_aranges
                0x00000100       0x88 CMakeFiles/Unitree_M8010.elf.dir/Core/Src/syscalls.c.obj
 .debug_aranges
                0x00000188       0x20 CMakeFiles/Unitree_M8010.elf.dir/Core/Src/sysmem.c.obj
 .debug_aranges