Archive member included to satisfy reference by file (symbol)

/home/lyn/Environment/gcc-arm-none-eabi-10.3-2021.10/bin/../lib/gcc/arm-none-eabi/10.3.1/thumb/v7e-m/nofp/libgcc.a(_arm_mulsf3.o)
                              CMakeFiles/Unitree_M8010.elf.dir/User/Unitree_SDK/GO-M8010-6.c.obj (__aeabi_fmul)
/home/lyn/Environment/gcc-arm-none-eabi-10.3-2021.10/bin/../lib/gcc/arm-none-eabi/10.3.1/thumb/v7e-m/nofp/libgcc.a(_arm_addsubdf3.o)
                              CMakeFiles/Unitree_M8010.elf.dir/Core/Src/main.c.obj (__aeabi_f2d)
/home/lyn/Environment/gcc-arm-none-eabi-10.3-2021.10/bin/../lib/gcc/arm-none-eabi/10.3.1/thumb/v7e-m/nofp/libgcc.a(_arm_muldivdf3.o)
                              CMakeFiles/Unitree_M8010.elf.dir/Core/Src/main.c.obj (__aeabi_ddiv)
/home/lyn/Environment/gcc-arm-none-eabi-10.3-2021.10/bin/../lib/gcc/arm-none-eabi/10.3.1/thumb/v7e-m/nofp/libgcc.a(_arm_addsubsf3.o)
                              CMakeFiles/Unitree_M8010.elf.dir/User/Unitree_SDK/GO-M8010-6.c.obj (__aeabi_ui2f)
/home/lyn/Environment/gcc-arm-none-eabi-10.3-2021.10/bin/../lib/gcc/arm-none-eabi/10.3.1/thumb/v7e-m/nofp/libgcc.a(_arm_muldivsf3.o)
                              CMakeFiles/Unitree_M8010.elf.dir/User/Unitree_SDK/GO-M8010-6.c.obj (__aeabi_fdiv)
/home/lyn/Environment/gcc-arm-none-eabi-10.3-2021.10/bin/../lib/gcc/arm-none-eabi/10.3.1/thumb/v7e-m/nofp/libgcc.a(_arm_cmpsf2.o)
                              CMakeFiles/Unitree_M8010.elf.dir/User/Unitree_SDK/GO-M8010-6.c.obj (__aeabi_fcmplt)
/home/lyn/Environment/gcc-arm-none-eabi-10.3-2021.10/bin/../lib/gcc/arm-none-eabi/10.3.1/thumb/v7e-m/nofp/libgcc.a(_arm_fixsfsi.o)
                              CMakeFiles/Unitree_M8010.elf.dir/User/Unitree_SDK/GO-M8010-6.c.obj (__aeabi_f2iz)
/home/lyn/Environment/gcc-arm-none-eabi-10.3-2021.10/bin/../lib/gcc/arm-none-eabi/10.3.1/thumb/v7e-m/nofp/libgcc.a(_aeabi_uldivmod.o)
                              CMakeFiles/Unitree_M8010.elf.dir/Drivers/STM32F4xx_HAL_Driver/Src/stm32f4xx_hal_rcc.c.obj (__aeabi_uldivmod)
/home/lyn/Environment/gcc-arm-none-eabi-10.3-2021.10/bin/../lib/gcc/arm-none-eabi/10.3.1/thumb/v7e-m/nofp/libgcc.a(_udivmoddi4.o)
                              /home/lyn/Environment/gcc-arm-none-eabi-10.3-2021.10/bin/../lib/gcc/arm-none-eabi/10.3.1/thumb/v7e-m/nofp/libgcc.a(_aeabi_uldivmod.o) (__udivmoddi4)
/home/lyn/Environment/gcc-arm-none-eabi-10.3-2021.10/bin/../lib/gcc/arm-none-eabi/10.3.1/thumb/v7e-m/nofp/libgcc.a(_dvmd_tls.o)
                              /home/lyn/Environment/gcc-arm-none-eabi-10.3-2021.10/bin/../lib/gcc/arm-none-eabi/10.3.1/thumb/v7e-m/nofp/libgcc.a(_aeabi_uldivmod.o) (__aeabi_ldiv0)
/home/lyn/Environment/gcc-arm-none-eabi-10.3-2021.10/bin/../lib/gcc/arm-none-eabi/10.3.1/../../../../arm-none-eabi/lib/thumb/v7e-m/nofp/libg.a(lib_a-errno.o)
                              CMakeFiles/Unitree_M8010.elf.dir/Core/Src/syscalls.c.obj (__errno)
/home/lyn/Environment/gcc-arm-none-eabi-10.3-2021.10/bin/../lib/gcc/arm-none-eabi/10.3.1/../../../../arm-none-eabi/lib/thumb/v7e-m/nofp/libg.a(lib_a-exit.o)
                              /home/lyn/Environment/gcc-arm-none-eabi-10.3-2021.10/bin/../lib/gcc/arm-none-eabi/10.3.1/../../../../arm-none-eabi/lib/thumb/v7e-m/nofp/crt0.o (exit)
/home/lyn/Environment/gcc-arm-none-eabi-10.3-2021.10/bin/../lib/gcc/arm-none-eabi/10.3.1/../../../../arm-none-eabi/lib/thumb/v7e-m/nofp/libg.a(lib_a-impure.o)
                              /home/lyn/Environment/gcc-arm-none-eabi-10.3-2021.10/bin/../lib/gcc/arm-none-eabi/10.3.1/../../../../arm-none-eabi/lib/thumb/v7e-m/nofp/libg.a(lib_a-exit.o) (_global_impure_ptr)
/home/lyn/Environment/gcc-arm-none-eabi-10.3-2021.10/bin/../lib/gcc/arm-none-eabi/10.3.1/../../../../arm-none-eabi/lib/thumb/v7e-m/nofp/libg.a(lib_a-init.o)
                              /home/lyn/Environment/gcc-arm-none-eabi-10.3-2021.10/bin/../lib/gcc/arm-none-eabi/10.3.1/../../../../arm-none-eabi/lib/thumb/v7e-m/nofp/crt0.o (__libc_init_array)
/home/lyn/Environment/gcc-arm-none-eabi-10.3-2021.10/bin/../lib/gcc/arm-none-eabi/10.3.1/../../../../arm-none-eabi/lib/thumb/v7e-m/nofp/libg.a(lib_a-memset.o)
                              /home/lyn/Environment/gcc-arm-none-eabi-10.3-2021.10/bin/../lib/gcc/arm-none-eabi/10.3.1/../../../../arm-none-eabi/lib/thumb/v7e-m/nofp/crt0.o (memset)
/home/lyn/Environment/gcc-arm-none-eabi-10.3-2021.10/bin/../lib/gcc/arm-none-eabi/10.3.1/../../../../arm-none-eabi/lib/thumb/v7e-m/nofp/libg.a(lib_a-printf.o)
                              CMakeFiles/Unitree_M8010.elf.dir/Core/Src/main.c.obj (printf)
/home/lyn/Environment/gcc-arm-none-eabi-10.3-2021.10/bin/../lib/gcc/arm-none-eabi/10.3.1/../../../../arm-none-eabi/lib/thumb/v7e-m/nofp/libg.a(lib_a-setvbuf.o)
                              CMakeFiles/Unitree_M8010.elf.dir/User/retarget/retarget.c.obj (setvbuf)
/home/lyn/Environment/gcc-arm-none-eabi-10.3-2021.10/bin/../lib/gcc/arm-none-eabi/10.3.1/../../../../arm-none-eabi/lib/thumb/v7e-m/nofp/libg.a(lib_a-vfprintf.o)
[...]
Memory Configuration

Name             Origin             Length             Attributes
CCMRAM           0x0000000010000000 0x0000000000010000 xrw
RAM              0x0000000020000000 0x0000000000030000 xrw
FLASH            0x0000000008000000 0x0000000000200000 xr
*default*        0x0000000000000000 0xffffffffffffffff

Linker script and memory map

LOAD /home/lyn/Environment/gcc-arm-none-eabi-10.3-2021.10/bin/../lib/gcc/arm-none-eabi/10.3.1/thumb/v7e-m/nofp/crti.o
LOAD /home/lyn/Environment/gcc-arm-none-eabi-10.3-2021.10/bin/../lib/gcc/arm-none-eabi/10.3.1/thumb/v7e-m/nofp/crtbegin.o
LOAD /home/lyn/Environment/gcc-arm-none-eabi-10.3-2021.10/bin/../lib/gcc/arm-none-eabi/10.3.1/../../../../arm-none-eabi/lib/thumb/v7e-m/nofp/crt0.o
LOAD CMakeFiles/Unitree_M8010.elf.dir/Core/Src/dma.c.obj
LOAD CMakeFiles/Unitree_M8010.elf.dir/Core/Src/gpio.c.obj
LOAD CMakeFiles/Unitree_M8010.elf.dir/Core/Src/main.c.obj
LOAD CMakeFiles/Unitree_M8010.elf.dir/Core/Src/stm32f4xx_hal_msp.c.obj
LOAD CMakeFiles/Unitree_M8010.elf.dir/Core/Src/stm32f4xx_it.c.obj
LOAD CMakeFiles/Unitree_M8010.elf.dir/Core/Src/syscalls.c.obj
LOAD CMakeFiles/Unitree_M8010.elf.dir/Core/Src/sysmem.c.obj
LOAD CMakeFiles/Unitree_M8010.elf.dir/Core/Src/system_stm32f4xx.c.obj
LOAD CMakeFiles/Unitree_M8010.elf.dir/Core/Src/usart.c.obj
LOAD CMakeFiles/Unitree_M8010.elf.dir/Core/Startup/startup_stm32f427iihx.s.obj
LOAD CMakeFiles/Unitree_M8010.elf.dir/Drivers/STM32F4xx_HAL_Driver/Src/stm32f4xx_hal.c.obj
LOAD CMakeFiles/Unitree_M8010.elf.dir/Drivers/STM32F4xx_HAL_Driver/Src/stm32f4xx_hal_cortex.c.obj
LOAD CMakeFiles/Unitree_M8010.elf.dir/Drivers/STM32F4xx_HAL_Driver/Src/stm32f4xx_hal_dma.c.obj
LOAD CMakeFiles/Unitree_M8010.elf.dir/Drivers/STM32F4xx_HAL_Driver/Src/stm32f4xx_hal_dma_ex.c.obj
LOAD CMakeFiles/Unitree_M8010.elf.dir/Drivers/STM32F4xx_HAL_Driver/Src/stm32f4xx_hal_exti.c.obj
LOAD CMakeFiles/Unitree_M8010.elf.dir/Drivers/STM32F4xx_HAL_Driver/Src/stm32f4xx_hal_flash.c.obj
LOAD CMakeFiles/Unitree_M8010.elf.dir/Drivers/STM32F4xx_HAL_Driver/Src/stm32f4xx_hal_flash_ex.c.obj
LOAD CMakeFiles/Unitree_M8010.elf.dir/Drivers/STM32F4xx_HAL_Driver/Src/stm32f4xx_hal_flash_ramfunc.c.obj
LOAD CMakeFiles/Unitree_M8010.elf.dir/Drivers/STM32F4xx_HAL_Driver/Src/stm32f4xx_hal_gpio.c.obj
LOAD CMakeFiles/Unitree_M8010.elf.dir/Drivers/STM32F4xx_HAL_Driver/Src/stm32f4xx_hal_pwr.c.obj
LOAD CMakeFiles/Unitree_M8010.elf.dir/Drivers/STM32F4xx_HAL_Driver/Src/stm32f4xx_hal_pwr_ex.c.obj
LOAD CMakeFiles/Unitree_M8010.elf.dir/Drivers/STM32F4xx_HAL_Driver/Src/stm32f4xx_hal_rcc.c.obj
LOAD CMakeFiles/Unitree_M8010.elf.dir/Drivers/STM32F4xx_HAL_Driver/Src/stm32f4xx_hal_rcc_ex.c.obj
LOAD CMakeFiles/Unitree_M8010.elf.dir/Drivers/STM32F4xx_HAL_Driver/Src/stm32f4xx_hal_tim.c.obj
LOAD CMakeFiles/Unitree_M8010.elf.dir/Drivers/STM32F4xx_HAL_Driver/Src/stm32f4xx_hal_tim_ex.c.obj
LOAD CMakeFiles/Unitree_M8010.elf.dir/Drivers/STM32F4xx_HAL_Driver/Src/stm32f4xx_hal_uart.c.obj
LOAD CMakeFiles/Unitree_M8010.elf.dir/User/Unitree_SDK/GO-M8010-6.c.obj
LOAD CMakeFiles/Unitree_M8010.elf.dir/User/Unitree_SDK/Unitree_user.c.obj
LOAD CMakeFiles/Unitree_M8010.elf.dir/User/retarget/retarget.c.obj
START GROUP
LOAD /home/lyn/Environment/gcc-arm-none-eabi-10.3-2021.10/bin/../lib/gcc/arm-none-eabi/10.3.1/thumb/v7e-m/nofp/libgcc.a
LOAD /home/lyn/Environment/gcc-arm-none-eabi-10.3-2021.10/bin/../lib/gcc/arm-none-eabi/10.3.1/../../../../arm-none-eabi/lib/thumb/v7e-m/nofp/libg.a
LOAD /home/lyn/Environment/gcc-arm-none-eabi-10.3-2021.10/bin/../lib/gcc/arm-none-eabi/10.3.1/../../../../arm-none-eabi/lib/thumb/v7e-m/nofp/libc.a
END GROUP
LOAD /home/lyn/Environment/gcc-arm-none-eabi-10.3-2021.10/bin/../lib/gcc/arm-none-eabi/10.3.1/thumb/v7e-m/nofp/crtend.o
LOAD /home/lyn/Environment/gcc-arm-none-eabi-10.3-2021.10/bin/../lib/gcc/arm-none-eabi/10.3.1/thumb/v7e-m/nofp/crtn.o
                0x0000000020030000                _estack = (ORIGIN (RAM) + LENGTH (RAM))
                0x0000000000000200                _Min_Heap_Size = 0x200
                0x0000000000000400                _Min_Stack_Size = 0x400

.isr_vector     0x0000000008000000      0x1ac
                0x0000000008000000                . = ALIGN (0x4)
 *(.isr_vector)
 .isr_vector    0x0000000008000000      0x1ac CMakeFiles/Unitree_M8010.elf.dir/Core/Startup/startup_stm32f427iihx.s.obj
                0x0000000008000000                g_pfnVectors
                0x00000000080001ac                . = ALIGN (0x4)

.text           0x00000000080001c0     0x9850
                0x00000000080001c0                . = ALIGN (0x4)
 *(.text)
 .text          0x00000000080001c0       0x40 /home/lyn/Environment/gcc-arm-none-eabi-10.3-2021.10/bin/../lib/gcc/arm-none-eabi/10.3.1/thumb/v7e-m/nofp/crtbegin.o
 .text          0x0000000008000200      0x378 /home/lyn/Environment/gcc-arm-none-eabi-10.3-2021.10/bin/../lib/gcc/arm-none-eabi/10.3.1/thumb/v7e-m/nofp/libgcc.a(_arm_addsubdf3.o)
                0x0000000008000200                __aeabi_drsub
                0x0000000008000208                __aeabi_dsub
                0x0000000008000208                __subdf3
                0x000000000800020c                __adddf3
                0x000000000800020c                __aeabi_dadd
                0x0000000008000484                __aeabi_ui2d
                0x0000000008000484                __floatunsidf
                0x00000000080004a4                __floatsidf
                0x00000000080004a4                __aeabi_i2d
                0x00000000080004c8                __extendsfdf2
                0x00000000080004c8                __aeabi_f2d
                0x000000000800050c                __aeabi_ul2d
                0x000000000800050c                __floatundidf
                0x000000000800051c                __floatdidf
                0x000000000800051c                __aeabi_l2d
 .text          0x0000000008000578      0x424 /home/lyn/Environment/gcc-arm-none-eabi-10.3-2021.10/bin/../lib/gcc/arm-none-eabi/10.3.1/thumb/v7e-m/nofp/libgcc.a(_arm_muldivdf3.o)
                0x0000000008000578                __aeabi_dmul
                0x0000000008000578                __muldf3
                0x00000000080007cc                __aeabi_ddiv
                0x00000000080007cc                __divdf3
 .text          0x000000000800099c      0x21c /home/lyn/Environment/gcc-arm-none-eabi-10.3-2021.10/bin/../lib/gcc/arm-none-eabi/10.3.1/thumb/v7e-m/nofp/libgcc.a(_arm_addsubsf3.o)
                0x000000000800099c                __aeabi_frsub
                0x00000000080009a4                __subsf3
                0x00000000080009a4                __aeabi_fsub
                0x00000000080009a8                __aeabi_fadd
                0x00000000080009a8                __addsf3
                0x0000000008000b08                __aeabi_ui2f
                0x0000000008000b08                __floatunsisf
                0x0000000008000b10                __aeabi_i2f
                0x0000000008000b10                __floatsisf
                0x0000000008000b2c                __floatundisf
                0x0000000008000b2c                __aeabi_ul2f
                0x0000000008000b3c                __floatdisf
                0x0000000008000b3c                __aeabi_l2f
 .text          0x0000000008000bb8      0x2a0 /home/lyn/Environment/gcc-arm-none-eabi-10.3-2021.10/bin/../lib/gcc/arm-none-eabi/10.3.1/thumb/v7e-m/nofp/libgcc.a(_arm_muldivsf3.o)
                0x0000000008000bb8                __mulsf3
                0x0000000008000bb8                __aeabi_fmul
                0x0000000008000d20                __divsf3
                0x0000000008000d20                __aeabi_fdiv
 .text          0x0000000008000e58       0xec /home/lyn/Environment/gcc-arm-none-eabi-10.3-2021.10/bin/../lib/gcc/arm-none-eabi/10.3.1/thumb/v7e-m/nofp/libgcc.a(_arm_cmpsf2.o)
                0x0000000008000e58                __gtsf2
                0x0000000008000e58                __gesf2
                0x0000000008000e60                __lesf2
                0x0000000008000e60                __ltsf2
                0x0000000008000e68                __nesf2
                0x0000000008000e68                __eqsf2
                0x0000000008000e68                __cmpsf2
                0x0000000008000ec8                __aeabi_cfrcmple
                0x0000000008000ed0                __aeabi_cfcmple
                0x0000000008000ed0                __aeabi_cfcmpeq
                0x0000000008000ee0                __aeabi_fcmpeq
                0x0000000008000ef4                __aeabi_fcmplt
                0x0000000008000f08                __aeabi_fcmple
                0x0000000008000f1c                __aeabi_fcmpge
                0x0000000008000f30                __aeabi_fcmpgt
 .text          0x0000000008000f44       0x4c /home/lyn/Environment/gcc-arm-none-eabi-10.3-2021.10/bin/../lib/gcc/arm-none-eabi/10.3.1/thumb/v7e-m/nofp/libgcc.a(_arm_fixsfsi.o)
                0x0000000008000f44                __fixsfsi
                0x0000000008000f44                __aeabi_f2iz
 .text          0x0000000008000f90       0x30 /home/lyn/Environment/gcc-arm-none-eabi-10.3-2021.10/bin/../lib/gcc/arm-none-eabi/10.3.1/thumb/v7e-m/nofp/libgcc.a(_aeabi_uldivmod.o)
                0x0000000008000f90                __aeabi_uldivmod
 .text          0x0000000008000fc0      0x2d0 /home/lyn/Environment/gcc-arm-none-eabi-10.3-2021.10/bin/../lib/gcc/arm-none-eabi/10.3.1/thumb/v7e-m/nofp/libgcc.a(_udivmoddi4.o)
                0x0000000008000fc0                __udivmoddi4
 .text          0x0000000008001290        0x4 /home/lyn/Environment/gcc-arm-none-eabi-10.3-2021.10/bin/../lib/gcc/arm-none-eabi/10.3.1/thumb/v7e-m/nofp/libgcc.a(_dvmd_tls.o)
                0x0000000008001290                __aeabi_ldiv0
                0x0000000008001290                __aeabi_idiv0
 *fill*         0x0000000008001294        0xc 
 .text          0x00000000080012a0       0xa0 /home/lyn/Environment/gcc-arm-none-eabi-10.3-2021.10/bin/../lib/gcc/arm-none-eabi/10.3.1/../../../../arm-none-eabi/lib/thumb/v7e-m/nofp/libg.a(lib_a-memchr.o)
                0x00000000080012a0                memchr
 .text          0x0000000008001340      0x134 /home/lyn/Environment/gcc-arm-none-eabi-10.3-2021.10/bin/../lib/gcc/arm-none-eabi/10.3.1/../../../../arm-none-eabi/lib/thumb/v7e-m/nofp/libg.a(lib_a-memcpy.o)
                0x0000000008001340                memcpy
 *fill*         0x0000000008001474        0xc 
 .text          0x0000000008001480       0xdc /home/lyn/Environment/gcc-arm-none-eabi-10.3-2021.10/bin/../lib/gcc/arm-none-eabi/10.3.1/../../../../arm-none-eabi/lib/thumb/v7e-m/nofp/libg.a(lib_a-strlen.o)
                0x0000000008001480                strlen
 .text          0x000000000800155c      0x110 /home/lyn/Environment/gcc-arm-none-eabi-10.3-2021.10/bin/../lib/gcc/arm-none-eabi/10.3.1/thumb/v7e-m/nofp/libgcc.a(_arm_cmpdf2.o)
                0x000000000800155c                __gtdf2
                0x000000000800155c                __gedf2
                0x0000000008001564                __ltdf2
                0x0000000008001564                __ledf2
                0x000000000800156c                __cmpdf2
                0x000000000800156c                __eqdf2
                0x000000000800156c                __nedf2
                0x00000000080015e8                __aeabi_cdrcmple
                0x00000000080015f8                __aeabi_cdcmple
                0x00000000080015f8                __aeabi_cdcmpeq
                0x0000000008001608                __aeabi_dcmpeq
                0x000000000800161c                __aeabi_dcmplt
                0x0000000008001630                __aeabi_dcmple
                0x0000000008001644                __aeabi_dcmpge
                0x0000000008001658                __aeabi_dcmpgt
 .text          0x000000000800166c       0x2c /home/lyn/Environment/gcc-arm-none-eabi-10.3-2021.10/bin/../lib/gcc/arm-none-eabi/10.3.1/thumb/v7e-m/nofp/libgcc.a(_arm_unorddf2.o)
                0x000000000800166c                __aeabi_dcmpun
                0x000000000800166c                __unorddf2
 .text          0x0000000008001698       0x50 /home/lyn/Environment/gcc-arm-none-eabi-10.3-2021.10/bin/../lib/gcc/arm-none-eabi/10.3.1/thumb/v7e-m/nofp/libgcc.a(_arm_fixdfsi.o)
                0x0000000008001698                __fixdfsi
                0x0000000008001698                __aeabi_d2iz
 *(.text*)
 .text.MX_DMA_Init
                0x00000000080016e8       0x34 CMakeFiles/Unitree_M8010.elf.dir/Core/Src/dma.c.obj
                0x00000000080016e8                MX_DMA_Init
 .text.MX_GPIO_Init
                0x000000000800171c       0xb4 CMakeFiles/Unitree_M8010.elf.dir/Core/Src/gpio.c.obj
                0x000000000800171c                MX_GPIO_Init
 .text.Error_Handler
                0x00000000080017d0        0x4 CMakeFiles/Unitree_M8010.elf.dir/Core/Src/main.c.obj
                0x00000000080017d0                Error_Handler
 .text.SystemClock_Config
                0x00000000080017d4       0xa8 CMakeFiles/Unitree_M8010.elf.dir/Core/Src/main.c.obj
                0x00000000080017d4                SystemClock_Config
 *fill*         0x000000000800187c        0x4 
 .text.main     0x0000000008001880       0xb0 CMakeFiles/Unitree_M8010.elf.dir/Core/Src/main.c.obj
                0x0000000008001880                main
 .text.HAL_MspInit
                0x0000000008001930       0x38 CMakeFiles/Unitree_M8010.elf.dir/Core/Src/stm32f4xx_hal_msp.c.obj
                0x0000000008001930                HAL_MspInit
 .text.NMI_Handler
                0x0000000008001968        0x2 CMakeFiles/Unitree_M8010.elf.dir/Core/Src/stm32f4xx_it.c.obj
                0x0000000008001968                NMI_Handler
 .text.HardFault_Handler
                0x000000000800196a        0x2 CMakeFiles/Unitree_M8010.elf.dir/Core/Src/stm32f4xx_it.c.obj
                0x000000000800196a                HardFault_Handler
 .text.MemManage_Handler
                0x000000000800196c        0x2 CMakeFiles/Unitree_M8010.elf.dir/Core/Src/stm32f4xx_it.c.obj
                0x000000000800196c                MemManage_Handler
 .text.BusFault_Handler
                0x000000000800196e        0x2 CMakeFiles/Unitree_M8010.elf.dir/Core/Src/stm32f4xx_it.c.obj
                0x000000000800196e                BusFault_Handler
 .text.UsageFault_Handler
                0x0000000008001970        0x2 CMakeFiles/Unitree_M8010.elf.dir/Core/Src/stm32f4xx_it.c.obj
                0x0000000008001970                UsageFault_Handler
 .text.SVC_Handler
                0x0000000008001972        0x2 CMakeFiles/Unitree_M8010.elf.dir/Core/Src/stm32f4xx_it.c.obj
                0x0000000008001972                SVC_Handler
 .text.DebugMon_Handler
                0x0000000008001974        0x2 CMakeFiles/Unitree_M8010.elf.dir/Core/Src/stm32f4xx_it.c.obj
                0x0000000008001974                DebugMon_Handler
 .text.PendSV_Handler
                0x0000000008001976        0x2 CMakeFiles/Unitree_M8010.elf.dir/Core/Src/stm32f4xx_it.c.obj
                0x0000000008001976                PendSV_Handler
 .text.SysTick_Handler
                0x0000000008001978        0x8 CMakeFiles/Unitree_M8010.elf.dir/Core/Src/stm32f4xx_it.c.obj
                0x0000000008001978                SysTick_Handler
 .text.DMA2_Stream1_IRQHandler
                0x0000000008001980       0x10 CMakeFiles/Unitree_M8010.elf.dir/Core/Src/stm32f4xx_it.c.obj
                0x0000000008001980                DMA2_Stream1_IRQHandler
 .text.USART6_IRQHandler
                0x0000000008001990       0x10 CMakeFiles/Unitree_M8010.elf.dir/Core/Src/stm32f4xx_it.c.obj
                0x0000000008001990                USART6_IRQHandler
 .text._getpid  0x00000000080019a0        0x4 CMakeFiles/Unitree_M8010.elf.dir/Core/Src/syscalls.c.obj
                0x00000000080019a0                _getpid
 .text._kill    0x00000000080019a4       0x10 CMakeFiles/Unitree_M8010.elf.dir/Core/Src/syscalls.c.obj
                0x00000000080019a4                _kill
 .text._exit    0x00000000080019b4        0xc CMakeFiles/Unitree_M8010.elf.dir/Core/Src/syscalls.c.obj
                0x00000000080019b4                _exit
 .text._sbrk    0x00000000080019c0       0x48 CMakeFiles/Unitree_M8010.elf.dir/Core/Src/sysmem.c.obj
                0x00000000080019c0                _sbrk
 .text.SystemInit
                0x0000000008001a08        0x2 CMakeFiles/Unitree_M8010.elf.dir/Core/Src/system_stm32f4xx.c.obj
                0x0000000008001a08                SystemInit
 *fill*         0x0000000008001a0a        0x2 
 .text.MX_UART8_Init
                0x0000000008001a0c       0x34 CMakeFiles/Unitree_M8010.elf.dir/Core/Src/usart.c.obj
                0x0000000008001a0c                MX_UART8_Init
 .text.MX_USART6_UART_Init
                0x0000000008001a40       0x38 CMakeFiles/Unitree_M8010.elf.dir/Core/Src/usart.c.obj
                0x0000000008001a40                MX_USART6_UART_Init
 .text.HAL_UART_MspInit
                0x0000000008001a78      0x114 CMakeFiles/Unitree_M8010.elf.dir/Core/Src/usart.c.obj
                0x0000000008001a78                HAL_UART_MspInit
 .text.Reset_Handler
                0x0000000008001b8c       0x50 CMakeFiles/Unitree_M8010.elf.dir/Core/Startup/startup_stm32f427iihx.s.obj
                0x0000000008001b8c                Reset_Handler
 .text.Default_Handler
                0x0000000008001bdc        0x2 CMakeFiles/Unitree_M8010.elf.dir/Core/Startup/startup_stm32f427iihx.s.obj
                0x0000000008001bdc                RTC_Alarm_IRQHandler
                0x0000000008001bdc                HASH_RNG_IRQHandler
                0x0000000008001bdc                EXTI2_IRQHandler
                0x0000000008001bdc                TIM8_CC_IRQHandler
                0x0000000008001bdc                UART8_IRQHandler
                0x0000000008001bdc                SPI4_IRQHandler
                0x0000000008001bdc                TIM1_CC_IRQHandler
                0x0000000008001bdc                DMA2_Stream5_IRQHandler
                0x0000000008001bdc                DMA1_Stream5_IRQHandler
                0x0000000008001bdc                PVD_IRQHandler
                0x0000000008001bdc                SDIO_IRQHandler
                0x0000000008001bdc                TAMP_STAMP_IRQHandler
                0x0000000008001bdc                CAN2_RX1_IRQHandler
                0x0000000008001bdc                EXTI3_IRQHandler
                0x0000000008001bdc                TIM8_TRG_COM_TIM14_IRQHandler
                0x0000000008001bdc                TIM1_UP_TIM10_IRQHandler
                0x0000000008001bdc                TIM8_UP_TIM13_IRQHandler
                0x0000000008001bdc                I2C3_ER_IRQHandler
                0x0000000008001bdc                EXTI0_IRQHandler
                0x0000000008001bdc                I2C2_EV_IRQHandler
                0x0000000008001bdc                DMA1_Stream2_IRQHandler
                0x0000000008001bdc                CAN1_RX0_IRQHandler
                0x0000000008001bdc                FPU_IRQHandler
                0x0000000008001bdc                OTG_HS_WKUP_IRQHandler
                0x0000000008001bdc                CAN2_SCE_IRQHandler
                0x0000000008001bdc                DMA2_Stream2_IRQHandler
                0x0000000008001bdc                SPI1_IRQHandler
                0x0000000008001bdc                TIM6_DAC_IRQHandler
                0x0000000008001bdc                TIM1_BRK_TIM9_IRQHandler
                0x0000000008001bdc                DCMI_IRQHandler
                0x0000000008001bdc                CAN2_RX0_IRQHandler
                0x0000000008001bdc                DMA2_Stream3_IRQHandler
                0x0000000008001bdc                USART3_IRQHandler
                0x0000000008001bdc                CAN1_RX1_IRQHandler
                0x0000000008001bdc                UART5_IRQHandler
                0x0000000008001bdc                DMA2_Stream0_IRQHandler
                0x0000000008001bdc                TIM4_IRQHandler
                0x0000000008001bdc                I2C1_EV_IRQHandler
                0x0000000008001bdc                DMA1_Stream6_IRQHandler
                0x0000000008001bdc                DMA1_Stream1_IRQHandler
                0x0000000008001bdc                UART4_IRQHandler
                0x0000000008001bdc                TIM3_IRQHandler
                0x0000000008001bdc                RCC_IRQHandler
                0x0000000008001bdc                TIM8_BRK_TIM12_IRQHandler
                0x0000000008001bdc                Default_Handler
                0x0000000008001bdc                EXTI15_10_IRQHandler
                0x0000000008001bdc                ADC_IRQHandler
                0x0000000008001bdc                DMA1_Stream7_IRQHandler
                0x0000000008001bdc                SPI5_IRQHandler
                0x0000000008001bdc                TIM7_IRQHandler
                0x0000000008001bdc                CAN2_TX_IRQHandler
                0x0000000008001bdc                TIM5_IRQHandler
                0x0000000008001bdc                DMA2_Stream7_IRQHandler
                0x0000000008001bdc                I2C3_EV_IRQHandler
                0x0000000008001bdc                EXTI9_5_IRQHandler
                0x0000000008001bdc                RTC_WKUP_IRQHandler
                0x0000000008001bdc                ETH_WKUP_IRQHandler
                0x0000000008001bdc                SPI2_IRQHandler
                0x0000000008001bdc                OTG_HS_EP1_IN_IRQHandler
                0x0000000008001bdc                DMA1_Stream0_IRQHandler
                0x0000000008001bdc                CAN1_TX_IRQHandler
                0x0000000008001bdc                EXTI4_IRQHandler
                0x0000000008001bdc                ETH_IRQHandler
                0x0000000008001bdc                OTG_HS_EP1_OUT_IRQHandler
                0x0000000008001bdc                WWDG_IRQHandler
                0x0000000008001bdc                SPI6_IRQHandler
                0x0000000008001bdc                TIM2_IRQHandler
                0x0000000008001bdc                OTG_FS_WKUP_IRQHandler
                0x0000000008001bdc                TIM1_TRG_COM_TIM11_IRQHandler
                0x0000000008001bdc                OTG_HS_IRQHandler
                0x0000000008001bdc                DMA2D_IRQHandler
                0x0000000008001bdc                EXTI1_IRQHandler
                0x0000000008001bdc                UART7_IRQHandler
                0x0000000008001bdc                USART2_IRQHandler
                0x0000000008001bdc                I2C2_ER_IRQHandler
                0x0000000008001bdc                CAN1_SCE_IRQHandler
                0x0000000008001bdc                FLASH_IRQHandler
                0x0000000008001bdc                DMA2_Stream4_IRQHandler
                0x0000000008001bdc                USART1_IRQHandler
                0x0000000008001bdc                OTG_FS_IRQHandler
                0x0000000008001bdc                SPI3_IRQHandler
                0x0000000008001bdc                DMA1_Stream4_IRQHandler
                0x0000000008001bdc                I2C1_ER_IRQHandler
                0x0000000008001bdc                FMC_IRQHandler
                0x0000000008001bdc                DMA2_Stream6_IRQHandler
                0x0000000008001bdc                SAI1_IRQHandler
                0x0000000008001bdc                DMA1_Stream3_IRQHandler
 *fill*         0x0000000008001bde        0x2 
 .text.HAL_InitTick
                0x0000000008001be0       0x4c CMakeFiles/Unitree_M8010.elf.dir/Drivers/STM32F4xx_HAL_Driver/Src/stm32f4xx_hal.c.obj
                0x0000000008001be0                HAL_InitTick
 .text.HAL_Init
                0x0000000008001c2c       0x34 CMakeFiles/Unitree_M8010.elf.dir/Drivers/STM32F4xx_HAL_Driver/Src/stm32f4xx_hal.c.obj
                0x0000000008001c2c                HAL_Init
 .text.HAL_IncTick
                0x0000000008001c60       0x18 CMakeFiles/Unitree_M8010.elf.dir/Drivers/STM32F4xx_HAL_Driver/Src/stm32f4xx_hal.c.obj
                0x0000000008001c60                HAL_IncTick
 .text.HAL_GetTick
                0x0000000008001c78        0xc CMakeFiles/Unitree_M8010.elf.dir/Drivers/STM32F4xx_HAL_Driver/Src/stm32f4xx_hal.c.obj
                0x0000000008001c78                HAL_GetTick
 .text.HAL_Delay
                0x0000000008001c84       0x28 CMakeFiles/Unitree_M8010.elf.dir/Drivers/STM32F4xx_HAL_Driver/Src/stm32f4xx_hal.c.obj
                0x0000000008001c84                HAL_Delay
 .text.HAL_NVIC_SetPriorityGrouping
                0x0000000008001cac       0x24 CMakeFiles/Unitree_M8010.elf.dir/Drivers/STM32F4xx_HAL_Driver/Src/stm32f4xx_hal_cortex.c.obj
                0x0000000008001cac                HAL_NVIC_SetPriorityGrouping
 .text.HAL_NVIC_SetPriority
                0x0000000008001cd0       0x70 CMakeFiles/Unitree_M8010.elf.dir/Drivers/STM32F4xx_HAL_Driver/Src/stm32f4xx_hal_cortex.c.obj
                0x0000000008001cd0                HAL_NVIC_SetPriority
 .text.HAL_NVIC_EnableIRQ
                0x0000000008001d40       0x1c CMakeFiles/Unitree_M8010.elf.dir/Drivers/STM32F4xx_HAL_Driver/Src/stm32f4xx_hal_cortex.c.obj
                0x0000000008001d40                HAL_NVIC_EnableIRQ
 .text.HAL_SYSTICK_Config
                0x0000000008001d5c       0x28 CMakeFiles/Unitree_M8010.elf.dir/Drivers/STM32F4xx_HAL_Driver/Src/stm32f4xx_hal_cortex.c.obj
                0x0000000008001d5c                HAL_SYSTICK_Config
 .text.DMA_SetConfig
                0x0000000008001d84       0x2c CMakeFiles/Unitree_M8010.elf.dir/Drivers/STM32F4xx_HAL_Driver/Src/stm32f4xx_hal_dma.c.obj
 .text.DMA_CalcBaseAndBitshift
                0x0000000008001db0       0x40 CMakeFiles/Unitree_M8010.elf.dir/Drivers/STM32F4xx_HAL_Driver/Src/stm32f4xx_hal_dma.c.obj
 .text.DMA_CheckFifoParam
                0x0000000008001df0       0x8e CMakeFiles/Unitree_M8010.elf.dir/Drivers/STM32F4xx_HAL_Driver/Src/stm32f4xx_hal_dma.c.obj
 *fill*         0x0000000008001e7e        0x2 
 .text.HAL_DMA_Init
                0x0000000008001e80       0xcc CMakeFiles/Unitree_M8010.elf.dir/Drivers/STM32F4xx_HAL_Driver/Src/stm32f4xx_hal_dma.c.obj
                0x0000000008001e80                HAL_DMA_Init
 .text.HAL_DMA_Start_IT
                0x0000000008001f4c       0x6a CMakeFiles/Unitree_M8010.elf.dir/Drivers/STM32F4xx_HAL_Driver/Src/stm32f4xx_hal_dma.c.obj
                0x0000000008001f4c                HAL_DMA_Start_IT
 .text.HAL_DMA_Abort
                0x0000000008001fb6       0x94 CMakeFiles/Unitree_M8010.elf.dir/Drivers/STM32F4xx_HAL_Driver/Src/stm32f4xx_hal_dma.c.obj
                0x0000000008001fb6                HAL_DMA_Abort
 .text.HAL_DMA_Abort_IT
                0x000000000800204a       0x26 CMakeFiles/Unitree_M8010.elf.dir/Drivers/STM32F4xx_HAL_Driver/Src/stm32f4xx_hal_dma.c.obj
                0x000000000800204a                HAL_DMA_Abort_IT
 .text.HAL_DMA_IRQHandler
                0x0000000008002070      0x1dc CMakeFiles/Unitree_M8010.elf.dir/Drivers/STM32F4xx_HAL_Driver/Src/stm32f4xx_hal_dma.c.obj
                0x0000000008002070                HAL_DMA_IRQHandler
 .text.HAL_GPIO_Init
                0x000000000800224c      0x1fc CMakeFiles/Unitree_M8010.elf.dir/Drivers/STM32F4xx_HAL_Driver/Src/stm32f4xx_hal_gpio.c.obj
                0x000000000800224c                HAL_GPIO_Init
 .text.HAL_GPIO_WritePin
                0x0000000008002448        0xc CMakeFiles/Unitree_M8010.elf.dir/Drivers/STM32F4xx_HAL_Driver/Src/stm32f4xx_hal_gpio.c.obj
                0x0000000008002448                HAL_GPIO_WritePin
 .text.HAL_RCC_OscConfig
                0x0000000008002454      0x3f8 CMakeFiles/Unitree_M8010.elf.dir/Drivers/STM32F4xx_HAL_Driver/Src/stm32f4xx_hal_rcc.c.obj
                0x0000000008002454                HAL_RCC_OscConfig
 .text.HAL_RCC_GetSysClockFreq
                0x000000000800284c       0xa4 CMakeFiles/Unitree_M8010.elf.dir/Drivers/STM32F4xx_HAL_Driver/Src/stm32f4xx_hal_rcc.c.obj
                0x000000000800284c                HAL_RCC_GetSysClockFreq
 .text.HAL_RCC_ClockConfig
                0x00000000080028f0      0x160 CMakeFiles/Unitree_M8010.elf.dir/Drivers/STM32F4xx_HAL_Driver/Src/stm32f4xx_hal_rcc.c.obj
                0x00000000080028f0                HAL_RCC_ClockConfig
 .text.HAL_RCC_GetHCLKFreq
                0x0000000008002a50        0xc CMakeFiles/Unitree_M8010.elf.dir/Drivers/STM32F4xx_HAL_Driver/Src/stm32f4xx_hal_rcc.c.obj
                0x0000000008002a50                HAL_RCC_GetHCLKFreq
 .text.HAL_RCC_GetPCLK1Freq
                0x0000000008002a5c       0x20 CMakeFiles/Unitree_M8010.elf.dir/Drivers/STM32F4xx_HAL_Driver/Src/stm32f4xx_hal_rcc.c.obj
                0x0000000008002a5c                HAL_RCC_GetPCLK1Freq
 .text.HAL_RCC_GetPCLK2Freq
                0x0000000008002a7c       0x20 CMakeFiles/Unitree_M8010.elf.dir/Drivers/STM32F4xx_HAL_Driver/Src/stm32f4xx_hal_rcc.c.obj
                0x0000000008002a7c                HAL_RCC_GetPCLK2Freq
 .text.UART_EndTxTransfer
                0x0000000008002a9c       0x20 CMakeFiles/Unitree_M8010.elf.dir/Drivers/STM32F4xx_HAL_Driver/Src/stm32f4xx_hal_uart.c.obj
 .text.UART_EndRxTransfer
                0x0000000008002abc       0x5c CMakeFiles/Unitree_M8010.elf.dir/Drivers/STM32F4xx_HAL_Driver/Src/stm32f4xx_hal_uart.c.obj
 .text.UART_Transmit_IT
                0x0000000008002b18       0x60 CMakeFiles/Unitree_M8010.elf.dir/Drivers/STM32F4xx_HAL_Driver/Src/stm32f4xx_hal_uart.c.obj
 .text.UART_SetConfig
                0x0000000008002b78      0x110 CMakeFiles/Unitree_M8010.elf.dir/Drivers/STM32F4xx_HAL_Driver/Src/stm32f4xx_hal_uart.c.obj
 .text.UART_WaitOnFlagUntilTimeout
                0x0000000008002c88       0x88 CMakeFiles/Unitree_M8010.elf.dir/Drivers/STM32F4xx_HAL_Driver/Src/stm32f4xx_hal_uart.c.obj
 .text.HAL_UART_Init
                0x0000000008002d10       0x5e CMakeFiles/Unitree_M8010.elf.dir/Drivers/STM32F4xx_HAL_Driver/Src/stm32f4xx_hal_uart.c.obj
                0x0000000008002d10                HAL_UART_Init
 .text.HAL_UART_Transmit
                0x0000000008002d6e       0xd8 CMakeFiles/Unitree_M8010.elf.dir/Drivers/STM32F4xx_HAL_Driver/Src/stm32f4xx_hal_uart.c.obj
                0x0000000008002d6e                HAL_UART_Transmit
 .text.HAL_UART_Receive
                0x0000000008002e46       0xe4 CMakeFiles/Unitree_M8010.elf.dir/Drivers/STM32F4xx_HAL_Driver/Src/stm32f4xx_hal_uart.c.obj
                0x0000000008002e46                HAL_UART_Receive
 .text.HAL_UART_TxCpltCallback
                0x0000000008002f2a        0x2 CMakeFiles/Unitree_M8010.elf.dir/Drivers/STM32F4xx_HAL_Driver/Src/stm32f4xx_hal_uart.c.obj
                0x0000000008002f2a                HAL_UART_TxCpltCallback
 .text.UART_EndTransmit_IT
                0x0000000008002f2c       0x1a CMakeFiles/Unitree_M8010.elf.dir/Drivers/STM32F4xx_HAL_Driver/Src/stm32f4xx_hal_uart.c.obj
 .text.HAL_UART_RxCpltCallback
                0x0000000008002f46        0x2 CMakeFiles/Unitree_M8010.elf.dir/Drivers/STM32F4xx_HAL_Driver/Src/stm32f4xx_hal_uart.c.obj
                0x0000000008002f46                HAL_UART_RxCpltCallback
 .text.HAL_UART_RxHalfCpltCallback
                0x0000000008002f48        0x2 CMakeFiles/Unitree_M8010.elf.dir/Drivers/STM32F4xx_HAL_Driver/Src/stm32f4xx_hal_uart.c.obj
                0x0000000008002f48                HAL_UART_RxHalfCpltCallback
 .text.HAL_UART_ErrorCallback
                0x0000000008002f4a        0x2 CMakeFiles/Unitree_M8010.elf.dir/Drivers/STM32F4xx_HAL_Driver/Src/stm32f4xx_hal_uart.c.obj
                0x0000000008002f4a                HAL_UART_ErrorCallback
 .text.UART_DMAError
                0x0000000008002f4c       0x58 CMakeFiles/Unitree_M8010.elf.dir/Drivers/STM32F4xx_HAL_Driver/Src/stm32f4xx_hal_uart.c.obj
 .text.UART_DMAAbortOnError
                0x0000000008002fa4       0x10 CMakeFiles/Unitree_M8010.elf.dir/Drivers/STM32F4xx_HAL_Driver/Src/stm32f4xx_hal_uart.c.obj
 .text.HAL_UARTEx_RxEventCallback
                0x0000000008002fb4        0x2 CMakeFiles/Unitree_M8010.elf.dir/Drivers/STM32F4xx_HAL_Driver/Src/stm32f4xx_hal_uart.c.obj
                0x0000000008002fb4                HAL_UARTEx_RxEventCallback
 .text.UART_Receive_IT
                0x0000000008002fb6       0xe2 CMakeFiles/Unitree_M8010.elf.dir/Drivers/STM32F4xx_HAL_Driver/Src/stm32f4xx_hal_uart.c.obj
 .text.HAL_UART_IRQHandler
                0x0000000008003098      0x280 CMakeFiles/Unitree_M8010.elf.dir/Drivers/STM32F4xx_HAL_Driver/Src/stm32f4xx_hal_uart.c.obj
                0x0000000008003098                HAL_UART_IRQHandler
 .text.UART_DMARxHalfCplt
                0x0000000008003318       0x1a CMakeFiles/Unitree_M8010.elf.dir/Drivers/STM32F4xx_HAL_Driver/Src/stm32f4xx_hal_uart.c.obj
 .text.UART_DMAReceiveCplt
                0x0000000008003332       0x96 CMakeFiles/Unitree_M8010.elf.dir/Drivers/STM32F4xx_HAL_Driver/Src/stm32f4xx_hal_uart.c.obj
 .text.UART_Start_Receive_DMA
                0x00000000080033c8       0xa8 CMakeFiles/Unitree_M8010.elf.dir/Drivers/STM32F4xx_HAL_Driver/Src/stm32f4xx_hal_uart.c.obj
                0x00000000080033c8                UART_Start_Receive_DMA
 .text.HAL_UARTEx_ReceiveToIdle_DMA
                0x0000000008003470       0x70 CMakeFiles/Unitree_M8010.elf.dir/Drivers/STM32F4xx_HAL_Driver/Src/stm32f4xx_hal_uart.c.obj
                0x0000000008003470                HAL_UARTEx_ReceiveToIdle_DMA
 .text.crc_ccitt_byte
                0x00000000080034e0       0x14 CMakeFiles/Unitree_M8010.elf.dir/User/Unitree_SDK/GO-M8010-6.c.obj
 .text.crc_ccitt
                0x00000000080034f4       0x18 CMakeFiles/Unitree_M8010.elf.dir/User/Unitree_SDK/GO-M8010-6.c.obj
 .text.modify_data
                0x000000000800350c      0x18c CMakeFiles/Unitree_M8010.elf.dir/User/Unitree_SDK/GO-M8010-6.c.obj
                0x000000000800350c                modify_data
 .text.extract_data
                0x0000000008003698       0x94 CMakeFiles/Unitree_M8010.elf.dir/User/Unitree_SDK/GO-M8010-6.c.obj
                0x0000000008003698                extract_data
 .text.SERVO_Send_recv
                0x000000000800372c       0x78 CMakeFiles/Unitree_M8010.elf.dir/User/Unitree_SDK/GO-M8010-6.c.obj
                0x000000000800372c                SERVO_Send_recv
 .text.Unitree_init
                0x00000000080037a4       0x38 CMakeFiles/Unitree_M8010.elf.dir/User/Unitree_SDK/Unitree_user.c.obj
                0x00000000080037a4                Unitree_init
 .text.Unitree_UART_tranANDrev
                0x00000000080037dc       0x38 CMakeFiles/Unitree_M8010.elf.dir/User/Unitree_SDK/Unitree_user.c.obj
                0x00000000080037dc                Unitree_UART_tranANDrev
 .text.RetargetInit
                0x0000000008003814       0x20 CMakeFiles/Unitree_M8010.elf.dir/User/retarget/retarget.c.obj
                0x0000000008003814                RetargetInit
 .text._isatty  0x0000000008003834       0x16 CMakeFiles/Unitree_M8010.elf.dir/User/retarget/retarget.c.obj
                0x0000000008003834                _isatty
 *fill*         0x000000000800384a        0x2 
 .text._write   0x000000000800384c       0x34 CMakeFiles/Unitree_M8010.elf.dir/User/retarget/retarget.c.obj
                0x000000000800384c                _write
 .text._close   0x0000000008003880       0x18 CMakeFiles/Unitree_M8010.elf.dir/User/retarget/retarget.c.obj
                0x0000000008003880                _close
 .text._lseek   0x0000000008003898       0x10 CMakeFiles/Unitree_M8010.elf.dir/User/retarget/retarget.c.obj
                0x0000000008003898                _lseek
 .text._read    0x00000000080038a8       0x30 CMakeFiles/Unitree_M8010.elf.dir/User/retarget/retarget.c.obj
                0x00000000080038a8                _read
 .text._fstat   0x00000000080038d8       0x1a CMakeFiles/Unitree_M8010.elf.dir/User/retarget/retarget.c.obj
                0x00000000080038d8                _fstat
 *fill*         0x00000000080038f2        0x2 
 .text.__errno  0x00000000080038f4        0xc /home/lyn/Environment/gcc-arm-none-eabi-10.3-2021.10/bin/../lib/gcc/arm-none-eabi/10.3.1/../../../../arm-none-eabi/lib/thumb/v7e-m/nofp/libg.a(lib_a-errno.o)
                0x00000000080038f4                __errno
 .text.__libc_init_array
                0x0000000008003900       0x48 /home/lyn/Environment/gcc-arm-none-eabi-10.3-2021.10/bin/../lib/gcc/arm-none-eabi/10.3.1/../../../../arm-none-eabi/lib/thumb/v7e-m/nofp/libg.a(lib_a-init.o)
                0x0000000008003900                __libc_init_array
 .text.memset   0x0000000008003948       0xa4 /home/lyn/Environment/gcc-arm-none-eabi-10.3-2021.10/bin/../lib/gcc/arm-none-eabi/10.3.1/../../../../arm-none-eabi/lib/thumb/v7e-m/nofp/libg.a(lib_a-memset.o)
                0x0000000008003948                memset
 .text.printf   0x00000000080039ec       0x28 /home/lyn/Environment/gcc-arm-none-eabi-10.3-2021.10/bin/../lib/gcc/arm-none-eabi/10.3.1/../../../../arm-none-eabi/lib/thumb/v7e-m/nofp/libg.a(lib_a-printf.o)
                0x00000000080039ec                printf
 .text.setvbuf  0x0000000008003a14      0x1b0 /home/lyn/Environment/gcc-arm-none-eabi-10.3-2021.10/bin/../lib/gcc/arm-none-eabi/10.3.1/../../../../arm-none-eabi/lib/thumb/v7e-m/nofp/libg.a(lib_a-setvbuf.o)
                0x0000000008003a14                setvbuf
 .text._vfprintf_r
                0x0000000008003bc4     0x1ad4 /home/lyn/Environment/gcc-arm-none-eabi-10.3-2021.10/bin/../lib/gcc/arm-none-eabi/10.3.1/../../../../arm-none-eabi/lib/thumb/v7e-m/nofp/libg.a(lib_a-vfprintf.o)
                0x0000000008003bc4                _vfprintf_r
 .text.__sbprintf
                0x0000000008005698       0x80 /home/lyn/Environment/gcc-arm-none-eabi-10.3-2021.10/bin/../lib/gcc/arm-none-eabi/10.3.1/../../../../arm-none-eabi/lib/thumb/v7e-m/nofp/libg.a(lib_a-vfprintf.o)
 .text.__swsetup_r
                0x0000000008005718       0xd4 /home/lyn/Environment/gcc-arm-none-eabi-10.3-2021.10/bin/../lib/gcc/arm-none-eabi/10.3.1/../../../../arm-none-eabi/lib/thumb/v7e-m/nofp/libg.a(lib_a-wsetup.o)
                0x0000000008005718                __swsetup_r
 .text.startup.register_fini
                0x00000000080057ec       0x14 /home/lyn/Environment/gcc-arm-none-eabi-10.3-2021.10/bin/../lib/gcc/arm-none-eabi/10.3.1/../../../../arm-none-eabi/lib/thumb/v7e-m/nofp/libg.a(lib_a-__call_atexit.o)
 .text.atexit   0x0000000008005800        0xc /home/lyn/Environment/gcc-arm-none-eabi-10.3-2021.10/bin/../lib/gcc/arm-none-eabi/10.3.1/../../../../arm-none-eabi/lib/thumb/v7e-m/nofp/libg.a(lib_a-atexit.o)
                0x0000000008005800                atexit
 .text.quorem   0x000000000800580c      0x124 /home/lyn/Environment/gcc-arm-none-eabi-10.3-2021.10/bin/../lib/gcc/arm-none-eabi/10.3.1/../../../../arm-none-eabi/lib/thumb/v7e-m/nofp/libg.a(lib_a-dtoa.o)
 .text._dtoa_r  0x0000000008005930      0xec4 /home/lyn/Environment/gcc-arm-none-eabi-10.3-2021.10/bin/../lib/gcc/arm-none-eabi/10.3.1/../../../../arm-none-eabi/lib/thumb/v7e-m/nofp/libg.a(lib_a-dtoa.o)
                0x0000000008005930                _dtoa_r
 .text.__sflush_r
                0x00000000080067f4      0x120 /home/lyn/Environment/gcc-arm-none-eabi-10.3-2021.10/bin/../lib/gcc/arm-none-eabi/10.3.1/../../../../arm-none-eabi/lib/thumb/v7e-m/nofp/libg.a(lib_a-fflush.o)
                0x00000000080067f4                __sflush_r
 .text._fflush_r
                0x0000000008006914       0x5c /home/lyn/Environment/gcc-arm-none-eabi-10.3-2021.10/bin/../lib/gcc/arm-none-eabi/10.3.1/../../../../arm-none-eabi/lib/thumb/v7e-m/nofp/libg.a(lib_a-fflush.o)
                0x0000000008006914                _fflush_r
 .text._cleanup_r
                0x0000000008006970        0xc /home/lyn/Environment/gcc-arm-none-eabi-10.3-2021.10/bin/../lib/gcc/arm-none-eabi/10.3.1/../../../../arm-none-eabi/lib/thumb/v7e-m/nofp/libg.a(lib_a-findfp.o)
                0x0000000008006970                _cleanup_r
 .text.__sinit  0x000000000800697c      0x10c /home/lyn/Environment/gcc-arm-none-eabi-10.3-2021.10/bin/../lib/gcc/arm-none-eabi/10.3.1/../../../../arm-none-eabi/lib/thumb/v7e-m/nofp/libg.a(lib_a-findfp.o)
                0x000000000800697c                __sinit
 .text.__sfp_lock_acquire
                0x0000000008006a88        0xc /home/lyn/Environment/gcc-arm-none-eabi-10.3-2021.10/bin/../lib/gcc/arm-none-eabi/10.3.1/../../../../arm-none-eabi/lib/thumb/v7e-m/nofp/libg.a(lib_a-findfp.o)
                0x0000000008006a88                __sfp_lock_acquire
 .text.__sfp_lock_release
                0x0000000008006a94        0xc /home/lyn/Environment/gcc-arm-none-eabi-10.3-2021.10/bin/../lib/gcc/arm-none-eabi/10.3.1/../../../../arm-none-eabi/lib/thumb/v7e-m/nofp/libg.a(lib_a-findfp.o)
                0x0000000008006a94                __sfp_lock_release
 .text.__libc_fini_array
                0x0000000008006aa0       0x2c /home/lyn/Environment/gcc-arm-none-eabi-10.3-2021.10/bin/../lib/gcc/arm-none-eabi/10.3.1/../../../../arm-none-eabi/lib/thumb/v7e-m/nofp/libg.a(lib_a-fini.o)
                0x0000000008006aa0                __libc_fini_array
 .text._malloc_trim_r
                0x0000000008006acc       0xa0 /home/lyn/Environment/gcc-arm-none-eabi-10.3-2021.10/bin/../lib/gcc/arm-none-eabi/10.3.1/../../../../arm-none-eabi/lib/thumb/v7e-m/nofp/libg.a(lib_a-freer.o)
                0x0000000008006acc                _malloc_trim_r
 .text._free_r  0x0000000008006b6c      0x20c /home/lyn/Environment/gcc-arm-none-eabi-10.3-2021.10/bin/../lib/gcc/arm-none-eabi/10.3.1/../../../../arm-none-eabi/lib/thumb/v7e-m/nofp/libg.a(lib_a-freer.o)
                0x0000000008006b6c                _free_r
 .text._fwalk_reent
                0x0000000008006d78       0x48 /home/lyn/Environment/gcc-arm-none-eabi-10.3-2021.10/bin/../lib/gcc/arm-none-eabi/10.3.1/../../../../arm-none-eabi/lib/thumb/v7e-m/nofp/libg.a(lib_a-fwalk.o)
                0x0000000008006d78                _fwalk_reent
 .text._localeconv_r
                0x0000000008006dc0        0x8 /home/lyn/Environment/gcc-arm-none-eabi-10.3-2021.10/bin/../lib/gcc/arm-none-eabi/10.3.1/../../../../arm-none-eabi/lib/thumb/v7e-m/nofp/libg.a(lib_a-localeconv.o)
                0x0000000008006dc0                _localeconv_r
 .text.__retarget_lock_init_recursive
                0x0000000008006dc8        0x4 /home/lyn/Environment/gcc-arm-none-eabi-10.3-2021.10/bin/../lib/gcc/arm-none-eabi/10.3.1/../../../../arm-none-eabi/lib/thumb/v7e-m/nofp/libg.a(lib_a-lock.o)
                0x0000000008006dc8                __retarget_lock_init_recursive
 .text.__retarget_lock_close_recursive
                0x0000000008006dcc        0x4 /home/lyn/Environment/gcc-arm-none-eabi-10.3-2021.10/bin/../lib/gcc/arm-none-eabi/10.3.1/../../../../arm-none-eabi/lib/thumb/v7e-m/nofp/libg.a(lib_a-lock.o)
                0x0000000008006dcc                __retarget_lock_close_recursive
 .text.__retarget_lock_acquire_recursive
                0x0000000008006dd0        0x4 /home/lyn/Environment/gcc-arm-none-eabi-10.3-2021.10/bin/../lib/gcc/arm-none-eabi/10.3.1/../../../../arm-none-eabi/lib/thumb/v7e-m/nofp/libg.a(lib_a-lock.o)
                0x0000000008006dd0                __retarget_lock_acquire_recursive
 .text.__retarget_lock_release_recursive
                0x0000000008006dd4        0x4 /home/lyn/Environment/gcc-arm-none-eabi-10.3-2021.10/bin/../lib/gcc/arm-none-eabi/10.3.1/../../../../arm-none-eabi/lib/thumb/v7e-m/nofp/libg.a(lib_a-lock.o)
                0x0000000008006dd4                __retarget_lock_release_recursive
 .text.__smakebuf_r
                0x0000000008006dd8       0xe0 /home/lyn/Environment/gcc-arm-none-eabi-10.3-2021.10/bin/../lib/gcc/arm-none-eabi/10.3.1/../../../../arm-none-eabi/lib/thumb/v7e-m/nofp/libg.a(lib_a-makebuf.o)
                0x0000000008006dd8                __smakebuf_r
 .text.__swhatbuf_r
                0x0000000008006eb8       0x60 /home/lyn/Environment/gcc-arm-none-eabi-10.3-2021.10/bin/../lib/gcc/arm-none-eabi/10.3.1/../../../../arm-none-eabi/lib/thumb/v7e-m/nofp/libg.a(lib_a-makebuf.o)
                0x0000000008006eb8                __swhatbuf_r
 .text.malloc   0x0000000008006f18       0x10 /home/lyn/Environment/gcc-arm-none-eabi-10.3-2021.10/bin/../lib/gcc/arm-none-eabi/10.3.1/../../../../arm-none-eabi/lib/thumb/v7e-m/nofp/libg.a(lib_a-malloc.o)
                0x0000000008006f18                malloc
 .text._malloc_r
                0x0000000008006f28      0x560 /home/lyn/Environment/gcc-arm-none-eabi-10.3-2021.10/bin/../lib/gcc/arm-none-eabi/10.3.1/../../../../arm-none-eabi/lib/thumb/v7e-m/nofp/libg.a(lib_a-mallocr.o)
                0x0000000008006f28                _malloc_r
 .text.__malloc_lock
                0x0000000008007488        0xc /home/lyn/Environment/gcc-arm-none-eabi-10.3-2021.10/bin/../lib/gcc/arm-none-eabi/10.3.1/../../../../arm-none-eabi/lib/thumb/v7e-m/nofp/libg.a(lib_a-mlock.o)
                0x0000000008007488                __malloc_lock
 .text.__malloc_unlock
                0x0000000008007494        0xc /home/lyn/Environment/gcc-arm-none-eabi-10.3-2021.10/bin/../lib/gcc/arm-none-eabi/10.3.1/../../../../arm-none-eabi/lib/thumb/v7e-m/nofp/libg.a(lib_a-mlock.o)
                0x0000000008007494                __malloc_unlock
 .text._Balloc  0x00000000080074a0       0x4c /home/lyn/Environment/gcc-arm-none-eabi-10.3-2021.10/bin/../lib/gcc/arm-none-eabi/10.3.1/../../../../arm-none-eabi/lib/thumb/v7e-m/nofp/libg.a(lib_a-mprec.o)
                0x00000000080074a0                _Balloc
 .text._Bfree   0x00000000080074ec       0x14 /home/lyn/Environment/gcc-arm-none-eabi-10.3-2021.10/bin/../lib/gcc/arm-none-eabi/10.3.1/../../../../arm-none-eabi/lib/thumb/v7e-m/nofp/libg.a(lib_a-mprec.o)
                0x00000000080074ec                _Bfree
 .text.__multadd
                0x0000000008007500       0xa0 /home/lyn/Environment/gcc-arm-none-eabi-10.3-2021.10/bin/../lib/gcc/arm-none-eabi/10.3.1/../../../../arm-none-eabi/lib/thumb/v7e-m/nofp/libg.a(lib_a-mprec.o)
                0x0000000008007500                __multadd
 .text.__hi0bits
                0x00000000080075a0       0x40 /home/lyn/Environment/gcc-arm-none-eabi-10.3-2021.10/bin/../lib/gcc/arm-none-eabi/10.3.1/../../../../arm-none-eabi/lib/thumb/v7e-m/nofp/libg.a(lib_a-mprec.o)
                0x00000000080075a0                __hi0bits
 .text.__lo0bits
                0x00000000080075e0       0x5c /home/lyn/Environment/gcc-arm-none-eabi-10.3-2021.10/bin/../lib/gcc/arm-none-eabi/10.3.1/../../../../arm-none-eabi/lib/thumb/v7e-m/nofp/libg.a(lib_a-mprec.o)
                0x00000000080075e0                __lo0bits
 .text.__i2b    0x000000000800763c       0x5c /home/lyn/Environment/gcc-arm-none-eabi-10.3-2021.10/bin/../lib/gcc/arm-none-eabi/10.3.1/../../../../arm-none-eabi/lib/thumb/v7e-m/nofp/libg.a(lib_a-mprec.o)
                0x000000000800763c                __i2b
 .text.__multiply
                0x0000000008007698      0x15c /home/lyn/Environment/gcc-arm-none-eabi-10.3-2021.10/bin/../lib/gcc/arm-none-eabi/10.3.1/../../../../arm-none-eabi/lib/thumb/v7e-m/nofp/libg.a(lib_a-mprec.o)
                0x0000000008007698                __multiply
 .text.__pow5mult
                0x00000000080077f4       0xc0 /home/lyn/Environment/gcc-arm-none-eabi-10.3-2021.10/bin/../lib/gcc/arm-none-eabi/10.3.1/../../../../arm-none-eabi/lib/thumb/v7e-m/nofp/libg.a(lib_a-mprec.o)
                0x00000000080077f4                __pow5mult
 .text.__lshift
                0x00000000080078b4       0xf0 /home/lyn/Environment/gcc-arm-none-eabi-10.3-2021.10/bin/../lib/gcc/arm-none-eabi/10.3.1/../../../../arm-none-eabi/lib/thumb/v7e-m/nofp/libg.a(lib_a-mprec.o)
                0x00000000080078b4                __lshift
 .text.__mcmp   0x00000000080079a4       0x40 /home/lyn/Environment/gcc-arm-none-eabi-10.3-2021.10/bin/../lib/gcc/arm-none-eabi/10.3.1/../../../../arm-none-eabi/lib/thumb/v7e-m/nofp/libg.a(lib_a-mprec.o)
                0x00000000080079a4                __mcmp
 .text.__mdiff  0x00000000080079e4      0x14c /home/lyn/Environment/gcc-arm-none-eabi-10.3-2021.10/bin/../lib/gcc/arm-none-eabi/10.3.1/../../../../arm-none-eabi/lib/thumb/v7e-m/nofp/libg.a(lib_a-mprec.o)
                0x00000000080079e4                __mdiff
 .text.__d2b    0x0000000008007b30       0xc4 /home/lyn/Environment/gcc-arm-none-eabi-10.3-2021.10/bin/../lib/gcc/arm-none-eabi/10.3.1/../../../../arm-none-eabi/lib/thumb/v7e-m/nofp/libg.a(lib_a-mprec.o)
                0x0000000008007b30                __d2b
 .text.frexp    0x0000000008007bf4       0x70 /home/lyn/Environment/gcc-arm-none-eabi-10.3-2021.10/bin/../lib/gcc/arm-none-eabi/10.3.1/../../../../arm-none-eabi/lib/thumb/v7e-m/nofp/libg.a(lib_a-s_frexp.o)
                0x0000000008007bf4                frexp
 .text._sbrk_r  0x0000000008007c64       0x24 /home/lyn/Environment/gcc-arm-none-eabi-10.3-2021.10/bin/../lib/gcc/arm-none-eabi/10.3.1/../../../../arm-none-eabi/lib/thumb/v7e-m/nofp/libg.a(lib_a-sbrkr.o)
                0x0000000008007c64                _sbrk_r
 .text.__sread  0x0000000008007c88       0x24 /home/lyn/Environment/gcc-arm-none-eabi-10.3-2021.10/bin/../lib/gcc/arm-none-eabi/10.3.1/../../../../arm-none-eabi/lib/thumb/v7e-m/nofp/libg.a(lib_a-stdio.o)
                0x0000000008007c88                __sread
 .text.__swrite
                0x0000000008007cac       0x40 /home/lyn/Environment/gcc-arm-none-eabi-10.3-2021.10/bin/../lib/gcc/arm-none-eabi/10.3.1/../../../../arm-none-eabi/lib/thumb/v7e-m/nofp/libg.a(lib_a-stdio.o)
                0x0000000008007cac                __swrite
 .text.__sseek  0x0000000008007cec       0x20 /home/lyn/Environment/gcc-arm-none-eabi-10.3-2021.10/bin/../lib/gcc/arm-none-eabi/10.3.1/../../../../arm-none-eabi/lib/thumb/v7e-m/nofp/libg.a(lib_a-stdio.o)
                0x0000000008007cec                __sseek
 .text.__sclose
                0x0000000008007d0c        0x8 /home/lyn/Environment/gcc-arm-none-eabi-10.3-2021.10/bin/../lib/gcc/arm-none-eabi/10.3.1/../../../../arm-none-eabi/lib/thumb/v7e-m/nofp/libg.a(lib_a-stdio.o)
                0x0000000008007d0c                __sclose
 .text.strncpy  0x0000000008007d14       0x64 /home/lyn/Environment/gcc-arm-none-eabi-10.3-2021.10/bin/../lib/gcc/arm-none-eabi/10.3.1/../../../../arm-none-eabi/lib/thumb/v7e-m/nofp/libg.a(lib_a-strncpy.o)
                0x0000000008007d14                strncpy
 .text.__sprint_r.part.0
                0x0000000008007d78       0x78 /home/lyn/Environment/gcc-arm-none-eabi-10.3-2021.10/bin/../lib/gcc/arm-none-eabi/10.3.1/../../../../arm-none-eabi/lib/thumb/v7e-m/nofp/libg.a(lib_a-vfiprintf.o)
 .text.__sprint_r
                0x0000000008007df0       0x14 /home/lyn/Environment/gcc-arm-none-eabi-10.3-2021.10/bin/../lib/gcc/arm-none-eabi/10.3.1/../../../../arm-none-eabi/lib/thumb/v7e-m/nofp/libg.a(lib_a-vfiprintf.o)
                0x0000000008007df0                __sprint_r
 .text._vfiprintf_r
                0x0000000008007e04      0xda0 /home/lyn/Environment/gcc-arm-none-eabi-10.3-2021.10/bin/../lib/gcc/arm-none-eabi/10.3.1/../../../../arm-none-eabi/lib/thumb/v7e-m/nofp/libg.a(lib_a-vfiprintf.o)
                0x0000000008007e04                _vfiprintf_r
 .text.__sbprintf
                0x0000000008008ba4       0x80 /home/lyn/Environment/gcc-arm-none-eabi-10.3-2021.10/bin/../lib/gcc/arm-none-eabi/10.3.1/../../../../arm-none-eabi/lib/thumb/v7e-m/nofp/libg.a(lib_a-vfiprintf.o)
 .text._write_r
                0x0000000008008c24       0x2c /home/lyn/Environment/gcc-arm-none-eabi-10.3-2021.10/bin/../lib/gcc/arm-none-eabi/10.3.1/../../../../arm-none-eabi/lib/thumb/v7e-m/nofp/libg.a(lib_a-writer.o)
                0x0000000008008c24                _write_r
 .text.__register_exitproc
                0x0000000008008c50       0x8c /home/lyn/Environment/gcc-arm-none-eabi-10.3-2021.10/bin/../lib/gcc/arm-none-eabi/10.3.1/../../../../arm-none-eabi/lib/thumb/v7e-m/nofp/libg.a(lib_a-__atexit.o)
                0x0000000008008c50                __register_exitproc
 .text.__assert_func
                0x0000000008008cdc       0x40 /home/lyn/Environment/gcc-arm-none-eabi-10.3-2021.10/bin/../lib/gcc/arm-none-eabi/10.3.1/../../../../arm-none-eabi/lib/thumb/v7e-m/nofp/libg.a(lib_a-assert.o)
                0x0000000008008cdc                __assert_func
 .text._calloc_r
                0x0000000008008d1c       0x78 /home/lyn/Environment/gcc-arm-none-eabi-10.3-2021.10/bin/../lib/gcc/arm-none-eabi/10.3.1/../../../../arm-none-eabi/lib/thumb/v7e-m/nofp/libg.a(lib_a-callocr.o)
                0x0000000008008d1c                _calloc_r
 .text._close_r
                0x0000000008008d94       0x24 /home/lyn/Environment/gcc-arm-none-eabi-10.3-2021.10/bin/../lib/gcc/arm-none-eabi/10.3.1/../../../../arm-none-eabi/lib/thumb/v7e-m/nofp/libg.a(lib_a-closer.o)
                0x0000000008008d94                _close_r
 .text._fclose_r
                0x0000000008008db8       0xcc /home/lyn/Environment/gcc-arm-none-eabi-10.3-2021.10/bin/../lib/gcc/arm-none-eabi/10.3.1/../../../../arm-none-eabi/lib/thumb/v7e-m/nofp/libg.a(lib_a-fclose.o)
                0x0000000008008db8                _fclose_r
 .text.fiprintf
                0x0000000008008e84       0x28 /home/lyn/Environment/gcc-arm-none-eabi-10.3-2021.10/bin/../lib/gcc/arm-none-eabi/10.3.1/../../../../arm-none-eabi/lib/thumb/v7e-m/nofp/libg.a(lib_a-fiprintf.o)
                0x0000000008008e84                fiprintf
 .text.__fputwc
                0x0000000008008eac       0xa8 /home/lyn/Environment/gcc-arm-none-eabi-10.3-2021.10/bin/../lib/gcc/arm-none-eabi/10.3.1/../../../../arm-none-eabi/lib/thumb/v7e-m/nofp/libg.a(lib_a-fputwc.o)
                0x0000000008008eac                __fputwc
 .text._fputwc_r
                0x0000000008008f54       0x68 /home/lyn/Environment/gcc-arm-none-eabi-10.3-2021.10/bin/../lib/gcc/arm-none-eabi/10.3.1/../../../../arm-none-eabi/lib/thumb/v7e-m/nofp/libg.a(lib_a-fputwc.o)
                0x0000000008008f54                _fputwc_r
 .text._fstat_r
                0x0000000008008fbc       0x2c /home/lyn/Environment/gcc-arm-none-eabi-10.3-2021.10/bin/../lib/gcc/arm-none-eabi/10.3.1/../../../../arm-none-eabi/lib/thumb/v7e-m/nofp/libg.a(lib_a-fstatr.o)
                0x0000000008008fbc                _fstat_r
 .text.__sfvwrite_r
                0x0000000008008fe8      0x2e8 /home/lyn/Environment/gcc-arm-none-eabi-10.3-2021.10/bin/../lib/gcc/arm-none-eabi/10.3.1/../../../../arm-none-eabi/lib/thumb/v7e-m/nofp/libg.a(lib_a-fvwrite.o)
                0x0000000008008fe8                __sfvwrite_r
 .text._isatty_r
                0x00000000080092d0       0x24 /home/lyn/Environment/gcc-arm-none-eabi-10.3-2021.10/bin/../lib/gcc/arm-none-eabi/10.3.1/../../../../arm-none-eabi/lib/thumb/v7e-m/nofp/libg.a(lib_a-isattyr.o)
                0x00000000080092d0                _isatty_r
 .text.__locale_mb_cur_max
                0x00000000080092f4        0xc /home/lyn/Environment/gcc-arm-none-eabi-10.3-2021.10/bin/../lib/gcc/arm-none-eabi/10.3.1/../../../../arm-none-eabi/lib/thumb/v7e-m/nofp/libg.a(lib_a-locale.o)
                0x00000000080092f4                __locale_mb_cur_max
 .text._lseek_r
                0x0000000008009300       0x2c /home/lyn/Environment/gcc-arm-none-eabi-10.3-2021.10/bin/../lib/gcc/arm-none-eabi/10.3.1/../../../../arm-none-eabi/lib/thumb/v7e-m/nofp/libg.a(lib_a-lseekr.o)
                0x0000000008009300                _lseek_r
 .text.__ascii_mbtowc
                0x000000000800932c       0x2c /home/lyn/Environment/gcc-arm-none-eabi-10.3-2021.10/bin/../lib/gcc/arm-none-eabi/10.3.1/../../../../arm-none-eabi/lib/thumb/v7e-m/nofp/libg.a(lib_a-mbtowc_r.o)
                0x000000000800932c                __ascii_mbtowc
 .text.memmove  0x0000000008009358       0xf8 /home/lyn/Environment/gcc-arm-none-eabi-10.3-2021.10/bin/../lib/gcc/arm-none-eabi/10.3.1/../../../../arm-none-eabi/lib/thumb/v7e-m/nofp/libg.a(lib_a-memmove.o)
                0x0000000008009358                memmove
 .text._read_r  0x0000000008009450       0x2c /home/lyn/Environment/gcc-arm-none-eabi-10.3-2021.10/bin/../lib/gcc/arm-none-eabi/10.3.1/../../../../arm-none-eabi/lib/thumb/v7e-m/nofp/libg.a(lib_a-readr.o)
                0x0000000008009450                _read_r
 .text._realloc_r
                0x000000000800947c      0x3d8 /home/lyn/Environment/gcc-arm-none-eabi-10.3-2021.10/bin/../lib/gcc/arm-none-eabi/10.3.1/../../../../arm-none-eabi/lib/thumb/v7e-m/nofp/libg.a(lib_a-reallocr.o)
                0x000000000800947c                _realloc_r
 .text.__swbuf_r
                0x0000000008009854       0xb0 /home/lyn/Environment/gcc-arm-none-eabi-10.3-2021.10/bin/../lib/gcc/arm-none-eabi/10.3.1/../../../../arm-none-eabi/lib/thumb/v7e-m/nofp/libg.a(lib_a-wbuf.o)
                0x0000000008009854                __swbuf_r
 .text._wcrtomb_r
                0x0000000008009904       0x3c /home/lyn/Environment/gcc-arm-none-eabi-10.3-2021.10/bin/../lib/gcc/arm-none-eabi/10.3.1/../../../../arm-none-eabi/lib/thumb/v7e-m/nofp/libg.a(lib_a-wcrtomb.o)
                0x0000000008009904                _wcrtomb_r
 .text.__ascii_wctomb
                0x0000000008009940       0x1c /home/lyn/Environment/gcc-arm-none-eabi-10.3-2021.10/bin/../lib/gcc/arm-none-eabi/10.3.1/../../../../arm-none-eabi/lib/thumb/v7e-m/nofp/libg.a(lib_a-wctomb_r.o)
                0x0000000008009940                __ascii_wctomb
 .text.abort    0x000000000800995c       0x10 /home/lyn/Environment/gcc-arm-none-eabi-10.3-2021.10/bin/../lib/gcc/arm-none-eabi/10.3.1/../../../../arm-none-eabi/lib/thumb/v7e-m/nofp/libg.a(lib_a-abort.o)
                0x000000000800995c                abort
 .text.raise    0x000000000800996c       0x5c /home/lyn/Environment/gcc-arm-none-eabi-10.3-2021.10/bin/../lib/gcc/arm-none-eabi/10.3.1/../../../../arm-none-eabi/lib/thumb/v7e-m/nofp/libg.a(lib_a-signal.o)
                0x000000000800996c                raise
 .text._kill_r  0x00000000080099c8       0x2c /home/lyn/Environment/gcc-arm-none-eabi-10.3-2021.10/bin/../lib/gcc/arm-none-eabi/10.3.1/../../../../arm-none-eabi/lib/thumb/v7e-m/nofp/libg.a(lib_a-signalr.o)
                0x00000000080099c8                _kill_r
 .text._getpid_r
                0x00000000080099f4        0x4 /home/lyn/Environment/gcc-arm-none-eabi-10.3-2021.10/bin/../lib/gcc/arm-none-eabi/10.3.1/../../../../arm-none-eabi/lib/thumb/v7e-m/nofp/libg.a(lib_a-signalr.o)
                0x00000000080099f4                _getpid_r
 *(.glue_7)
 .glue_7        0x00000000080099f8        0x0 linker stubs
 *(.glue_7t)
 .glue_7t       0x00000000080099f8        0x0 linker stubs
 *(.eh_frame)
 .eh_frame      0x00000000080099f8        0x0 /home/lyn/Environment/gcc-arm-none-eabi-10.3-2021.10/bin/../lib/gcc/arm-none-eabi/10.3.1/thumb/v7e-m/nofp/crtbegin.o
 *(.init)
 .init          0x00000000080099f8        0x4 /home/lyn/Environment/gcc-arm-none-eabi-10.3-2021.10/bin/../lib/gcc/arm-none-eabi/10.3.1/thumb/v7e-m/nofp/crti.o
                0x00000000080099f8                _init
 .init          0x00000000080099fc        0x8 /home/lyn/Environment/gcc-arm-none-eabi-10.3-2021.10/bin/../lib/gcc/arm-none-eabi/10.3.1/thumb/v7e-m/nofp/crtn.o
 *(.fini)
 .fini          0x0000000008009a04        0x4 /home/lyn/Environment/gcc-arm-none-eabi-10.3-2021.10/bin/../lib/gcc/arm-none-eabi/10.3.1/thumb/v7e-m/nofp/crti.o
                0x0000000008009a04                _fini
 .fini          0x0000000008009a08        0x8 /home/lyn/Environment/gcc-arm-none-eabi-10.3-2021.10/bin/../lib/gcc/arm-none-eabi/10.3.1/thumb/v7e-m/nofp/crtn.o
                0x0000000008009a10                . = ALIGN (0x4)
                0x0000000008009a10                _etext = .

.vfp11_veneer   0x0000000008009a10        0x0
 .vfp11_veneer  0x0000000008009a10        0x0 linker stubs

.v4_bx          0x0000000008009a10        0x0
 .v4_bx         0x0000000008009a10        0x0 linker stubs

.iplt           0x0000000008009a10        0x0
 .iplt          0x0000000008009a10        0x0 /home/lyn/Environment/gcc-arm-none-eabi-10.3-2021.10/bin/../lib/gcc/arm-none-eabi/10.3.1/thumb/v7e-m/nofp/crtbegin.o

.rodata         0x0000000008009a10      0x630
                0x0000000008009a10                . = ALIGN (0x4)
 *(.rodata)
 *(.rodata*)
 .rodata.main.str1.4
                0x0000000008009a10       0x10 CMakeFiles/Unitree_M8010.elf.dir/Core/Src/main.c.obj
 .rodata.AHBPrescTable
                0x0000000008009a20       0x10 CMakeFiles/Unitree_M8010.elf.dir/Core/Src/system_stm32f4xx.c.obj
                0x0000000008009a20                AHBPrescTable
 .rodata.APBPrescTable
                0x0000000008009a30        0x8 CMakeFiles/Unitree_M8010.elf.dir/Core/Src/system_stm32f4xx.c.obj
                0x0000000008009a30                APBPrescTable
 .rodata.flagBitshiftOffset.0
                0x0000000008009a38        0x8 CMakeFiles/Unitree_M8010.elf.dir/Drivers/STM32F4xx_HAL_Driver/Src/stm32f4xx_hal_dma.c.obj
 .rodata.crc_ccitt_table
                0x0000000008009a40      0x200 CMakeFiles/Unitree_M8010.elf.dir/User/Unitree_SDK/GO-M8010-6.c.obj
                0x0000000008009a40                crc_ccitt_table
 .rodata._global_impure_ptr
                0x0000000008009c40        0x4 /home/lyn/Environment/gcc-arm-none-eabi-10.3-2021.10/bin/../lib/gcc/arm-none-eabi/10.3.1/../../../../arm-none-eabi/lib/thumb/v7e-m/nofp/libg.a(lib_a-impure.o)
                0x0000000008009c40                _global_impure_ptr
 .rodata._vfprintf_r.str1.4
                0x0000000008009c44       0x42 /home/lyn/Environment/gcc-arm-none-eabi-10.3-2021.10/bin/../lib/gcc/arm-none-eabi/10.3.1/../../../../arm-none-eabi/lib/thumb/v7e-m/nofp/libg.a(lib_a-vfprintf.o)
 *fill*         0x0000000008009c86        0x2 
 .rodata.blanks.1
                0x0000000008009c88       0x10 /home/lyn/Environment/gcc-arm-none-eabi-10.3-2021.10/bin/../lib/gcc/arm-none-eabi/10.3.1/../../../../arm-none-eabi/lib/thumb/v7e-m/nofp/libg.a(lib_a-vfprintf.o)
 .rodata.zeroes.0
                0x0000000008009c98       0x10 /home/lyn/Environment/gcc-arm-none-eabi-10.3-2021.10/bin/../lib/gcc/arm-none-eabi/10.3.1/../../../../arm-none-eabi/lib/thumb/v7e-m/nofp/libg.a(lib_a-vfprintf.o)
 .rodata._dtoa_r.str1.4
                0x0000000008009ca8       0xa2 /home/lyn/Environment/gcc-arm-none-eabi-10.3-2021.10/bin/../lib/gcc/arm-none-eabi/10.3.1/../../../../arm-none-eabi/lib/thumb/v7e-m/nofp/libg.a(lib_a-dtoa.o)
                                         0xa6 (size before relaxing)
 *fill*         0x0000000008009d4a        0x2 
 .rodata.__multadd.str1.4
                0x0000000008009d4c       0x7f /home/lyn/Environment/gcc-arm-none-eabi-10.3-2021.10/bin/../lib/gcc/arm-none-eabi/10.3.1/../../../../arm-none-eabi/lib/thumb/v7e-m/nofp/libg.a(lib_a-mprec.o)
                                         0x93 (size before relaxing)
 *fill*         0x0000000008009dcb        0x5 
 .rodata.__mprec_bigtens
                0x0000000008009dd0       0x28 /home/lyn/Environment/gcc-arm-none-eabi-10.3-2021.10/bin/../lib/gcc/arm-none-eabi/10.3.1/../../../../arm-none-eabi/lib/thumb/v7e-m/nofp/libg.a(lib_a-mprec.o)
                0x0000000008009dd0                __mprec_bigtens
 .rodata.__mprec_tens
                0x0000000008009df8       0xc8 /home/lyn/Environment/gcc-arm-none-eabi-10.3-2021.10/bin/../lib/gcc/arm-none-eabi/10.3.1/../../../../arm-none-eabi/lib/thumb/v7e-m/nofp/libg.a(lib_a-mprec.o)
                0x0000000008009df8                __mprec_tens
 .rodata.p05.0  0x0000000008009ec0        0xc /home/lyn/Environment/gcc-arm-none-eabi-10.3-2021.10/bin/../lib/gcc/arm-none-eabi/10.3.1/../../../../arm-none-eabi/lib/thumb/v7e-m/nofp/libg.a(lib_a-mprec.o)
 .rodata._vfiprintf_r.str1.4
                0x0000000008009ecc       0x2f /home/lyn/Environment/gcc-arm-none-eabi-10.3-2021.10/bin/../lib/gcc/arm-none-eabi/10.3.1/../../../../arm-none-eabi/lib/thumb/v7e-m/nofp/libg.a(lib_a-vfiprintf.o)
 .rodata.blanks.1
                0x0000000008009ecc       0x10 /home/lyn/Environment/gcc-arm-none-eabi-10.3-2021.10/bin/../lib/gcc/arm-none-eabi/10.3.1/../../../../arm-none-eabi/lib/thumb/v7e-m/nofp/libg.a(lib_a-vfiprintf.o)
 .rodata.zeroes.0
                0x0000000008009edc       0x10 /home/lyn/Environment/gcc-arm-none-eabi-10.3-2021.10/bin/../lib/gcc/arm-none-eabi/10.3.1/../../../../arm-none-eabi/lib/thumb/v7e-m/nofp/libg.a(lib_a-vfiprintf.o)
 .rodata.__assert_func.str1.4
                0x0000000008009eec       0x3f /home/lyn/Environment/gcc-arm-none-eabi-10.3-2021.10/bin/../lib/gcc/arm-none-eabi/10.3.1/../../../../arm-none-eabi/lib/thumb/v7e-m/nofp/libg.a(lib_a-assert.o)
                                         0x43 (size before relaxing)
 *fill*         0x0000000008009f2b        0x1 
 .rodata._setlocale_r.str1.4
                0x0000000008009f2c        0xa /home/lyn/Environment/gcc-arm-none-eabi-10.3-2021.10/bin/../lib/gcc/arm-none-eabi/10.3.1/../../../../arm-none-eabi/lib/thumb/v7e-m/nofp/libg.a(lib_a-locale.o)
                                          0xd (size before relaxing)
 *fill*         0x0000000008009f36        0x2 
 .rodata.str1.4
                0x0000000008009f38        0x2 /home/lyn/Environment/gcc-arm-none-eabi-10.3-2021.10/bin/../lib/gcc/arm-none-eabi/10.3.1/../../../../arm-none-eabi/lib/thumb/v7e-m/nofp/libg.a(lib_a-locale.o)
 *fill*         0x0000000008009f3a        0x2 
 .rodata._ctype_
                0x0000000008009f3c      0x101 /home/lyn/Environment/gcc-arm-none-eabi-10.3-2021.10/bin/../lib/gcc/arm-none-eabi/10.3.1/../../../../arm-none-eabi/lib/thumb/v7e-m/nofp/libg.a(lib_a-ctype_.o)
                0x0000000008009f3c                _ctype_
                0x000000000800a040                . = ALIGN (0x4)
 *fill*         0x000000000800a03d        0x3 

.ARM.extab      0x000000000800a040        0x0
                0x000000000800a040                . = ALIGN (0x4)
 *(.ARM.extab* .gnu.linkonce.armextab.*)
                0x000000000800a040                . = ALIGN (0x4)

.ARM            0x000000000800a040        0x8
                0x000000000800a040                . = ALIGN (0x4)
                0x000000000800a040                __exidx_start = .
 *(.ARM.exidx*)
 .ARM.exidx     0x000000000800a040        0x8 /home/lyn/Environment/gcc-arm-none-eabi-10.3-2021.10/bin/../lib/gcc/arm-none-eabi/10.3.1/thumb/v7e-m/nofp/libgcc.a(_udivmoddi4.o)
                0x000000000800a048                __exidx_end = .
                0x000000000800a048                . = ALIGN (0x4)

.rel.dyn        0x000000000800a048        0x0
 .rel.iplt      0x000000000800a048        0x0 /home/lyn/Environment/gcc-arm-none-eabi-10.3-2021.10/bin/../lib/gcc/arm-none-eabi/10.3.1/thumb/v7e-m/nofp/crtbegin.o

.preinit_array  0x000000000800a048        0x0
                0x000000000800a048                . = ALIGN (0x4)
                0x000000000800a048                PROVIDE (__preinit_array_start = .)
 *(.preinit_array*)
                0x000000000800a048                PROVIDE (__preinit_array_end = .)
                0x000000000800a048                . = ALIGN (0x4)

.init_array     0x000000000800a048        0x8
                0x000000000800a048                . = ALIGN (0x4)
                0x000000000800a048                PROVIDE (__init_array_start = .)
 *(SORT_BY_NAME(.init_array.*))
 .init_array.00000
                0x000000000800a048        0x4 /home/lyn/Environment/gcc-arm-none-eabi-10.3-2021.10/bin/../lib/gcc/arm-none-eabi/10.3.1/../../../../arm-none-eabi/lib/thumb/v7e-m/nofp/libg.a(lib_a-__call_atexit.o)
 *(.init_array*)
 .init_array    0x000000000800a04c        0x4 /home/lyn/Environment/gcc-arm-none-eabi-10.3-2021.10/bin/../lib/gcc/arm-none-eabi/10.3.1/thumb/v7e-m/nofp/crtbegin.o
                0x000000000800a050                PROVIDE (__init_array_end = .)
                0x000000000800a050                . = ALIGN (0x4)

.fini_array     0x000000000800a050        0x4
                0x000000000800a050                . = ALIGN (0x4)
                0x000000000800a050                PROVIDE (__fini_array_start = .)
 *(SORT_BY_NAME(.fini_array.*))
 *(.fini_array*)
 .fini_array    0x000000000800a050        0x4 /home/lyn/Environment/gcc-arm-none-eabi-10.3-2021.10/bin/../lib/gcc/arm-none-eabi/10.3.1/thumb/v7e-m/nofp/crtbegin.o
                0x000000000800a054                PROVIDE (__fini_array_end = .)
                0x000000000800a054                . = ALIGN (0x4)
                0x000000000800a054                _sidata = LOADADDR (.data)

.data           0x0000000020000000      0x9b8 load address 0x000000000800a054
                0x0000000020000000                . = ALIGN (0x4)
                0x0000000020000000                _sdata = .
 *(.data)
 *(.data*)
 .data.SystemCoreClock
                0x0000000020000000        0x4 CMakeFiles/Unitree_M8010.elf.dir/Core/Src/system_stm32f4xx.c.obj
                0x0000000020000000                SystemCoreClock
 .data.uwTickFreq
                0x0000000020000004        0x1 CMakeFiles/Unitree_M8010.elf.dir/Drivers/STM32F4xx_HAL_Driver/Src/stm32f4xx_hal.c.obj
                0x0000000020000004                uwTickFreq
 *fill*         0x0000000020000005        0x3 
 .data.uwTickPrio
                0x0000000020000008        0x4 CMakeFiles/Unitree_M8010.elf.dir/Drivers/STM32F4xx_HAL_Driver/Src/stm32f4xx_hal.c.obj
                0x0000000020000008                uwTickPrio
 .data._impure_ptr
                0x000000002000000c        0x4 /home/lyn/Environment/gcc-arm-none-eabi-10.3-2021.10/bin/../lib/gcc/arm-none-eabi/10.3.1/../../../../arm-none-eabi/lib/thumb/v7e-m/nofp/libg.a(lib_a-impure.o)
                0x000000002000000c                _impure_ptr
 .data.impure_data
                0x0000000020000010      0x428 /home/lyn/Environment/gcc-arm-none-eabi-10.3-2021.10/bin/../lib/gcc/arm-none-eabi/10.3.1/../../../../arm-none-eabi/lib/thumb/v7e-m/nofp/libg.a(lib_a-impure.o)
 .data.__atexit_recursive_mutex
                0x0000000020000438        0x4 /home/lyn/Environment/gcc-arm-none-eabi-10.3-2021.10/bin/../lib/gcc/arm-none-eabi/10.3.1/../../../../arm-none-eabi/lib/thumb/v7e-m/nofp/libg.a(lib_a-__call_atexit.o)
                0x0000000020000438                __atexit_recursive_mutex
 .data.__malloc_av_
                0x000000002000043c      0x408 /home/lyn/Environment/gcc-arm-none-eabi-10.3-2021.10/bin/../lib/gcc/arm-none-eabi/10.3.1/../../../../arm-none-eabi/lib/thumb/v7e-m/nofp/libg.a(lib_a-mallocr.o)
                0x000000002000043c                __malloc_av_
 .data.__malloc_sbrk_base
                0x0000000020000844        0x4 /home/lyn/Environment/gcc-arm-none-eabi-10.3-2021.10/bin/../lib/gcc/arm-none-eabi/10.3.1/../../../../arm-none-eabi/lib/thumb/v7e-m/nofp/libg.a(lib_a-mallocr.o)
                0x0000000020000844                __malloc_sbrk_base
 .data.__malloc_trim_threshold
                0x0000000020000848        0x4 /home/lyn/Environment/gcc-arm-none-eabi-10.3-2021.10/bin/../lib/gcc/arm-none-eabi/10.3.1/../../../../arm-none-eabi/lib/thumb/v7e-m/nofp/libg.a(lib_a-mallocr.o)
                0x0000000020000848                __malloc_trim_threshold
 .data.__global_locale
                0x000000002000084c      0x16c /home/lyn/Environment/gcc-arm-none-eabi-10.3-2021.10/bin/../lib/gcc/arm-none-eabi/10.3.1/../../../../arm-none-eabi/lib/thumb/v7e-m/nofp/libg.a(lib_a-locale.o)
                0x000000002000084c                __global_locale
 *(.RamFunc)
 *(.RamFunc*)
                0x00000000200009b8                . = ALIGN (0x4)
                0x00000000200009b8                _edata = .
                0x000000000800aa0c                _siccmram = LOADADDR (.ccmram)

.igot.plt       0x00000000200009b8        0x0 load address 0x000000000800aa0c
 .igot.plt      0x00000000200009b8        0x0 /home/lyn/Environment/gcc-arm-none-eabi-10.3-2021.10/bin/../lib/gcc/arm-none-eabi/10.3.1/thumb/v7e-m/nofp/crtbegin.o

.ccmram         0x0000000010000000        0x0 load address 0x000000000800aa0c
                0x0000000010000000                . = ALIGN (0x4)
                0x0000000010000000                _sccmram = .
 *(.ccmram)
 *(.ccmram*)
                0x0000000010000000                . = ALIGN (0x4)
                0x0000000010000000                _eccmram = .
                0x0000000010000000                . = ALIGN (0x4)

.bss            0x00000000200009b8      0x1d4
                0x00000000200009b8                _sbss = .
                0x00000000200009b8                __bss_start__ = _sbss
 *(.bss)
 .bss           0x00000000200009b8       0x1c /home/lyn/Environment/gcc-arm-none-eabi-10.3-2021.10/bin/../lib/gcc/arm-none-eabi/10.3.1/thumb/v7e-m/nofp/crtbegin.o
 *(.bss*)
 .bss.__sbrk_heap_end
                0x00000000200009d4        0x4 CMakeFiles/Unitree_M8010.elf.dir/Core/Src/sysmem.c.obj
 .bss.hdma_usart6_rx
                0x00000000200009d8       0x60 CMakeFiles/Unitree_M8010.elf.dir/Core/Src/usart.c.obj
                0x00000000200009d8                hdma_usart6_rx
 .bss.huart6    0x0000000020000a38       0x44 CMakeFiles/Unitree_M8010.elf.dir/Core/Src/usart.c.obj
                0x0000000020000a38                huart6
 .bss.huart8    0x0000000020000a7c       0x44 CMakeFiles/Unitree_M8010.elf.dir/Core/Src/usart.c.obj
                0x0000000020000a7c                huart8
 .bss.uwTick    0x0000000020000ac0        0x4 CMakeFiles/Unitree_M8010.elf.dir/Drivers/STM32F4xx_HAL_Driver/Src/stm32f4xx_hal.c.obj
                0x0000000020000ac0                uwTick
 *fill*         0x0000000020000ac4        0x4 
 .bss.Unitree_Motor
                0x0000000020000ac8       0x78 CMakeFiles/Unitree_M8010.elf.dir/User/Unitree_SDK/Unitree_user.c.obj
                0x0000000020000ac8                Unitree_Motor
 .bss.gHuart    0x0000000020000b40        0x4 CMakeFiles/Unitree_M8010.elf.dir/User/retarget/retarget.c.obj
                0x0000000020000b40                gHuart
 .bss.__lock___atexit_recursive_mutex
                0x0000000020000b44        0x1 /home/lyn/Environment/gcc-arm-none-eabi-10.3-2021.10/bin/../lib/gcc/arm-none-eabi/10.3.1/../../../../arm-none-eabi/lib/thumb/v7e-m/nofp/libg.a(lib_a-lock.o)
                0x0000000020000b44                __lock___atexit_recursive_mutex
 *fill*         0x0000000020000b45        0x3 
 .bss.__lock___malloc_recursive_mutex
                0x0000000020000b48        0x1 /home/lyn/Environment/gcc-arm-none-eabi-10.3-2021.10/bin/../lib/gcc/arm-none-eabi/10.3.1/../../../../arm-none-eabi/lib/thumb/v7e-m/nofp/libg.a(lib_a-lock.o)
                0x0000000020000b48                __lock___malloc_recursive_mutex
 *fill*         0x0000000020000b49        0x3 
 .bss.__lock___sfp_recursive_mutex
                0x0000000020000b4c        0x1 /home/lyn/Environment/gcc-arm-none-eabi-10.3-2021.10/bin/../lib/gcc/arm-none-eabi/10.3.1/../../../../arm-none-eabi/lib/thumb/v7e-m/nofp/libg.a(lib_a-lock.o)
                0x0000000020000b4c                __lock___sfp_recursive_mutex
 *fill*         0x0000000020000b4d        0x3 
 .bss.__lock___sinit_recursive_mutex
                0x0000000020000b50        0x1 /home/lyn/Environment/gcc-arm-none-eabi-10.3-2021.10/bin/../lib/gcc/arm-none-eabi/10.3.1/../../../../arm-none-eabi/lib/thumb/v7e-m/nofp/libg.a(lib_a-lock.o)
                0x0000000020000b50                __lock___sinit_recursive_mutex
 *fill*         0x0000000020000b51        0x3 
 .bss.__malloc_current_mallinfo
                0x0000000020000b54       0x28 /home/lyn/Environment/gcc-arm-none-eabi-10.3-2021.10/bin/../lib/gcc/arm-none-eabi/10.3.1/../../../../arm-none-eabi/lib/thumb/v7e-m/nofp/libg.a(lib_a-mallocr.o)
                0x0000000020000b54                __malloc_current_mallinfo
 .bss.__malloc_max_sbrked_mem
                0x0000000020000b7c        0x4 /home/lyn/Environment/gcc-arm-none-eabi-10.3-2021.10/bin/../lib/gcc/arm-none-eabi/10.3.1/../../../../arm-none-eabi/lib/thumb/v7e-m/nofp/libg.a(lib_a-mallocr.o)
                0x0000000020000b7c                __malloc_max_sbrked_mem
 .bss.__malloc_max_total_mem
                0x0000000020000b80        0x4 /home/lyn/Environment/gcc-arm-none-eabi-10.3-2021.10/bin/../lib/gcc/arm-none-eabi/10.3.1/../../../../arm-none-eabi/lib/thumb/v7e-m/nofp/libg.a(lib_a-mallocr.o)
                0x0000000020000b80                __malloc_max_total_mem
 .bss.__malloc_top_pad
                0x0000000020000b84        0x4 /home/lyn/Environment/gcc-arm-none-eabi-10.3-2021.10/bin/../lib/gcc/arm-none-eabi/10.3.1/../../../../arm-none-eabi/lib/thumb/v7e-m/nofp/libg.a(lib_a-mallocr.o)
                0x0000000020000b84                __malloc_top_pad
 .bss.errno     0x0000000020000b88        0x4 /home/lyn/Environment/gcc-arm-none-eabi-10.3-2021.10/bin/../lib/gcc/arm-none-eabi/10.3.1/../../../../arm-none-eabi/lib/thumb/v7e-m/nofp/libg.a(lib_a-reent.o)
                0x0000000020000b88                errno
 *(COMMON)
                0x0000000020000b8c                . = ALIGN (0x4)
                0x0000000020000b8c                _ebss = .
                0x0000000020000b8c                __bss_end__ = _ebss

._user_heap_stack
                0x0000000020000b8c      0x604
                0x0000000020000b90                . = ALIGN (0x8)
 *fill*         0x0000000020000b8c        0x4 
                [!provide]                        PROVIDE (end = .)
                0x0000000020000b90                PROVIDE (_end = .)
                0x0000000020000d90                . = (. + _Min_Heap_Size)
 *fill*         0x0000000020000b90      0x200 
                0x0000000020001190                . = (. + _Min_Stack_Size)
 *fill*         0x0000000020000d90      0x400 
                0x0000000020001190                . = ALIGN (0x8)

/DISCARD/
 libc.a(*)
 libm.a(*)
 libgcc.a(*)

.ARM.attributes
                0x0000000000000000       0x2a
 *(.ARM.attributes)
 .ARM.attributes
                0x0000000000000000       0x1e /home/lyn/Environment/gcc-arm-none-eabi-10.3-2021.10/bin/../lib/gcc/arm-none-eabi/10.3.1/thumb/v7e-m/nofp/crti.o
 .ARM.attributes
                0x000000000000001e       0x2e /home/lyn/Environment/gcc-arm-none-eabi-10.3-2021.10/bin/../lib/gcc/arm-none-eabi/10.3.1/thumb/v7e-m/nofp/crtbegin.o
 .ARM.attributes
                0x000000000000004c       0x2e CMakeFiles/Unitree_M8010.elf.dir/Core/Src/dma.c.obj
 .ARM.attributes
                0x000000000000007a       0x2e CMakeFiles/Unitree_M8010.elf.dir/Core/Src/gpio.c.obj
 .ARM.attributes
                0x00000000000000a8       0x2e CMakeFiles/Unitree_M8010.elf.dir/Core/Src/main.c.obj
 .ARM.attributes
                0x00000000000000d6       0x2e CMakeFiles/Unitree_M8010.elf.dir/Core/Src/stm32f4xx_hal_msp.c.obj
 .ARM.attributes
                0x0000000000000104       0x2e CMakeFiles/Unitree_M8010.elf.dir/Core/Src/stm32f4xx_it.c.obj
 .ARM.attributes
                0x0000000000000132       0x2e CMakeFiles/Unitree_M8010.elf.dir/Core/Src/syscalls.c.obj
 .ARM.attributes
                0x0000000000000160       0x2e CMakeFiles/Unitree_M8010.elf.dir/Core/Src/sysmem.c.obj
 .ARM.attributes
                0x000000000000018e       0x2e CMakeFiles/Unitree_M8010.elf.dir/Core/Src/system_stm32f4xx.c.obj
 .ARM.attributes
                0x00000000000001bc       0x2e CMakeFiles/Unitree_M8010.elf.dir/Core/Src/usart.c.obj
 .ARM.attributes
                0x00000000000001ea       0x21 CMakeFiles/Unitree_M8010.elf.dir/Core/Startup/startup_stm32f427iihx.s.obj
 .ARM.attributes
                0x000000000000020b       0x2e CMakeFiles/Unitree_M8010.elf.dir/Drivers/STM32F4xx_HAL_Driver/Src/stm32f4xx_hal.c.obj
 .ARM.attributes
                0x0000000000000239       0x2e CMakeFiles/Unitree_M8010.elf.dir/Drivers/STM32F4xx_HAL_Driver/Src/stm32f4xx_hal_cortex.c.obj
 .ARM.attributes
                0x0000000000000267       0x2e CMakeFiles/Unitree_M8010.elf.dir/Drivers/STM32F4xx_HAL_Driver/Src/stm32f4xx_hal_dma.c.obj
 .ARM.attributes
                0x0000000000000295       0x2e CMakeFiles/Unitree_M8010.elf.dir/Drivers/STM32F4xx_HAL_Driver/Src/stm32f4xx_hal_gpio.c.obj
 .ARM.attributes
                0x00000000000002c3       0x2e CMakeFiles/Unitree_M8010.elf.dir/Drivers/STM32F4xx_HAL_Driver/Src/stm32f4xx_hal_rcc.c.obj
 .ARM.attributes
                0x00000000000002f1       0x2e CMakeFiles/Unitree_M8010.elf.dir/Drivers/STM32F4xx_HAL_Driver/Src/stm32f4xx_hal_uart.c.obj
 .ARM.attributes
                0x000000000000031f       0x2e CMakeFiles/Unitree_M8010.elf.dir/User/Unitree_SDK/GO-M8010-6.c.obj
 .ARM.attributes
                0x000000000000034d       0x2e CMakeFiles/Unitree_M8010.elf.dir/User/Unitree_SDK/Unitree_user.c.obj
 .ARM.attributes
                0x000000000000037b       0x2e CMakeFiles/Unitree_M8010.elf.dir/User/retarget/retarget.c.obj
 .ARM.attributes
                0x00000000000003a9       0x1e /home/lyn/Environment/gcc-arm-none-eabi-10.3-2021.10/bin/../lib/gcc/arm-none-eabi/10.3.1/thumb/v7e-m/nofp/libgcc.a(_arm_addsubdf3.o)
 .ARM.attributes
                0x00000000000003c7       0x1e /home/lyn/Environment/gcc-arm-none-eabi-10.3-2021.10/bin/../lib/gcc/arm-none-eabi/10.3.1/thumb/v7e-m/nofp/libgcc.a(_arm_muldivdf3.o)
 .ARM.attributes
                0x00000000000003e5       0x1e /home/lyn/Environment/gcc-arm-none-eabi-10.3-2021.10/bin/../lib/gcc/arm-none-eabi/10.3.1/thumb/v7e-m/nofp/libgcc.a(_arm_addsubsf3.o)
 .ARM.attributes
                0x0000000000000403       0x1e /home/lyn/Environment/gcc-arm-none-eabi-10.3-2021.10/bin/../lib/gcc/arm-none-eabi/10.3.1/thumb/v7e-m/nofp/libgcc.a(_arm_muldivsf3.o)
 .ARM.attributes
                0x0000000000000421       0x1e /home/lyn/Environment/gcc-arm-none-eabi-10.3-2021.10/bin/../lib/gcc/arm-none-eabi/10.3.1/thumb/v7e-m/nofp/libgcc.a(_arm_cmpsf2.o)
 .ARM.attributes
                0x000000000000043f       0x1e /home/lyn/Environment/gcc-arm-none-eabi-10.3-2021.10/bin/../lib/gcc/arm-none-eabi/10.3.1/thumb/v7e-m/nofp/libgcc.a(_arm_fixsfsi.o)
 .ARM.attributes
                0x000000000000045d       0x1e /home/lyn/Environment/gcc-arm-none-eabi-10.3-2021.10/bin/../lib/gcc/arm-none-eabi/10.3.1/thumb/v7e-m/nofp/libgcc.a(_aeabi_uldivmod.o)
 .ARM.attributes
                0x000000000000047b       0x2e /home/lyn/Environment/gcc-arm-none-eabi-10.3-2021.10/bin/../lib/gcc/arm-none-eabi/10.3.1/thumb/v7e-m/nofp/libgcc.a(_udivmoddi4.o)
 .ARM.attributes
                0x00000000000004a9       0x1e /home/lyn/Environment/gcc-arm-none-eabi-10.3-2021.10/bin/../lib/gcc/arm-none-eabi/10.3.1/thumb/v7e-m/nofp/libgcc.a(_dvmd_tls.o)
 .ARM.attributes
                0x00000000000004c7       0x2e /home/lyn/Environment/gcc-arm-none-eabi-10.3-2021.10/bin/../lib/gcc/arm-none-eabi/10.3.1/../../../../arm-none-eabi/lib/thumb/v7e-m/nofp/libg.a(lib_a-errno.o)
 .ARM.attributes
                0x00000000000004f5       0x2e /home/lyn/Environment/gcc-arm-none-eabi-10.3-2021.10/bin/../lib/gcc/arm-none-eabi/10.3.1/../../../../arm-none-eabi/lib/thumb/v7e-m/nofp/libg.a(lib_a-impure.o)
 .ARM.attributes
                0x0000000000000523       0x2e /home/lyn/Environment/gcc-arm-none-eabi-10.3-2021.10/bin/../lib/gcc/arm-none-eabi/10.3.1/../../../../arm-none-eabi/lib/thumb/v7e-m/nofp/libg.a(lib_a-init.o)
 .ARM.attributes
                0x0000000000000551       0x2e /home/lyn/Environment/gcc-arm-none-eabi-10.3-2021.10/bin/../lib/gcc/arm-none-eabi/10.3.1/../../../../arm-none-eabi/lib/thumb/v7e-m/nofp/libg.a(lib_a-memset.o)
 .ARM.attributes
                0x000000000000057f       0x2e /home/lyn/Environment/gcc-arm-none-eabi-10.3-2021.10/bin/../lib/gcc/arm-none-eabi/10.3.1/../../../../arm-none-eabi/lib/thumb/v7e-m/nofp/libg.a(lib_a-printf.o)
 .ARM.attributes
                0x00000000000005ad       0x2e /home/lyn/Environment/gcc-arm-none-eabi-10.3-2021.10/bin/../lib/gcc/arm-none-eabi/10.3.1/../../../../arm-none-eabi/lib/thumb/v7e-m/nofp/libg.a(lib_a-setvbuf.o)
 .ARM.attributes
                0x00000000000005db       0x2e /home/lyn/Environment/gcc-arm-none-eabi-10.3-2021.10/bin/../lib/gcc/arm-none-eabi/10.3.1/../../../../arm-none-eabi/lib/thumb/v7e-m/nofp/libg.a(lib_a-vfprintf.o)
 .ARM.attributes
                0x0000000000000609       0x2e /home/lyn/Environment/gcc-arm-none-eabi-10.3-2021.10/bin/../lib/gcc/arm-none-eabi/10.3.1/../../../../arm-none-eabi/lib/thumb/v7e-m/nofp/libg.a(lib_a-wsetup.o)
 .ARM.attributes
                0x0000000000000637       0x2e /home/lyn/Environment/gcc-arm-none-eabi-10.3-2021.10/bin/../lib/gcc/arm-none-eabi/10.3.1/../../../../arm-none-eabi/lib/thumb/v7e-m/nofp/libg.a(lib_a-__call_atexit.o)
 .ARM.attributes
                0x0000000000000665       0x2e /home/lyn/Environment/gcc-arm-none-eabi-10.3-2021.10/bin/../lib/gcc/arm-none-eabi/10.3.1/../../../../arm-none-eabi/lib/thumb/v7e-m/nofp/libg.a(lib_a-atexit.o)
 .ARM.attributes
                0x0000000000000693       0x2e /home/lyn/Environment/gcc-arm-none-eabi-10.3-2021.10/bin/../lib/gcc/arm-none-eabi/10.3.1/../../../../arm-none-eabi/lib/thumb/v7e-m/nofp/libg.a(lib_a-dtoa.o)
 .ARM.attributes
                0x00000000000006c1       0x2e /home/lyn/Environment/gcc-arm-none-eabi-10.3-2021.10/bin/../lib/gcc/arm-none-eabi/10.3.1/../../../../arm-none-eabi/lib/thumb/v7e-m/nofp/libg.a(lib_a-fflush.o)
 .ARM.attributes
                0x00000000000006ef       0x2e /home/lyn/Environment/gcc-arm-none-eabi-10.3-2021.10/bin/../lib/gcc/arm-none-eabi/10.3.1/../../../../arm-none-eabi/lib/thumb/v7e-m/nofp/libg.a(lib_a-findfp.o)
 .ARM.attributes
                0x000000000000071d       0x2e /home/lyn/Environment/gcc-arm-none-eabi-10.3-2021.10/bin/../lib/gcc/arm-none-eabi/10.3.1/../../../../arm-none-eabi/lib/thumb/v7e-m/nofp/libg.a(lib_a-fini.o)
 .ARM.attributes
                0x000000000000074b       0x2e /home/lyn/Environment/gcc-arm-none-eabi-10.3-2021.10/bin/../lib/gcc/arm-none-eabi/10.3.1/../../../../arm-none-eabi/lib/thumb/v7e-m/nofp/libg.a(lib_a-freer.o)
 .ARM.attributes
                0x0000000000000779       0x2e /home/lyn/Environment/gcc-arm-none-eabi-10.3-2021.10/bin/../lib/gcc/arm-none-eabi/10.3.1/../../../../arm-none-eabi/lib/thumb/v7e-m/nofp/libg.a(lib_a-fwalk.o)
 .ARM.attributes
                0x00000000000007a7       0x2e /home/lyn/Environment/gcc-arm-none-eabi-10.3-2021.10/bin/../lib/gcc/arm-none-eabi/10.3.1/../../../../arm-none-eabi/lib/thumb/v7e-m/nofp/libg.a(lib_a-localeconv.o)
 .ARM.attributes
                0x00000000000007d5       0x2e /home/lyn/Environment/gcc-arm-none-eabi-10.3-2021.10/bin/../lib/gcc/arm-none-eabi/10.3.1/../../../../arm-none-eabi/lib/thumb/v7e-m/nofp/libg.a(lib_a-lock.o)
 .ARM.attributes
                0x0000000000000803       0x2e /home/lyn/Environment/gcc-arm-none-eabi-10.3-2021.10/bin/../lib/gcc/arm-none-eabi/10.3.1/../../../../arm-none-eabi/lib/thumb/v7e-m/nofp/libg.a(lib_a-makebuf.o)
 .ARM.attributes
                0x0000000000000831       0x2e /home/lyn/Environment/gcc-arm-none-eabi-10.3-2021.10/bin/../lib/gcc/arm-none-eabi/10.3.1/../../../../arm-none-eabi/lib/thumb/v7e-m/nofp/libg.a(lib_a-malloc.o)
 .ARM.attributes
                0x000000000000085f       0x2e /home/lyn/Environment/gcc-arm-none-eabi-10.3-2021.10/bin/../lib/gcc/arm-none-eabi/10.3.1/../../../../arm-none-eabi/lib/thumb/v7e-m/nofp/libg.a(lib_a-mallocr.o)
 .ARM.attributes
                0x000000000000088d       0x1c /home/lyn/Environment/gcc-arm-none-eabi-10.3-2021.10/bin/../lib/gcc/arm-none-eabi/10.3.1/../../../../arm-none-eabi/lib/thumb/v7e-m/nofp/libg.a(lib_a-memchr.o)
 .ARM.attributes
                0x00000000000008a9       0x1c /home/lyn/Environment/gcc-arm-none-eabi-10.3-2021.10/bin/../lib/gcc/arm-none-eabi/10.3.1/../../../../arm-none-eabi/lib/thumb/v7e-m/nofp/libg.a(lib_a-memcpy.o)
 .ARM.attributes
                0x00000000000008c5       0x2e /home/lyn/Environment/gcc-arm-none-eabi-10.3-2021.10/bin/../lib/gcc/arm-none-eabi/10.3.1/../../../../arm-none-eabi/lib/thumb/v7e-m/nofp/libg.a(lib_a-mlock.o)
 .ARM.attributes
                0x00000000000008f3       0x2e /home/lyn/Environment/gcc-arm-none-eabi-10.3-2021.10/bin/../lib/gcc/arm-none-eabi/10.3.1/../../../../arm-none-eabi/lib/thumb/v7e-m/nofp/libg.a(lib_a-mprec.o)
 .ARM.attributes
                0x0000000000000921       0x2e /home/lyn/Environment/gcc-arm-none-eabi-10.3-2021.10/bin/../lib/gcc/arm-none-eabi/10.3.1/../../../../arm-none-eabi/lib/thumb/v7e-m/nofp/libg.a(lib_a-s_frexp.o)
 .ARM.attributes
                0x000000000000094f       0x2e /home/lyn/Environment/gcc-arm-none-eabi-10.3-2021.10/bin/../lib/gcc/arm-none-eabi/10.3.1/../../../../arm-none-eabi/lib/thumb/v7e-m/nofp/libg.a(lib_a-sbrkr.o)
 .ARM.attributes
                0x000000000000097d       0x2e /home/lyn/Environment/gcc-arm-none-eabi-10.3-2021.10/bin/../lib/gcc/arm-none-eabi/10.3.1/../../../../arm-none-eabi/lib/thumb/v7e-m/nofp/libg.a(lib_a-stdio.o)
 .ARM.attributes
                0x00000000000009ab       0x1c /home/lyn/Environment/gcc-arm-none-eabi-10.3-2021.10/bin/../lib/gcc/arm-none-eabi/10.3.1/../../../../arm-none-eabi/lib/thumb/v7e-m/nofp/libg.a(lib_a-strlen.o)
 .ARM.attributes
                0x00000000000009c7       0x2e /home/lyn/Environment/gcc-arm-none-eabi-10.3-2021.10/bin/../lib/gcc/arm-none-eabi/10.3.1/../../../../arm-none-eabi/lib/thumb/v7e-m/nofp/libg.a(lib_a-strncpy.o)
 .ARM.attributes
                0x00000000000009f5       0x2e /home/lyn/Environment/gcc-arm-none-eabi-10.3-2021.10/bin/../lib/gcc/arm-none-eabi/10.3.1/../../../../arm-none-eabi/lib/thumb/v7e-m/nofp/libg.a(lib_a-vfiprintf.o)
 .ARM.attributes
                0x0000000000000a23       0x2e /home/lyn/Environment/gcc-arm-none-eabi-10.3-2021.10/bin/../lib/gcc/arm-none-eabi/10.3.1/../../../../arm-none-eabi/lib/thumb/v7e-m/nofp/libg.a(lib_a-writer.o)
 .ARM.attributes
                0x0000000000000a51       0x2e /home/lyn/Environment/gcc-arm-none-eabi-10.3-2021.10/bin/../lib/gcc/arm-none-eabi/10.3.1/../../../../arm-none-eabi/lib/thumb/v7e-m/nofp/libg.a(lib_a-__atexit.o)
 .ARM.attributes
                0x0000000000000a7f       0x2e /home/lyn/Environment/gcc-arm-none-eabi-10.3-2021.10/bin/../lib/gcc/arm-none-eabi/10.3.1/../../../../arm-none-eabi/lib/thumb/v7e-m/nofp/libg.a(lib_a-assert.o)
 .ARM.attributes
                0x0000000000000aad       0x2e /home/lyn/Environment/gcc-arm-none-eabi-10.3-2021.10/bin/../lib/gcc/arm-none-eabi/10.3.1/../../../../arm-none-eabi/lib/thumb/v7e-m/nofp/libg.a(lib_a-callocr.o)
 .ARM.attributes
                0x0000000000000adb       0x2e /home/lyn/Environment/gcc-arm-none-eabi-10.3-2021.10/bin/../lib/gcc/arm-none-eabi/10.3.1/../../../../arm-none-eabi/lib/thumb/v7e-m/nofp/libg.a(lib_a-closer.o)
 .ARM.attributes
                0x0000000000000b09       0x2e /home/lyn/Environment/gcc-arm-none-eabi-10.3-2021.10/bin/../lib/gcc/arm-none-eabi/10.3.1/../../../../arm-none-eabi/lib/thumb/v7e-m/nofp/libg.a(lib_a-fclose.o)
 .ARM.attributes
                0x0000000000000b37       0x2e /home/lyn/Environment/gcc-arm-none-eabi-10.3-2021.10/bin/../lib/gcc/arm-none-eabi/10.3.1/../../../../arm-none-eabi/lib/thumb/v7e-m/nofp/libg.a(lib_a-fiprintf.o)
 .ARM.attributes
                0x0000000000000b65       0x2e /home/lyn/Environment/gcc-arm-none-eabi-10.3-2021.10/bin/../lib/gcc/arm-none-eabi/10.3.1/../../../../arm-none-eabi/lib/thumb/v7e-m/nofp/libg.a(lib_a-fputwc.o)
 .ARM.attributes
                0x0000000000000b93       0x2e /home/lyn/Environment/gcc-arm-none-eabi-10.3-2021.10/bin/../lib/gcc/arm-none-eabi/10.3.1/../../../../arm-none-eabi/lib/thumb/v7e-m/nofp/libg.a(lib_a-fstatr.o)
 .ARM.attributes
                0x0000000000000bc1       0x2e /home/lyn/Environment/gcc-arm-none-eabi-10.3-2021.10/bin/../lib/gcc/arm-none-eabi/10.3.1/../../../../arm-none-eabi/lib/thumb/v7e-m/nofp/libg.a(lib_a-fvwrite.o)
 .ARM.attributes
                0x0000000000000bef       0x2e /home/lyn/Environment/gcc-arm-none-eabi-10.3-2021.10/bin/../lib/gcc/arm-none-eabi/10.3.1/../../../../arm-none-eabi/lib/thumb/v7e-m/nofp/libg.a(lib_a-isattyr.o)
 .ARM.attributes
                0x0000000000000c1d       0x2e /home/lyn/Environment/gcc-arm-none-eabi-10.3-2021.10/bin/../lib/gcc/arm-none-eabi/10.3.1/../../../../arm-none-eabi/lib/thumb/v7e-m/nofp/libg.a(lib_a-locale.o)
 .ARM.attributes
                0x0000000000000c4b       0x2e /home/lyn/Environment/gcc-arm-none-eabi-10.3-2021.10/bin/../lib/gcc/arm-none-eabi/10.3.1/../../../../arm-none-eabi/lib/thumb/v7e-m/nofp/libg.a(lib_a-lseekr.o)
 .ARM.attributes
                0x0000000000000c79       0x2e /home/lyn/Environment/gcc-arm-none-eabi-10.3-2021.10/bin/../lib/gcc/arm-none-eabi/10.3.1/../../../../arm-none-eabi/lib/thumb/v7e-m/nofp/libg.a(lib_a-mbtowc_r.o)
 .ARM.attributes
                0x0000000000000ca7       0x2e /home/lyn/Environment/gcc-arm-none-eabi-10.3-2021.10/bin/../lib/gcc/arm-none-eabi/10.3.1/../../../../arm-none-eabi/lib/thumb/v7e-m/nofp/libg.a(lib_a-memmove.o)
 .ARM.attributes
                0x0000000000000cd5       0x2e /home/lyn/Environment/gcc-arm-none-eabi-10.3-2021.10/bin/../lib/gcc/arm-none-eabi/10.3.1/../../../../arm-none-eabi/lib/thumb/v7e-m/nofp/libg.a(lib_a-readr.o)
 .ARM.attributes
                0x0000000000000d03       0x2e /home/lyn/Environment/gcc-arm-none-eabi-10.3-2021.10/bin/../lib/gcc/arm-none-eabi/10.3.1/../../../../arm-none-eabi/lib/thumb/v7e-m/nofp/libg.a(lib_a-reallocr.o)
 .ARM.attributes
                0x0000000000000d31       0x2e /home/lyn/Environment/gcc-arm-none-eabi-10.3-2021.10/bin/../lib/gcc/arm-none-eabi/10.3.1/../../../../arm-none-eabi/lib/thumb/v7e-m/nofp/libg.a(lib_a-reent.o)
 .ARM.attributes
                0x0000000000000d5f       0x2e /home/lyn/Environment/gcc-arm-none-eabi-10.3-2021.10/bin/../lib/gcc/arm-none-eabi/10.3.1/../../../../arm-none-eabi/lib/thumb/v7e-m/nofp/libg.a(lib_a-wbuf.o)
 .ARM.attributes
                0x0000000000000d8d       0x2e /home/lyn/Environment/gcc-arm-none-eabi-10.3-2021.10/bin/../lib/gcc/arm-none-eabi/10.3.1/../../../../arm-none-eabi/lib/thumb/v7e-m/nofp/libg.a(lib_a-wcrtomb.o)
 .ARM.attributes
                0x0000000000000dbb       0x2e /home/lyn/Environment/gcc-arm-none-eabi-10.3-2021.10/bin/../lib/gcc/arm-none-eabi/10.3.1/../../../../arm-none-eabi/lib/thumb/v7e-m/nofp/libg.a(lib_a-wctomb_r.o)
 .ARM.attributes
                0x0000000000000de9       0x2e /home/lyn/Environment/gcc-arm-none-eabi-10.3-2021.10/bin/../lib/gcc/arm-none-eabi/10.3.1/../../../../arm-none-eabi/lib/thumb/v7e-m/nofp/libg.a(lib_a-abort.o)
 .ARM.attributes
                0x0000000000000e17       0x2e /home/lyn/Environment/gcc-arm-none-eabi-10.3-2021.10/bin/../lib/gcc/arm-none-eabi/10.3.1/../../../../arm-none-eabi/lib/thumb/v7e-m/nofp/libg.a(lib_a-ctype_.o)
 .ARM.attributes
                0x0000000000000e45       0x2e /home/lyn/Environment/gcc-arm-none-eabi-10.3-2021.10/bin/../lib/gcc/arm-none-eabi/10.3.1/../../../../arm-none-eabi/lib/thumb/v7e-m/nofp/libg.a(lib_a-signal.o)
 .ARM.attributes
                0x0000000000000e73       0x2e /home/lyn/Environment/gcc-arm-none-eabi-10.3-2021.10/bin/../lib/gcc/arm-none-eabi/10.3.1/../../../../arm-none-eabi/lib/thumb/v7e-m/nofp/libg.a(lib_a-signalr.o)