Archive member included to satisfy reference by file (symbol)

f:/environment/gnu arm embedded toolchain/10 2021.10/bin/../lib/gcc/arm-none-eabi/10.3.1/thumb/v7e-m/nofp\libgcc.a(_aeabi_uldivmod.o)
                              CMakeFiles/Unitree_M8010.elf.dir/Drivers/STM32F4xx_HAL_Driver/Src/stm32f4xx_hal_rcc.c.obj (__aeabi_uldivmod)
f:/environment/gnu arm embedded toolchain/10 2021.10/bin/../lib/gcc/arm-none-eabi/10.3.1/thumb/v7e-m/nofp\libgcc.a(_udivmoddi4.o)
                              f:/environment/gnu arm embedded toolchain/10 2021.10/bin/../lib/gcc/arm-none-eabi/10.3.1/thumb/v7e-m/nofp\libgcc.a(_aeabi_uldivmod.o) (__udivmoddi4)
f:/environment/gnu arm embedded toolchain/10 2021.10/bin/../lib/gcc/arm-none-eabi/10.3.1/thumb/v7e-m/nofp\libgcc.a(_dvmd_tls.o)
                              f:/environment/gnu arm embedded toolchain/10 2021.10/bin/../lib/gcc/arm-none-eabi/10.3.1/thumb/v7e-m/nofp\libgcc.a(_aeabi_uldivmod.o) (__aeabi_ldiv0)
f:/environment/gnu arm embedded toolchain/10 2021.10/bin/../lib/gcc/arm-none-eabi/10.3.1/../../../../arm-none-eabi/lib/thumb/v7e-m/nofp\libg.a(lib_a-errno.o)
                              CMakeFiles/Unitree_M8010.elf.dir/Core/Src/syscalls.c.obj (__errno)
f:/environment/gnu arm embedded toolchain/10 2021.10/bin/../lib/gcc/arm-none-eabi/10.3.1/../../../../arm-none-eabi/lib/thumb/v7e-m/nofp\libg.a(lib_a-exit.o)
                              f:/environment/gnu arm embedded toolchain/10 2021.10/bin/../lib/gcc/arm-none-eabi/10.3.1/../../../../arm-none-eabi/lib/thumb/v7e-m/nofp/crt0.o (exit)
f:/environment/gnu arm embedded toolchain/10 2021.10/bin/../lib/gcc/arm-none-eabi/10.3.1/../../../../arm-none-eabi/lib/thumb/v7e-m/nofp\libg.a(lib_a-impure.o)
                              f:/environment/gnu arm embedded toolchain/10 2021.10/bin/../lib/gcc/arm-none-eabi/10.3.1/../../../../arm-none-eabi/lib/thumb/v7e-m/nofp\libg.a(lib_a-exit.o) (_global_impure_ptr)
f:/environment/gnu arm embedded toolchain/10 2021.10/bin/../lib/gcc/arm-none-eabi/10.3.1/../../../../arm-none-eabi/lib/thumb/v7e-m/nofp\libg.a(lib_a-init.o)
                              f:/environment/gnu arm embedded toolchain/10 2021.10/bin/../lib/gcc/arm-none-eabi/10.3.1/../../../../arm-none-eabi/lib/thumb/v7e-m/nofp/crt0.o (__libc_init_array)
f:/environment/gnu arm embedded toolchain/10 2021.10/bin/../lib/gcc/arm-none-eabi/10.3.1/../../../../arm-none-eabi/lib/thumb/v7e-m/nofp\libg.a(lib_a-memset.o)
                              f:/environment/gnu arm embedded toolchain/10 2021.10/bin/../lib/gcc/arm-none-eabi/10.3.1/../../../../arm-none-eabi/lib/thumb/v7e-m/nofp/crt0.o (memset)
f:/environment/gnu arm embedded toolchain/10 2021.10/bin/../lib/gcc/arm-none-eabi/10.3.1/../../../../arm-none-eabi/lib/thumb/v7e-m/nofp\libg.a(lib_a-__call_atexit.o)
                              f:/environment/gnu arm embedded toolchain/10 2021.10/bin/../lib/gcc/arm-none-eabi/10.3.1/../../../../arm-none-eabi/lib/thumb/v7e-m/nofp\libg.a(lib_a-exit.o) (__call_exitprocs)
f:/environment/gnu arm embedded toolchain/10 2021.10/bin/../lib/gcc/arm-none-eabi/10.3.1/../../../../arm-none-eabi/lib/thumb/v7e-m/nofp\libg.a(lib_a-atexit.o)
                              f:/environment/gnu arm embedded toolchain/10 2021.10/bin/../lib/gcc/arm-none-eabi/10.3.1/../../../../arm-none-eabi/lib/thumb/v7e-m/nofp\libg.a(lib_a-__call_atexit.o) (atexit)
f:/environment/gnu arm embedded toolchain/10 2021.10/bin/../lib/gcc/arm-none-eabi/10.3.1/../../../../arm-none-eabi/lib/thumb/v7e-m/nofp\libg.a(lib_a-fini.o)
                              f:/environment/gnu arm embedded toolchain/10 2021.10/bin/../lib/gcc/arm-none-eabi/10.3.1/../../../../arm-none-eabi/lib/thumb/v7e-m/nofp\libg.a(lib_a-__call_atexit.o) (__libc_fini_array)
f:/environment/gnu arm embedded toolchain/10 2021.10/bin/../lib/gcc/arm-none-eabi/10.3.1/../../../../arm-none-eabi/lib/thumb/v7e-m/nofp\libg.a(lib_a-lock.o)
                              f:/environment/gnu arm embedded toolchain/10 2021.10/bin/../lib/gcc/arm-none-eabi/10.3.1/../../../../arm-none-eabi/lib/thumb/v7e-m/nofp\libg.a(lib_a-__call_atexit.o) (__retarget_lock_acquire_recursive)
f:/environment/gnu arm embedded toolchain/10 2021.10/bin/../lib/gcc/arm-none-eabi/10.3.1/../../../../arm-none-eabi/lib/thumb/v7e-m/nofp\libg.a(lib_a-__atexit.o)
                              f:/environment/gnu arm embedded toolchain/10 2021.10/bin/../lib/gcc/arm-none-eabi/10.3.1/../../../../arm-none-eabi/lib/thumb/v7e-m/nofp\libg.a(lib_a-atexit.o) (__register_exitproc)

Discarded input sections

 .text          0x00000000        0x0 f:/environment/gnu arm embedded toolchain/10 2021.10/bin/../lib/gcc/arm-none-eabi/10.3.1/thumb/v7e-m/nofp/crti.o
 .data          0x00000000        0x0 f:/environment/gnu arm embedded toolchain/10 2021.10/bin/../lib/gcc/arm-none-eabi/10.3.1/thumb/v7e-m/nofp/crti.o
 .bss           0x00000000        0x0 f:/environment/gnu arm embedded toolchain/10 2021.10/bin/../lib/gcc/arm-none-eabi/10.3.1/thumb/v7e-m/nofp/crti.o
[...]
Memory Configuration

Name             Origin             Length             Attributes
CCMRAM           0x10000000         0x00010000         xrw
RAM              0x20000000         0x00030000         xrw
FLASH            0x08000000         0x00200000         xr
*default*        0x00000000         0xffffffff

Linker script and memory map

LOAD f:/environment/gnu arm embedded toolchain/10 2021.10/bin/../lib/gcc/arm-none-eabi/10.3.1/thumb/v7e-m/nofp/crti.o
LOAD f:/environment/gnu arm embedded toolchain/10 2021.10/bin/../lib/gcc/arm-none-eabi/10.3.1/thumb/v7e-m/nofp/crtbegin.o
LOAD f:/environment/gnu arm embedded toolchain/10 2021.10/bin/../lib/gcc/arm-none-eabi/10.3.1/../../../../arm-none-eabi/lib/thumb/v7e-m/nofp/crt0.o
LOAD CMakeFiles/Unitree_M8010.elf.dir/Core/Src/gpio.c.obj
LOAD CMakeFiles/Unitree_M8010.elf.dir/Core/Src/main.c.obj
LOAD CMakeFiles/Unitree_M8010.elf.dir/Core/Src/stm32f4xx_hal_msp.c.obj
LOAD CMakeFiles/Unitree_M8010.elf.dir/Core/Src/stm32f4xx_it.c.obj
LOAD CMakeFiles/Unitree_M8010.elf.dir/Core/Src/syscalls.c.obj
LOAD CMakeFiles/Unitree_M8010.elf.dir/Core/Src/sysmem.c.obj
LOAD CMakeFiles/Unitree_M8010.elf.dir/Core/Src/system_stm32f4xx.c.obj
LOAD CMakeFiles/Unitree_M8010.elf.dir/Core/Src/usart.c.obj
LOAD CMakeFiles/Unitree_M8010.elf.dir/Core/Startup/startup_stm32f427iihx.s.obj
LOAD CMakeFiles/Unitree_M8010.elf.dir/Drivers/STM32F4xx_HAL_Driver/Src/stm32f4xx_hal.c.obj
LOAD CMakeFiles/Unitree_M8010.elf.dir/Drivers/STM32F4xx_HAL_Driver/Src/stm32f4xx_hal_cortex.c.obj
LOAD CMakeFiles/Unitree_M8010.elf.dir/Drivers/STM32F4xx_HAL_Driver/Src/stm32f4xx_hal_dma.c.obj
LOAD CMakeFiles/Unitree_M8010.elf.dir/Drivers/STM32F4xx_HAL_Driver/Src/stm32f4xx_hal_dma_ex.c.obj
LOAD CMakeFiles/Unitree_M8010.elf.dir/Drivers/STM32F4xx_HAL_Driver/Src/stm32f4xx_hal_exti.c.obj
LOAD CMakeFiles/Unitree_M8010.elf.dir/Drivers/STM32F4xx_HAL_Driver/Src/stm32f4xx_hal_flash.c.obj
LOAD CMakeFiles/Unitree_M8010.elf.dir/Drivers/STM32F4xx_HAL_Driver/Src/stm32f4xx_hal_flash_ex.c.obj
LOAD CMakeFiles/Unitree_M8010.elf.dir/Drivers/STM32F4xx_HAL_Driver/Src/stm32f4xx_hal_flash_ramfunc.c.obj
LOAD CMakeFiles/Unitree_M8010.elf.dir/Drivers/STM32F4xx_HAL_Driver/Src/stm32f4xx_hal_gpio.c.obj
LOAD CMakeFiles/Unitree_M8010.elf.dir/Drivers/STM32F4xx_HAL_Driver/Src/stm32f4xx_hal_pwr.c.obj
LOAD CMakeFiles/Unitree_M8010.elf.dir/Drivers/STM32F4xx_HAL_Driver/Src/stm32f4xx_hal_pwr_ex.c.obj
LOAD CMakeFiles/Unitree_M8010.elf.dir/Drivers/STM32F4xx_HAL_Driver/Src/stm32f4xx_hal_rcc.c.obj
LOAD CMakeFiles/Unitree_M8010.elf.dir/Drivers/STM32F4xx_HAL_Driver/Src/stm32f4xx_hal_rcc_ex.c.obj
LOAD CMakeFiles/Unitree_M8010.elf.dir/Drivers/STM32F4xx_HAL_Driver/Src/stm32f4xx_hal_tim.c.obj
LOAD CMakeFiles/Unitree_M8010.elf.dir/Drivers/STM32F4xx_HAL_Driver/Src/stm32f4xx_hal_tim_ex.c.obj
LOAD CMakeFiles/Unitree_M8010.elf.dir/Drivers/STM32F4xx_HAL_Driver/Src/stm32f4xx_hal_uart.c.obj
START GROUP
LOAD f:/environment/gnu arm embedded toolchain/10 2021.10/bin/../lib/gcc/arm-none-eabi/10.3.1/thumb/v7e-m/nofp\libgcc.a
LOAD f:/environment/gnu arm embedded toolchain/10 2021.10/bin/../lib/gcc/arm-none-eabi/10.3.1/../../../../arm-none-eabi/lib/thumb/v7e-m/nofp\libg.a
LOAD f:/environment/gnu arm embedded toolchain/10 2021.10/bin/../lib/gcc/arm-none-eabi/10.3.1/../../../../arm-none-eabi/lib/thumb/v7e-m/nofp\libc.a
END GROUP
LOAD f:/environment/gnu arm embedded toolchain/10 2021.10/bin/../lib/gcc/arm-none-eabi/10.3.1/thumb/v7e-m/nofp/crtend.o
LOAD f:/environment/gnu arm embedded toolchain/10 2021.10/bin/../lib/gcc/arm-none-eabi/10.3.1/thumb/v7e-m/nofp/crtn.o
                0x20030000                _estack = (ORIGIN (RAM) + LENGTH (RAM))
                0x00000200                _Min_Heap_Size = 0x200
                0x00000400                _Min_Stack_Size = 0x400

.isr_vector     0x08000000      0x1ac
                0x08000000                . = ALIGN (0x4)
 *(.isr_vector)
 .isr_vector    0x08000000      0x1ac CMakeFiles/Unitree_M8010.elf.dir/Core/Startup/startup_stm32f427iihx.s.obj
                0x08000000                g_pfnVectors
                0x080001ac                . = ALIGN (0x4)

.text           0x080001ac     0x131c
                0x080001ac                . = ALIGN (0x4)
 *(.text)
 .text          0x080001ac       0x40 f:/environment/gnu arm embedded toolchain/10 2021.10/bin/../lib/gcc/arm-none-eabi/10.3.1/thumb/v7e-m/nofp/crtbegin.o
 .text          0x080001ec       0x30 f:/environment/gnu arm embedded toolchain/10 2021.10/bin/../lib/gcc/arm-none-eabi/10.3.1/thumb/v7e-m/nofp\libgcc.a(_aeabi_uldivmod.o)
                0x080001ec                __aeabi_uldivmod
 .text          0x0800021c      0x2d0 f:/environment/gnu arm embedded toolchain/10 2021.10/bin/../lib/gcc/arm-none-eabi/10.3.1/thumb/v7e-m/nofp\libgcc.a(_udivmoddi4.o)
                0x0800021c                __udivmoddi4
 .text          0x080004ec        0x4 f:/environment/gnu arm embedded toolchain/10 2021.10/bin/../lib/gcc/arm-none-eabi/10.3.1/thumb/v7e-m/nofp\libgcc.a(_dvmd_tls.o)
                0x080004ec                __aeabi_idiv0
                0x080004ec                __aeabi_ldiv0
 *(.text*)
 .text.MX_GPIO_Init
                0x080004f0       0x4c CMakeFiles/Unitree_M8010.elf.dir/Core/Src/gpio.c.obj
                0x080004f0                MX_GPIO_Init
 .text.Error_Handler
                0x0800053c        0x4 CMakeFiles/Unitree_M8010.elf.dir/Core/Src/main.c.obj
                0x0800053c                Error_Handler
 .text.SystemClock_Config
                0x08000540       0xb4 CMakeFiles/Unitree_M8010.elf.dir/Core/Src/main.c.obj
                0x08000540                SystemClock_Config
 .text.main     0x080005f4       0x14 CMakeFiles/Unitree_M8010.elf.dir/Core/Src/main.c.obj
                0x080005f4                main
 .text.HAL_MspInit
                0x08000608       0x38 CMakeFiles/Unitree_M8010.elf.dir/Core/Src/stm32f4xx_hal_msp.c.obj
                0x08000608                HAL_MspInit
 .text.NMI_Handler
                0x08000640        0x2 CMakeFiles/Unitree_M8010.elf.dir/Core/Src/stm32f4xx_it.c.obj
                0x08000640                NMI_Handler
 .text.HardFault_Handler
                0x08000642        0x2 CMakeFiles/Unitree_M8010.elf.dir/Core/Src/stm32f4xx_it.c.obj
                0x08000642                HardFault_Handler
 .text.MemManage_Handler
                0x08000644        0x2 CMakeFiles/Unitree_M8010.elf.dir/Core/Src/stm32f4xx_it.c.obj
                0x08000644                MemManage_Handler
 .text.BusFault_Handler
                0x08000646        0x2 CMakeFiles/Unitree_M8010.elf.dir/Core/Src/stm32f4xx_it.c.obj
                0x08000646                BusFault_Handler
 .text.UsageFault_Handler
                0x08000648        0x2 CMakeFiles/Unitree_M8010.elf.dir/Core/Src/stm32f4xx_it.c.obj
                0x08000648                UsageFault_Handler
 .text.SVC_Handler
                0x0800064a        0x2 CMakeFiles/Unitree_M8010.elf.dir/Core/Src/stm32f4xx_it.c.obj
                0x0800064a                SVC_Handler
 .text.DebugMon_Handler
                0x0800064c        0x2 CMakeFiles/Unitree_M8010.elf.dir/Core/Src/stm32f4xx_it.c.obj
                0x0800064c                DebugMon_Handler
 .text.PendSV_Handler
                0x0800064e        0x2 CMakeFiles/Unitree_M8010.elf.dir/Core/Src/stm32f4xx_it.c.obj
                0x0800064e                PendSV_Handler
 .text.SysTick_Handler
                0x08000650        0x8 CMakeFiles/Unitree_M8010.elf.dir/Core/Src/stm32f4xx_it.c.obj
                0x08000650                SysTick_Handler
 .text.SystemInit
                0x08000658        0x2 CMakeFiles/Unitree_M8010.elf.dir/Core/Src/system_stm32f4xx.c.obj
                0x08000658                SystemInit
 *fill*         0x0800065a        0x2 
 .text.MX_USART6_UART_Init
                0x0800065c       0x34 CMakeFiles/Unitree_M8010.elf.dir/Core/Src/usart.c.obj
                0x0800065c                MX_USART6_UART_Init
 .text.HAL_UART_MspInit
                0x08000690       0x70 CMakeFiles/Unitree_M8010.elf.dir/Core/Src/usart.c.obj
                0x08000690                HAL_UART_MspInit
 .text.Reset_Handler
                0x08000700       0x50 CMakeFiles/Unitree_M8010.elf.dir/Core/Startup/startup_stm32f427iihx.s.obj
                0x08000700                Reset_Handler
 .text.Default_Handler
                0x08000750        0x2 CMakeFiles/Unitree_M8010.elf.dir/Core/Startup/startup_stm32f427iihx.s.obj
                0x08000750                RTC_Alarm_IRQHandler
                0x08000750                HASH_RNG_IRQHandler
                0x08000750                EXTI2_IRQHandler
                0x08000750                TIM8_CC_IRQHandler
                0x08000750                UART8_IRQHandler
                0x08000750                SPI4_IRQHandler
                0x08000750                TIM1_CC_IRQHandler
                0x08000750                DMA2_Stream5_IRQHandler
                0x08000750                DMA1_Stream5_IRQHandler
                0x08000750                PVD_IRQHandler
                0x08000750                SDIO_IRQHandler
                0x08000750                TAMP_STAMP_IRQHandler
                0x08000750                CAN2_RX1_IRQHandler
                0x08000750                EXTI3_IRQHandler
                0x08000750                TIM8_TRG_COM_TIM14_IRQHandler
                0x08000750                TIM1_UP_TIM10_IRQHandler
                0x08000750                TIM8_UP_TIM13_IRQHandler
                0x08000750                I2C3_ER_IRQHandler
                0x08000750                EXTI0_IRQHandler
                0x08000750                I2C2_EV_IRQHandler
                0x08000750                DMA1_Stream2_IRQHandler
                0x08000750                CAN1_RX0_IRQHandler
                0x08000750                FPU_IRQHandler
                0x08000750                OTG_HS_WKUP_IRQHandler
                0x08000750                CAN2_SCE_IRQHandler
                0x08000750                DMA2_Stream2_IRQHandler
                0x08000750                SPI1_IRQHandler
                0x08000750                TIM6_DAC_IRQHandler
                0x08000750                TIM1_BRK_TIM9_IRQHandler
                0x08000750                DCMI_IRQHandler
                0x08000750                CAN2_RX0_IRQHandler
                0x08000750                DMA2_Stream3_IRQHandler
                0x08000750                USART6_IRQHandler
                0x08000750                USART3_IRQHandler
                0x08000750                CAN1_RX1_IRQHandler
                0x08000750                UART5_IRQHandler
                0x08000750                DMA2_Stream0_IRQHandler
                0x08000750                TIM4_IRQHandler
                0x08000750                I2C1_EV_IRQHandler
                0x08000750                DMA1_Stream6_IRQHandler
                0x08000750                DMA1_Stream1_IRQHandler
                0x08000750                UART4_IRQHandler
                0x08000750                TIM3_IRQHandler
                0x08000750                RCC_IRQHandler
                0x08000750                TIM8_BRK_TIM12_IRQHandler
                0x08000750                Default_Handler
                0x08000750                EXTI15_10_IRQHandler
                0x08000750                ADC_IRQHandler
                0x08000750                DMA1_Stream7_IRQHandler
                0x08000750                SPI5_IRQHandler
                0x08000750                TIM7_IRQHandler
                0x08000750                CAN2_TX_IRQHandler
                0x08000750                TIM5_IRQHandler
                0x08000750                DMA2_Stream7_IRQHandler
                0x08000750                I2C3_EV_IRQHandler
                0x08000750                EXTI9_5_IRQHandler
                0x08000750                RTC_WKUP_IRQHandler
                0x08000750                ETH_WKUP_IRQHandler
                0x08000750                SPI2_IRQHandler
                0x08000750                OTG_HS_EP1_IN_IRQHandler
                0x08000750                DMA1_Stream0_IRQHandler
                0x08000750                CAN1_TX_IRQHandler
                0x08000750                EXTI4_IRQHandler
                0x08000750                ETH_IRQHandler
                0x08000750                OTG_HS_EP1_OUT_IRQHandler
                0x08000750                WWDG_IRQHandler
                0x08000750                SPI6_IRQHandler
                0x08000750                TIM2_IRQHandler
                0x08000750                OTG_FS_WKUP_IRQHandler
                0x08000750                TIM1_TRG_COM_TIM11_IRQHandler
                0x08000750                OTG_HS_IRQHandler
                0x08000750                DMA2D_IRQHandler
                0x08000750                EXTI1_IRQHandler
                0x08000750                UART7_IRQHandler
                0x08000750                USART2_IRQHandler
                0x08000750                I2C2_ER_IRQHandler
                0x08000750                DMA2_Stream1_IRQHandler
                0x08000750                CAN1_SCE_IRQHandler
                0x08000750                FLASH_IRQHandler
                0x08000750                DMA2_Stream4_IRQHandler
                0x08000750                USART1_IRQHandler
                0x08000750                OTG_FS_IRQHandler
                0x08000750                SPI3_IRQHandler
                0x08000750                DMA1_Stream4_IRQHandler
                0x08000750                I2C1_ER_IRQHandler
                0x08000750                FMC_IRQHandler
                0x08000750                DMA2_Stream6_IRQHandler
                0x08000750                SAI1_IRQHandler
                0x08000750                DMA1_Stream3_IRQHandler
 *fill*         0x08000752        0x2 
 .text.HAL_InitTick
                0x08000754       0x4c CMakeFiles/Unitree_M8010.elf.dir/Drivers/STM32F4xx_HAL_Driver/Src/stm32f4xx_hal.c.obj
                0x08000754                HAL_InitTick
 .text.HAL_Init
                0x080007a0       0x34 CMakeFiles/Unitree_M8010.elf.dir/Drivers/STM32F4xx_HAL_Driver/Src/stm32f4xx_hal.c.obj
                0x080007a0                HAL_Init
 .text.HAL_IncTick
                0x080007d4       0x18 CMakeFiles/Unitree_M8010.elf.dir/Drivers/STM32F4xx_HAL_Driver/Src/stm32f4xx_hal.c.obj
                0x080007d4                HAL_IncTick
 .text.HAL_GetTick
                0x080007ec        0xc CMakeFiles/Unitree_M8010.elf.dir/Drivers/STM32F4xx_HAL_Driver/Src/stm32f4xx_hal.c.obj
                0x080007ec                HAL_GetTick
 .text.HAL_NVIC_SetPriorityGrouping
                0x080007f8       0x24 CMakeFiles/Unitree_M8010.elf.dir/Drivers/STM32F4xx_HAL_Driver/Src/stm32f4xx_hal_cortex.c.obj
                0x080007f8                HAL_NVIC_SetPriorityGrouping
 .text.HAL_NVIC_SetPriority
                0x0800081c       0x70 CMakeFiles/Unitree_M8010.elf.dir/Drivers/STM32F4xx_HAL_Driver/Src/stm32f4xx_hal_cortex.c.obj
                0x0800081c                HAL_NVIC_SetPriority
 .text.HAL_SYSTICK_Config
                0x0800088c       0x28 CMakeFiles/Unitree_M8010.elf.dir/Drivers/STM32F4xx_HAL_Driver/Src/stm32f4xx_hal_cortex.c.obj
                0x0800088c                HAL_SYSTICK_Config
 .text.HAL_GPIO_Init
                0x080008b4      0x1fc CMakeFiles/Unitree_M8010.elf.dir/Drivers/STM32F4xx_HAL_Driver/Src/stm32f4xx_hal_gpio.c.obj
                0x080008b4                HAL_GPIO_Init
 .text.HAL_PWREx_EnableOverDrive
                0x08000ab0       0x7c CMakeFiles/Unitree_M8010.elf.dir/Drivers/STM32F4xx_HAL_Driver/Src/stm32f4xx_hal_pwr_ex.c.obj
                0x08000ab0                HAL_PWREx_EnableOverDrive
 .text.HAL_RCC_OscConfig
                0x08000b2c      0x3f8 CMakeFiles/Unitree_M8010.elf.dir/Drivers/STM32F4xx_HAL_Driver/Src/stm32f4xx_hal_rcc.c.obj
                0x08000b2c                HAL_RCC_OscConfig
 .text.HAL_RCC_GetSysClockFreq
                0x08000f24       0xa4 CMakeFiles/Unitree_M8010.elf.dir/Drivers/STM32F4xx_HAL_Driver/Src/stm32f4xx_hal_rcc.c.obj
                0x08000f24                HAL_RCC_GetSysClockFreq
 .text.HAL_RCC_ClockConfig
                0x08000fc8      0x160 CMakeFiles/Unitree_M8010.elf.dir/Drivers/STM32F4xx_HAL_Driver/Src/stm32f4xx_hal_rcc.c.obj
                0x08000fc8                HAL_RCC_ClockConfig
 .text.HAL_RCC_GetHCLKFreq
                0x08001128        0xc CMakeFiles/Unitree_M8010.elf.dir/Drivers/STM32F4xx_HAL_Driver/Src/stm32f4xx_hal_rcc.c.obj
                0x08001128                HAL_RCC_GetHCLKFreq
 .text.HAL_RCC_GetPCLK1Freq
                0x08001134       0x20 CMakeFiles/Unitree_M8010.elf.dir/Drivers/STM32F4xx_HAL_Driver/Src/stm32f4xx_hal_rcc.c.obj
                0x08001134                HAL_RCC_GetPCLK1Freq
 .text.HAL_RCC_GetPCLK2Freq
                0x08001154       0x20 CMakeFiles/Unitree_M8010.elf.dir/Drivers/STM32F4xx_HAL_Driver/Src/stm32f4xx_hal_rcc.c.obj
                0x08001154                HAL_RCC_GetPCLK2Freq
 .text.UART_SetConfig
                0x08001174      0x110 CMakeFiles/Unitree_M8010.elf.dir/Drivers/STM32F4xx_HAL_Driver/Src/stm32f4xx_hal_uart.c.obj
 .text.HAL_UART_Init
                0x08001284       0x5e CMakeFiles/Unitree_M8010.elf.dir/Drivers/STM32F4xx_HAL_Driver/Src/stm32f4xx_hal_uart.c.obj
                0x08001284                HAL_UART_Init
 *fill*         0x080012e2        0x2 
 .text.__libc_init_array
                0x080012e4       0x48 f:/environment/gnu arm embedded toolchain/10 2021.10/bin/../lib/gcc/arm-none-eabi/10.3.1/../../../../arm-none-eabi/lib/thumb/v7e-m/nofp\libg.a(lib_a-init.o)
                0x080012e4                __libc_init_array
 .text.memset   0x0800132c       0xa4 f:/environment/gnu arm embedded toolchain/10 2021.10/bin/../lib/gcc/arm-none-eabi/10.3.1/../../../../arm-none-eabi/lib/thumb/v7e-m/nofp\libg.a(lib_a-memset.o)
                0x0800132c                memset
 .text.startup.register_fini
                0x080013d0       0x14 f:/environment/gnu arm embedded toolchain/10 2021.10/bin/../lib/gcc/arm-none-eabi/10.3.1/../../../../arm-none-eabi/lib/thumb/v7e-m/nofp\libg.a(lib_a-__call_atexit.o)
 .text.atexit   0x080013e4        0xc f:/environment/gnu arm embedded toolchain/10 2021.10/bin/../lib/gcc/arm-none-eabi/10.3.1/../../../../arm-none-eabi/lib/thumb/v7e-m/nofp\libg.a(lib_a-atexit.o)
                0x080013e4                atexit
 .text.__libc_fini_array
                0x080013f0       0x2c f:/environment/gnu arm embedded toolchain/10 2021.10/bin/../lib/gcc/arm-none-eabi/10.3.1/../../../../arm-none-eabi/lib/thumb/v7e-m/nofp\libg.a(lib_a-fini.o)
                0x080013f0                __libc_fini_array
 .text.__retarget_lock_acquire_recursive
                0x0800141c        0x4 f:/environment/gnu arm embedded toolchain/10 2021.10/bin/../lib/gcc/arm-none-eabi/10.3.1/../../../../arm-none-eabi/lib/thumb/v7e-m/nofp\libg.a(lib_a-lock.o)
                0x0800141c                __retarget_lock_acquire_recursive
 .text.__retarget_lock_release_recursive
                0x08001420        0x4 f:/environment/gnu arm embedded toolchain/10 2021.10/bin/../lib/gcc/arm-none-eabi/10.3.1/../../../../arm-none-eabi/lib/thumb/v7e-m/nofp\libg.a(lib_a-lock.o)
                0x08001420                __retarget_lock_release_recursive
 .text.__register_exitproc
                0x08001424       0x8c f:/environment/gnu arm embedded toolchain/10 2021.10/bin/../lib/gcc/arm-none-eabi/10.3.1/../../../../arm-none-eabi/lib/thumb/v7e-m/nofp\libg.a(lib_a-__atexit.o)
                0x08001424                __register_exitproc
 *(.glue_7)
 .glue_7        0x080014b0        0x0 linker stubs
 *(.glue_7t)
 .glue_7t       0x080014b0        0x0 linker stubs
 *(.eh_frame)
 .eh_frame      0x080014b0        0x0 f:/environment/gnu arm embedded toolchain/10 2021.10/bin/../lib/gcc/arm-none-eabi/10.3.1/thumb/v7e-m/nofp/crtbegin.o
 *(.init)
 .init          0x080014b0        0x4 f:/environment/gnu arm embedded toolchain/10 2021.10/bin/../lib/gcc/arm-none-eabi/10.3.1/thumb/v7e-m/nofp/crti.o
                0x080014b0                _init
 .init          0x080014b4        0x8 f:/environment/gnu arm embedded toolchain/10 2021.10/bin/../lib/gcc/arm-none-eabi/10.3.1/thumb/v7e-m/nofp/crtn.o
 *(.fini)
 .fini          0x080014bc        0x4 f:/environment/gnu arm embedded toolchain/10 2021.10/bin/../lib/gcc/arm-none-eabi/10.3.1/thumb/v7e-m/nofp/crti.o
                0x080014bc                _fini
 .fini          0x080014c0        0x8 f:/environment/gnu arm embedded toolchain/10 2021.10/bin/../lib/gcc/arm-none-eabi/10.3.1/thumb/v7e-m/nofp/crtn.o
                0x080014c8                . = ALIGN (0x4)
                0x080014c8                _etext = .

.vfp11_veneer   0x080014c8        0x0
 .vfp11_veneer  0x080014c8        0x0 linker stubs

.v4_bx          0x080014c8        0x0
 .v4_bx         0x080014c8        0x0 linker stubs

.iplt           0x080014c8        0x0
 .iplt          0x080014c8        0x0 f:/environment/gnu arm embedded toolchain/10 2021.10/bin/../lib/gcc/arm-none-eabi/10.3.1/thumb/v7e-m/nofp/crtbegin.o

.rodata         0x080014c8       0x1c
                0x080014c8                . = ALIGN (0x4)
 *(.rodata)
 *(.rodata*)
 .rodata.AHBPrescTable
                0x080014c8       0x10 CMakeFiles/Unitree_M8010.elf.dir/Core/Src/system_stm32f4xx.c.obj
                0x080014c8                AHBPrescTable
 .rodata.APBPrescTable
                0x080014d8        0x8 CMakeFiles/Unitree_M8010.elf.dir/Core/Src/system_stm32f4xx.c.obj
                0x080014d8                APBPrescTable
 .rodata._global_impure_ptr
                0x080014e0        0x4 f:/environment/gnu arm embedded toolchain/10 2021.10/bin/../lib/gcc/arm-none-eabi/10.3.1/../../../../arm-none-eabi/lib/thumb/v7e-m/nofp\libg.a(lib_a-impure.o)
                0x080014e0                _global_impure_ptr
                0x080014e4                . = ALIGN (0x4)

.ARM.extab      0x080014e4        0x0
                0x080014e4                . = ALIGN (0x4)
 *(.ARM.extab* .gnu.linkonce.armextab.*)
                0x080014e4                . = ALIGN (0x4)

.ARM            0x080014e4        0x8
                0x080014e4                . = ALIGN (0x4)
                0x080014e4                __exidx_start = .
 *(.ARM.exidx*)
 .ARM.exidx     0x080014e4        0x8 f:/environment/gnu arm embedded toolchain/10 2021.10/bin/../lib/gcc/arm-none-eabi/10.3.1/thumb/v7e-m/nofp\libgcc.a(_udivmoddi4.o)
                0x080014ec                __exidx_end = .
                0x080014ec                . = ALIGN (0x4)

.rel.dyn        0x080014ec        0x0
 .rel.iplt      0x080014ec        0x0 f:/environment/gnu arm embedded toolchain/10 2021.10/bin/../lib/gcc/arm-none-eabi/10.3.1/thumb/v7e-m/nofp/crtbegin.o

.preinit_array  0x080014ec        0x0
                0x080014ec                . = ALIGN (0x4)
                0x080014ec                PROVIDE (__preinit_array_start = .)
 *(.preinit_array*)
                0x080014ec                PROVIDE (__preinit_array_end = .)
                0x080014ec                . = ALIGN (0x4)

.init_array     0x080014ec        0x8
                0x080014ec                . = ALIGN (0x4)
                0x080014ec                PROVIDE (__init_array_start = .)
 *(SORT_BY_NAME(.init_array.*))
 .init_array.00000
                0x080014ec        0x4 f:/environment/gnu arm embedded toolchain/10 2021.10/bin/../lib/gcc/arm-none-eabi/10.3.1/../../../../arm-none-eabi/lib/thumb/v7e-m/nofp\libg.a(lib_a-__call_atexit.o)
 *(.init_array*)
 .init_array    0x080014f0        0x4 f:/environment/gnu arm embedded toolchain/10 2021.10/bin/../lib/gcc/arm-none-eabi/10.3.1/thumb/v7e-m/nofp/crtbegin.o
                0x080014f4                PROVIDE (__init_array_end = .)
                0x080014f4                . = ALIGN (0x4)

.fini_array     0x080014f4        0x4
                0x080014f4                . = ALIGN (0x4)
                0x080014f4                PROVIDE (__fini_array_start = .)
 *(SORT_BY_NAME(.fini_array.*))
 *(.fini_array*)
 .fini_array    0x080014f4        0x4 f:/environment/gnu arm embedded toolchain/10 2021.10/bin/../lib/gcc/arm-none-eabi/10.3.1/thumb/v7e-m/nofp/crtbegin.o
                0x080014f8                PROVIDE (__fini_array_end = .)
                0x080014f8                . = ALIGN (0x4)
                0x080014f8                _sidata = LOADADDR (.data)

.data           0x20000000      0x43c load address 0x080014f8
                0x20000000                . = ALIGN (0x4)
                0x20000000                _sdata = .
 *(.data)
 *(.data*)
 .data.SystemCoreClock
                0x20000000        0x4 CMakeFiles/Unitree_M8010.elf.dir/Core/Src/system_stm32f4xx.c.obj
                0x20000000                SystemCoreClock
 .data.uwTickFreq
                0x20000004        0x1 CMakeFiles/Unitree_M8010.elf.dir/Drivers/STM32F4xx_HAL_Driver/Src/stm32f4xx_hal.c.obj
                0x20000004                uwTickFreq
 *fill*         0x20000005        0x3 
 .data.uwTickPrio
                0x20000008        0x4 CMakeFiles/Unitree_M8010.elf.dir/Drivers/STM32F4xx_HAL_Driver/Src/stm32f4xx_hal.c.obj
                0x20000008                uwTickPrio
 *fill*         0x2000000c        0x4 
 .data.impure_data
                0x20000010      0x428 f:/environment/gnu arm embedded toolchain/10 2021.10/bin/../lib/gcc/arm-none-eabi/10.3.1/../../../../arm-none-eabi/lib/thumb/v7e-m/nofp\libg.a(lib_a-impure.o)
 .data.__atexit_recursive_mutex
                0x20000438        0x4 f:/environment/gnu arm embedded toolchain/10 2021.10/bin/../lib/gcc/arm-none-eabi/10.3.1/../../../../arm-none-eabi/lib/thumb/v7e-m/nofp\libg.a(lib_a-__call_atexit.o)
                0x20000438                __atexit_recursive_mutex
 *(.RamFunc)
 *(.RamFunc*)
                0x2000043c                . = ALIGN (0x4)
                0x2000043c                _edata = .
                0x08001934                _siccmram = LOADADDR (.ccmram)

.igot.plt       0x2000043c        0x0 load address 0x08001934
 .igot.plt      0x2000043c        0x0 f:/environment/gnu arm embedded toolchain/10 2021.10/bin/../lib/gcc/arm-none-eabi/10.3.1/thumb/v7e-m/nofp/crtbegin.o

.ccmram         0x10000000        0x0 load address 0x08001934
                0x10000000                . = ALIGN (0x4)
                0x10000000                _sccmram = .
 *(.ccmram)
 *(.ccmram*)
                0x10000000                . = ALIGN (0x4)
                0x10000000                _eccmram = .
                0x10000000                . = ALIGN (0x4)

.bss            0x2000043c       0x68
                0x2000043c                _sbss = .
                0x2000043c                __bss_start__ = _sbss
 *(.bss)
 .bss           0x2000043c       0x1c f:/environment/gnu arm embedded toolchain/10 2021.10/bin/../lib/gcc/arm-none-eabi/10.3.1/thumb/v7e-m/nofp/crtbegin.o
 *(.bss*)
 .bss.huart6    0x20000458       0x44 CMakeFiles/Unitree_M8010.elf.dir/Core/Src/usart.c.obj
                0x20000458                huart6
 .bss.uwTick    0x2000049c        0x4 CMakeFiles/Unitree_M8010.elf.dir/Drivers/STM32F4xx_HAL_Driver/Src/stm32f4xx_hal.c.obj
                0x2000049c                uwTick
 .bss.__lock___atexit_recursive_mutex
                0x200004a0        0x1 f:/environment/gnu arm embedded toolchain/10 2021.10/bin/../lib/gcc/arm-none-eabi/10.3.1/../../../../arm-none-eabi/lib/thumb/v7e-m/nofp\libg.a(lib_a-lock.o)
                0x200004a0                __lock___atexit_recursive_mutex
 *(COMMON)
                0x200004a4                . = ALIGN (0x4)
 *fill*         0x200004a1        0x3 
                0x200004a4                _ebss = .
                0x200004a4                __bss_end__ = _ebss

._user_heap_stack
                0x200004a4      0x604
                0x200004a8                . = ALIGN (0x8)
 *fill*         0x200004a4        0x4 
                [!provide]                PROVIDE (end = .)
                0x200004a8                PROVIDE (_end = .)
                0x200006a8                . = (. + _Min_Heap_Size)
 *fill*         0x200004a8      0x200 
                0x20000aa8                . = (. + _Min_Stack_Size)
 *fill*         0x200006a8      0x400 
                0x20000aa8                . = ALIGN (0x8)

/DISCARD/
 libc.a(*)
 libm.a(*)
 libgcc.a(*)

.ARM.attributes
                0x00000000       0x2a
 *(.ARM.attributes)
 .ARM.attributes
                0x00000000       0x1e f:/environment/gnu arm embedded toolchain/10 2021.10/bin/../lib/gcc/arm-none-eabi/10.3.1/thumb/v7e-m/nofp/crti.o
 .ARM.attributes
                0x0000001e       0x2e f:/environment/gnu arm embedded toolchain/10 2021.10/bin/../lib/gcc/arm-none-eabi/10.3.1/thumb/v7e-m/nofp/crtbegin.o
 .ARM.attributes
                0x0000004c       0x2e CMakeFiles/Unitree_M8010.elf.dir/Core/Src/gpio.c.obj
 .ARM.attributes
                0x0000007a       0x2e CMakeFiles/Unitree_M8010.elf.dir/Core/Src/main.c.obj
 .ARM.attributes
                0x000000a8       0x2e CMakeFiles/Unitree_M8010.elf.dir/Core/Src/stm32f4xx_hal_msp.c.obj
 .ARM.attributes
                0x000000d6       0x2e CMakeFiles/Unitree_M8010.elf.dir/Core/Src/stm32f4xx_it.c.obj
 .ARM.attributes
                0x00000104       0x2e CMakeFiles/Unitree_M8010.elf.dir/Core/Src/system_stm32f4xx.c.obj
 .ARM.attributes
                0x00000132       0x2e CMakeFiles/Unitree_M8010.elf.dir/Core/Src/usart.c.obj
 .ARM.attributes
                0x00000160       0x21 CMakeFiles/Unitree_M8010.elf.dir/Core/Startup/startup_stm32f427iihx.s.obj
 .ARM.attributes
                0x00000181       0x2e CMakeFiles/Unitree_M8010.elf.dir/Drivers/STM32F4xx_HAL_Driver/Src/stm32f4xx_hal.c.obj
 .ARM.attributes
                0x000001af       0x2e CMakeFiles/Unitree_M8010.elf.dir/Drivers/STM32F4xx_HAL_Driver/Src/stm32f4xx_hal_cortex.c.obj
 .ARM.attributes
                0x000001dd       0x2e CMakeFiles/Unitree_M8010.elf.dir/Drivers/STM32F4xx_HAL_Driver/Src/stm32f4xx_hal_gpio.c.obj
 .ARM.attributes
                0x0000020b       0x2e CMakeFiles/Unitree_M8010.elf.dir/Drivers/STM32F4xx_HAL_Driver/Src/stm32f4xx_hal_pwr_ex.c.obj
 .ARM.attributes
                0x00000239       0x2e CMakeFiles/Unitree_M8010.elf.dir/Drivers/STM32F4xx_HAL_Driver/Src/stm32f4xx_hal_rcc.c.obj
 .ARM.attributes
                0x00000267       0x2e CMakeFiles/Unitree_M8010.elf.dir/Drivers/STM32F4xx_HAL_Driver/Src/stm32f4xx_hal_uart.c.obj
 .ARM.attributes
                0x00000295       0x1e f:/environment/gnu arm embedded toolchain/10 2021.10/bin/../lib/gcc/arm-none-eabi/10.3.1/thumb/v7e-m/nofp\libgcc.a(_aeabi_uldivmod.o)
 .ARM.attributes
                0x000002b3       0x2e f:/environment/gnu arm embedded toolchain/10 2021.10/bin/../lib/gcc/arm-none-eabi/10.3.1/thumb/v7e-m/nofp\libgcc.a(_udivmoddi4.o)
 .ARM.attributes
                0x000002e1       0x1e f:/environment/gnu arm embedded toolchain/10 2021.10/bin/../lib/gcc/arm-none-eabi/10.3.1/thumb/v7e-m/nofp\libgcc.a(_dvmd_tls.o)
 .ARM.attributes
                0x000002ff       0x2e f:/environment/gnu arm embedded toolchain/10 2021.10/bin/../lib/gcc/arm-none-eabi/10.3.1/../../../../arm-none-eabi/lib/thumb/v7e-m/nofp\libg.a(lib_a-impure.o)
 .ARM.attributes
                0x0000032d       0x2e f:/environment/gnu arm embedded toolchain/10 2021.10/bin/../lib/gcc/arm-none-eabi/10.3.1/../../../../arm-none-eabi/lib/thumb/v7e-m/nofp\libg.a(lib_a-init.o)
 .ARM.attributes
                0x0000035b       0x2e f:/environment/gnu arm embedded toolchain/10 2021.10/bin/../lib/gcc/arm-none-eabi/10.3.1/../../../../arm-none-eabi/lib/thumb/v7e-m/nofp\libg.a(lib_a-memset.o)
 .ARM.attributes
                0x00000389       0x2e f:/environment/gnu arm embedded toolchain/10 2021.10/bin/../lib/gcc/arm-none-eabi/10.3.1/../../../../arm-none-eabi/lib/thumb/v7e-m/nofp\libg.a(lib_a-__call_atexit.o)
 .ARM.attributes
                0x000003b7       0x2e f:/environment/gnu arm embedded toolchain/10 2021.10/bin/../lib/gcc/arm-none-eabi/10.3.1/../../../../arm-none-eabi/lib/thumb/v7e-m/nofp\libg.a(lib_a-atexit.o)
 .ARM.attributes
                0x000003e5       0x2e f:/environment/gnu arm embedded toolchain/10 2021.10/bin/../lib/gcc/arm-none-eabi/10.3.1/../../../../arm-none-eabi/lib/thumb/v7e-m/nofp\libg.a(lib_a-fini.o)
 .ARM.attributes
                0x00000413       0x2e f:/environment/gnu arm embedded toolchain/10 2021.10/bin/../lib/gcc/arm-none-eabi/10.3.1/../../../../arm-none-eabi/lib/thumb/v7e-m/nofp\libg.a(lib_a-lock.o)
 .ARM.attributes
                0x00000441       0x2e f:/environment/gnu arm embedded toolchain/10 2021.10/bin/../lib/gcc/arm-none-eabi/10.3.1/../../../../arm-none-eabi/lib/thumb/v7e-m/nofp\libg.a(lib_a-__atexit.o)
 .ARM.attributes
                0x0000046f       0x1e f:/environment/gnu arm embedded toolchain/10 2021.10/bin/../lib/gcc/arm-none-eabi/10.3.1/thumb/v7e-m/nofp/crtn.o
OUTPUT(Unitree_M8010.elf elf32-littlearm)
LOAD linker stubs
LOAD f:/environment/gnu arm embedded toolchain/10 2021.10/bin/../lib/gcc/arm-none-eabi/10.3.1/../../../../arm-none-eabi/lib/thumb/v7e-m/nofp\libc.a
LOAD f:/environment/gnu arm embedded toolchain/10 2021.10/bin/../lib/gcc/arm-none-eabi/10.3.1/../../../../arm-none-eabi/lib/thumb/v7e-m/nofp\libm.a
LOAD f:/environment/gnu arm embedded toolchain/10 2021.10/bin/../lib/gcc/arm-none-eabi/10.3.1/thumb/v7e-m/nofp\libgcc.a

.debug_info     0x00000000     0x9244
 .debug_info    0x00000000      0x2dd CMakeFiles/Unitree_M8010.elf.dir/Core/Src/gpio.c.obj
 .debug_info    0x000002dd      0x5c1 CMakeFiles/Unitree_M8010.elf.dir/Core/Src/main.c.obj
 .debug_info    0x0000089e      0x2c0 CMakeFiles/Unitree_M8010.elf.dir/Core/Src/stm32f4xx_hal_msp.c.obj
 .debug_info    0x00000b5e      0x12f CMakeFiles/Unitree_M8010.elf.dir/Core/Src/stm32f4xx_it.c.obj
 .debug_info    0x00000c8d      0x399 CMakeFiles/Unitree_M8010.elf.dir/Core/Src/system_stm32f4xx.c.obj
 .debug_info    0x00001026      0x9ea CMakeFiles/Unitree_M8010.elf.dir/Core/Src/usart.c.obj
 .debug_info    0x00001a10       0x22 CMakeFiles/Unitree_M8010.elf.dir/Core/Startup/startup_stm32f427iihx.s.obj
 .debug_info    0x00001a32      0xa5c CMakeFiles/Unitree_M8010.elf.dir/Drivers/STM32F4xx_HAL_Driver/Src/stm32f4xx_hal.c.obj
 .debug_info    0x0000248e     0x10c2 CMakeFiles/Unitree_M8010.elf.dir/Drivers/STM32F4xx_HAL_Driver/Src/stm32f4xx_hal_cortex.c.obj
 .debug_info    0x00003550      0x7cc CMakeFiles/Unitree_M8010.elf.dir/Drivers/STM32F4xx_HAL_Driver/Src/stm32f4xx_hal_gpio.c.obj
 .debug_info    0x00003d1c      0x7bb CMakeFiles/Unitree_M8010.elf.dir/Drivers/STM32F4xx_HAL_Driver/Src/stm32f4xx_hal_pwr_ex.c.obj
 .debug_info    0x000044d7      0xb1f CMakeFiles/Unitree_M8010.elf.dir/Drivers/STM32F4xx_HAL_Driver/Src/stm32f4xx_hal_rcc.c.obj
 .debug_info    0x00004ff6     0x424e CMakeFiles/Unitree_M8010.elf.dir/Drivers/STM32F4xx_HAL_Driver/Src/stm32f4xx_hal_uart.c.obj

.debug_abbrev   0x00000000     0x1582
 .debug_abbrev  0x00000000       0xd1 CMakeFiles/Unitree_M8010.elf.dir/Core/Src/gpio.c.obj
 .debug_abbrev  0x000000d1      0x1b7 CMakeFiles/Unitree_M8010.elf.dir/Core/Src/main.c.obj
 .debug_abbrev  0x00000288       0xd1 CMakeFiles/Unitree_M8010.elf.dir/Core/Src/stm32f4xx_hal_msp.c.obj
 .debug_abbrev  0x00000359       0x7e CMakeFiles/Unitree_M8010.elf.dir/Core/Src/stm32f4xx_it.c.obj
 .debug_abbrev  0x000003d7      0x119 CMakeFiles/Unitree_M8010.elf.dir/Core/Src/system_stm32f4xx.c.obj
 .debug_abbrev  0x000004f0      0x1da CMakeFiles/Unitree_M8010.elf.dir/Core/Src/usart.c.obj
 .debug_abbrev  0x000006ca       0x12 CMakeFiles/Unitree_M8010.elf.dir/Core/Startup/startup_stm32f427iihx.s.obj
 .debug_abbrev  0x000006dc      0x206 CMakeFiles/Unitree_M8010.elf.dir/Drivers/STM32F4xx_HAL_Driver/Src/stm32f4xx_hal.c.obj
 .debug_abbrev  0x000008e2      0x36a CMakeFiles/Unitree_M8010.elf.dir/Drivers/STM32F4xx_HAL_Driver/Src/stm32f4xx_hal_cortex.c.obj
 .debug_abbrev  0x00000c4c      0x1ef CMakeFiles/Unitree_M8010.elf.dir/Drivers/STM32F4xx_HAL_Driver/Src/stm32f4xx_hal_gpio.c.obj
 .debug_abbrev  0x00000e3b      0x1c0 CMakeFiles/Unitree_M8010.elf.dir/Drivers/STM32F4xx_HAL_Driver/Src/stm32f4xx_hal_pwr_ex.c.obj
 .debug_abbrev  0x00000ffb      0x28a CMakeFiles/Unitree_M8010.elf.dir/Drivers/STM32F4xx_HAL_Driver/Src/stm32f4xx_hal_rcc.c.obj
 .debug_abbrev  0x00001285      0x2fd CMakeFiles/Unitree_M8010.elf.dir/Drivers/STM32F4xx_HAL_Driver/Src/stm32f4xx_hal_uart.c.obj

.debug_aranges  0x00000000      0x638
 .debug_aranges
                0x00000000       0x20 CMakeFiles/Unitree_M8010.elf.dir/Core/Src/gpio.c.obj
 .debug_aranges
                0x00000020       0x30 CMakeFiles/Unitree_M8010.elf.dir/Core/Src/main.c.obj
 .debug_aranges
                0x00000050       0x20 CMakeFiles/Unitree_M8010.elf.dir/Core/Src/stm32f4xx_hal_msp.c.obj
 .debug_aranges
                0x00000070       0x60 CMakeFiles/Unitree_M8010.elf.dir/Core/Src/stm32f4xx_it.c.obj
 .debug_aranges
                0x000000d0       0x28 CMakeFiles/Unitree_M8010.elf.dir/Core/Src/system_stm32f4xx.c.obj
 .debug_aranges
                0x000000f8       0x30 CMakeFiles/Unitree_M8010.elf.dir/Core/Src/usart.c.obj
 .debug_aranges
                0x00000128       0x28 CMakeFiles/Unitree_M8010.elf.dir/Core/Startup/startup_stm32f427iihx.s.obj
 .debug_aranges
                0x00000150      0x100 CMakeFiles/Unitree_M8010.elf.dir/Drivers/STM32F4xx_HAL_Driver/Src/stm32f4xx_hal.c.obj
 .debug_aranges
                0x00000250       0xa8 CMakeFiles/Unitree_M8010.elf.dir/Drivers/STM32F4xx_HAL_Driver/Src/stm32f4xx_hal_cortex.c.obj
 .debug_aranges
                0x000002f8       0x58 CMakeFiles/Unitree_M8010.elf.dir/Drivers/STM32F4xx_HAL_Driver/Src/stm32f4xx_hal_gpio.c.obj
 .debug_aranges
                0x00000350       0x60 CMakeFiles/Unitree_M8010.elf.dir/Drivers/STM32F4xx_HAL_Driver/Src/stm32f4xx_hal_pwr_ex.c.obj
 .debug_aranges
                0x000003b0       0x88 CMakeFiles/Unitree_M8010.elf.dir/Drivers/STM32F4xx_HAL_Driver/Src/stm32f4xx_hal_rcc.c.obj
 .debug_aranges
                0x00000438      0x200 CMakeFiles/Unitree_M8010.elf.dir/Drivers/STM32F4xx_HAL_Driver/Src/stm32f4xx_hal_uart.c.obj

.debug_ranges   0x00000000      0x600
 .debug_ranges  0x00000000       0x10 CMakeFiles/Unitree_M8010.elf.dir/Core/Src/gpio.c.obj
 .debug_ranges  0x00000010       0x20 CMakeFiles/Unitree_M8010.elf.dir/Core/Src/main.c.obj
 .debug_ranges  0x00000030       0x10 CMakeFiles/Unitree_M8010.elf.dir/Core/Src/stm32f4xx_hal_msp.c.obj
 .debug_ranges  0x00000040       0x50 CMakeFiles/Unitree_M8010.elf.dir/Core/Src/stm32f4xx_it.c.obj
 .debug_ranges  0x00000090       0x18 CMakeFiles/Unitree_M8010.elf.dir/Core/Src/system_stm32f4xx.c.obj
 .debug_ranges  0x000000a8       0x20 CMakeFiles/Unitree_M8010.elf.dir/Core/Src/usart.c.obj
 .debug_ranges  0x000000c8       0x20 CMakeFiles/Unitree_M8010.elf.dir/Core/Startup/startup_stm32f427iihx.s.obj
 .debug_ranges  0x000000e8       0xf0 CMakeFiles/Unitree_M8010.elf.dir/Drivers/STM32F4xx_HAL_Driver/Src/stm32f4xx_hal.c.obj
 .debug_ranges  0x000001d8       0xf8 CMakeFiles/Unitree_M8010.elf.dir/Drivers/STM32F4xx_HAL_Driver/Src/stm32f4xx_hal_cortex.c.obj
 .debug_ranges  0x000002d0       0x48 CMakeFiles/Unitree_M8010.elf.dir/Drivers/STM32F4xx_HAL_Driver/Src/stm32f4xx_hal_gpio.c.obj
 .debug_ranges  0x00000318       0x50 CMakeFiles/Unitree_M8010.elf.dir/Drivers/STM32F4xx_HAL_Driver/Src/stm32f4xx_hal_pwr_ex.c.obj
 .debug_ranges  0x00000368       0x90 CMakeFiles/Unitree_M8010.elf.dir/Drivers/STM32F4xx_HAL_Driver/Src/stm32f4xx_hal_rcc.c.obj
 .debug_ranges  0x000003f8      0x208 CMakeFiles/Unitree_M8010.elf.dir/Drivers/STM32F4xx_HAL_Driver/Src/stm32f4xx_hal_uart.c.obj

.debug_line     0x00000000     0x7bd1
 .debug_line    0x00000000      0x199 CMakeFiles/Unitree_M8010.elf.dir/Core/Src/gpio.c.obj
 .debug_line    0x00000199      0x3da CMakeFiles/Unitree_M8010.elf.dir/Core/Src/main.c.obj
 .debug_line    0x00000573      0x1a1 CMakeFiles/Unitree_M8010.elf.dir/Core/Src/stm32f4xx_hal_msp.c.obj
 .debug_line    0x00000714      0x1b9 CMakeFiles/Unitree_M8010.elf.dir/Core/Src/stm32f4xx_it.c.obj
 .debug_line    0x000008cd      0x269 CMakeFiles/Unitree_M8010.elf.dir/Core/Src/system_stm32f4xx.c.obj
 .debug_line    0x00000b36      0x34d CMakeFiles/Unitree_M8010.elf.dir/Core/Src/usart.c.obj
 .debug_line    0x00000e83       0xa6 CMakeFiles/Unitree_M8010.elf.dir/Core/Startup/startup_stm32f427iihx.s.obj
 .debug_line    0x00000f29      0x625 CMakeFiles/Unitree_M8010.elf.dir/Drivers/STM32F4xx_HAL_Driver/Src/stm32f4xx_hal.c.obj
 .debug_line    0x0000154e      0x800 CMakeFiles/Unitree_M8010.elf.dir/Drivers/STM32F4xx_HAL_Driver/Src/stm32f4xx_hal_cortex.c.obj
 .debug_line    0x00001d4e      0x75d CMakeFiles/Unitree_M8010.elf.dir/Drivers/STM32F4xx_HAL_Driver/Src/stm32f4xx_hal_gpio.c.obj
 .debug_line    0x000024ab      0x53a CMakeFiles/Unitree_M8010.elf.dir/Drivers/STM32F4xx_HAL_Driver/Src/stm32f4xx_hal_pwr_ex.c.obj
 .debug_line    0x000029e5      0xb76 CMakeFiles/Unitree_M8010.elf.dir/Drivers/STM32F4xx_HAL_Driver/Src/stm32f4xx_hal_rcc.c.obj
 .debug_line    0x0000355b     0x4676 CMakeFiles/Unitree_M8010.elf.dir/Drivers/STM32F4xx_HAL_Driver/Src/stm32f4xx_hal_uart.c.obj

.debug_str      0x00000000     0x24ac
 .debug_str     0x00000000      0x2ae CMakeFiles/Unitree_M8010.elf.dir/Core/Src/gpio.c.obj
                                0x2f0 (size before relaxing)
 .debug_str     0x000002ae      0x21d CMakeFiles/Unitree_M8010.elf.dir/Core/Src/main.c.obj
                                0x4eb (size before relaxing)
 .debug_str     0x000004cb       0x4a CMakeFiles/Unitree_M8010.elf.dir/Core/Src/stm32f4xx_hal_msp.c.obj
                                0x2fc (size before relaxing)
 .debug_str     0x00000515       0xd5 CMakeFiles/Unitree_M8010.elf.dir/Core/Src/stm32f4xx_it.c.obj
                                0x25d (size before relaxing)
 .debug_str     0x000005ea       0xa5 CMakeFiles/Unitree_M8010.elf.dir/Core/Src/system_stm32f4xx.c.obj
                                0x362 (size before relaxing)
 .debug_str     0x0000068f      0x4ea CMakeFiles/Unitree_M8010.elf.dir/Core/Src/usart.c.obj
                                0x83d (size before relaxing)
 .debug_str     0x00000b79       0x54 CMakeFiles/Unitree_M8010.elf.dir/Core/Startup/startup_stm32f427iihx.s.obj
                                 0x87 (size before relaxing)
 .debug_str     0x00000bcd      0x90a CMakeFiles/Unitree_M8010.elf.dir/Drivers/STM32F4xx_HAL_Driver/Src/stm32f4xx_hal.c.obj
                                0xc23 (size before relaxing)
 .debug_str     0x000014d7      0x4d0 CMakeFiles/Unitree_M8010.elf.dir/Drivers/STM32F4xx_HAL_Driver/Src/stm32f4xx_hal_cortex.c.obj
                                0xca7 (size before relaxing)
 .debug_str     0x000019a7      0x174 CMakeFiles/Unitree_M8010.elf.dir/Drivers/STM32F4xx_HAL_Driver/Src/stm32f4xx_hal_gpio.c.obj
                                0x521 (size before relaxing)
 .debug_str     0x00001b1b      0x15c CMakeFiles/Unitree_M8010.elf.dir/Drivers/STM32F4xx_HAL_Driver/Src/stm32f4xx_hal_pwr_ex.c.obj
                                0x50c (size before relaxing)
 .debug_str     0x00001c77      0x1c2 CMakeFiles/Unitree_M8010.elf.dir/Drivers/STM32F4xx_HAL_Driver/Src/stm32f4xx_hal_rcc.c.obj
                                0x747 (size before relaxing)
 .debug_str     0x00001e39      0x673 CMakeFiles/Unitree_M8010.elf.dir/Drivers/STM32F4xx_HAL_Driver/Src/stm32f4xx_hal_uart.c.obj
                                0xd87 (size before relaxing)

.comment        0x00000000       0x49
 .comment       0x00000000       0x49 CMakeFiles/Unitree_M8010.elf.dir/Core/Src/gpio.c.obj
                                 0x4a (size before relaxing)
 .comment       0x00000049       0x4a CMakeFiles/Unitree_M8010.elf.dir/Core/Src/main.c.obj
 .comment       0x00000049       0x4a CMakeFiles/Unitree_M8010.elf.dir/Core/Src/stm32f4xx_hal_msp.c.obj
 .comment       0x00000049       0x4a CMakeFiles/Unitree_M8010.elf.dir/Core/Src/stm32f4xx_it.c.obj
 .comment       0x00000049       0x4a CMakeFiles/Unitree_M8010.elf.dir/Core/Src/system_stm32f4xx.c.obj
 .comment       0x00000049       0x4a CMakeFiles/Unitree_M8010.elf.dir/Core/Src/usart.c.obj
 .comment       0x00000049       0x4a CMakeFiles/Unitree_M8010.elf.dir/Drivers/STM32F4xx_HAL_Driver/Src/stm32f4xx_hal.c.obj
 .comment       0x00000049       0x4a CMakeFiles/Unitree_M8010.elf.dir/Drivers/STM32F4xx_HAL_Driver/Src/stm32f4xx_hal_cortex.c.obj
 .comment       0x00000049       0x4a CMakeFiles/Unitree_M8010.elf.dir/Drivers/STM32F4xx_HAL_Driver/Src/stm32f4xx_hal_gpio.c.obj
 .comment       0x00000049       0x4a CMakeFiles/Unitree_M8010.elf.dir/Drivers/STM32F4xx_HAL_Driver/Src/stm32f4xx_hal_pwr_ex.c.obj
 .comment       0x00000049       0x4a CMakeFiles/Unitree_M8010.elf.dir/Drivers/STM32F4xx_HAL_Driver/Src/stm32f4xx_hal_rcc.c.obj
 .comment       0x00000049       0x4a CMakeFiles/Unitree_M8010.elf.dir/Drivers/STM32F4xx_HAL_Driver/Src/stm32f4xx_hal_uart.c.obj

.debug_frame    0x00000000     0x1084
 .debug_frame   0x00000000       0x28 CMakeFiles/Unitree_M8010.elf.dir/Core/Src/gpio.c.obj
 .debug_frame   0x00000028       0x58 CMakeFiles/Unitree_M8010.elf.dir/Core/Src/main.c.obj
 .debug_frame   0x00000080       0x28 CMakeFiles/Unitree_M8010.elf.dir/Core/Src/stm32f4xx_hal_msp.c.obj
 .debug_frame   0x000000a8       0xa8 CMakeFiles/Unitree_M8010.elf.dir/Core/Src/stm32f4xx_it.c.obj
 .debug_frame   0x00000150       0x30 CMakeFiles/Unitree_M8010.elf.dir/Core/Src/system_stm32f4xx.c.obj
 .debug_frame   0x00000180       0x60 CMakeFiles/Unitree_M8010.elf.dir/Core/Src/usart.c.obj
 .debug_frame   0x000001e0      0x20c CMakeFiles/Unitree_M8010.elf.dir/Drivers/STM32F4xx_HAL_Driver/Src/stm32f4xx_hal.c.obj
 .debug_frame   0x000003ec      0x148 CMakeFiles/Unitree_M8010.elf.dir/Drivers/STM32F4xx_HAL_Driver/Src/stm32f4xx_hal_cortex.c.obj
 .debug_frame   0x00000534       0xd8 CMakeFiles/Unitree_M8010.elf.dir/Drivers/STM32F4xx_HAL_Driver/Src/stm32f4xx_hal_gpio.c.obj
 .debug_frame   0x0000060c       0xf4 CMakeFiles/Unitree_M8010.elf.dir/Drivers/STM32F4xx_HAL_Driver/Src/stm32f4xx_hal_pwr_ex.c.obj
 .debug_frame   0x00000700      0x16c CMakeFiles/Unitree_M8010.elf.dir/Drivers/STM32F4xx_HAL_Driver/Src/stm32f4xx_hal_rcc.c.obj
 .debug_frame   0x0000086c      0x5cc CMakeFiles/Unitree_M8010.elf.dir/Drivers/STM32F4xx_HAL_Driver/Src/stm32f4xx_hal_uart.c.obj
 .debug_frame   0x00000e38       0x2c f:/environment/gnu arm embedded toolchain/10 2021.10/bin/../lib/gcc/arm-none-eabi/10.3.1/thumb/v7e-m/nofp\libgcc.a(_aeabi_uldivmod.o)
 .debug_frame   0x00000e64       0x34 f:/environment/gnu arm embedded toolchain/10 2021.10/bin/../lib/gcc/arm-none-eabi/10.3.1/thumb/v7e-m/nofp\libgcc.a(_udivmoddi4.o)
 .debug_frame   0x00000e98       0x2c f:/environment/gnu arm embedded toolchain/10 2021.10/bin/../lib/gcc/arm-none-eabi/10.3.1/../../../../arm-none-eabi/lib/thumb/v7e-m/nofp\libg.a(lib_a-init.o)
 .debug_frame   0x00000ec4       0x2c f:/environment/gnu arm embedded toolchain/10 2021.10/bin/../lib/gcc/arm-none-eabi/10.3.1/../../../../arm-none-eabi/lib/thumb/v7e-m/nofp\libg.a(lib_a-memset.o)
 .debug_frame   0x00000ef0       0x5c f:/environment/gnu arm embedded toolchain/10 2021.10/bin/../lib/gcc/arm-none-eabi/10.3.1/../../../../arm-none-eabi/lib/thumb/v7e-m/nofp\libg.a(lib_a-__call_atexit.o)
 .debug_frame   0x00000f4c       0x20 f:/environment/gnu arm embedded toolchain/10 2021.10/bin/../lib/gcc/arm-none-eabi/10.3.1/../../../../arm-none-eabi/lib/thumb/v7e-m/nofp\libg.a(lib_a-atexit.o)
 .debug_frame   0x00000f6c       0x34 f:/environment/gnu arm embedded toolchain/10 2021.10/bin/../lib/gcc/arm-none-eabi/10.3.1/../../../../arm-none-eabi/lib/thumb/v7e-m/nofp\libg.a(lib_a-fini.o)
 .debug_frame   0x00000fa0       0xb0 f:/environment/gnu arm embedded toolchain/10 2021.10/bin/../lib/gcc/arm-none-eabi/10.3.1/../../../../arm-none-eabi/lib/thumb/v7e-m/nofp\libg.a(lib_a-lock.o)
 .debug_frame   0x00001050       0x34 f:/environment/gnu arm embedded toolchain/10 2021.10/bin/../lib/gcc/arm-none-eabi/10.3.1/../../../../arm-none-eabi/lib/thumb/v7e-m/nofp\libg.a(lib_a-__atexit.o)

.debug_loc      0x00000000     0x60e0
 .debug_loc     0x00000000      0x158 CMakeFiles/Unitree_M8010.elf.dir/Core/Src/system_stm32f4xx.c.obj
 .debug_loc     0x00000158       0x84 CMakeFiles/Unitree_M8010.elf.dir/Core/Src/usart.c.obj
 .debug_loc     0x000001dc      0x141 CMakeFiles/Unitree_M8010.elf.dir/Drivers/STM32F4xx_HAL_Driver/Src/stm32f4xx_hal.c.obj
 .debug_loc     0x0000031d      0x744 CMakeFiles/Unitree_M8010.elf.dir/Drivers/STM32F4xx_HAL_Driver/Src/stm32f4xx_hal_cortex.c.obj
 .debug_loc     0x00000a61      0x520 CMakeFiles/Unitree_M8010.elf.dir/Drivers/STM32F4xx_HAL_Driver/Src/stm32f4xx_hal_gpio.c.obj
 .debug_loc     0x00000f81      0x228 CMakeFiles/Unitree_M8010.elf.dir/Drivers/STM32F4xx_HAL_Driver/Src/stm32f4xx_hal_pwr_ex.c.obj
 .debug_loc     0x000011a9      0x58c CMakeFiles/Unitree_M8010.elf.dir/Drivers/STM32F4xx_HAL_Driver/Src/stm32f4xx_hal_rcc.c.obj
 .debug_loc     0x00001735     0x49ab CMakeFiles/Unitree_M8010.elf.dir/Drivers/STM32F4xx_HAL_Driver/Src/stm32f4xx_hal_uart.c.obj
