Archive member included to satisfy reference by file (symbol)

f:/environment/gnu arm embedded toolchain/10 2021.10/bin/../lib/gcc/arm-none-eabi/10.3.1/thumb/v7e-m/nofp\libgcc.a(_arm_muldf3.o)
                              CMakeFiles/STM32F407_Demo2.elf.dir/Core/Src/main.c.obj (__aeabi_dmul)
f:/environment/gnu arm embedded toolchain/10 2021.10/bin/../lib/gcc/arm-none-eabi/10.3.1/thumb/v7e-m/nofp\libgcc.a(_arm_mulsf3.o)
                              CMakeFiles/STM32F407_Demo2.elf.dir/User/Src/Show_oled_num.c.obj (__aeabi_fmul)
f:/environment/gnu arm embedded toolchain/10 2021.10/bin/../lib/gcc/arm-none-eabi/10.3.1/thumb/v7e-m/nofp\libgcc.a(_arm_addsubdf3.o)
                              CMakeFiles/STM32F407_Demo2.elf.dir/Core/Src/main.c.obj (__aeabi_i2d)
f:/environment/gnu arm embedded toolchain/10 2021.10/bin/../lib/gcc/arm-none-eabi/10.3.1/thumb/v7e-m/nofp\libgcc.a(_arm_muldivdf3.o)
                              CMakeFiles/STM32F407_Demo2.elf.dir/Core/Src/main.c.obj (__aeabi_ddiv)
f:/environment/gnu arm embedded toolchain/10 2021.10/bin/../lib/gcc/arm-none-eabi/10.3.1/thumb/v7e-m/nofp\libgcc.a(_arm_truncdfsf2.o)
                              CMakeFiles/STM32F407_Demo2.elf.dir/Core/Src/main.c.obj (__aeabi_d2f)
f:/environment/gnu arm embedded toolchain/10 2021.10/bin/../lib/gcc/arm-none-eabi/10.3.1/thumb/v7e-m/nofp\libgcc.a(_arm_addsubsf3.o)
                              CMakeFiles/STM32F407_Demo2.elf.dir/User/Src/Show_oled_num.c.obj (__aeabi_fsub)
f:/environment/gnu arm embedded toolchain/10 2021.10/bin/../lib/gcc/arm-none-eabi/10.3.1/thumb/v7e-m/nofp\libgcc.a(_arm_muldivsf3.o)
                              CMakeFiles/STM32F407_Demo2.elf.dir/User/Src/bsp_Mecanum.c.obj (__aeabi_fdiv)
f:/environment/gnu arm embedded toolchain/10 2021.10/bin/../lib/gcc/arm-none-eabi/10.3.1/thumb/v7e-m/nofp\libgcc.a(_arm_cmpsf2.o)
                              CMakeFiles/STM32F407_Demo2.elf.dir/User/Src/bsp_pid.c.obj (__aeabi_fcmplt)
f:/environment/gnu arm embedded toolchain/10 2021.10/bin/../lib/gcc/arm-none-eabi/10.3.1/thumb/v7e-m/nofp\libgcc.a(_arm_fixunssfsi.o)
                              CMakeFiles/STM32F407_Demo2.elf.dir/User/Src/Show_oled_num.c.obj (__aeabi_f2uiz)
f:/environment/gnu arm embedded toolchain/10 2021.10/bin/../lib/gcc/arm-none-eabi/10.3.1/thumb/v7e-m/nofp\libgcc.a(_aeabi_uldivmod.o)
                              CMakeFiles/STM32F407_Demo2.elf.dir/Drivers/STM32F4xx_HAL_Driver/Src/stm32f4xx_hal_rcc.c.obj (__aeabi_uldivmod)
f:/environment/gnu arm embedded toolchain/10 2021.10/bin/../lib/gcc/arm-none-eabi/10.3.1/thumb/v7e-m/nofp\libgcc.a(_udivmoddi4.o)
                              f:/environment/gnu arm embedded toolchain/10 2021.10/bin/../lib/gcc/arm-none-eabi/10.3.1/thumb/v7e-m/nofp\libgcc.a(_aeabi_uldivmod.o) (__udivmoddi4)
f:/environment/gnu arm embedded toolchain/10 2021.10/bin/../lib/gcc/arm-none-eabi/10.3.1/thumb/v7e-m/nofp\libgcc.a(_dvmd_tls.o)
                              f:/environment/gnu arm embedded toolchain/10 2021.10/bin/../lib/gcc/arm-none-eabi/10.3.1/thumb/v7e-m/nofp\libgcc.a(_aeabi_uldivmod.o) (__aeabi_ldiv0)
f:/environment/gnu arm embedded toolchain/10 2021.10/bin/../lib/gcc/arm-none-eabi/10.3.1/../../../../arm-none-eabi/lib/thumb/v7e-m/nofp\libg.a(lib_a-errno.o)
                              CMakeFiles/STM32F407_Demo2.elf.dir/Core/Src/syscalls.c.obj (__errno)
f:/environment/gnu arm embedded toolchain/10 2021.10/bin/../lib/gcc/arm-none-eabi/10.3.1/../../../../arm-none-eabi/lib/thumb/v7e-m/nofp\libg.a(lib_a-exit.o)
                              f:/environment/gnu arm embedded toolchain/10 2021.10/bin/../lib/gcc/arm-none-eabi/10.3.1/../../../../arm-none-eabi/lib/thumb/v7e-m/nofp/crt0.o (exit)
f:/environment/gnu arm embedded toolchain/10 2021.10/bin/../lib/gcc/arm-none-eabi/10.3.1/../../../../arm-none-eabi/lib/thumb/v7e-m/nofp\libg.a(lib_a-impure.o)
                              f:/environment/gnu arm embedded toolchain/10 2021.10/bin/../lib/gcc/arm-none-eabi/10.3.1/../../../../arm-none-eabi/lib/thumb/v7e-m/nofp\libg.a(lib_a-exit.o) (_global_impure_ptr)
f:/environment/gnu arm embedded toolchain/10 2021.10/bin/../lib/gcc/arm-none-eabi/10.3.1/../../../../arm-none-eabi/lib/thumb/v7e-m/nofp\libg.a(lib_a-init.o)
                              f:/environment/gnu arm embedded toolchain/10 2021.10/bin/../lib/gcc/arm-none-eabi/10.3.1/../../../../arm-none-eabi/lib/thumb/v7e-m/nofp/crt0.o (__libc_init_array)
f:/environment/gnu arm embedded toolchain/10 2021.10/bin/../lib/gcc/arm-none-eabi/10.3.1/../../../../arm-none-eabi/lib/thumb/v7e-m/nofp\libg.a(lib_a-memcpy.o)
                              CMakeFiles/STM32F407_Demo2.elf.dir/Core/Src/main.c.obj (memcpy)
f:/environment/gnu arm embedded toolchain/10 2021.10/bin/../lib/gcc/arm-none-eabi/10.3.1/../../../../arm-none-eabi/lib/thumb/v7e-m/nofp\libg.a(lib_a-memset.o)
                              f:/environment/gnu arm embedded toolchain/10 2021.10/bin/../lib/gcc/arm-none-eabi/10.3.1/../../../../arm-none-eabi/lib/thumb/v7e-m/nofp/crt0.o (memset)
[...]
Memory Configuration

Name             Origin             Length             Attributes
CCMRAM           0x10000000         0x00010000         xrw
RAM              0x20000000         0x00020000         xrw
FLASH            0x08000000         0x00080000         xr
*default*        0x00000000         0xffffffff

Linker script and memory map

LOAD f:/environment/gnu arm embedded toolchain/10 2021.10/bin/../lib/gcc/arm-none-eabi/10.3.1/thumb/v7e-m/nofp/crti.o
LOAD f:/environment/gnu arm embedded toolchain/10 2021.10/bin/../lib/gcc/arm-none-eabi/10.3.1/thumb/v7e-m/nofp/crtbegin.o
LOAD f:/environment/gnu arm embedded toolchain/10 2021.10/bin/../lib/gcc/arm-none-eabi/10.3.1/../../../../arm-none-eabi/lib/thumb/v7e-m/nofp/crt0.o
LOAD CMakeFiles/STM32F407_Demo2.elf.dir/Core/Src/dma.c.obj
LOAD CMakeFiles/STM32F407_Demo2.elf.dir/Core/Src/gpio.c.obj
LOAD CMakeFiles/STM32F407_Demo2.elf.dir/Core/Src/main.c.obj
LOAD CMakeFiles/STM32F407_Demo2.elf.dir/Core/Src/stm32f4xx_hal_msp.c.obj
LOAD CMakeFiles/STM32F407_Demo2.elf.dir/Core/Src/stm32f4xx_it.c.obj
LOAD CMakeFiles/STM32F407_Demo2.elf.dir/Core/Src/syscalls.c.obj
LOAD CMakeFiles/STM32F407_Demo2.elf.dir/Core/Src/sysmem.c.obj
LOAD CMakeFiles/STM32F407_Demo2.elf.dir/Core/Src/system_stm32f4xx.c.obj
LOAD CMakeFiles/STM32F407_Demo2.elf.dir/Core/Src/tim.c.obj
LOAD CMakeFiles/STM32F407_Demo2.elf.dir/Core/Src/usart.c.obj
LOAD CMakeFiles/STM32F407_Demo2.elf.dir/Core/Startup/startup_stm32f407vetx.s.obj
LOAD CMakeFiles/STM32F407_Demo2.elf.dir/Drivers/STM32F4xx_HAL_Driver/Src/stm32f4xx_hal.c.obj
LOAD CMakeFiles/STM32F407_Demo2.elf.dir/Drivers/STM32F4xx_HAL_Driver/Src/stm32f4xx_hal_cortex.c.obj
LOAD CMakeFiles/STM32F407_Demo2.elf.dir/Drivers/STM32F4xx_HAL_Driver/Src/stm32f4xx_hal_dma.c.obj
LOAD CMakeFiles/STM32F407_Demo2.elf.dir/Drivers/STM32F4xx_HAL_Driver/Src/stm32f4xx_hal_dma_ex.c.obj
LOAD CMakeFiles/STM32F407_Demo2.elf.dir/Drivers/STM32F4xx_HAL_Driver/Src/stm32f4xx_hal_exti.c.obj
LOAD CMakeFiles/STM32F407_Demo2.elf.dir/Drivers/STM32F4xx_HAL_Driver/Src/stm32f4xx_hal_flash.c.obj
LOAD CMakeFiles/STM32F407_Demo2.elf.dir/Drivers/STM32F4xx_HAL_Driver/Src/stm32f4xx_hal_flash_ex.c.obj
LOAD CMakeFiles/STM32F407_Demo2.elf.dir/Drivers/STM32F4xx_HAL_Driver/Src/stm32f4xx_hal_flash_ramfunc.c.obj
LOAD CMakeFiles/STM32F407_Demo2.elf.dir/Drivers/STM32F4xx_HAL_Driver/Src/stm32f4xx_hal_gpio.c.obj
LOAD CMakeFiles/STM32F407_Demo2.elf.dir/Drivers/STM32F4xx_HAL_Driver/Src/stm32f4xx_hal_pwr.c.obj
LOAD CMakeFiles/STM32F407_Demo2.elf.dir/Drivers/STM32F4xx_HAL_Driver/Src/stm32f4xx_hal_pwr_ex.c.obj
LOAD CMakeFiles/STM32F407_Demo2.elf.dir/Drivers/STM32F4xx_HAL_Driver/Src/stm32f4xx_hal_rcc.c.obj
LOAD CMakeFiles/STM32F407_Demo2.elf.dir/Drivers/STM32F4xx_HAL_Driver/Src/stm32f4xx_hal_rcc_ex.c.obj
LOAD CMakeFiles/STM32F407_Demo2.elf.dir/Drivers/STM32F4xx_HAL_Driver/Src/stm32f4xx_hal_tim.c.obj
LOAD CMakeFiles/STM32F407_Demo2.elf.dir/Drivers/STM32F4xx_HAL_Driver/Src/stm32f4xx_hal_tim_ex.c.obj
LOAD CMakeFiles/STM32F407_Demo2.elf.dir/Drivers/STM32F4xx_HAL_Driver/Src/stm32f4xx_hal_uart.c.obj
LOAD CMakeFiles/STM32F407_Demo2.elf.dir/User/Src/My_spi.c.obj
LOAD CMakeFiles/STM32F407_Demo2.elf.dir/User/Src/Show_oled_num.c.obj
LOAD CMakeFiles/STM32F407_Demo2.elf.dir/User/Src/bsp_GPIO_ENABLE.c.obj
LOAD CMakeFiles/STM32F407_Demo2.elf.dir/User/Src/bsp_KEY.c.obj
LOAD CMakeFiles/STM32F407_Demo2.elf.dir/User/Src/bsp_Mecanum.c.obj
LOAD CMakeFiles/STM32F407_Demo2.elf.dir/User/Src/bsp_beep.c.obj
LOAD CMakeFiles/STM32F407_Demo2.elf.dir/User/Src/bsp_delay.c.obj
LOAD CMakeFiles/STM32F407_Demo2.elf.dir/User/Src/bsp_encoder.c.obj
LOAD CMakeFiles/STM32F407_Demo2.elf.dir/User/Src/bsp_pid.c.obj
LOAD CMakeFiles/STM32F407_Demo2.elf.dir/User/Src/bsp_ps2.c.obj
LOAD CMakeFiles/STM32F407_Demo2.elf.dir/User/Src/motor_control.c.obj
LOAD CMakeFiles/STM32F407_Demo2.elf.dir/User/Src/oled.c.obj
LOAD CMakeFiles/STM32F407_Demo2.elf.dir/User/Src/retarget.c.obj
LOAD CMakeFiles/STM32F407_Demo2.elf.dir/User/wit_c_sdk/wit_c_sdk.c.obj
LOAD CMakeFiles/STM32F407_Demo2.elf.dir/User/wit_c_sdk/wit_callback.c.obj
START GROUP
LOAD f:/environment/gnu arm embedded toolchain/10 2021.10/bin/../lib/gcc/arm-none-eabi/10.3.1/thumb/v7e-m/nofp\libgcc.a
LOAD f:/environment/gnu arm embedded toolchain/10 2021.10/bin/../lib/gcc/arm-none-eabi/10.3.1/../../../../arm-none-eabi/lib/thumb/v7e-m/nofp\libg.a
LOAD f:/environment/gnu arm embedded toolchain/10 2021.10/bin/../lib/gcc/arm-none-eabi/10.3.1/../../../../arm-none-eabi/lib/thumb/v7e-m/nofp\libc.a
END GROUP
LOAD f:/environment/gnu arm embedded toolchain/10 2021.10/bin/../lib/gcc/arm-none-eabi/10.3.1/thumb/v7e-m/nofp/crtend.o
LOAD f:/environment/gnu arm embedded toolchain/10 2021.10/bin/../lib/gcc/arm-none-eabi/10.3.1/thumb/v7e-m/nofp/crtn.o
                0x20020000                _estack = (ORIGIN (RAM) + LENGTH (RAM))
                0x00000200                _Min_Heap_Size = 0x200
                0x00000400                _Min_Stack_Size = 0x400

.isr_vector     0x08000000      0x188
                0x08000000                . = ALIGN (0x4)
 *(.isr_vector)
 .isr_vector    0x08000000      0x188 CMakeFiles/STM32F407_Demo2.elf.dir/Core/Startup/startup_stm32f407vetx.s.obj
                0x08000000                g_pfnVectors
                0x08000188                . = ALIGN (0x4)

.text           0x080001c0     0xcdf8
                0x080001c0                . = ALIGN (0x4)
 *(.text)
 .text          0x080001c0       0x40 f:/environment/gnu arm embedded toolchain/10 2021.10/bin/../lib/gcc/arm-none-eabi/10.3.1/thumb/v7e-m/nofp/crtbegin.o
 .text          0x08000200      0x378 f:/environment/gnu arm embedded toolchain/10 2021.10/bin/../lib/gcc/arm-none-eabi/10.3.1/thumb/v7e-m/nofp\libgcc.a(_arm_addsubdf3.o)
                0x08000200                __aeabi_drsub
                0x08000208                __aeabi_dsub
                0x08000208                __subdf3
                0x0800020c                __aeabi_dadd
                0x0800020c                __adddf3
                0x08000484                __floatunsidf
                0x08000484                __aeabi_ui2d
                0x080004a4                __floatsidf
                0x080004a4                __aeabi_i2d
                0x080004c8                __aeabi_f2d
                0x080004c8                __extendsfdf2
                0x0800050c                __floatundidf
                0x0800050c                __aeabi_ul2d
                0x0800051c                __floatdidf
                0x0800051c                __aeabi_l2d
 .text          0x08000578      0x424 f:/environment/gnu arm embedded toolchain/10 2021.10/bin/../lib/gcc/arm-none-eabi/10.3.1/thumb/v7e-m/nofp\libgcc.a(_arm_muldivdf3.o)
                0x08000578                __aeabi_dmul
                0x08000578                __muldf3
                0x080007cc                __divdf3
                0x080007cc                __aeabi_ddiv
 .text          0x0800099c       0xa0 f:/environment/gnu arm embedded toolchain/10 2021.10/bin/../lib/gcc/arm-none-eabi/10.3.1/thumb/v7e-m/nofp\libgcc.a(_arm_truncdfsf2.o)
                0x0800099c                __truncdfsf2
                0x0800099c                __aeabi_d2f
 .text          0x08000a3c      0x21c f:/environment/gnu arm embedded toolchain/10 2021.10/bin/../lib/gcc/arm-none-eabi/10.3.1/thumb/v7e-m/nofp\libgcc.a(_arm_addsubsf3.o)
                0x08000a3c                __aeabi_frsub
                0x08000a44                __subsf3
                0x08000a44                __aeabi_fsub
                0x08000a48                __aeabi_fadd
                0x08000a48                __addsf3
                0x08000ba8                __aeabi_ui2f
                0x08000ba8                __floatunsisf
                0x08000bb0                __aeabi_i2f
                0x08000bb0                __floatsisf
                0x08000bcc                __aeabi_ul2f
                0x08000bcc                __floatundisf
                0x08000bdc                __aeabi_l2f
                0x08000bdc                __floatdisf
 .text          0x08000c58      0x2a0 f:/environment/gnu arm embedded toolchain/10 2021.10/bin/../lib/gcc/arm-none-eabi/10.3.1/thumb/v7e-m/nofp\libgcc.a(_arm_muldivsf3.o)
                0x08000c58                __mulsf3
                0x08000c58                __aeabi_fmul
                0x08000dc0                __aeabi_fdiv
                0x08000dc0                __divsf3
 .text          0x08000ef8       0xec f:/environment/gnu arm embedded toolchain/10 2021.10/bin/../lib/gcc/arm-none-eabi/10.3.1/thumb/v7e-m/nofp\libgcc.a(_arm_cmpsf2.o)
                0x08000ef8                __gesf2
                0x08000ef8                __gtsf2
                0x08000f00                __lesf2
                0x08000f00                __ltsf2
                0x08000f08                __nesf2
                0x08000f08                __eqsf2
                0x08000f08                __cmpsf2
                0x08000f68                __aeabi_cfrcmple
                0x08000f70                __aeabi_cfcmpeq
                0x08000f70                __aeabi_cfcmple
                0x08000f80                __aeabi_fcmpeq
                0x08000f94                __aeabi_fcmplt
                0x08000fa8                __aeabi_fcmple
                0x08000fbc                __aeabi_fcmpge
                0x08000fd0                __aeabi_fcmpgt
 .text          0x08000fe4       0x40 f:/environment/gnu arm embedded toolchain/10 2021.10/bin/../lib/gcc/arm-none-eabi/10.3.1/thumb/v7e-m/nofp\libgcc.a(_arm_fixunssfsi.o)
                0x08000fe4                __fixunssfsi
                0x08000fe4                __aeabi_f2uiz
 .text          0x08001024       0x30 f:/environment/gnu arm embedded toolchain/10 2021.10/bin/../lib/gcc/arm-none-eabi/10.3.1/thumb/v7e-m/nofp\libgcc.a(_aeabi_uldivmod.o)
                0x08001024                __aeabi_uldivmod
 .text          0x08001054      0x2d0 f:/environment/gnu arm embedded toolchain/10 2021.10/bin/../lib/gcc/arm-none-eabi/10.3.1/thumb/v7e-m/nofp\libgcc.a(_udivmoddi4.o)
                0x08001054                __udivmoddi4
 .text          0x08001324        0x4 f:/environment/gnu arm embedded toolchain/10 2021.10/bin/../lib/gcc/arm-none-eabi/10.3.1/thumb/v7e-m/nofp\libgcc.a(_dvmd_tls.o)
                0x08001324                __aeabi_idiv0
                0x08001324                __aeabi_ldiv0
 .text          0x08001328      0x134 f:/environment/gnu arm embedded toolchain/10 2021.10/bin/../lib/gcc/arm-none-eabi/10.3.1/../../../../arm-none-eabi/lib/thumb/v7e-m/nofp\libg.a(lib_a-memcpy.o)
                0x08001328                memcpy
 *fill*         0x0800145c       0x24 
 .text          0x08001480       0xdc f:/environment/gnu arm embedded toolchain/10 2021.10/bin/../lib/gcc/arm-none-eabi/10.3.1/../../../../arm-none-eabi/lib/thumb/v7e-m/nofp\libg.a(lib_a-strlen.o)
                0x08001480                strlen
 *fill*         0x0800155c        0x4 
 .text          0x08001560       0xa0 f:/environment/gnu arm embedded toolchain/10 2021.10/bin/../lib/gcc/arm-none-eabi/10.3.1/../../../../arm-none-eabi/lib/thumb/v7e-m/nofp\libg.a(lib_a-memchr.o)
                0x08001560                memchr
 .text          0x08001600      0x110 f:/environment/gnu arm embedded toolchain/10 2021.10/bin/../lib/gcc/arm-none-eabi/10.3.1/thumb/v7e-m/nofp\libgcc.a(_arm_cmpdf2.o)
                0x08001600                __gtdf2
                0x08001600                __gedf2
                0x08001608                __ltdf2
                0x08001608                __ledf2
                0x08001610                __nedf2
                0x08001610                __eqdf2
                0x08001610                __cmpdf2
                0x0800168c                __aeabi_cdrcmple
                0x0800169c                __aeabi_cdcmpeq
                0x0800169c                __aeabi_cdcmple
                0x080016ac                __aeabi_dcmpeq
                0x080016c0                __aeabi_dcmplt
                0x080016d4                __aeabi_dcmple
                0x080016e8                __aeabi_dcmpge
                0x080016fc                __aeabi_dcmpgt
 .text          0x08001710       0x2c f:/environment/gnu arm embedded toolchain/10 2021.10/bin/../lib/gcc/arm-none-eabi/10.3.1/thumb/v7e-m/nofp\libgcc.a(_arm_unorddf2.o)
                0x08001710                __unorddf2
                0x08001710                __aeabi_dcmpun
 .text          0x0800173c       0x50 f:/environment/gnu arm embedded toolchain/10 2021.10/bin/../lib/gcc/arm-none-eabi/10.3.1/thumb/v7e-m/nofp\libgcc.a(_arm_fixdfsi.o)
                0x0800173c                __aeabi_d2iz
                0x0800173c                __fixdfsi
 *(.text*)
 .text.MX_DMA_Init
                0x0800178c       0x44 CMakeFiles/STM32F407_Demo2.elf.dir/Core/Src/dma.c.obj
                0x0800178c                MX_DMA_Init
 .text.MX_GPIO_Init
                0x080017d0       0xd8 CMakeFiles/STM32F407_Demo2.elf.dir/Core/Src/gpio.c.obj
                0x080017d0                MX_GPIO_Init
 .text.Error_Handler
                0x080018a8        0x4 CMakeFiles/STM32F407_Demo2.elf.dir/Core/Src/main.c.obj
                0x080018a8                Error_Handler
 .text.SystemClock_Config
                0x080018ac       0xa8 CMakeFiles/STM32F407_Demo2.elf.dir/Core/Src/main.c.obj
                0x080018ac                SystemClock_Config
 *fill*         0x08001954        0x4 
 .text.main     0x08001958      0x614 CMakeFiles/STM32F407_Demo2.elf.dir/Core/Src/main.c.obj
                0x08001958                main
 .text.HAL_MspInit
                0x08001f6c       0x38 CMakeFiles/STM32F407_Demo2.elf.dir/Core/Src/stm32f4xx_hal_msp.c.obj
                0x08001f6c                HAL_MspInit
 .text.NMI_Handler
                0x08001fa4        0x2 CMakeFiles/STM32F407_Demo2.elf.dir/Core/Src/stm32f4xx_it.c.obj
                0x08001fa4                NMI_Handler
 .text.HardFault_Handler
                0x08001fa6        0x2 CMakeFiles/STM32F407_Demo2.elf.dir/Core/Src/stm32f4xx_it.c.obj
                0x08001fa6                HardFault_Handler
 .text.MemManage_Handler
                0x08001fa8        0x2 CMakeFiles/STM32F407_Demo2.elf.dir/Core/Src/stm32f4xx_it.c.obj
                0x08001fa8                MemManage_Handler
 .text.BusFault_Handler
                0x08001faa        0x2 CMakeFiles/STM32F407_Demo2.elf.dir/Core/Src/stm32f4xx_it.c.obj
                0x08001faa                BusFault_Handler
 .text.UsageFault_Handler
                0x08001fac        0x2 CMakeFiles/STM32F407_Demo2.elf.dir/Core/Src/stm32f4xx_it.c.obj
                0x08001fac                UsageFault_Handler
 .text.SVC_Handler
                0x08001fae        0x2 CMakeFiles/STM32F407_Demo2.elf.dir/Core/Src/stm32f4xx_it.c.obj
                0x08001fae                SVC_Handler
 .text.DebugMon_Handler
                0x08001fb0        0x2 CMakeFiles/STM32F407_Demo2.elf.dir/Core/Src/stm32f4xx_it.c.obj
                0x08001fb0                DebugMon_Handler
 .text.PendSV_Handler
                0x08001fb2        0x2 CMakeFiles/STM32F407_Demo2.elf.dir/Core/Src/stm32f4xx_it.c.obj
                0x08001fb2                PendSV_Handler
 .text.SysTick_Handler
                0x08001fb4        0x8 CMakeFiles/STM32F407_Demo2.elf.dir/Core/Src/stm32f4xx_it.c.obj
                0x08001fb4                SysTick_Handler
 .text.DMA1_Stream5_IRQHandler
                0x08001fbc       0x10 CMakeFiles/STM32F407_Demo2.elf.dir/Core/Src/stm32f4xx_it.c.obj
                0x08001fbc                DMA1_Stream5_IRQHandler
 .text.DMA1_Stream6_IRQHandler
                0x08001fcc       0x10 CMakeFiles/STM32F407_Demo2.elf.dir/Core/Src/stm32f4xx_it.c.obj
                0x08001fcc                DMA1_Stream6_IRQHandler
 .text.USART2_IRQHandler
                0x08001fdc       0x60 CMakeFiles/STM32F407_Demo2.elf.dir/Core/Src/stm32f4xx_it.c.obj
                0x08001fdc                USART2_IRQHandler
 .text.USART3_IRQHandler
                0x0800203c       0x10 CMakeFiles/STM32F407_Demo2.elf.dir/Core/Src/stm32f4xx_it.c.obj
                0x0800203c                USART3_IRQHandler
 .text.TIM8_TRG_COM_TIM14_IRQHandler
                0x0800204c       0x10 CMakeFiles/STM32F407_Demo2.elf.dir/Core/Src/stm32f4xx_it.c.obj
                0x0800204c                TIM8_TRG_COM_TIM14_IRQHandler
 .text.UART4_IRQHandler
                0x0800205c       0x10 CMakeFiles/STM32F407_Demo2.elf.dir/Core/Src/stm32f4xx_it.c.obj
                0x0800205c                UART4_IRQHandler
 .text.TIM6_DAC_IRQHandler
                0x0800206c       0x10 CMakeFiles/STM32F407_Demo2.elf.dir/Core/Src/stm32f4xx_it.c.obj
                0x0800206c                TIM6_DAC_IRQHandler
 .text.TIM7_IRQHandler
                0x0800207c       0x10 CMakeFiles/STM32F407_Demo2.elf.dir/Core/Src/stm32f4xx_it.c.obj
                0x0800207c                TIM7_IRQHandler
 .text.HAL_UART_RxCpltCallback
                0x0800208c       0x5c CMakeFiles/STM32F407_Demo2.elf.dir/Core/Src/stm32f4xx_it.c.obj
                0x0800208c                HAL_UART_RxCpltCallback
 .text._getpid  0x080020e8        0x4 CMakeFiles/STM32F407_Demo2.elf.dir/Core/Src/syscalls.c.obj
                0x080020e8                _getpid
 .text._kill    0x080020ec       0x10 CMakeFiles/STM32F407_Demo2.elf.dir/Core/Src/syscalls.c.obj
                0x080020ec                _kill
 .text._exit    0x080020fc        0xc CMakeFiles/STM32F407_Demo2.elf.dir/Core/Src/syscalls.c.obj
                0x080020fc                _exit
 .text._sbrk    0x08002108       0x48 CMakeFiles/STM32F407_Demo2.elf.dir/Core/Src/sysmem.c.obj
                0x08002108                _sbrk
 .text.SystemInit
                0x08002150        0x2 CMakeFiles/STM32F407_Demo2.elf.dir/Core/Src/system_stm32f4xx.c.obj
                0x08002150                SystemInit
 *fill*         0x08002152        0x2 
 .text.MX_TIM2_Init
                0x08002154       0x64 CMakeFiles/STM32F407_Demo2.elf.dir/Core/Src/tim.c.obj
                0x08002154                MX_TIM2_Init
 .text.MX_TIM3_Init
                0x080021b8       0x64 CMakeFiles/STM32F407_Demo2.elf.dir/Core/Src/tim.c.obj
                0x080021b8                MX_TIM3_Init
 .text.MX_TIM4_Init
                0x0800221c       0x68 CMakeFiles/STM32F407_Demo2.elf.dir/Core/Src/tim.c.obj
                0x0800221c                MX_TIM4_Init
 .text.MX_TIM5_Init
                0x08002284       0x68 CMakeFiles/STM32F407_Demo2.elf.dir/Core/Src/tim.c.obj
                0x08002284                MX_TIM5_Init
 .text.MX_TIM6_Init
                0x080022ec       0x54 CMakeFiles/STM32F407_Demo2.elf.dir/Core/Src/tim.c.obj
                0x080022ec                MX_TIM6_Init
 .text.MX_TIM7_Init
                0x08002340       0x50 CMakeFiles/STM32F407_Demo2.elf.dir/Core/Src/tim.c.obj
                0x08002340                MX_TIM7_Init
 .text.MX_TIM13_Init
                0x08002390       0x30 CMakeFiles/STM32F407_Demo2.elf.dir/Core/Src/tim.c.obj
                0x08002390                MX_TIM13_Init
 .text.MX_TIM14_Init
                0x080023c0       0x34 CMakeFiles/STM32F407_Demo2.elf.dir/Core/Src/tim.c.obj
                0x080023c0                MX_TIM14_Init
 .text.HAL_TIM_Base_MspInit
                0x080023f4      0x158 CMakeFiles/STM32F407_Demo2.elf.dir/Core/Src/tim.c.obj
                0x080023f4                HAL_TIM_Base_MspInit
 .text.HAL_TIM_Encoder_MspInit
                0x0800254c      0x174 CMakeFiles/STM32F407_Demo2.elf.dir/Core/Src/tim.c.obj
                0x0800254c                HAL_TIM_Encoder_MspInit
 .text.HAL_TIM_MspPostInit
                0x080026c0      0x10c CMakeFiles/STM32F407_Demo2.elf.dir/Core/Src/tim.c.obj
                0x080026c0                HAL_TIM_MspPostInit
 .text.MX_TIM1_Init
                0x080027cc      0x124 CMakeFiles/STM32F407_Demo2.elf.dir/Core/Src/tim.c.obj
                0x080027cc                MX_TIM1_Init
 .text.MX_TIM9_Init
                0x080028f0       0xa8 CMakeFiles/STM32F407_Demo2.elf.dir/Core/Src/tim.c.obj
                0x080028f0                MX_TIM9_Init
 .text.MX_TIM10_Init
                0x08002998       0x78 CMakeFiles/STM32F407_Demo2.elf.dir/Core/Src/tim.c.obj
                0x08002998                MX_TIM10_Init
 .text.MX_TIM11_Init
                0x08002a10       0x78 CMakeFiles/STM32F407_Demo2.elf.dir/Core/Src/tim.c.obj
                0x08002a10                MX_TIM11_Init
 .text.MX_UART4_Init
                0x08002a88       0x34 CMakeFiles/STM32F407_Demo2.elf.dir/Core/Src/usart.c.obj
                0x08002a88                MX_UART4_Init
 .text.MX_USART2_UART_Init
                0x08002abc       0x34 CMakeFiles/STM32F407_Demo2.elf.dir/Core/Src/usart.c.obj
                0x08002abc                MX_USART2_UART_Init
 .text.MX_USART3_UART_Init
                0x08002af0       0x34 CMakeFiles/STM32F407_Demo2.elf.dir/Core/Src/usart.c.obj
                0x08002af0                MX_USART3_UART_Init
 .text.HAL_UART_MspInit
                0x08002b24      0x1d0 CMakeFiles/STM32F407_Demo2.elf.dir/Core/Src/usart.c.obj
                0x08002b24                HAL_UART_MspInit
 .text.Reset_Handler
                0x08002cf4       0x50 CMakeFiles/STM32F407_Demo2.elf.dir/Core/Startup/startup_stm32f407vetx.s.obj
                0x08002cf4                Reset_Handler
 .text.Default_Handler
                0x08002d44        0x2 CMakeFiles/STM32F407_Demo2.elf.dir/Core/Startup/startup_stm32f407vetx.s.obj
                0x08002d44                RTC_Alarm_IRQHandler
                0x08002d44                HASH_RNG_IRQHandler
                0x08002d44                EXTI2_IRQHandler
                0x08002d44                TIM8_CC_IRQHandler
                0x08002d44                TIM1_CC_IRQHandler
                0x08002d44                DMA2_Stream5_IRQHandler
                0x08002d44                PVD_IRQHandler
                0x08002d44                SDIO_IRQHandler
                0x08002d44                TAMP_STAMP_IRQHandler
                0x08002d44                CAN2_RX1_IRQHandler
                0x08002d44                EXTI3_IRQHandler
                0x08002d44                TIM1_UP_TIM10_IRQHandler
                0x08002d44                TIM8_UP_TIM13_IRQHandler
                0x08002d44                I2C3_ER_IRQHandler
                0x08002d44                EXTI0_IRQHandler
                0x08002d44                I2C2_EV_IRQHandler
                0x08002d44                DMA1_Stream2_IRQHandler
                0x08002d44                CAN1_RX0_IRQHandler
                0x08002d44                FPU_IRQHandler
                0x08002d44                OTG_HS_WKUP_IRQHandler
                0x08002d44                CAN2_SCE_IRQHandler
                0x08002d44                DMA2_Stream2_IRQHandler
                0x08002d44                SPI1_IRQHandler
                0x08002d44                TIM1_BRK_TIM9_IRQHandler
                0x08002d44                DCMI_IRQHandler
                0x08002d44                CAN2_RX0_IRQHandler
                0x08002d44                DMA2_Stream3_IRQHandler
                0x08002d44                USART6_IRQHandler
                0x08002d44                CAN1_RX1_IRQHandler
                0x08002d44                UART5_IRQHandler
                0x08002d44                DMA2_Stream0_IRQHandler
                0x08002d44                TIM4_IRQHandler
                0x08002d44                I2C1_EV_IRQHandler
                0x08002d44                DMA1_Stream1_IRQHandler
                0x08002d44                TIM3_IRQHandler
                0x08002d44                RCC_IRQHandler
                0x08002d44                TIM8_BRK_TIM12_IRQHandler
                0x08002d44                Default_Handler
                0x08002d44                EXTI15_10_IRQHandler
                0x08002d44                ADC_IRQHandler
                0x08002d44                DMA1_Stream7_IRQHandler
                0x08002d44                CAN2_TX_IRQHandler
                0x08002d44                TIM5_IRQHandler
                0x08002d44                DMA2_Stream7_IRQHandler
                0x08002d44                I2C3_EV_IRQHandler
                0x08002d44                EXTI9_5_IRQHandler
                0x08002d44                RTC_WKUP_IRQHandler
                0x08002d44                ETH_WKUP_IRQHandler
                0x08002d44                SPI2_IRQHandler
                0x08002d44                OTG_HS_EP1_IN_IRQHandler
                0x08002d44                DMA1_Stream0_IRQHandler
                0x08002d44                CAN1_TX_IRQHandler
                0x08002d44                EXTI4_IRQHandler
                0x08002d44                FSMC_IRQHandler
                0x08002d44                ETH_IRQHandler
                0x08002d44                OTG_HS_EP1_OUT_IRQHandler
                0x08002d44                WWDG_IRQHandler
                0x08002d44                TIM2_IRQHandler
                0x08002d44                OTG_FS_WKUP_IRQHandler
                0x08002d44                TIM1_TRG_COM_TIM11_IRQHandler
                0x08002d44                OTG_HS_IRQHandler
                0x08002d44                EXTI1_IRQHandler
                0x08002d44                I2C2_ER_IRQHandler
                0x08002d44                DMA2_Stream1_IRQHandler
                0x08002d44                CAN1_SCE_IRQHandler
                0x08002d44                FLASH_IRQHandler
                0x08002d44                DMA2_Stream4_IRQHandler
                0x08002d44                USART1_IRQHandler
                0x08002d44                OTG_FS_IRQHandler
                0x08002d44                SPI3_IRQHandler
                0x08002d44                DMA1_Stream4_IRQHandler
                0x08002d44                I2C1_ER_IRQHandler
                0x08002d44                DMA2_Stream6_IRQHandler
                0x08002d44                DMA1_Stream3_IRQHandler
 *fill*         0x08002d46        0x2 
 .text.HAL_InitTick
                0x08002d48       0x4c CMakeFiles/STM32F407_Demo2.elf.dir/Drivers/STM32F4xx_HAL_Driver/Src/stm32f4xx_hal.c.obj
                0x08002d48                HAL_InitTick
 .text.HAL_Init
                0x08002d94       0x34 CMakeFiles/STM32F407_Demo2.elf.dir/Drivers/STM32F4xx_HAL_Driver/Src/stm32f4xx_hal.c.obj
                0x08002d94                HAL_Init
 .text.HAL_IncTick
                0x08002dc8       0x18 CMakeFiles/STM32F407_Demo2.elf.dir/Drivers/STM32F4xx_HAL_Driver/Src/stm32f4xx_hal.c.obj
                0x08002dc8                HAL_IncTick
 .text.HAL_GetTick
                0x08002de0        0xc CMakeFiles/STM32F407_Demo2.elf.dir/Drivers/STM32F4xx_HAL_Driver/Src/stm32f4xx_hal.c.obj
                0x08002de0                HAL_GetTick
 .text.HAL_Delay
                0x08002dec       0x28 CMakeFiles/STM32F407_Demo2.elf.dir/Drivers/STM32F4xx_HAL_Driver/Src/stm32f4xx_hal.c.obj
                0x08002dec                HAL_Delay
 .text.HAL_NVIC_SetPriorityGrouping
                0x08002e14       0x24 CMakeFiles/STM32F407_Demo2.elf.dir/Drivers/STM32F4xx_HAL_Driver/Src/stm32f4xx_hal_cortex.c.obj
                0x08002e14                HAL_NVIC_SetPriorityGrouping
 .text.HAL_NVIC_SetPriority
                0x08002e38       0x70 CMakeFiles/STM32F407_Demo2.elf.dir/Drivers/STM32F4xx_HAL_Driver/Src/stm32f4xx_hal_cortex.c.obj
                0x08002e38                HAL_NVIC_SetPriority
 .text.HAL_NVIC_EnableIRQ
                0x08002ea8       0x1c CMakeFiles/STM32F407_Demo2.elf.dir/Drivers/STM32F4xx_HAL_Driver/Src/stm32f4xx_hal_cortex.c.obj
                0x08002ea8                HAL_NVIC_EnableIRQ
 .text.HAL_SYSTICK_Config
                0x08002ec4       0x28 CMakeFiles/STM32F407_Demo2.elf.dir/Drivers/STM32F4xx_HAL_Driver/Src/stm32f4xx_hal_cortex.c.obj
                0x08002ec4                HAL_SYSTICK_Config
 .text.DMA_SetConfig
                0x08002eec       0x2c CMakeFiles/STM32F407_Demo2.elf.dir/Drivers/STM32F4xx_HAL_Driver/Src/stm32f4xx_hal_dma.c.obj
 .text.DMA_CalcBaseAndBitshift
                0x08002f18       0x40 CMakeFiles/STM32F407_Demo2.elf.dir/Drivers/STM32F4xx_HAL_Driver/Src/stm32f4xx_hal_dma.c.obj
 .text.DMA_CheckFifoParam
                0x08002f58       0x8e CMakeFiles/STM32F407_Demo2.elf.dir/Drivers/STM32F4xx_HAL_Driver/Src/stm32f4xx_hal_dma.c.obj
 *fill*         0x08002fe6        0x2 
 .text.HAL_DMA_Init
                0x08002fe8       0xcc CMakeFiles/STM32F407_Demo2.elf.dir/Drivers/STM32F4xx_HAL_Driver/Src/stm32f4xx_hal_dma.c.obj
                0x08002fe8                HAL_DMA_Init
 .text.HAL_DMA_Start_IT
                0x080030b4       0x6a CMakeFiles/STM32F407_Demo2.elf.dir/Drivers/STM32F4xx_HAL_Driver/Src/stm32f4xx_hal_dma.c.obj
                0x080030b4                HAL_DMA_Start_IT
 .text.HAL_DMA_Abort
                0x0800311e       0x94 CMakeFiles/STM32F407_Demo2.elf.dir/Drivers/STM32F4xx_HAL_Driver/Src/stm32f4xx_hal_dma.c.obj
                0x0800311e                HAL_DMA_Abort
 .text.HAL_DMA_Abort_IT
                0x080031b2       0x26 CMakeFiles/STM32F407_Demo2.elf.dir/Drivers/STM32F4xx_HAL_Driver/Src/stm32f4xx_hal_dma.c.obj
                0x080031b2                HAL_DMA_Abort_IT
 .text.HAL_DMA_IRQHandler
                0x080031d8      0x1dc CMakeFiles/STM32F407_Demo2.elf.dir/Drivers/STM32F4xx_HAL_Driver/Src/stm32f4xx_hal_dma.c.obj
                0x080031d8                HAL_DMA_IRQHandler
 .text.HAL_GPIO_Init
                0x080033b4      0x1e4 CMakeFiles/STM32F407_Demo2.elf.dir/Drivers/STM32F4xx_HAL_Driver/Src/stm32f4xx_hal_gpio.c.obj
                0x080033b4                HAL_GPIO_Init
 .text.HAL_GPIO_ReadPin
                0x08003598        0xe CMakeFiles/STM32F407_Demo2.elf.dir/Drivers/STM32F4xx_HAL_Driver/Src/stm32f4xx_hal_gpio.c.obj
                0x08003598                HAL_GPIO_ReadPin
 .text.HAL_GPIO_WritePin
                0x080035a6        0xc CMakeFiles/STM32F407_Demo2.elf.dir/Drivers/STM32F4xx_HAL_Driver/Src/stm32f4xx_hal_gpio.c.obj
                0x080035a6                HAL_GPIO_WritePin
 *fill*         0x080035b2        0x2 
 .text.HAL_RCC_OscConfig
                0x080035b4      0x3f8 CMakeFiles/STM32F407_Demo2.elf.dir/Drivers/STM32F4xx_HAL_Driver/Src/stm32f4xx_hal_rcc.c.obj
                0x080035b4                HAL_RCC_OscConfig
 .text.HAL_RCC_GetSysClockFreq
                0x080039ac       0xd4 CMakeFiles/STM32F407_Demo2.elf.dir/Drivers/STM32F4xx_HAL_Driver/Src/stm32f4xx_hal_rcc.c.obj
                0x080039ac                HAL_RCC_GetSysClockFreq
 .text.HAL_RCC_ClockConfig
                0x08003a80      0x160 CMakeFiles/STM32F407_Demo2.elf.dir/Drivers/STM32F4xx_HAL_Driver/Src/stm32f4xx_hal_rcc.c.obj
                0x08003a80                HAL_RCC_ClockConfig
 .text.HAL_RCC_GetHCLKFreq
                0x08003be0        0xc CMakeFiles/STM32F407_Demo2.elf.dir/Drivers/STM32F4xx_HAL_Driver/Src/stm32f4xx_hal_rcc.c.obj
                0x08003be0                HAL_RCC_GetHCLKFreq
 .text.HAL_RCC_GetPCLK1Freq
                0x08003bec       0x20 CMakeFiles/STM32F407_Demo2.elf.dir/Drivers/STM32F4xx_HAL_Driver/Src/stm32f4xx_hal_rcc.c.obj
                0x08003bec                HAL_RCC_GetPCLK1Freq
 .text.HAL_RCC_GetPCLK2Freq
                0x08003c0c       0x20 CMakeFiles/STM32F407_Demo2.elf.dir/Drivers/STM32F4xx_HAL_Driver/Src/stm32f4xx_hal_rcc.c.obj
                0x08003c0c                HAL_RCC_GetPCLK2Freq
 .text.TIM_OC1_SetConfig
                0x08003c2c       0x68 CMakeFiles/STM32F407_Demo2.elf.dir/Drivers/STM32F4xx_HAL_Driver/Src/stm32f4xx_hal_tim.c.obj
 .text.TIM_OC3_SetConfig
                0x08003c94       0x70 CMakeFiles/STM32F407_Demo2.elf.dir/Drivers/STM32F4xx_HAL_Driver/Src/stm32f4xx_hal_tim.c.obj
 .text.TIM_OC4_SetConfig
                0x08003d04       0x50 CMakeFiles/STM32F407_Demo2.elf.dir/Drivers/STM32F4xx_HAL_Driver/Src/stm32f4xx_hal_tim.c.obj
 .text.TIM_TI1_ConfigInputStage
                0x08003d54       0x24 CMakeFiles/STM32F407_Demo2.elf.dir/Drivers/STM32F4xx_HAL_Driver/Src/stm32f4xx_hal_tim.c.obj
 .text.TIM_TI2_ConfigInputStage
                0x08003d78       0x26 CMakeFiles/STM32F407_Demo2.elf.dir/Drivers/STM32F4xx_HAL_Driver/Src/stm32f4xx_hal_tim.c.obj
 .text.TIM_ITRx_SetConfig
                0x08003d9e       0x10 CMakeFiles/STM32F407_Demo2.elf.dir/Drivers/STM32F4xx_HAL_Driver/Src/stm32f4xx_hal_tim.c.obj
 *fill*         0x08003dae        0x2 
 .text.HAL_TIM_Base_Start
                0x08003db0       0x7c CMakeFiles/STM32F407_Demo2.elf.dir/Drivers/STM32F4xx_HAL_Driver/Src/stm32f4xx_hal_tim.c.obj
                0x08003db0                HAL_TIM_Base_Start
 .text.HAL_TIM_Base_Stop
                0x08003e2c       0x28 CMakeFiles/STM32F407_Demo2.elf.dir/Drivers/STM32F4xx_HAL_Driver/Src/stm32f4xx_hal_tim.c.obj
                0x08003e2c                HAL_TIM_Base_Stop
 .text.HAL_TIM_Base_Start_IT
                0x08003e54       0x88 CMakeFiles/STM32F407_Demo2.elf.dir/Drivers/STM32F4xx_HAL_Driver/Src/stm32f4xx_hal_tim.c.obj
                0x08003e54                HAL_TIM_Base_Start_IT
 .text.HAL_TIM_PWM_MspInit
                0x08003edc        0x2 CMakeFiles/STM32F407_Demo2.elf.dir/Drivers/STM32F4xx_HAL_Driver/Src/stm32f4xx_hal_tim.c.obj
                0x08003edc                HAL_TIM_PWM_MspInit
 .text.HAL_TIM_OC_DelayElapsedCallback
                0x08003ede        0x2 CMakeFiles/STM32F407_Demo2.elf.dir/Drivers/STM32F4xx_HAL_Driver/Src/stm32f4xx_hal_tim.c.obj
                0x08003ede                HAL_TIM_OC_DelayElapsedCallback
 .text.HAL_TIM_IC_CaptureCallback
                0x08003ee0        0x2 CMakeFiles/STM32F407_Demo2.elf.dir/Drivers/STM32F4xx_HAL_Driver/Src/stm32f4xx_hal_tim.c.obj
                0x08003ee0                HAL_TIM_IC_CaptureCallback
 .text.HAL_TIM_PWM_PulseFinishedCallback
                0x08003ee2        0x2 CMakeFiles/STM32F407_Demo2.elf.dir/Drivers/STM32F4xx_HAL_Driver/Src/stm32f4xx_hal_tim.c.obj
                0x08003ee2                HAL_TIM_PWM_PulseFinishedCallback
 .text.HAL_TIM_TriggerCallback
                0x08003ee4        0x2 CMakeFiles/STM32F407_Demo2.elf.dir/Drivers/STM32F4xx_HAL_Driver/Src/stm32f4xx_hal_tim.c.obj
                0x08003ee4                HAL_TIM_TriggerCallback
 .text.HAL_TIM_IRQHandler
                0x08003ee6      0x17a CMakeFiles/STM32F407_Demo2.elf.dir/Drivers/STM32F4xx_HAL_Driver/Src/stm32f4xx_hal_tim.c.obj
                0x08003ee6                HAL_TIM_IRQHandler
 .text.TIM_Base_SetConfig
                0x08004060       0xc8 CMakeFiles/STM32F407_Demo2.elf.dir/Drivers/STM32F4xx_HAL_Driver/Src/stm32f4xx_hal_tim.c.obj
                0x08004060                TIM_Base_SetConfig
 .text.HAL_TIM_Base_Init
                0x08004128       0x58 CMakeFiles/STM32F407_Demo2.elf.dir/Drivers/STM32F4xx_HAL_Driver/Src/stm32f4xx_hal_tim.c.obj
                0x08004128                HAL_TIM_Base_Init
 .text.HAL_TIM_PWM_Init
                0x08004180       0x58 CMakeFiles/STM32F407_Demo2.elf.dir/Drivers/STM32F4xx_HAL_Driver/Src/stm32f4xx_hal_tim.c.obj
                0x08004180                HAL_TIM_PWM_Init
 .text.HAL_TIM_Encoder_Init
                0x080041d8       0xb8 CMakeFiles/STM32F407_Demo2.elf.dir/Drivers/STM32F4xx_HAL_Driver/Src/stm32f4xx_hal_tim.c.obj
                0x080041d8                HAL_TIM_Encoder_Init
 .text.TIM_OC2_SetConfig
                0x08004290       0x70 CMakeFiles/STM32F407_Demo2.elf.dir/Drivers/STM32F4xx_HAL_Driver/Src/stm32f4xx_hal_tim.c.obj
                0x08004290                TIM_OC2_SetConfig
 .text.HAL_TIM_PWM_ConfigChannel
                0x08004300       0xdc CMakeFiles/STM32F407_Demo2.elf.dir/Drivers/STM32F4xx_HAL_Driver/Src/stm32f4xx_hal_tim.c.obj
                0x08004300                HAL_TIM_PWM_ConfigChannel
 .text.TIM_ETR_SetConfig
                0x080043dc       0x18 CMakeFiles/STM32F407_Demo2.elf.dir/Drivers/STM32F4xx_HAL_Driver/Src/stm32f4xx_hal_tim.c.obj
                0x080043dc                TIM_ETR_SetConfig
 .text.HAL_TIM_ConfigClockSource
                0x080043f4       0xfe CMakeFiles/STM32F407_Demo2.elf.dir/Drivers/STM32F4xx_HAL_Driver/Src/stm32f4xx_hal_tim.c.obj
                0x080043f4                HAL_TIM_ConfigClockSource
 .text.TIM_CCxChannelCmd
                0x080044f2       0x1e CMakeFiles/STM32F407_Demo2.elf.dir/Drivers/STM32F4xx_HAL_Driver/Src/stm32f4xx_hal_tim.c.obj
                0x080044f2                TIM_CCxChannelCmd
 .text.HAL_TIM_PWM_Start
                0x08004510      0x104 CMakeFiles/STM32F407_Demo2.elf.dir/Drivers/STM32F4xx_HAL_Driver/Src/stm32f4xx_hal_tim.c.obj
                0x08004510                HAL_TIM_PWM_Start
 .text.HAL_TIM_PWM_Stop
                0x08004614       0x8c CMakeFiles/STM32F407_Demo2.elf.dir/Drivers/STM32F4xx_HAL_Driver/Src/stm32f4xx_hal_tim.c.obj
                0x08004614                HAL_TIM_PWM_Stop
 .text.HAL_TIM_Encoder_Start
                0x080046a0       0xcc CMakeFiles/STM32F407_Demo2.elf.dir/Drivers/STM32F4xx_HAL_Driver/Src/stm32f4xx_hal_tim.c.obj
                0x080046a0                HAL_TIM_Encoder_Start
 .text.HAL_TIM_Encoder_Stop
                0x0800476c       0xc4 CMakeFiles/STM32F407_Demo2.elf.dir/Drivers/STM32F4xx_HAL_Driver/Src/stm32f4xx_hal_tim.c.obj
                0x0800476c                HAL_TIM_Encoder_Stop
 .text.HAL_TIMEx_MasterConfigSynchronization
                0x08004830       0x8c CMakeFiles/STM32F407_Demo2.elf.dir/Drivers/STM32F4xx_HAL_Driver/Src/stm32f4xx_hal_tim_ex.c.obj
                0x08004830                HAL_TIMEx_MasterConfigSynchronization
 .text.HAL_TIMEx_ConfigBreakDeadTime
                0x080048bc       0x52 CMakeFiles/STM32F407_Demo2.elf.dir/Drivers/STM32F4xx_HAL_Driver/Src/stm32f4xx_hal_tim_ex.c.obj
                0x080048bc                HAL_TIMEx_ConfigBreakDeadTime
 .text.HAL_TIMEx_CommutCallback
                0x0800490e        0x2 CMakeFiles/STM32F407_Demo2.elf.dir/Drivers/STM32F4xx_HAL_Driver/Src/stm32f4xx_hal_tim_ex.c.obj
                0x0800490e                HAL_TIMEx_CommutCallback
 .text.HAL_TIMEx_BreakCallback
                0x08004910        0x2 CMakeFiles/STM32F407_Demo2.elf.dir/Drivers/STM32F4xx_HAL_Driver/Src/stm32f4xx_hal_tim_ex.c.obj
                0x08004910                HAL_TIMEx_BreakCallback
 .text.UART_EndTxTransfer
                0x08004912       0x20 CMakeFiles/STM32F407_Demo2.elf.dir/Drivers/STM32F4xx_HAL_Driver/Src/stm32f4xx_hal_uart.c.obj
 .text.UART_EndRxTransfer
                0x08004932       0x5c CMakeFiles/STM32F407_Demo2.elf.dir/Drivers/STM32F4xx_HAL_Driver/Src/stm32f4xx_hal_uart.c.obj
 .text.UART_Transmit_IT
                0x0800498e       0x60 CMakeFiles/STM32F407_Demo2.elf.dir/Drivers/STM32F4xx_HAL_Driver/Src/stm32f4xx_hal_uart.c.obj
 *fill*         0x080049ee        0x2 
 .text.UART_SetConfig
                0x080049f0      0x110 CMakeFiles/STM32F407_Demo2.elf.dir/Drivers/STM32F4xx_HAL_Driver/Src/stm32f4xx_hal_uart.c.obj
 .text.UART_WaitOnFlagUntilTimeout
                0x08004b00       0x88 CMakeFiles/STM32F407_Demo2.elf.dir/Drivers/STM32F4xx_HAL_Driver/Src/stm32f4xx_hal_uart.c.obj
 .text.HAL_UART_Init
                0x08004b88       0x5e CMakeFiles/STM32F407_Demo2.elf.dir/Drivers/STM32F4xx_HAL_Driver/Src/stm32f4xx_hal_uart.c.obj
                0x08004b88                HAL_UART_Init
 .text.HAL_UART_Transmit
                0x08004be6       0xd8 CMakeFiles/STM32F407_Demo2.elf.dir/Drivers/STM32F4xx_HAL_Driver/Src/stm32f4xx_hal_uart.c.obj
                0x08004be6                HAL_UART_Transmit
 .text.HAL_UART_Receive
                0x08004cbe       0xe4 CMakeFiles/STM32F407_Demo2.elf.dir/Drivers/STM32F4xx_HAL_Driver/Src/stm32f4xx_hal_uart.c.obj
                0x08004cbe                HAL_UART_Receive
 .text.HAL_UART_DMAStop
                0x08004da2       0x84 CMakeFiles/STM32F407_Demo2.elf.dir/Drivers/STM32F4xx_HAL_Driver/Src/stm32f4xx_hal_uart.c.obj
                0x08004da2                HAL_UART_DMAStop
 .text.HAL_UART_TxCpltCallback
                0x08004e26        0x2 CMakeFiles/STM32F407_Demo2.elf.dir/Drivers/STM32F4xx_HAL_Driver/Src/stm32f4xx_hal_uart.c.obj
                0x08004e26                HAL_UART_TxCpltCallback
 .text.UART_EndTransmit_IT
                0x08004e28       0x1a CMakeFiles/STM32F407_Demo2.elf.dir/Drivers/STM32F4xx_HAL_Driver/Src/stm32f4xx_hal_uart.c.obj
 .text.HAL_UART_RxHalfCpltCallback
                0x08004e42        0x2 CMakeFiles/STM32F407_Demo2.elf.dir/Drivers/STM32F4xx_HAL_Driver/Src/stm32f4xx_hal_uart.c.obj
                0x08004e42                HAL_UART_RxHalfCpltCallback
 .text.HAL_UART_ErrorCallback
                0x08004e44        0x2 CMakeFiles/STM32F407_Demo2.elf.dir/Drivers/STM32F4xx_HAL_Driver/Src/stm32f4xx_hal_uart.c.obj
                0x08004e44                HAL_UART_ErrorCallback
 .text.UART_DMAError
                0x08004e46       0x58 CMakeFiles/STM32F407_Demo2.elf.dir/Drivers/STM32F4xx_HAL_Driver/Src/stm32f4xx_hal_uart.c.obj
 .text.UART_DMAAbortOnError
                0x08004e9e       0x10 CMakeFiles/STM32F407_Demo2.elf.dir/Drivers/STM32F4xx_HAL_Driver/Src/stm32f4xx_hal_uart.c.obj
 .text.HAL_UARTEx_RxEventCallback
                0x08004eae        0x2 CMakeFiles/STM32F407_Demo2.elf.dir/Drivers/STM32F4xx_HAL_Driver/Src/stm32f4xx_hal_uart.c.obj
                0x08004eae                HAL_UARTEx_RxEventCallback
 .text.UART_Receive_IT
                0x08004eb0       0xe2 CMakeFiles/STM32F407_Demo2.elf.dir/Drivers/STM32F4xx_HAL_Driver/Src/stm32f4xx_hal_uart.c.obj
 *fill*         0x08004f92        0x2 
 .text.HAL_UART_IRQHandler
                0x08004f94      0x280 CMakeFiles/STM32F407_Demo2.elf.dir/Drivers/STM32F4xx_HAL_Driver/Src/stm32f4xx_hal_uart.c.obj
                0x08004f94                HAL_UART_IRQHandler
 .text.UART_DMARxHalfCplt
                0x08005214       0x1a CMakeFiles/STM32F407_Demo2.elf.dir/Drivers/STM32F4xx_HAL_Driver/Src/stm32f4xx_hal_uart.c.obj
 .text.UART_DMAReceiveCplt
                0x0800522e       0x96 CMakeFiles/STM32F407_Demo2.elf.dir/Drivers/STM32F4xx_HAL_Driver/Src/stm32f4xx_hal_uart.c.obj
 .text.UART_Start_Receive_IT
                0x080052c4       0x3a CMakeFiles/STM32F407_Demo2.elf.dir/Drivers/STM32F4xx_HAL_Driver/Src/stm32f4xx_hal_uart.c.obj
                0x080052c4                UART_Start_Receive_IT
 .text.HAL_UART_Receive_IT
                0x080052fe       0x38 CMakeFiles/STM32F407_Demo2.elf.dir/Drivers/STM32F4xx_HAL_Driver/Src/stm32f4xx_hal_uart.c.obj
                0x080052fe                HAL_UART_Receive_IT
 *fill*         0x08005336        0x2 
 .text.UART_Start_Receive_DMA
                0x08005338       0xa8 CMakeFiles/STM32F407_Demo2.elf.dir/Drivers/STM32F4xx_HAL_Driver/Src/stm32f4xx_hal_uart.c.obj
                0x08005338                UART_Start_Receive_DMA
 .text.HAL_UART_Receive_DMA
                0x080053e0       0x38 CMakeFiles/STM32F407_Demo2.elf.dir/Drivers/STM32F4xx_HAL_Driver/Src/stm32f4xx_hal_uart.c.obj
                0x080053e0                HAL_UART_Receive_DMA
 .text.SPI_MOSI
                0x08005418       0x24 CMakeFiles/STM32F407_Demo2.elf.dir/User/Src/My_spi.c.obj
                0x08005418                SPI_MOSI
 .text.SPI_CLK  0x0800543c       0x24 CMakeFiles/STM32F407_Demo2.elf.dir/User/Src/My_spi.c.obj
                0x0800543c                SPI_CLK
 .text.SPI_PIN_Init
                0x08005460       0x60 CMakeFiles/STM32F407_Demo2.elf.dir/User/Src/My_spi.c.obj
                0x08005460                SPI_PIN_Init
 .text.SPI_SendByte
                0x080054c0       0x40 CMakeFiles/STM32F407_Demo2.elf.dir/User/Src/My_spi.c.obj
                0x080054c0                SPI_SendByte
 .text.draw_speed
                0x08005500       0x8c CMakeFiles/STM32F407_Demo2.elf.dir/User/Src/Show_oled_num.c.obj
                0x08005500                draw_speed
 .text.MY_GPIO_Init
                0x0800558c      0x100 CMakeFiles/STM32F407_Demo2.elf.dir/User/Src/bsp_GPIO_ENABLE.c.obj
                0x0800558c                MY_GPIO_Init
 .text.cal_motor_speed
                0x0800568c       0xe0 CMakeFiles/STM32F407_Demo2.elf.dir/User/Src/bsp_Mecanum.c.obj
                0x0800568c                cal_motor_speed
 .text.start_beep
                0x0800576c       0x70 CMakeFiles/STM32F407_Demo2.elf.dir/User/Src/bsp_beep.c.obj
                0x0800576c                start_beep
 .text.Delay_us
                0x080057dc       0x30 CMakeFiles/STM32F407_Demo2.elf.dir/User/Src/bsp_delay.c.obj
                0x080057dc                Delay_us
 .text.Delay_ms
                0x0800580c       0x10 CMakeFiles/STM32F407_Demo2.elf.dir/User/Src/bsp_delay.c.obj
                0x0800580c                Delay_ms
 .text.delay_ms
                0x0800581c       0x1e CMakeFiles/STM32F407_Demo2.elf.dir/User/Src/bsp_delay.c.obj
                0x0800581c                delay_ms
 *fill*         0x0800583a        0x2 
 .text.trans_float
                0x0800583c       0xa4 CMakeFiles/STM32F407_Demo2.elf.dir/User/Src/bsp_encoder.c.obj
                0x0800583c                trans_float
 .text.HAL_TIM_PeriodElapsedCallback
                0x080058e0      0x160 CMakeFiles/STM32F407_Demo2.elf.dir/User/Src/bsp_encoder.c.obj
                0x080058e0                HAL_TIM_PeriodElapsedCallback
 .text.PID_Param_init
                0x08005a40       0x2c CMakeFiles/STM32F407_Demo2.elf.dir/User/Src/bsp_pid.c.obj
                0x08005a40                PID_Param_init
 .text.set_pid_target
                0x08005a6c        0x4 CMakeFiles/STM32F407_Demo2.elf.dir/User/Src/bsp_pid.c.obj
                0x08005a6c                set_pid_target
 .text.PID_realize
                0x08005a70       0x9c CMakeFiles/STM32F407_Demo2.elf.dir/User/Src/bsp_pid.c.obj
                0x08005a70                PID_realize
 .text.PS2_CS   0x08005b0c       0x24 CMakeFiles/STM32F407_Demo2.elf.dir/User/Src/bsp_ps2.c.obj
                0x08005b0c                PS2_CS
 .text.PS2_CLK  0x08005b30       0x24 CMakeFiles/STM32F407_Demo2.elf.dir/User/Src/bsp_ps2.c.obj
                0x08005b30                PS2_CLK
 .text.PS2_DO   0x08005b54       0x24 CMakeFiles/STM32F407_Demo2.elf.dir/User/Src/bsp_ps2.c.obj
                0x08005b54                PS2_DO
 .text.PS2_Read_DI
                0x08005b78       0x14 CMakeFiles/STM32F407_Demo2.elf.dir/User/Src/bsp_ps2.c.obj
                0x08005b78                PS2_Read_DI
 .text.PS2_ReadWrite_Byte
                0x08005b8c       0x5a CMakeFiles/STM32F407_Demo2.elf.dir/User/Src/bsp_ps2.c.obj
                0x08005b8c                PS2_ReadWrite_Byte
 *fill*         0x08005be6        0x2 
 .text.PS2_Decode
                0x08005be8      0x124 CMakeFiles/STM32F407_Demo2.elf.dir/User/Src/bsp_ps2.c.obj
                0x08005be8                PS2_Decode
 .text.PS2_Read_Data
                0x08005d0c       0x40 CMakeFiles/STM32F407_Demo2.elf.dir/User/Src/bsp_ps2.c.obj
                0x08005d0c                PS2_Read_Data
 .text.set_motor_speed
                0x08005d4c       0xf4 CMakeFiles/STM32F407_Demo2.elf.dir/User/Src/motor_control.c.obj
                0x08005d4c                set_motor_speed
 .text.set_motor_direction
                0x08005e40        0x4 CMakeFiles/STM32F407_Demo2.elf.dir/User/Src/motor_control.c.obj
                0x08005e40                set_motor_direction
 .text.motor_init
                0x08005e44       0x78 CMakeFiles/STM32F407_Demo2.elf.dir/User/Src/motor_control.c.obj
                0x08005e44                motor_init
 *fill*         0x08005ebc        0x4 
 .text.motor_pid_control
                0x08005ec0       0xb0 CMakeFiles/STM32F407_Demo2.elf.dir/User/Src/motor_control.c.obj
                0x08005ec0                motor_pid_control
 .text.motor_start
                0x08005f70       0x48 CMakeFiles/STM32F407_Demo2.elf.dir/User/Src/motor_control.c.obj
                0x08005f70                motor_start
 .text.motor_stop
                0x08005fb8       0x40 CMakeFiles/STM32F407_Demo2.elf.dir/User/Src/motor_control.c.obj
                0x08005fb8                motor_stop
 .text.OLED_WR_Byte
                0x08005ff8       0x54 CMakeFiles/STM32F407_Demo2.elf.dir/User/Src/oled.c.obj
                0x08005ff8                OLED_WR_Byte
 .text.OLED_Refresh
                0x0800604c       0x4c CMakeFiles/STM32F407_Demo2.elf.dir/User/Src/oled.c.obj
                0x0800604c                OLED_Refresh
 .text.OLED_Clear
                0x08006098       0x30 CMakeFiles/STM32F407_Demo2.elf.dir/User/Src/oled.c.obj
                0x08006098                OLED_Clear
 .text.OLED_DrawPoint
                0x080060c8       0x24 CMakeFiles/STM32F407_Demo2.elf.dir/User/Src/oled.c.obj
                0x080060c8                OLED_DrawPoint
 .text.OLED_ClearPoint
                0x080060ec       0x34 CMakeFiles/STM32F407_Demo2.elf.dir/User/Src/oled.c.obj
                0x080060ec                OLED_ClearPoint
 .text.OLED_ShowChar
                0x08006120       0xc4 CMakeFiles/STM32F407_Demo2.elf.dir/User/Src/oled.c.obj
                0x08006120                OLED_ShowChar
 .text.OLED_ShowString
                0x080061e4       0x3c CMakeFiles/STM32F407_Demo2.elf.dir/User/Src/oled.c.obj
                0x080061e4                OLED_ShowString
 .text.OLED_Pow
                0x08006220       0x16 CMakeFiles/STM32F407_Demo2.elf.dir/User/Src/oled.c.obj
                0x08006220                OLED_Pow
 *fill*         0x08006236        0x2 
 .text.OLED_ShowNum
                0x08006238       0x84 CMakeFiles/STM32F407_Demo2.elf.dir/User/Src/oled.c.obj
                0x08006238                OLED_ShowNum
 .text.OLED_Init
                0x080062bc      0x10c CMakeFiles/STM32F407_Demo2.elf.dir/User/Src/oled.c.obj
                0x080062bc                OLED_Init
 .text.RetargetInit
                0x080063c8       0x20 CMakeFiles/STM32F407_Demo2.elf.dir/User/Src/retarget.c.obj
                0x080063c8                RetargetInit
 .text._isatty  0x080063e8       0x16 CMakeFiles/STM32F407_Demo2.elf.dir/User/Src/retarget.c.obj
                0x080063e8                _isatty
 *fill*         0x080063fe        0x2 
 .text._write   0x08006400       0x34 CMakeFiles/STM32F407_Demo2.elf.dir/User/Src/retarget.c.obj
                0x08006400                _write
 .text._close   0x08006434       0x18 CMakeFiles/STM32F407_Demo2.elf.dir/User/Src/retarget.c.obj
                0x08006434                _close
 .text._lseek   0x0800644c       0x10 CMakeFiles/STM32F407_Demo2.elf.dir/User/Src/retarget.c.obj
                0x0800644c                _lseek
 .text._read    0x0800645c       0x30 CMakeFiles/STM32F407_Demo2.elf.dir/User/Src/retarget.c.obj
                0x0800645c                _read
 .text._fstat   0x0800648c       0x1a CMakeFiles/STM32F407_Demo2.elf.dir/User/Src/retarget.c.obj
                0x0800648c                _fstat
 *fill*         0x080064a6        0x2 
 .text.__CRC16  0x080064a8       0x38 CMakeFiles/STM32F407_Demo2.elf.dir/User/wit_c_sdk/wit_c_sdk.c.obj
 .text.__CaliSum
                0x080064e0       0x18 CMakeFiles/STM32F407_Demo2.elf.dir/User/wit_c_sdk/wit_c_sdk.c.obj
 .text.CopeWitData
                0x080064f8       0xf0 CMakeFiles/STM32F407_Demo2.elf.dir/User/wit_c_sdk/wit_c_sdk.c.obj
 .text.WitSerialWriteRegister
                0x080065e8       0x14 CMakeFiles/STM32F407_Demo2.elf.dir/User/wit_c_sdk/wit_c_sdk.c.obj
                0x080065e8                WitSerialWriteRegister
 .text.WitSerialDataIn
                0x080065fc      0x164 CMakeFiles/STM32F407_Demo2.elf.dir/User/wit_c_sdk/wit_c_sdk.c.obj
                0x080065fc                WitSerialDataIn
 .text.WitRegisterCallBack
                0x08006760       0x14 CMakeFiles/STM32F407_Demo2.elf.dir/User/wit_c_sdk/wit_c_sdk.c.obj
                0x08006760                WitRegisterCallBack
 .text.WitWriteReg
                0x08006774      0x11c CMakeFiles/STM32F407_Demo2.elf.dir/User/wit_c_sdk/wit_c_sdk.c.obj
                0x08006774                WitWriteReg
 .text.WitInit  0x08006890       0x28 CMakeFiles/STM32F407_Demo2.elf.dir/User/wit_c_sdk/wit_c_sdk.c.obj
                0x08006890                WitInit
 .text.WitDelayMsRegister
                0x080068b8       0x14 CMakeFiles/STM32F407_Demo2.elf.dir/User/wit_c_sdk/wit_c_sdk.c.obj
                0x080068b8                WitDelayMsRegister
 .text.CheckRange
                0x080068cc       0x14 CMakeFiles/STM32F407_Demo2.elf.dir/User/wit_c_sdk/wit_c_sdk.c.obj
                0x080068cc                CheckRange
 .text.WitStartAccCali
                0x080068e0       0x4c CMakeFiles/STM32F407_Demo2.elf.dir/User/wit_c_sdk/wit_c_sdk.c.obj
                0x080068e0                WitStartAccCali
 .text.WitStartMagCali
                0x0800692c       0x4c CMakeFiles/STM32F407_Demo2.elf.dir/User/wit_c_sdk/wit_c_sdk.c.obj
                0x0800692c                WitStartMagCali
 .text.WitStopMagCali
                0x08006978       0x4c CMakeFiles/STM32F407_Demo2.elf.dir/User/wit_c_sdk/wit_c_sdk.c.obj
                0x08006978                WitStopMagCali
 .text.WitSetUartBaud
                0x080069c4       0x60 CMakeFiles/STM32F407_Demo2.elf.dir/User/wit_c_sdk/wit_c_sdk.c.obj
                0x080069c4                WitSetUartBaud
 .text.WitSetBandwidth
                0x08006a24       0x60 CMakeFiles/STM32F407_Demo2.elf.dir/User/wit_c_sdk/wit_c_sdk.c.obj
                0x08006a24                WitSetBandwidth
 .text.WitSetOutputRate
                0x08006a84       0x60 CMakeFiles/STM32F407_Demo2.elf.dir/User/wit_c_sdk/wit_c_sdk.c.obj
                0x08006a84                WitSetOutputRate
 .text.WitSetContent
                0x08006ae4       0x60 CMakeFiles/STM32F407_Demo2.elf.dir/User/wit_c_sdk/wit_c_sdk.c.obj
                0x08006ae4                WitSetContent
 .text.ShowHelp
                0x08006b44       0x90 CMakeFiles/STM32F407_Demo2.elf.dir/User/wit_c_sdk/wit_callback.c.obj
                0x08006b44                ShowHelp
 .text.SensorUartSend
                0x08006bd4       0x18 CMakeFiles/STM32F407_Demo2.elf.dir/User/wit_c_sdk/wit_callback.c.obj
                0x08006bd4                SensorUartSend
 .text.Delayms  0x08006bec        0x8 CMakeFiles/STM32F407_Demo2.elf.dir/User/wit_c_sdk/wit_callback.c.obj
                0x08006bec                Delayms
 .text.SensorDataUpdata
                0x08006bf4       0x90 CMakeFiles/STM32F407_Demo2.elf.dir/User/wit_c_sdk/wit_callback.c.obj
                0x08006bf4                SensorDataUpdata
 .text.Usart2Init
                0x08006c84       0x34 CMakeFiles/STM32F407_Demo2.elf.dir/User/wit_c_sdk/wit_callback.c.obj
                0x08006c84                Usart2Init
 .text.CmdProcess
                0x08006cb8      0x138 CMakeFiles/STM32F407_Demo2.elf.dir/User/wit_c_sdk/wit_callback.c.obj
                0x08006cb8                CmdProcess
 .text.__errno  0x08006df0        0xc f:/environment/gnu arm embedded toolchain/10 2021.10/bin/../lib/gcc/arm-none-eabi/10.3.1/../../../../arm-none-eabi/lib/thumb/v7e-m/nofp\libg.a(lib_a-errno.o)
                0x08006df0                __errno
 .text.__libc_init_array
                0x08006dfc       0x48 f:/environment/gnu arm embedded toolchain/10 2021.10/bin/../lib/gcc/arm-none-eabi/10.3.1/../../../../arm-none-eabi/lib/thumb/v7e-m/nofp\libg.a(lib_a-init.o)
                0x08006dfc                __libc_init_array
 .text.memset   0x08006e44       0xa4 f:/environment/gnu arm embedded toolchain/10 2021.10/bin/../lib/gcc/arm-none-eabi/10.3.1/../../../../arm-none-eabi/lib/thumb/v7e-m/nofp\libg.a(lib_a-memset.o)
                0x08006e44                memset
 .text.printf   0x08006ee8       0x28 f:/environment/gnu arm embedded toolchain/10 2021.10/bin/../lib/gcc/arm-none-eabi/10.3.1/../../../../arm-none-eabi/lib/thumb/v7e-m/nofp\libg.a(lib_a-printf.o)
                0x08006ee8                printf
 .text._puts_r  0x08006f10       0x9c f:/environment/gnu arm embedded toolchain/10 2021.10/bin/../lib/gcc/arm-none-eabi/10.3.1/../../../../arm-none-eabi/lib/thumb/v7e-m/nofp\libg.a(lib_a-puts.o)
                0x08006f10                _puts_r
 .text.puts     0x08006fac       0x10 f:/environment/gnu arm embedded toolchain/10 2021.10/bin/../lib/gcc/arm-none-eabi/10.3.1/../../../../arm-none-eabi/lib/thumb/v7e-m/nofp\libg.a(lib_a-puts.o)
                0x08006fac                puts
 .text.setvbuf  0x08006fbc      0x1b0 f:/environment/gnu arm embedded toolchain/10 2021.10/bin/../lib/gcc/arm-none-eabi/10.3.1/../../../../arm-none-eabi/lib/thumb/v7e-m/nofp\libg.a(lib_a-setvbuf.o)
                0x08006fbc                setvbuf
 .text._vfprintf_r
                0x0800716c     0x1ad4 f:/environment/gnu arm embedded toolchain/10 2021.10/bin/../lib/gcc/arm-none-eabi/10.3.1/../../../../arm-none-eabi/lib/thumb/v7e-m/nofp\libg.a(lib_a-vfprintf.o)
                0x0800716c                _vfprintf_r
 .text.__sbprintf
                0x08008c40       0x80 f:/environment/gnu arm embedded toolchain/10 2021.10/bin/../lib/gcc/arm-none-eabi/10.3.1/../../../../arm-none-eabi/lib/thumb/v7e-m/nofp\libg.a(lib_a-vfprintf.o)
 .text.__swsetup_r
                0x08008cc0       0xd4 f:/environment/gnu arm embedded toolchain/10 2021.10/bin/../lib/gcc/arm-none-eabi/10.3.1/../../../../arm-none-eabi/lib/thumb/v7e-m/nofp\libg.a(lib_a-wsetup.o)
                0x08008cc0                __swsetup_r
 .text.startup.register_fini
                0x08008d94       0x14 f:/environment/gnu arm embedded toolchain/10 2021.10/bin/../lib/gcc/arm-none-eabi/10.3.1/../../../../arm-none-eabi/lib/thumb/v7e-m/nofp\libg.a(lib_a-__call_atexit.o)
 .text.atexit   0x08008da8        0xc f:/environment/gnu arm embedded toolchain/10 2021.10/bin/../lib/gcc/arm-none-eabi/10.3.1/../../../../arm-none-eabi/lib/thumb/v7e-m/nofp\libg.a(lib_a-atexit.o)
                0x08008da8                atexit
 .text.quorem   0x08008db4      0x124 f:/environment/gnu arm embedded toolchain/10 2021.10/bin/../lib/gcc/arm-none-eabi/10.3.1/../../../../arm-none-eabi/lib/thumb/v7e-m/nofp\libg.a(lib_a-dtoa.o)
 .text._dtoa_r  0x08008ed8      0xec4 f:/environment/gnu arm embedded toolchain/10 2021.10/bin/../lib/gcc/arm-none-eabi/10.3.1/../../../../arm-none-eabi/lib/thumb/v7e-m/nofp\libg.a(lib_a-dtoa.o)
                0x08008ed8                _dtoa_r
 .text.__sflush_r
                0x08009d9c      0x120 f:/environment/gnu arm embedded toolchain/10 2021.10/bin/../lib/gcc/arm-none-eabi/10.3.1/../../../../arm-none-eabi/lib/thumb/v7e-m/nofp\libg.a(lib_a-fflush.o)
                0x08009d9c                __sflush_r
 .text._fflush_r
                0x08009ebc       0x5c f:/environment/gnu arm embedded toolchain/10 2021.10/bin/../lib/gcc/arm-none-eabi/10.3.1/../../../../arm-none-eabi/lib/thumb/v7e-m/nofp\libg.a(lib_a-fflush.o)
                0x08009ebc                _fflush_r
 .text._cleanup_r
                0x08009f18        0xc f:/environment/gnu arm embedded toolchain/10 2021.10/bin/../lib/gcc/arm-none-eabi/10.3.1/../../../../arm-none-eabi/lib/thumb/v7e-m/nofp\libg.a(lib_a-findfp.o)
                0x08009f18                _cleanup_r
 .text.__sinit  0x08009f24      0x10c f:/environment/gnu arm embedded toolchain/10 2021.10/bin/../lib/gcc/arm-none-eabi/10.3.1/../../../../arm-none-eabi/lib/thumb/v7e-m/nofp\libg.a(lib_a-findfp.o)
                0x08009f24                __sinit
 .text.__sfp_lock_acquire
                0x0800a030        0xc f:/environment/gnu arm embedded toolchain/10 2021.10/bin/../lib/gcc/arm-none-eabi/10.3.1/../../../../arm-none-eabi/lib/thumb/v7e-m/nofp\libg.a(lib_a-findfp.o)
                0x0800a030                __sfp_lock_acquire
 .text.__sfp_lock_release
                0x0800a03c        0xc f:/environment/gnu arm embedded toolchain/10 2021.10/bin/../lib/gcc/arm-none-eabi/10.3.1/../../../../arm-none-eabi/lib/thumb/v7e-m/nofp\libg.a(lib_a-findfp.o)
                0x0800a03c                __sfp_lock_release
 .text.__libc_fini_array
                0x0800a048       0x2c f:/environment/gnu arm embedded toolchain/10 2021.10/bin/../lib/gcc/arm-none-eabi/10.3.1/../../../../arm-none-eabi/lib/thumb/v7e-m/nofp\libg.a(lib_a-fini.o)
                0x0800a048                __libc_fini_array
 .text._malloc_trim_r
                0x0800a074       0xa0 f:/environment/gnu arm embedded toolchain/10 2021.10/bin/../lib/gcc/arm-none-eabi/10.3.1/../../../../arm-none-eabi/lib/thumb/v7e-m/nofp\libg.a(lib_a-freer.o)
                0x0800a074                _malloc_trim_r
 .text._free_r  0x0800a114      0x20c f:/environment/gnu arm embedded toolchain/10 2021.10/bin/../lib/gcc/arm-none-eabi/10.3.1/../../../../arm-none-eabi/lib/thumb/v7e-m/nofp\libg.a(lib_a-freer.o)
                0x0800a114                _free_r
 .text.__sfvwrite_r
                0x0800a320      0x2e8 f:/environment/gnu arm embedded toolchain/10 2021.10/bin/../lib/gcc/arm-none-eabi/10.3.1/../../../../arm-none-eabi/lib/thumb/v7e-m/nofp\libg.a(lib_a-fvwrite.o)
                0x0800a320                __sfvwrite_r
 .text._fwalk_reent
                0x0800a608       0x48 f:/environment/gnu arm embedded toolchain/10 2021.10/bin/../lib/gcc/arm-none-eabi/10.3.1/../../../../arm-none-eabi/lib/thumb/v7e-m/nofp\libg.a(lib_a-fwalk.o)
                0x0800a608                _fwalk_reent
 .text._localeconv_r
                0x0800a650        0x8 f:/environment/gnu arm embedded toolchain/10 2021.10/bin/../lib/gcc/arm-none-eabi/10.3.1/../../../../arm-none-eabi/lib/thumb/v7e-m/nofp\libg.a(lib_a-localeconv.o)
                0x0800a650                _localeconv_r
 .text.__retarget_lock_init_recursive
                0x0800a658        0x4 f:/environment/gnu arm embedded toolchain/10 2021.10/bin/../lib/gcc/arm-none-eabi/10.3.1/../../../../arm-none-eabi/lib/thumb/v7e-m/nofp\libg.a(lib_a-lock.o)
                0x0800a658                __retarget_lock_init_recursive
 .text.__retarget_lock_close_recursive
                0x0800a65c        0x4 f:/environment/gnu arm embedded toolchain/10 2021.10/bin/../lib/gcc/arm-none-eabi/10.3.1/../../../../arm-none-eabi/lib/thumb/v7e-m/nofp\libg.a(lib_a-lock.o)
                0x0800a65c                __retarget_lock_close_recursive
 .text.__retarget_lock_acquire_recursive
                0x0800a660        0x4 f:/environment/gnu arm embedded toolchain/10 2021.10/bin/../lib/gcc/arm-none-eabi/10.3.1/../../../../arm-none-eabi/lib/thumb/v7e-m/nofp\libg.a(lib_a-lock.o)
                0x0800a660                __retarget_lock_acquire_recursive
 .text.__retarget_lock_release_recursive
                0x0800a664        0x4 f:/environment/gnu arm embedded toolchain/10 2021.10/bin/../lib/gcc/arm-none-eabi/10.3.1/../../../../arm-none-eabi/lib/thumb/v7e-m/nofp\libg.a(lib_a-lock.o)
                0x0800a664                __retarget_lock_release_recursive
 .text.__smakebuf_r
                0x0800a668       0xe0 f:/environment/gnu arm embedded toolchain/10 2021.10/bin/../lib/gcc/arm-none-eabi/10.3.1/../../../../arm-none-eabi/lib/thumb/v7e-m/nofp\libg.a(lib_a-makebuf.o)
                0x0800a668                __smakebuf_r
 .text.__swhatbuf_r
                0x0800a748       0x60 f:/environment/gnu arm embedded toolchain/10 2021.10/bin/../lib/gcc/arm-none-eabi/10.3.1/../../../../arm-none-eabi/lib/thumb/v7e-m/nofp\libg.a(lib_a-makebuf.o)
                0x0800a748                __swhatbuf_r
 .text.malloc   0x0800a7a8       0x10 f:/environment/gnu arm embedded toolchain/10 2021.10/bin/../lib/gcc/arm-none-eabi/10.3.1/../../../../arm-none-eabi/lib/thumb/v7e-m/nofp\libg.a(lib_a-malloc.o)
                0x0800a7a8                malloc
 .text._malloc_r
                0x0800a7b8      0x560 f:/environment/gnu arm embedded toolchain/10 2021.10/bin/../lib/gcc/arm-none-eabi/10.3.1/../../../../arm-none-eabi/lib/thumb/v7e-m/nofp\libg.a(lib_a-mallocr.o)
                0x0800a7b8                _malloc_r
 .text.memmove  0x0800ad18       0xf8 f:/environment/gnu arm embedded toolchain/10 2021.10/bin/../lib/gcc/arm-none-eabi/10.3.1/../../../../arm-none-eabi/lib/thumb/v7e-m/nofp\libg.a(lib_a-memmove.o)
                0x0800ad18                memmove
 .text.__malloc_lock
                0x0800ae10        0xc f:/environment/gnu arm embedded toolchain/10 2021.10/bin/../lib/gcc/arm-none-eabi/10.3.1/../../../../arm-none-eabi/lib/thumb/v7e-m/nofp\libg.a(lib_a-mlock.o)
                0x0800ae10                __malloc_lock
 .text.__malloc_unlock
                0x0800ae1c        0xc f:/environment/gnu arm embedded toolchain/10 2021.10/bin/../lib/gcc/arm-none-eabi/10.3.1/../../../../arm-none-eabi/lib/thumb/v7e-m/nofp\libg.a(lib_a-mlock.o)
                0x0800ae1c                __malloc_unlock
 .text._Balloc  0x0800ae28       0x4c f:/environment/gnu arm embedded toolchain/10 2021.10/bin/../lib/gcc/arm-none-eabi/10.3.1/../../../../arm-none-eabi/lib/thumb/v7e-m/nofp\libg.a(lib_a-mprec.o)
                0x0800ae28                _Balloc
 .text._Bfree   0x0800ae74       0x14 f:/environment/gnu arm embedded toolchain/10 2021.10/bin/../lib/gcc/arm-none-eabi/10.3.1/../../../../arm-none-eabi/lib/thumb/v7e-m/nofp\libg.a(lib_a-mprec.o)
                0x0800ae74                _Bfree
 .text.__multadd
                0x0800ae88       0xa0 f:/environment/gnu arm embedded toolchain/10 2021.10/bin/../lib/gcc/arm-none-eabi/10.3.1/../../../../arm-none-eabi/lib/thumb/v7e-m/nofp\libg.a(lib_a-mprec.o)
                0x0800ae88                __multadd
 .text.__hi0bits
                0x0800af28       0x40 f:/environment/gnu arm embedded toolchain/10 2021.10/bin/../lib/gcc/arm-none-eabi/10.3.1/../../../../arm-none-eabi/lib/thumb/v7e-m/nofp\libg.a(lib_a-mprec.o)
                0x0800af28                __hi0bits
 .text.__lo0bits
                0x0800af68       0x5c f:/environment/gnu arm embedded toolchain/10 2021.10/bin/../lib/gcc/arm-none-eabi/10.3.1/../../../../arm-none-eabi/lib/thumb/v7e-m/nofp\libg.a(lib_a-mprec.o)
                0x0800af68                __lo0bits
 .text.__i2b    0x0800afc4       0x5c f:/environment/gnu arm embedded toolchain/10 2021.10/bin/../lib/gcc/arm-none-eabi/10.3.1/../../../../arm-none-eabi/lib/thumb/v7e-m/nofp\libg.a(lib_a-mprec.o)
                0x0800afc4                __i2b
 .text.__multiply
                0x0800b020      0x15c f:/environment/gnu arm embedded toolchain/10 2021.10/bin/../lib/gcc/arm-none-eabi/10.3.1/../../../../arm-none-eabi/lib/thumb/v7e-m/nofp\libg.a(lib_a-mprec.o)
                0x0800b020                __multiply
 .text.__pow5mult
                0x0800b17c       0xc0 f:/environment/gnu arm embedded toolchain/10 2021.10/bin/../lib/gcc/arm-none-eabi/10.3.1/../../../../arm-none-eabi/lib/thumb/v7e-m/nofp\libg.a(lib_a-mprec.o)
                0x0800b17c                __pow5mult
 .text.__lshift
                0x0800b23c       0xf0 f:/environment/gnu arm embedded toolchain/10 2021.10/bin/../lib/gcc/arm-none-eabi/10.3.1/../../../../arm-none-eabi/lib/thumb/v7e-m/nofp\libg.a(lib_a-mprec.o)
                0x0800b23c                __lshift
 .text.__mcmp   0x0800b32c       0x40 f:/environment/gnu arm embedded toolchain/10 2021.10/bin/../lib/gcc/arm-none-eabi/10.3.1/../../../../arm-none-eabi/lib/thumb/v7e-m/nofp\libg.a(lib_a-mprec.o)
                0x0800b32c                __mcmp
 .text.__mdiff  0x0800b36c      0x14c f:/environment/gnu arm embedded toolchain/10 2021.10/bin/../lib/gcc/arm-none-eabi/10.3.1/../../../../arm-none-eabi/lib/thumb/v7e-m/nofp\libg.a(lib_a-mprec.o)
                0x0800b36c                __mdiff
 .text.__d2b    0x0800b4b8       0xc4 f:/environment/gnu arm embedded toolchain/10 2021.10/bin/../lib/gcc/arm-none-eabi/10.3.1/../../../../arm-none-eabi/lib/thumb/v7e-m/nofp\libg.a(lib_a-mprec.o)
                0x0800b4b8                __d2b
 .text._realloc_r
                0x0800b57c      0x3d8 f:/environment/gnu arm embedded toolchain/10 2021.10/bin/../lib/gcc/arm-none-eabi/10.3.1/../../../../arm-none-eabi/lib/thumb/v7e-m/nofp\libg.a(lib_a-reallocr.o)
                0x0800b57c                _realloc_r
 .text.frexp    0x0800b954       0x70 f:/environment/gnu arm embedded toolchain/10 2021.10/bin/../lib/gcc/arm-none-eabi/10.3.1/../../../../arm-none-eabi/lib/thumb/v7e-m/nofp\libg.a(lib_a-s_frexp.o)
                0x0800b954                frexp
 .text._sbrk_r  0x0800b9c4       0x24 f:/environment/gnu arm embedded toolchain/10 2021.10/bin/../lib/gcc/arm-none-eabi/10.3.1/../../../../arm-none-eabi/lib/thumb/v7e-m/nofp\libg.a(lib_a-sbrkr.o)
                0x0800b9c4                _sbrk_r
 .text.__sread  0x0800b9e8       0x24 f:/environment/gnu arm embedded toolchain/10 2021.10/bin/../lib/gcc/arm-none-eabi/10.3.1/../../../../arm-none-eabi/lib/thumb/v7e-m/nofp\libg.a(lib_a-stdio.o)
                0x0800b9e8                __sread
 .text.__swrite
                0x0800ba0c       0x40 f:/environment/gnu arm embedded toolchain/10 2021.10/bin/../lib/gcc/arm-none-eabi/10.3.1/../../../../arm-none-eabi/lib/thumb/v7e-m/nofp\libg.a(lib_a-stdio.o)
                0x0800ba0c                __swrite
 .text.__sseek  0x0800ba4c       0x20 f:/environment/gnu arm embedded toolchain/10 2021.10/bin/../lib/gcc/arm-none-eabi/10.3.1/../../../../arm-none-eabi/lib/thumb/v7e-m/nofp\libg.a(lib_a-stdio.o)
                0x0800ba4c                __sseek
 .text.__sclose
                0x0800ba6c        0x8 f:/environment/gnu arm embedded toolchain/10 2021.10/bin/../lib/gcc/arm-none-eabi/10.3.1/../../../../arm-none-eabi/lib/thumb/v7e-m/nofp\libg.a(lib_a-stdio.o)
                0x0800ba6c                __sclose
 .text.strncpy  0x0800ba74       0x64 f:/environment/gnu arm embedded toolchain/10 2021.10/bin/../lib/gcc/arm-none-eabi/10.3.1/../../../../arm-none-eabi/lib/thumb/v7e-m/nofp\libg.a(lib_a-strncpy.o)
                0x0800ba74                strncpy
 .text.__sprint_r.part.0
                0x0800bad8       0x78 f:/environment/gnu arm embedded toolchain/10 2021.10/bin/../lib/gcc/arm-none-eabi/10.3.1/../../../../arm-none-eabi/lib/thumb/v7e-m/nofp\libg.a(lib_a-vfiprintf.o)
 .text.__sprint_r
                0x0800bb50       0x14 f:/environment/gnu arm embedded toolchain/10 2021.10/bin/../lib/gcc/arm-none-eabi/10.3.1/../../../../arm-none-eabi/lib/thumb/v7e-m/nofp\libg.a(lib_a-vfiprintf.o)
                0x0800bb50                __sprint_r
 .text._vfiprintf_r
                0x0800bb64      0xda0 f:/environment/gnu arm embedded toolchain/10 2021.10/bin/../lib/gcc/arm-none-eabi/10.3.1/../../../../arm-none-eabi/lib/thumb/v7e-m/nofp\libg.a(lib_a-vfiprintf.o)
                0x0800bb64                _vfiprintf_r
 .text.__sbprintf
                0x0800c904       0x80 f:/environment/gnu arm embedded toolchain/10 2021.10/bin/../lib/gcc/arm-none-eabi/10.3.1/../../../../arm-none-eabi/lib/thumb/v7e-m/nofp\libg.a(lib_a-vfiprintf.o)
 .text._write_r
                0x0800c984       0x2c f:/environment/gnu arm embedded toolchain/10 2021.10/bin/../lib/gcc/arm-none-eabi/10.3.1/../../../../arm-none-eabi/lib/thumb/v7e-m/nofp\libg.a(lib_a-writer.o)
                0x0800c984                _write_r
 .text.__register_exitproc
                0x0800c9b0       0x8c f:/environment/gnu arm embedded toolchain/10 2021.10/bin/../lib/gcc/arm-none-eabi/10.3.1/../../../../arm-none-eabi/lib/thumb/v7e-m/nofp\libg.a(lib_a-__atexit.o)
                0x0800c9b0                __register_exitproc
 .text.__assert_func
                0x0800ca3c       0x40 f:/environment/gnu arm embedded toolchain/10 2021.10/bin/../lib/gcc/arm-none-eabi/10.3.1/../../../../arm-none-eabi/lib/thumb/v7e-m/nofp\libg.a(lib_a-assert.o)
                0x0800ca3c                __assert_func
 .text._calloc_r
                0x0800ca7c       0x78 f:/environment/gnu arm embedded toolchain/10 2021.10/bin/../lib/gcc/arm-none-eabi/10.3.1/../../../../arm-none-eabi/lib/thumb/v7e-m/nofp\libg.a(lib_a-callocr.o)
                0x0800ca7c                _calloc_r
 .text._close_r
                0x0800caf4       0x24 f:/environment/gnu arm embedded toolchain/10 2021.10/bin/../lib/gcc/arm-none-eabi/10.3.1/../../../../arm-none-eabi/lib/thumb/v7e-m/nofp\libg.a(lib_a-closer.o)
                0x0800caf4                _close_r
 .text._fclose_r
                0x0800cb18       0xcc f:/environment/gnu arm embedded toolchain/10 2021.10/bin/../lib/gcc/arm-none-eabi/10.3.1/../../../../arm-none-eabi/lib/thumb/v7e-m/nofp\libg.a(lib_a-fclose.o)
                0x0800cb18                _fclose_r
 .text.fiprintf
                0x0800cbe4       0x28 f:/environment/gnu arm embedded toolchain/10 2021.10/bin/../lib/gcc/arm-none-eabi/10.3.1/../../../../arm-none-eabi/lib/thumb/v7e-m/nofp\libg.a(lib_a-fiprintf.o)
                0x0800cbe4                fiprintf
 .text.__fputwc
                0x0800cc0c       0xa8 f:/environment/gnu arm embedded toolchain/10 2021.10/bin/../lib/gcc/arm-none-eabi/10.3.1/../../../../arm-none-eabi/lib/thumb/v7e-m/nofp\libg.a(lib_a-fputwc.o)
                0x0800cc0c                __fputwc
 .text._fputwc_r
                0x0800ccb4       0x68 f:/environment/gnu arm embedded toolchain/10 2021.10/bin/../lib/gcc/arm-none-eabi/10.3.1/../../../../arm-none-eabi/lib/thumb/v7e-m/nofp\libg.a(lib_a-fputwc.o)
                0x0800ccb4                _fputwc_r
 .text._fstat_r
                0x0800cd1c       0x2c f:/environment/gnu arm embedded toolchain/10 2021.10/bin/../lib/gcc/arm-none-eabi/10.3.1/../../../../arm-none-eabi/lib/thumb/v7e-m/nofp\libg.a(lib_a-fstatr.o)
                0x0800cd1c                _fstat_r
 .text._isatty_r
                0x0800cd48       0x24 f:/environment/gnu arm embedded toolchain/10 2021.10/bin/../lib/gcc/arm-none-eabi/10.3.1/../../../../arm-none-eabi/lib/thumb/v7e-m/nofp\libg.a(lib_a-isattyr.o)
                0x0800cd48                _isatty_r
 .text.__locale_mb_cur_max
                0x0800cd6c        0xc f:/environment/gnu arm embedded toolchain/10 2021.10/bin/../lib/gcc/arm-none-eabi/10.3.1/../../../../arm-none-eabi/lib/thumb/v7e-m/nofp\libg.a(lib_a-locale.o)
                0x0800cd6c                __locale_mb_cur_max
 .text._lseek_r
                0x0800cd78       0x2c f:/environment/gnu arm embedded toolchain/10 2021.10/bin/../lib/gcc/arm-none-eabi/10.3.1/../../../../arm-none-eabi/lib/thumb/v7e-m/nofp\libg.a(lib_a-lseekr.o)
                0x0800cd78                _lseek_r
 .text.__ascii_mbtowc
                0x0800cda4       0x2c f:/environment/gnu arm embedded toolchain/10 2021.10/bin/../lib/gcc/arm-none-eabi/10.3.1/../../../../arm-none-eabi/lib/thumb/v7e-m/nofp\libg.a(lib_a-mbtowc_r.o)
                0x0800cda4                __ascii_mbtowc
 .text._read_r  0x0800cdd0       0x2c f:/environment/gnu arm embedded toolchain/10 2021.10/bin/../lib/gcc/arm-none-eabi/10.3.1/../../../../arm-none-eabi/lib/thumb/v7e-m/nofp\libg.a(lib_a-readr.o)
                0x0800cdd0                _read_r
 .text.__swbuf_r
                0x0800cdfc       0xb0 f:/environment/gnu arm embedded toolchain/10 2021.10/bin/../lib/gcc/arm-none-eabi/10.3.1/../../../../arm-none-eabi/lib/thumb/v7e-m/nofp\libg.a(lib_a-wbuf.o)
                0x0800cdfc                __swbuf_r
 .text._wcrtomb_r
                0x0800ceac       0x3c f:/environment/gnu arm embedded toolchain/10 2021.10/bin/../lib/gcc/arm-none-eabi/10.3.1/../../../../arm-none-eabi/lib/thumb/v7e-m/nofp\libg.a(lib_a-wcrtomb.o)
                0x0800ceac                _wcrtomb_r
 .text.__ascii_wctomb
                0x0800cee8       0x1c f:/environment/gnu arm embedded toolchain/10 2021.10/bin/../lib/gcc/arm-none-eabi/10.3.1/../../../../arm-none-eabi/lib/thumb/v7e-m/nofp\libg.a(lib_a-wctomb_r.o)
                0x0800cee8                __ascii_wctomb
 .text.abort    0x0800cf04       0x10 f:/environment/gnu arm embedded toolchain/10 2021.10/bin/../lib/gcc/arm-none-eabi/10.3.1/../../../../arm-none-eabi/lib/thumb/v7e-m/nofp\libg.a(lib_a-abort.o)
                0x0800cf04                abort
 .text.raise    0x0800cf14       0x5c f:/environment/gnu arm embedded toolchain/10 2021.10/bin/../lib/gcc/arm-none-eabi/10.3.1/../../../../arm-none-eabi/lib/thumb/v7e-m/nofp\libg.a(lib_a-signal.o)
                0x0800cf14                raise
 .text._kill_r  0x0800cf70       0x2c f:/environment/gnu arm embedded toolchain/10 2021.10/bin/../lib/gcc/arm-none-eabi/10.3.1/../../../../arm-none-eabi/lib/thumb/v7e-m/nofp\libg.a(lib_a-signalr.o)
                0x0800cf70                _kill_r
 .text._getpid_r
                0x0800cf9c        0x4 f:/environment/gnu arm embedded toolchain/10 2021.10/bin/../lib/gcc/arm-none-eabi/10.3.1/../../../../arm-none-eabi/lib/thumb/v7e-m/nofp\libg.a(lib_a-signalr.o)
                0x0800cf9c                _getpid_r
 *(.glue_7)
 .glue_7        0x0800cfa0        0x0 linker stubs
 *(.glue_7t)
 .glue_7t       0x0800cfa0        0x0 linker stubs
 *(.eh_frame)
 .eh_frame      0x0800cfa0        0x0 f:/environment/gnu arm embedded toolchain/10 2021.10/bin/../lib/gcc/arm-none-eabi/10.3.1/thumb/v7e-m/nofp/crtbegin.o
 *(.init)
 .init          0x0800cfa0        0x4 f:/environment/gnu arm embedded toolchain/10 2021.10/bin/../lib/gcc/arm-none-eabi/10.3.1/thumb/v7e-m/nofp/crti.o
                0x0800cfa0                _init
 .init          0x0800cfa4        0x8 f:/environment/gnu arm embedded toolchain/10 2021.10/bin/../lib/gcc/arm-none-eabi/10.3.1/thumb/v7e-m/nofp/crtn.o
 *(.fini)
 .fini          0x0800cfac        0x4 f:/environment/gnu arm embedded toolchain/10 2021.10/bin/../lib/gcc/arm-none-eabi/10.3.1/thumb/v7e-m/nofp/crti.o
                0x0800cfac                _fini
 .fini          0x0800cfb0        0x8 f:/environment/gnu arm embedded toolchain/10 2021.10/bin/../lib/gcc/arm-none-eabi/10.3.1/thumb/v7e-m/nofp/crtn.o
                0x0800cfb8                . = ALIGN (0x4)
                0x0800cfb8                _etext = .

.vfp11_veneer   0x0800cfb8        0x0
 .vfp11_veneer  0x0800cfb8        0x0 linker stubs

.v4_bx          0x0800cfb8        0x0
 .v4_bx         0x0800cfb8        0x0 linker stubs

.iplt           0x0800cfb8        0x0
 .iplt          0x0800cfb8        0x0 f:/environment/gnu arm embedded toolchain/10 2021.10/bin/../lib/gcc/arm-none-eabi/10.3.1/thumb/v7e-m/nofp/crtbegin.o

.rodata         0x0800cfb8     0x2220
                0x0800cfb8                . = ALIGN (0x4)
 *(.rodata)
 *(.rodata*)
 .rodata.main.str1.4
                0x0800cfb8       0x5d CMakeFiles/STM32F407_Demo2.elf.dir/Core/Src/main.c.obj
 *fill*         0x0800d015        0x3 
 .rodata.USART2_IRQHandler.str1.4
                0x0800d018        0x3 CMakeFiles/STM32F407_Demo2.elf.dir/Core/Src/stm32f4xx_it.c.obj
 *fill*         0x0800d01b        0x1 
 .rodata.AHBPrescTable
                0x0800d01c       0x10 CMakeFiles/STM32F407_Demo2.elf.dir/Core/Src/system_stm32f4xx.c.obj
                0x0800d01c                AHBPrescTable
 .rodata.APBPrescTable
                0x0800d02c        0x8 CMakeFiles/STM32F407_Demo2.elf.dir/Core/Src/system_stm32f4xx.c.obj
                0x0800d02c                APBPrescTable
 .rodata.flagBitshiftOffset.0
                0x0800d034        0x8 CMakeFiles/STM32F407_Demo2.elf.dir/Drivers/STM32F4xx_HAL_Driver/Src/stm32f4xx_hal_dma.c.obj
 .rodata.draw_speed.str1.4
                0x0800d03c        0x7 CMakeFiles/STM32F407_Demo2.elf.dir/User/Src/Show_oled_num.c.obj
 *fill*         0x0800d043        0x1 
 .rodata.asc2_1206
                0x0800d044      0x474 CMakeFiles/STM32F407_Demo2.elf.dir/User/Src/oled.c.obj
                0x0800d044                asc2_1206
 .rodata.asc2_1608
                0x0800d4b8      0x5f0 CMakeFiles/STM32F407_Demo2.elf.dir/User/Src/oled.c.obj
                0x0800d4b8                asc2_1608
 .rodata.asc2_2412
                0x0800daa8      0xd5c CMakeFiles/STM32F407_Demo2.elf.dir/User/Src/oled.c.obj
                0x0800daa8                asc2_2412
 .rodata.__auchCRCHi
                0x0800e804      0x100 CMakeFiles/STM32F407_Demo2.elf.dir/User/wit_c_sdk/wit_c_sdk.c.obj
 .rodata.__auchCRCLo
                0x0800e904      0x100 CMakeFiles/STM32F407_Demo2.elf.dir/User/wit_c_sdk/wit_c_sdk.c.obj
 .rodata.ShowHelp.str1.4
                0x0800ea04      0x34c CMakeFiles/STM32F407_Demo2.elf.dir/User/wit_c_sdk/wit_callback.c.obj
 .rodata.CmdProcess.str1.4
                0x0800ed50       0x81 CMakeFiles/STM32F407_Demo2.elf.dir/User/wit_c_sdk/wit_callback.c.obj
 *fill*         0x0800edd1        0x3 
 .rodata._global_impure_ptr
                0x0800edd4        0x4 f:/environment/gnu arm embedded toolchain/10 2021.10/bin/../lib/gcc/arm-none-eabi/10.3.1/../../../../arm-none-eabi/lib/thumb/v7e-m/nofp\libg.a(lib_a-impure.o)
                0x0800edd4                _global_impure_ptr
 .rodata._puts_r.str1.4
                0x0800edd8        0x2 f:/environment/gnu arm embedded toolchain/10 2021.10/bin/../lib/gcc/arm-none-eabi/10.3.1/../../../../arm-none-eabi/lib/thumb/v7e-m/nofp\libg.a(lib_a-puts.o)
 *fill*         0x0800edda        0x2 
 .rodata._vfprintf_r.str1.4
                0x0800eddc       0x42 f:/environment/gnu arm embedded toolchain/10 2021.10/bin/../lib/gcc/arm-none-eabi/10.3.1/../../../../arm-none-eabi/lib/thumb/v7e-m/nofp\libg.a(lib_a-vfprintf.o)
 *fill*         0x0800ee1e        0x2 
 .rodata.blanks.1
                0x0800ee20       0x10 f:/environment/gnu arm embedded toolchain/10 2021.10/bin/../lib/gcc/arm-none-eabi/10.3.1/../../../../arm-none-eabi/lib/thumb/v7e-m/nofp\libg.a(lib_a-vfprintf.o)
 .rodata.zeroes.0
                0x0800ee30       0x10 f:/environment/gnu arm embedded toolchain/10 2021.10/bin/../lib/gcc/arm-none-eabi/10.3.1/../../../../arm-none-eabi/lib/thumb/v7e-m/nofp\libg.a(lib_a-vfprintf.o)
 .rodata._dtoa_r.str1.4
                0x0800ee40       0xa2 f:/environment/gnu arm embedded toolchain/10 2021.10/bin/../lib/gcc/arm-none-eabi/10.3.1/../../../../arm-none-eabi/lib/thumb/v7e-m/nofp\libg.a(lib_a-dtoa.o)
                                 0xa6 (size before relaxing)
 *fill*         0x0800eee2        0x2 
 .rodata.__multadd.str1.4
                0x0800eee4       0x7f f:/environment/gnu arm embedded toolchain/10 2021.10/bin/../lib/gcc/arm-none-eabi/10.3.1/../../../../arm-none-eabi/lib/thumb/v7e-m/nofp\libg.a(lib_a-mprec.o)
                                 0x93 (size before relaxing)
 *fill*         0x0800ef63        0x5 
 .rodata.__mprec_bigtens
                0x0800ef68       0x28 f:/environment/gnu arm embedded toolchain/10 2021.10/bin/../lib/gcc/arm-none-eabi/10.3.1/../../../../arm-none-eabi/lib/thumb/v7e-m/nofp\libg.a(lib_a-mprec.o)
                0x0800ef68                __mprec_bigtens
 .rodata.__mprec_tens
                0x0800ef90       0xc8 f:/environment/gnu arm embedded toolchain/10 2021.10/bin/../lib/gcc/arm-none-eabi/10.3.1/../../../../arm-none-eabi/lib/thumb/v7e-m/nofp\libg.a(lib_a-mprec.o)
                0x0800ef90                __mprec_tens
 .rodata.p05.0  0x0800f058        0xc f:/environment/gnu arm embedded toolchain/10 2021.10/bin/../lib/gcc/arm-none-eabi/10.3.1/../../../../arm-none-eabi/lib/thumb/v7e-m/nofp\libg.a(lib_a-mprec.o)
 .rodata._vfiprintf_r.str1.4
                0x0800f064       0x2f f:/environment/gnu arm embedded toolchain/10 2021.10/bin/../lib/gcc/arm-none-eabi/10.3.1/../../../../arm-none-eabi/lib/thumb/v7e-m/nofp\libg.a(lib_a-vfiprintf.o)
 .rodata.blanks.1
                0x0800f064       0x10 f:/environment/gnu arm embedded toolchain/10 2021.10/bin/../lib/gcc/arm-none-eabi/10.3.1/../../../../arm-none-eabi/lib/thumb/v7e-m/nofp\libg.a(lib_a-vfiprintf.o)
 .rodata.zeroes.0
                0x0800f074       0x10 f:/environment/gnu arm embedded toolchain/10 2021.10/bin/../lib/gcc/arm-none-eabi/10.3.1/../../../../arm-none-eabi/lib/thumb/v7e-m/nofp\libg.a(lib_a-vfiprintf.o)
 .rodata.__assert_func.str1.4
                0x0800f084       0x3f f:/environment/gnu arm embedded toolchain/10 2021.10/bin/../lib/gcc/arm-none-eabi/10.3.1/../../../../arm-none-eabi/lib/thumb/v7e-m/nofp\libg.a(lib_a-assert.o)
                                 0x43 (size before relaxing)
 *fill*         0x0800f0c3        0x1 
 .rodata._setlocale_r.str1.4
                0x0800f0c4        0xa f:/environment/gnu arm embedded toolchain/10 2021.10/bin/../lib/gcc/arm-none-eabi/10.3.1/../../../../arm-none-eabi/lib/thumb/v7e-m/nofp\libg.a(lib_a-locale.o)
                                  0xd (size before relaxing)
 *fill*         0x0800f0ce        0x2 
 .rodata.str1.4
                0x0800f0d0        0x2 f:/environment/gnu arm embedded toolchain/10 2021.10/bin/../lib/gcc/arm-none-eabi/10.3.1/../../../../arm-none-eabi/lib/thumb/v7e-m/nofp\libg.a(lib_a-locale.o)
 *fill*         0x0800f0d2        0x2 
 .rodata._ctype_
                0x0800f0d4      0x101 f:/environment/gnu arm embedded toolchain/10 2021.10/bin/../lib/gcc/arm-none-eabi/10.3.1/../../../../arm-none-eabi/lib/thumb/v7e-m/nofp\libg.a(lib_a-ctype_.o)
                0x0800f0d4                _ctype_
                0x0800f1d8                . = ALIGN (0x4)
 *fill*         0x0800f1d5        0x3 

.ARM.extab      0x0800f1d8        0x0
                0x0800f1d8                . = ALIGN (0x4)
 *(.ARM.extab* .gnu.linkonce.armextab.*)
                0x0800f1d8                . = ALIGN (0x4)

.ARM            0x0800f1d8        0x8
                0x0800f1d8                . = ALIGN (0x4)
                0x0800f1d8                __exidx_start = .
 *(.ARM.exidx*)
 .ARM.exidx     0x0800f1d8        0x8 f:/environment/gnu arm embedded toolchain/10 2021.10/bin/../lib/gcc/arm-none-eabi/10.3.1/thumb/v7e-m/nofp\libgcc.a(_udivmoddi4.o)
                0x0800f1e0                __exidx_end = .
                0x0800f1e0                . = ALIGN (0x4)

.rel.dyn        0x0800f1e0        0x0
 .rel.iplt      0x0800f1e0        0x0 f:/environment/gnu arm embedded toolchain/10 2021.10/bin/../lib/gcc/arm-none-eabi/10.3.1/thumb/v7e-m/nofp/crtbegin.o

.preinit_array  0x0800f1e0        0x0
                0x0800f1e0                . = ALIGN (0x4)
                0x0800f1e0                PROVIDE (__preinit_array_start = .)
 *(.preinit_array*)
                0x0800f1e0                PROVIDE (__preinit_array_end = .)
                0x0800f1e0                . = ALIGN (0x4)

.init_array     0x0800f1e0        0x8
                0x0800f1e0                . = ALIGN (0x4)
                0x0800f1e0                PROVIDE (__init_array_start = .)
 *(SORT_BY_NAME(.init_array.*))
 .init_array.00000
                0x0800f1e0        0x4 f:/environment/gnu arm embedded toolchain/10 2021.10/bin/../lib/gcc/arm-none-eabi/10.3.1/../../../../arm-none-eabi/lib/thumb/v7e-m/nofp\libg.a(lib_a-__call_atexit.o)
 *(.init_array*)
 .init_array    0x0800f1e4        0x4 f:/environment/gnu arm embedded toolchain/10 2021.10/bin/../lib/gcc/arm-none-eabi/10.3.1/thumb/v7e-m/nofp/crtbegin.o
                0x0800f1e8                PROVIDE (__init_array_end = .)
                0x0800f1e8                . = ALIGN (0x4)

.fini_array     0x0800f1e8        0x4
                0x0800f1e8                . = ALIGN (0x4)
                0x0800f1e8                PROVIDE (__fini_array_start = .)
 *(SORT_BY_NAME(.fini_array.*))
 *(.fini_array*)
 .fini_array    0x0800f1e8        0x4 f:/environment/gnu arm embedded toolchain/10 2021.10/bin/../lib/gcc/arm-none-eabi/10.3.1/thumb/v7e-m/nofp/crtbegin.o
                0x0800f1ec                PROVIDE (__fini_array_end = .)
                0x0800f1ec                . = ALIGN (0x4)
                0x0800f1ec                _sidata = LOADADDR (.data)

.data           0x20000000      0x9f8 load address 0x0800f1ec
                0x20000000                . = ALIGN (0x4)
                0x20000000                _sdata = .
 *(.data)
 *(.data*)
 .data.SystemCoreClock
                0x20000000        0x4 CMakeFiles/STM32F407_Demo2.elf.dir/Core/Src/system_stm32f4xx.c.obj
                0x20000000                SystemCoreClock
 .data.uwTickFreq
                0x20000004        0x1 CMakeFiles/STM32F407_Demo2.elf.dir/Drivers/STM32F4xx_HAL_Driver/Src/stm32f4xx_hal.c.obj
                0x20000004                uwTickFreq
 *fill*         0x20000005        0x3 
 .data.uwTickPrio
                0x20000008        0x4 CMakeFiles/STM32F407_Demo2.elf.dir/Drivers/STM32F4xx_HAL_Driver/Src/stm32f4xx_hal.c.obj
                0x20000008                uwTickPrio
 .data.MOTOR_R  0x2000000c        0x4 CMakeFiles/STM32F407_Demo2.elf.dir/User/Src/bsp_Mecanum.c.obj
                0x2000000c                MOTOR_R
 .data.cal_matrix
                0x20000010       0x30 CMakeFiles/STM32F407_Demo2.elf.dir/User/Src/bsp_Mecanum.c.obj
                0x20000010                cal_matrix
 .data.begin_code
                0x20000040        0x1 CMakeFiles/STM32F407_Demo2.elf.dir/User/Src/bsp_encoder.c.obj
                0x20000040                begin_code
 .data.end_code
                0x20000041        0x1 CMakeFiles/STM32F407_Demo2.elf.dir/User/Src/bsp_encoder.c.obj
                0x20000041                end_code
 .data.s_ucAddr
                0x20000042        0x1 CMakeFiles/STM32F407_Demo2.elf.dir/User/wit_c_sdk/wit_c_sdk.c.obj
 .data.s_cCmd   0x20000043        0x1 CMakeFiles/STM32F407_Demo2.elf.dir/User/wit_c_sdk/wit_callback.c.obj
                0x20000043                s_cCmd
 .data.s_cDataUpdate
                0x20000044        0x1 CMakeFiles/STM32F407_Demo2.elf.dir/User/wit_c_sdk/wit_callback.c.obj
                0x20000044                s_cDataUpdate
 *fill*         0x20000045        0x3 
 .data._impure_ptr
                0x20000048        0x4 f:/environment/gnu arm embedded toolchain/10 2021.10/bin/../lib/gcc/arm-none-eabi/10.3.1/../../../../arm-none-eabi/lib/thumb/v7e-m/nofp\libg.a(lib_a-impure.o)
                0x20000048                _impure_ptr
 *fill*         0x2000004c        0x4 
 .data.impure_data
                0x20000050      0x428 f:/environment/gnu arm embedded toolchain/10 2021.10/bin/../lib/gcc/arm-none-eabi/10.3.1/../../../../arm-none-eabi/lib/thumb/v7e-m/nofp\libg.a(lib_a-impure.o)
 .data.__atexit_recursive_mutex
                0x20000478        0x4 f:/environment/gnu arm embedded toolchain/10 2021.10/bin/../lib/gcc/arm-none-eabi/10.3.1/../../../../arm-none-eabi/lib/thumb/v7e-m/nofp\libg.a(lib_a-__call_atexit.o)
                0x20000478                __atexit_recursive_mutex
 .data.__malloc_av_
                0x2000047c      0x408 f:/environment/gnu arm embedded toolchain/10 2021.10/bin/../lib/gcc/arm-none-eabi/10.3.1/../../../../arm-none-eabi/lib/thumb/v7e-m/nofp\libg.a(lib_a-mallocr.o)
                0x2000047c                __malloc_av_
 .data.__malloc_sbrk_base
                0x20000884        0x4 f:/environment/gnu arm embedded toolchain/10 2021.10/bin/../lib/gcc/arm-none-eabi/10.3.1/../../../../arm-none-eabi/lib/thumb/v7e-m/nofp\libg.a(lib_a-mallocr.o)
                0x20000884                __malloc_sbrk_base
 .data.__malloc_trim_threshold
                0x20000888        0x4 f:/environment/gnu arm embedded toolchain/10 2021.10/bin/../lib/gcc/arm-none-eabi/10.3.1/../../../../arm-none-eabi/lib/thumb/v7e-m/nofp\libg.a(lib_a-mallocr.o)
                0x20000888                __malloc_trim_threshold
 .data.__global_locale
                0x2000088c      0x16c f:/environment/gnu arm embedded toolchain/10 2021.10/bin/../lib/gcc/arm-none-eabi/10.3.1/../../../../arm-none-eabi/lib/thumb/v7e-m/nofp\libg.a(lib_a-locale.o)
                0x2000088c                __global_locale
 *(.RamFunc)
 *(.RamFunc*)
                0x200009f8                . = ALIGN (0x4)
                0x200009f8                _edata = .
                0x0800fbe4                _siccmram = LOADADDR (.ccmram)

.igot.plt       0x200009f8        0x0 load address 0x0800fbe4
 .igot.plt      0x200009f8        0x0 f:/environment/gnu arm embedded toolchain/10 2021.10/bin/../lib/gcc/arm-none-eabi/10.3.1/thumb/v7e-m/nofp/crtbegin.o

.ccmram         0x10000000        0x0 load address 0x0800fbe4
                0x10000000                . = ALIGN (0x4)
                0x10000000                _sccmram = .
 *(.ccmram)
 *(.ccmram*)
                0x10000000                . = ALIGN (0x4)
                0x10000000                _eccmram = .
                0x10000000                . = ALIGN (0x4)

.bss            0x200009f8     0x1118
                0x200009f8                _sbss = .
                0x200009f8                __bss_start__ = _sbss
 *(.bss)
 .bss           0x200009f8       0x1c f:/environment/gnu arm embedded toolchain/10 2021.10/bin/../lib/gcc/arm-none-eabi/10.3.1/thumb/v7e-m/nofp/crtbegin.o
 *(.bss*)
 .bss.ucTemp.0  0x20000a14        0x1 CMakeFiles/STM32F407_Demo2.elf.dir/Core/Src/stm32f4xx_it.c.obj
 *fill*         0x20000a15        0x3 
 .bss.__sbrk_heap_end
                0x20000a18        0x4 CMakeFiles/STM32F407_Demo2.elf.dir/Core/Src/sysmem.c.obj
 .bss.htim1     0x20000a1c       0x48 CMakeFiles/STM32F407_Demo2.elf.dir/Core/Src/tim.c.obj
                0x20000a1c                htim1
 .bss.htim10    0x20000a64       0x48 CMakeFiles/STM32F407_Demo2.elf.dir/Core/Src/tim.c.obj
                0x20000a64                htim10
 .bss.htim11    0x20000aac       0x48 CMakeFiles/STM32F407_Demo2.elf.dir/Core/Src/tim.c.obj
                0x20000aac                htim11
 .bss.htim13    0x20000af4       0x48 CMakeFiles/STM32F407_Demo2.elf.dir/Core/Src/tim.c.obj
                0x20000af4                htim13
 .bss.htim14    0x20000b3c       0x48 CMakeFiles/STM32F407_Demo2.elf.dir/Core/Src/tim.c.obj
                0x20000b3c                htim14
 .bss.htim2     0x20000b84       0x48 CMakeFiles/STM32F407_Demo2.elf.dir/Core/Src/tim.c.obj
                0x20000b84                htim2
 .bss.htim3     0x20000bcc       0x48 CMakeFiles/STM32F407_Demo2.elf.dir/Core/Src/tim.c.obj
                0x20000bcc                htim3
 .bss.htim4     0x20000c14       0x48 CMakeFiles/STM32F407_Demo2.elf.dir/Core/Src/tim.c.obj
                0x20000c14                htim4
 .bss.htim5     0x20000c5c       0x48 CMakeFiles/STM32F407_Demo2.elf.dir/Core/Src/tim.c.obj
                0x20000c5c                htim5
 .bss.htim6     0x20000ca4       0x48 CMakeFiles/STM32F407_Demo2.elf.dir/Core/Src/tim.c.obj
                0x20000ca4                htim6
 .bss.htim7     0x20000cec       0x48 CMakeFiles/STM32F407_Demo2.elf.dir/Core/Src/tim.c.obj
                0x20000cec                htim7
 .bss.htim9     0x20000d34       0x48 CMakeFiles/STM32F407_Demo2.elf.dir/Core/Src/tim.c.obj
                0x20000d34                htim9
 .bss.hdma_usart2_rx
                0x20000d7c       0x60 CMakeFiles/STM32F407_Demo2.elf.dir/Core/Src/usart.c.obj
                0x20000d7c                hdma_usart2_rx
 .bss.hdma_usart2_tx
                0x20000ddc       0x60 CMakeFiles/STM32F407_Demo2.elf.dir/Core/Src/usart.c.obj
                0x20000ddc                hdma_usart2_tx
 .bss.huart2    0x20000e3c       0x44 CMakeFiles/STM32F407_Demo2.elf.dir/Core/Src/usart.c.obj